[0.066s] Invoking command in '/home/jone/turtlebot3_ws/build/turtlebot3_description': CMAKE_PREFIX_PATH=/opt/ros/humble /usr/bin/cmake /home/jone/turtlebot3_ws/src/turtlebot3/turtlebot3_description -DAMENT_CMAKE_SYMLINK_INSTALL=1 -DCMAKE_INSTALL_PREFIX=/home/jone/turtlebot3_ws/install/turtlebot3_description
[0.193s] -- The C compiler identification is GNU 11.4.0
[0.333s] -- The CXX compiler identification is GNU 11.4.0
[0.351s] -- Detecting C compiler ABI info
[0.508s] -- Detecting C compiler ABI info - done
[0.527s] -- Check for working C compiler: /usr/bin/cc - skipped
[0.528s] -- Detecting C compile features
[0.529s] -- Detecting C compile features - done
[0.537s] -- Detecting CXX compiler ABI info
[0.722s] -- Detecting CXX compiler ABI info - done
[0.741s] -- Check for working CXX compiler: /usr/bin/c++ - skipped
[0.742s] -- Detecting CXX compile features
[0.743s] -- Detecting CXX compile features - done
[0.750s] -- Found ament_cmake: 1.3.12 (/opt/ros/humble/share/ament_cmake/cmake)
[1.091s] -- Found Python3: /usr/bin/python3 (found version "3.10.12") found components: Interpreter 
[1.263s] -- Override CMake install command with custom implementation using symlinks instead of copying resources
[1.346s] -- Found urdf: 2.6.1 (/opt/ros/humble/share/urdf/cmake)
[1.684s] -- Configuring done
[1.693s] -- Generating done
[1.697s] -- Build files have been written to: /home/jone/turtlebot3_ws/build/turtlebot3_description
[1.714s] Invoked command in '/home/jone/turtlebot3_ws/build/turtlebot3_description' returned '0': CMAKE_PREFIX_PATH=/opt/ros/humble /usr/bin/cmake /home/jone/turtlebot3_ws/src/turtlebot3/turtlebot3_description -DAMENT_CMAKE_SYMLINK_INSTALL=1 -DCMAKE_INSTALL_PREFIX=/home/jone/turtlebot3_ws/install/turtlebot3_description
[1.718s] Invoking command in '/home/jone/turtlebot3_ws/build/turtlebot3_description': CMAKE_PREFIX_PATH=/opt/ros/humble /usr/bin/cmake --build /home/jone/turtlebot3_ws/build/turtlebot3_description -- -j16 -l16
[1.813s] Invoked command in '/home/jone/turtlebot3_ws/build/turtlebot3_description' returned '0': CMAKE_PREFIX_PATH=/opt/ros/humble /usr/bin/cmake --build /home/jone/turtlebot3_ws/build/turtlebot3_description -- -j16 -l16
[1.818s] Invoking command in '/home/jone/turtlebot3_ws/build/turtlebot3_description': CMAKE_PREFIX_PATH=/opt/ros/humble /usr/bin/cmake --install /home/jone/turtlebot3_ws/build/turtlebot3_description
[1.834s] -- Install configuration: ""
[1.835s] -- Execute custom install script
[1.837s] -- Symlinking: /home/jone/turtlebot3_ws/install/turtlebot3_description/share/turtlebot3_description/meshes/bases/burger_base.stl
[1.858s] -- Symlinking: /home/jone/turtlebot3_ws/install/turtlebot3_description/share/turtlebot3_description/meshes/bases/waffle_base.stl
[1.884s] -- Symlinking: /home/jone/turtlebot3_ws/install/turtlebot3_description/share/turtlebot3_description/meshes/bases/waffle_pi_base.stl
[1.929s] -- Symlinking: /home/jone/turtlebot3_ws/install/turtlebot3_description/share/turtlebot3_description/meshes/sensors/astra.dae
[1.965s] -- Symlinking: /home/jone/turtlebot3_ws/install/turtlebot3_description/share/turtlebot3_description/meshes/sensors/astra.jpg
[2.027s] -- Symlinking: /home/jone/turtlebot3_ws/install/turtlebot3_description/share/turtlebot3_description/meshes/sensors/lds.stl
[2.073s] -- Symlinking: /home/jone/turtlebot3_ws/install/turtlebot3_description/share/turtlebot3_description/meshes/sensors/r200.dae
[2.106s] -- Symlinking: /home/jone/turtlebot3_ws/install/turtlebot3_description/share/turtlebot3_description/meshes/sensors/r200.jpg
[2.139s] -- Symlinking: /home/jone/turtlebot3_ws/install/turtlebot3_description/share/turtlebot3_description/meshes/wheels/left_tire.stl
[2.171s] -- Symlinking: /home/jone/turtlebot3_ws/install/turtlebot3_description/share/turtlebot3_description/meshes/wheels/right_tire.stl
[2.205s] -- Symlinking: /home/jone/turtlebot3_ws/install/turtlebot3_description/share/turtlebot3_description/rviz/model.rviz
[2.237s] -- Symlinking: /home/jone/turtlebot3_ws/install/turtlebot3_description/share/turtlebot3_description/urdf/common_properties.urdf
[2.271s] -- Symlinking: /home/jone/turtlebot3_ws/install/turtlebot3_description/share/turtlebot3_description/urdf/turtlebot3_burger.urdf
[2.312s] -- Symlinking: /home/jone/turtlebot3_ws/install/turtlebot3_description/share/turtlebot3_description/urdf/turtlebot3_waffle.urdf
[2.337s] -- Symlinking: /home/jone/turtlebot3_ws/install/turtlebot3_description/share/turtlebot3_description/urdf/turtlebot3_waffle_pi.urdf
[2.373s] -- Symlinking: /home/jone/turtlebot3_ws/install/turtlebot3_description/share/ament_index/resource_index/package_run_dependencies/turtlebot3_description
[2.405s] -- Symlinking: /home/jone/turtlebot3_ws/install/turtlebot3_description/share/ament_index/resource_index/parent_prefix_path/turtlebot3_description
[2.445s] -- Symlinking: /home/jone/turtlebot3_ws/install/turtlebot3_description/share/turtlebot3_description/environment/ament_prefix_path.sh
[2.476s] -- Symlinking: /home/jone/turtlebot3_ws/install/turtlebot3_description/share/turtlebot3_description/environment/ament_prefix_path.dsv
[2.513s] -- Symlinking: /home/jone/turtlebot3_ws/install/turtlebot3_description/share/turtlebot3_description/environment/path.sh
[2.543s] -- Symlinking: /home/jone/turtlebot3_ws/install/turtlebot3_description/share/turtlebot3_description/environment/path.dsv
[2.576s] -- Symlinking: /home/jone/turtlebot3_ws/install/turtlebot3_description/share/turtlebot3_description/local_setup.bash
[2.608s] -- Symlinking: /home/jone/turtlebot3_ws/install/turtlebot3_description/share/turtlebot3_description/local_setup.sh
[2.639s] -- Symlinking: /home/jone/turtlebot3_ws/install/turtlebot3_description/share/turtlebot3_description/local_setup.zsh
[2.671s] -- Symlinking: /home/jone/turtlebot3_ws/install/turtlebot3_description/share/turtlebot3_description/local_setup.dsv
[2.703s] -- Symlinking: /home/jone/turtlebot3_ws/install/turtlebot3_description/share/turtlebot3_description/package.dsv
[2.738s] -- Symlinking: /home/jone/turtlebot3_ws/install/turtlebot3_description/share/ament_index/resource_index/packages/turtlebot3_description
[2.768s] -- Symlinking: /home/jone/turtlebot3_ws/install/turtlebot3_description/share/turtlebot3_description/cmake/turtlebot3_descriptionConfig.cmake
[2.801s] -- Symlinking: /home/jone/turtlebot3_ws/install/turtlebot3_description/share/turtlebot3_description/cmake/turtlebot3_descriptionConfig-version.cmake
[2.833s] -- Symlinking: /home/jone/turtlebot3_ws/install/turtlebot3_description/share/turtlebot3_description/package.xml
[2.872s] Invoked command in '/home/jone/turtlebot3_ws/build/turtlebot3_description' returned '0': CMAKE_PREFIX_PATH=/opt/ros/humble /usr/bin/cmake --install /home/jone/turtlebot3_ws/build/turtlebot3_description
