[0.011s] Invoking command in '/home/jone/ws_moveit/build/rosparam_shortcuts': CMAKE_PREFIX_PATH=${CMAKE_PREFIX_PATH}:/home/jone/ws_moveit/install/moveit_configs_utils:/home/jone/ws_moveit/install/launch_param_builder:/opt/ros/humble /usr/bin/cmake /home/jone/ws_moveit/src/rosparam_shortcuts -DCMAKE_BUILD_TYPE=Release -DCMAKE_INSTALL_PREFIX=/home/jone/ws_moveit/install/rosparam_shortcuts
[0.026s] -- Found ament_cmake: 1.3.12 (/opt/ros/humble/share/ament_cmake/cmake)
[0.135s] -- Found eigen3_cmake_module: 0.1.1 (/opt/ros/humble/share/eigen3_cmake_module/cmake)
[0.137s] -- Found geometry_msgs: 4.9.0 (/opt/ros/humble/share/geometry_msgs/cmake)
[0.158s] -- Found rosidl_generator_c: 3.1.7 (/opt/ros/humble/share/rosidl_generator_c/cmake)
[0.159s] -- Found rosidl_adapter: 3.1.7 (/opt/ros/humble/share/rosidl_adapter/cmake)
[0.164s] -- Found rosidl_generator_cpp: 3.1.7 (/opt/ros/humble/share/rosidl_generator_cpp/cmake)
[0.172s] -- Using all available rosidl_typesupport_c: rosidl_typesupport_fastrtps_c;rosidl_typesupport_introspection_c
[0.182s] -- Using all available rosidl_typesupport_cpp: rosidl_typesupport_fastrtps_cpp;rosidl_typesupport_introspection_cpp
[0.224s] -- Found rclcpp: 16.0.15 (/opt/ros/humble/share/rclcpp/cmake)
[0.250s] -- Found rmw_implementation_cmake: 6.1.2 (/opt/ros/humble/share/rmw_implementation_cmake/cmake)
[0.254s] -- Found rmw_fastrtps_cpp: 6.2.9 (/opt/ros/humble/share/rmw_fastrtps_cpp/cmake)
[0.397s] -- Using RMW implementation 'rmw_fastrtps_cpp' as default
[0.446s] -- Found tf2_eigen: 0.25.16 (/opt/ros/humble/share/tf2_eigen/cmake)
[0.547s] -- Found ament_lint_auto: 0.12.14 (/opt/ros/humble/share/ament_lint_auto/cmake)
[0.547s] -- Found ament_cmake_gtest: 1.3.12 (/opt/ros/humble/share/ament_cmake_gtest/cmake)
[0.548s] -- Found ros_testing: 0.4.0 (/opt/ros/humble/share/ros_testing/cmake)
[0.549s] -- Found launch_testing_ament_cmake: 1.0.11 (/opt/ros/humble/share/launch_testing_ament_cmake/cmake)
[0.549s] -- Found python_cmake_module: 0.10.0 (/opt/ros/humble/share/python_cmake_module/cmake)
[0.569s] -- Using PYTHON_EXECUTABLE: /usr/bin/python3
[0.569s] -- Using PYTHON_INCLUDE_DIRS: /usr/include/python3.10
[0.569s] -- Using PYTHON_LIBRARIES: /usr/lib/x86_64-linux-gnu/libpython3.10.so
[0.621s] -- Found gtest sources under '/opt/ros/humble/src/gtest_vendor': C++ tests using 'Google Test' will be built
[0.631s] -- Added test 'copyright' to check source files copyright and LICENSE
[0.633s] -- Added test 'lint_cmake' to check CMake code style
[0.633s] -- Added test 'pep257' to check Python code against some of the docstring style conventions in PEP 257
[0.634s] -- Added test 'xmllint' to check XML markup files
[0.634s] -- Configuring done
[0.657s] -- Generating done
[0.665s] -- Build files have been written to: /home/jone/ws_moveit/build/rosparam_shortcuts
[0.673s] Invoked command in '/home/jone/ws_moveit/build/rosparam_shortcuts' returned '0': CMAKE_PREFIX_PATH=${CMAKE_PREFIX_PATH}:/home/jone/ws_moveit/install/moveit_configs_utils:/home/jone/ws_moveit/install/launch_param_builder:/opt/ros/humble /usr/bin/cmake /home/jone/ws_moveit/src/rosparam_shortcuts -DCMAKE_BUILD_TYPE=Release -DCMAKE_INSTALL_PREFIX=/home/jone/ws_moveit/install/rosparam_shortcuts
[0.674s] Invoking command in '/home/jone/ws_moveit/build/rosparam_shortcuts': CMAKE_PREFIX_PATH=${CMAKE_PREFIX_PATH}:/home/jone/ws_moveit/install/moveit_configs_utils:/home/jone/ws_moveit/install/launch_param_builder:/opt/ros/humble /usr/bin/cmake --build /home/jone/ws_moveit/build/rosparam_shortcuts
[0.746s] [35m[1mConsolidate compiler generated dependencies of target gtest_main[0m
[0.746s] [35m[1mConsolidate compiler generated dependencies of target gtest[0m
[0.747s] [35m[1mConsolidate compiler generated dependencies of target rosparam_shortcuts[0m
[0.764s] [ 15%] [32mBuilding CXX object gtest/CMakeFiles/gtest.dir/src/gtest-all.cc.o[0m
[0.764s] [ 15%] [32mBuilding CXX object gtest/CMakeFiles/gtest_main.dir/src/gtest_main.cc.o[0m
[0.769s] [ 23%] [32mBuilding CXX object CMakeFiles/rosparam_shortcuts.dir/src/node_parameters.cpp.o[0m
[0.771s] [ 30%] [32mBuilding CXX object CMakeFiles/rosparam_shortcuts.dir/src/rosparam_shortcuts.cpp.o[0m
[1.504s] [ 38%] [32m[1mLinking CXX static library libgtest_main.a[0m
[1.568s] [ 38%] Built target gtest_main
[5.942s] [ 46%] [32m[1mLinking CXX shared library librosparam_shortcuts.so[0m
[6.056s] [ 46%] Built target rosparam_shortcuts
[6.073s] [35m[1mConsolidate compiler generated dependencies of target rosparam_shortcuts_example[0m
[6.073s] [35m[1mConsolidate compiler generated dependencies of target rosparam_shortcuts_node_parameters_example[0m
[6.096s] [ 61%] [32mBuilding CXX object CMakeFiles/rosparam_shortcuts_example.dir/src/example.cpp.o[0m
[6.096s] [ 61%] [32mBuilding CXX object CMakeFiles/rosparam_shortcuts_node_parameters_example.dir/src/node_parameters_example.cpp.o[0m
[6.279s] [ 69%] [32m[1mLinking CXX static library libgtest.a[0m
[6.343s] [ 69%] Built target gtest
[6.360s] [35m[1mConsolidate compiler generated dependencies of target test_node_parameters[0m
[6.385s] [ 76%] [32mBuilding CXX object CMakeFiles/test_node_parameters.dir/test/test_node_parameters.cpp.o[0m
[9.243s] [ 84%] [32m[1mLinking CXX executable node_parameters_example[0m
[9.261s] [ 92%] [32m[1mLinking CXX executable example[0m
[9.368s] [ 92%] Built target rosparam_shortcuts_node_parameters_example
[9.382s] [ 92%] Built target rosparam_shortcuts_example
[10.554s] [100%] [32m[1mLinking CXX executable test_node_parameters[0m
[10.685s] [100%] Built target test_node_parameters
[10.701s] Invoked command in '/home/jone/ws_moveit/build/rosparam_shortcuts' returned '0': CMAKE_PREFIX_PATH=${CMAKE_PREFIX_PATH}:/home/jone/ws_moveit/install/moveit_configs_utils:/home/jone/ws_moveit/install/launch_param_builder:/opt/ros/humble /usr/bin/cmake --build /home/jone/ws_moveit/build/rosparam_shortcuts
[10.702s] Invoking command in '/home/jone/ws_moveit/build/rosparam_shortcuts': CMAKE_PREFIX_PATH=${CMAKE_PREFIX_PATH}:/home/jone/ws_moveit/install/moveit_configs_utils:/home/jone/ws_moveit/install/launch_param_builder:/opt/ros/humble /usr/bin/cmake --install /home/jone/ws_moveit/build/rosparam_shortcuts
[10.713s] -- Install configuration: "Release"
[10.713s] -- Installing: /home/jone/ws_moveit/install/rosparam_shortcuts/lib/librosparam_shortcuts.so
[10.714s] -- Set runtime path of "/home/jone/ws_moveit/install/rosparam_shortcuts/lib/librosparam_shortcuts.so" to ""
[10.714s] -- Installing: /home/jone/ws_moveit/install/rosparam_shortcuts/lib/rosparam_shortcuts/example
[10.714s] -- Set runtime path of "/home/jone/ws_moveit/install/rosparam_shortcuts/lib/rosparam_shortcuts/example" to ""
[10.714s] -- Installing: /home/jone/ws_moveit/install/rosparam_shortcuts/lib/rosparam_shortcuts/node_parameters_example
[10.715s] -- Set runtime path of "/home/jone/ws_moveit/install/rosparam_shortcuts/lib/rosparam_shortcuts/node_parameters_example" to ""
[10.715s] -- Up-to-date: /home/jone/ws_moveit/install/rosparam_shortcuts/include
[10.715s] -- Up-to-date: /home/jone/ws_moveit/install/rosparam_shortcuts/include/rosparam_shortcuts
[10.715s] -- Up-to-date: /home/jone/ws_moveit/install/rosparam_shortcuts/include/rosparam_shortcuts/node_parameters.h
[10.715s] -- Up-to-date: /home/jone/ws_moveit/install/rosparam_shortcuts/include/rosparam_shortcuts/rosparam_shortcuts.h
[10.715s] -- Up-to-date: /home/jone/ws_moveit/install/rosparam_shortcuts/share/rosparam_shortcuts/launch
[10.715s] -- Up-to-date: /home/jone/ws_moveit/install/rosparam_shortcuts/share/rosparam_shortcuts/launch/example.launch.py
[10.715s] -- Up-to-date: /home/jone/ws_moveit/install/rosparam_shortcuts/share/rosparam_shortcuts/config
[10.715s] -- Up-to-date: /home/jone/ws_moveit/install/rosparam_shortcuts/share/rosparam_shortcuts/config/example.yaml
[10.715s] -- Up-to-date: /home/jone/ws_moveit/install/rosparam_shortcuts/share/rosparam_shortcuts/environment/library_path.sh
[10.715s] -- Installing: /home/jone/ws_moveit/install/rosparam_shortcuts/share/rosparam_shortcuts/environment/library_path.dsv
[10.716s] -- Up-to-date: /home/jone/ws_moveit/install/rosparam_shortcuts/share/ament_index/resource_index/package_run_dependencies/rosparam_shortcuts
[10.716s] -- Installing: /home/jone/ws_moveit/install/rosparam_shortcuts/share/ament_index/resource_index/parent_prefix_path/rosparam_shortcuts
[10.716s] -- Up-to-date: /home/jone/ws_moveit/install/rosparam_shortcuts/share/rosparam_shortcuts/environment/ament_prefix_path.sh
[10.716s] -- Installing: /home/jone/ws_moveit/install/rosparam_shortcuts/share/rosparam_shortcuts/environment/ament_prefix_path.dsv
[10.716s] -- Up-to-date: /home/jone/ws_moveit/install/rosparam_shortcuts/share/rosparam_shortcuts/environment/path.sh
[10.716s] -- Installing: /home/jone/ws_moveit/install/rosparam_shortcuts/share/rosparam_shortcuts/environment/path.dsv
[10.716s] -- Up-to-date: /home/jone/ws_moveit/install/rosparam_shortcuts/share/rosparam_shortcuts/local_setup.bash
[10.716s] -- Up-to-date: /home/jone/ws_moveit/install/rosparam_shortcuts/share/rosparam_shortcuts/local_setup.sh
[10.716s] -- Up-to-date: /home/jone/ws_moveit/install/rosparam_shortcuts/share/rosparam_shortcuts/local_setup.zsh
[10.716s] -- Installing: /home/jone/ws_moveit/install/rosparam_shortcuts/share/rosparam_shortcuts/local_setup.dsv
[10.716s] -- Installing: /home/jone/ws_moveit/install/rosparam_shortcuts/share/rosparam_shortcuts/package.dsv
[10.716s] -- Up-to-date: /home/jone/ws_moveit/install/rosparam_shortcuts/share/ament_index/resource_index/packages/rosparam_shortcuts
[10.716s] -- Up-to-date: /home/jone/ws_moveit/install/rosparam_shortcuts/share/rosparam_shortcuts/cmake/export_rosparam_shortcutsExport.cmake
[10.716s] -- Up-to-date: /home/jone/ws_moveit/install/rosparam_shortcuts/share/rosparam_shortcuts/cmake/export_rosparam_shortcutsExport-release.cmake
[10.716s] -- Up-to-date: /home/jone/ws_moveit/install/rosparam_shortcuts/share/rosparam_shortcuts/cmake/ament_cmake_export_targets-extras.cmake
[10.717s] -- Up-to-date: /home/jone/ws_moveit/install/rosparam_shortcuts/share/rosparam_shortcuts/cmake/ament_cmake_export_dependencies-extras.cmake
[10.717s] -- Up-to-date: /home/jone/ws_moveit/install/rosparam_shortcuts/share/rosparam_shortcuts/cmake/rosparam_shortcutsConfig.cmake
[10.717s] -- Up-to-date: /home/jone/ws_moveit/install/rosparam_shortcuts/share/rosparam_shortcuts/cmake/rosparam_shortcutsConfig-version.cmake
[10.717s] -- Up-to-date: /home/jone/ws_moveit/install/rosparam_shortcuts/share/rosparam_shortcuts/package.xml
[10.718s] Invoked command in '/home/jone/ws_moveit/build/rosparam_shortcuts' returned '0': CMAKE_PREFIX_PATH=${CMAKE_PREFIX_PATH}:/home/jone/ws_moveit/install/moveit_configs_utils:/home/jone/ws_moveit/install/launch_param_builder:/opt/ros/humble /usr/bin/cmake --install /home/jone/ws_moveit/build/rosparam_shortcuts
