[0.027s] Invoking command in '/home/jone/ws_moveit/build/moveit_common': CMAKE_PREFIX_PATH=/opt/ros/humble /usr/bin/cmake --build /home/jone/ws_moveit/build/moveit_common -- -j16 -l16
[0.270s] Invoked command in '/home/jone/ws_moveit/build/moveit_common' returned '0': CMAKE_PREFIX_PATH=/opt/ros/humble /usr/bin/cmake --build /home/jone/ws_moveit/build/moveit_common -- -j16 -l16
[0.272s] Invoking command in '/home/jone/ws_moveit/build/moveit_common': CMAKE_PREFIX_PATH=/opt/ros/humble /usr/bin/cmake --install /home/jone/ws_moveit/build/moveit_common
[0.291s] -- Install configuration: "Release"
[0.291s] -- Up-to-date: /home/jone/ws_moveit/install/moveit_common/share/ament_index/resource_index/package_run_dependencies/moveit_common
[0.292s] -- Up-to-date: /home/jone/ws_moveit/install/moveit_common/share/ament_index/resource_index/parent_prefix_path/moveit_common
[0.293s] -- Up-to-date: /home/jone/ws_moveit/install/moveit_common/share/moveit_common/environment/ament_prefix_path.sh
[0.293s] -- Up-to-date: /home/jone/ws_moveit/install/moveit_common/share/moveit_common/environment/ament_prefix_path.dsv
[0.293s] -- Up-to-date: /home/jone/ws_moveit/install/moveit_common/share/moveit_common/environment/path.sh
[0.293s] -- Up-to-date: /home/jone/ws_moveit/install/moveit_common/share/moveit_common/environment/path.dsv
[0.293s] -- Up-to-date: /home/jone/ws_moveit/install/moveit_common/share/moveit_common/local_setup.bash
[0.294s] -- Up-to-date: /home/jone/ws_moveit/install/moveit_common/share/moveit_common/local_setup.sh
[0.294s] -- Up-to-date: /home/jone/ws_moveit/install/moveit_common/share/moveit_common/local_setup.zsh
[0.294s] -- Up-to-date: /home/jone/ws_moveit/install/moveit_common/share/moveit_common/local_setup.dsv
[0.294s] -- Up-to-date: /home/jone/ws_moveit/install/moveit_common/share/moveit_common/package.dsv
[0.295s] -- Up-to-date: /home/jone/ws_moveit/install/moveit_common/share/ament_index/resource_index/packages/moveit_common
[0.295s] -- Up-to-date: /home/jone/ws_moveit/install/moveit_common/share/moveit_common/cmake/moveit_common-extras.cmake
[0.295s] -- Up-to-date: /home/jone/ws_moveit/install/moveit_common/share/moveit_common/cmake/moveit_commonConfig.cmake
[0.295s] -- Up-to-date: /home/jone/ws_moveit/install/moveit_common/share/moveit_common/cmake/moveit_commonConfig-version.cmake
[0.295s] -- Up-to-date: /home/jone/ws_moveit/install/moveit_common/share/moveit_common/package.xml
[0.295s] -- Up-to-date: /home/jone/ws_moveit/install/moveit_common/share/moveit_common/cmake
[0.295s] -- Up-to-date: /home/jone/ws_moveit/install/moveit_common/share/moveit_common/cmake/moveit_package.cmake
[0.323s] Invoked command in '/home/jone/ws_moveit/build/moveit_common' returned '0': CMAKE_PREFIX_PATH=/opt/ros/humble /usr/bin/cmake --install /home/jone/ws_moveit/build/moveit_common
