[0.045s] Invoking command in '/home/jone/ws_moveit/build/srdfdom': CMAKE_PREFIX_PATH=${CMAKE_PREFIX_PATH}:/home/jone/ws_moveit/install/moveit_configs_utils:/home/jone/ws_moveit/install/launch_param_builder:/opt/ros/humble /usr/bin/cmake /home/jone/ws_moveit/src/srdfdom -DCMAKE_BUILD_TYPE=Debug -DCMAKE_INSTALL_PREFIX=/home/jone/ws_moveit/install/srdfdom
[0.271s] -- Found ament_cmake: 1.3.12 (/opt/ros/humble/share/ament_cmake/cmake)
[0.271s] -- Found urdf: 2.6.1 (/opt/ros/humble/share/urdf/cmake)
[0.271s] -- Found TinyXML2 via Config file: TinyXML2_DIR-NOTFOUND
[0.271s] -- Found ament_cmake_gtest: 1.3.12 (/opt/ros/humble/share/ament_cmake_gtest/cmake)
[0.271s] -- Found ament_cmake_pytest: 1.3.12 (/opt/ros/humble/share/ament_cmake_pytest/cmake)
[0.621s] -- Found gtest sources under '/opt/ros/humble/src/gtest_vendor': C++ tests using 'Google Test' will be built
[0.630s] -- Found ament_lint_auto: 0.12.14 (/opt/ros/humble/share/ament_lint_auto/cmake)
[0.658s] -- Configuring done
[0.676s] -- Generating done
[0.683s] -- Build files have been written to: /home/jone/ws_moveit/build/srdfdom
[0.692s] Invoked command in '/home/jone/ws_moveit/build/srdfdom' returned '0': CMAKE_PREFIX_PATH=${CMAKE_PREFIX_PATH}:/home/jone/ws_moveit/install/moveit_configs_utils:/home/jone/ws_moveit/install/launch_param_builder:/opt/ros/humble /usr/bin/cmake /home/jone/ws_moveit/src/srdfdom -DCMAKE_BUILD_TYPE=Debug -DCMAKE_INSTALL_PREFIX=/home/jone/ws_moveit/install/srdfdom
[0.694s] Invoking command in '/home/jone/ws_moveit/build/srdfdom': CMAKE_PREFIX_PATH=${CMAKE_PREFIX_PATH}:/home/jone/ws_moveit/install/moveit_configs_utils:/home/jone/ws_moveit/install/launch_param_builder:/opt/ros/humble /usr/bin/cmake --build /home/jone/ws_moveit/build/srdfdom -- -j16 -l16
[0.757s] [35m[1mConsolidate compiler generated dependencies of target srdfdom[0m
[0.760s] [35m[1mConsolidate compiler generated dependencies of target gtest[0m
[0.763s] [35m[1mConsolidate compiler generated dependencies of target gtest_main[0m
[0.783s] [  9%] [32mBuilding CXX object gtest/CMakeFiles/gtest.dir/src/gtest-all.cc.o[0m
[0.783s] [ 18%] [32mBuilding CXX object gtest/CMakeFiles/gtest_main.dir/src/gtest_main.cc.o[0m
[0.786s] [ 27%] [32mBuilding CXX object CMakeFiles/srdfdom.dir/src/srdf_writer.cpp.o[0m
[0.787s] [ 36%] [32mBuilding CXX object CMakeFiles/srdfdom.dir/src/model.cpp.o[0m
[0.797s] [ 36%] Built target ament_cmake_python_copy_srdfdom
[1.061s] running egg_info
[1.061s] writing srdfdom.egg-info/PKG-INFO
[1.061s] writing dependency_links to srdfdom.egg-info/dependency_links.txt
[1.062s] writing top-level names to srdfdom.egg-info/top_level.txt
[1.064s] reading manifest file 'srdfdom.egg-info/SOURCES.txt'
[1.064s] writing manifest file 'srdfdom.egg-info/SOURCES.txt'
[1.116s] [ 36%] Built target ament_cmake_python_build_srdfdom_egg
[1.811s] [ 45%] [32m[1mLinking CXX static library libgtest_main.a[0m
[1.875s] [ 45%] Built target gtest_main
[2.933s] [ 54%] [32m[1mLinking CXX shared library libsrdfdom.so[0m
[3.402s] [ 54%] Built target srdfdom
[6.542s] [ 63%] [32m[1mLinking CXX static library libgtest.a[0m
[6.669s] [ 63%] Built target gtest
[6.699s] [35m[1mConsolidate compiler generated dependencies of target test_cpp_C[0m
[6.699s] [35m[1mConsolidate compiler generated dependencies of target test_cpp_nl_NL.UTF-8[0m
[6.728s] [ 81%] [32mBuilding CXX object CMakeFiles/test_cpp_C.dir/test/test_parser.cpp.o[0m
[6.728s] [ 81%] [32mBuilding CXX object CMakeFiles/test_cpp_nl_NL.UTF-8.dir/test/test_parser.cpp.o[0m
[6.780s] gmake[2]: *** [CMakeFiles/test_cpp_C.dir/build.make:76: CMakeFiles/test_cpp_C.dir/test/test_parser.cpp.o] Interrupt
[6.780s] gmake[2]: *** [CMakeFiles/test_cpp_nl_NL.UTF-8.dir/build.make:76: CMakeFiles/test_cpp_nl_NL.UTF-8.dir/test/test_parser.cpp.o] Interrupt
[6.780s] gmake[1]: *** [CMakeFiles/Makefile2:242: CMakeFiles/test_cpp_C.dir/all] Interrupt
[6.780s] gmake[1]: *** [CMakeFiles/Makefile2:270: CMakeFiles/test_cpp_nl_NL.UTF-8.dir/all] Interrupt
[6.781s] gmake: *** [Makefile:146: all] Interrupt
[6.782s] Invoked command in '/home/jone/ws_moveit/build/srdfdom' returned '-2': CMAKE_PREFIX_PATH=${CMAKE_PREFIX_PATH}:/home/jone/ws_moveit/install/moveit_configs_utils:/home/jone/ws_moveit/install/launch_param_builder:/opt/ros/humble /usr/bin/cmake --build /home/jone/ws_moveit/build/srdfdom -- -j16 -l16
