[0.011s] Invoking command in '/home/jone/ws_moveit/build/srdfdom': CMAKE_PREFIX_PATH=${CMAKE_PREFIX_PATH}:/home/jone/ws_moveit/install/moveit_configs_utils:/home/jone/ws_moveit/install/launch_param_builder:/opt/ros/humble /usr/bin/cmake --build /home/jone/ws_moveit/build/srdfdom
[0.064s] [35m[1mConsolidate compiler generated dependencies of target gtest_main[0m
[0.064s] [35m[1mConsolidate compiler generated dependencies of target gtest[0m
[0.065s] [35m[1mConsolidate compiler generated dependencies of target srdfdom[0m
[0.082s] [ 36%] Built target gtest_main
[0.082s] [ 36%] Built target gtest
[0.084s] [ 63%] Built target srdfdom
[0.090s] [ 63%] Built target ament_cmake_python_copy_srdfdom
[0.101s] [35m[1mConsolidate compiler generated dependencies of target test_cpp_nl_NL.UTF-8[0m
[0.101s] [35m[1mConsolidate compiler generated dependencies of target test_cpp_C[0m
[0.120s] [100%] Built target test_cpp_nl_NL.UTF-8
[0.120s] [100%] Built target test_cpp_C
[0.284s] running egg_info
[0.284s] writing srdfdom.egg-info/PKG-INFO
[0.284s] writing dependency_links to srdfdom.egg-info/dependency_links.txt
[0.284s] writing top-level names to srdfdom.egg-info/top_level.txt
[0.286s] reading manifest file 'srdfdom.egg-info/SOURCES.txt'
[0.286s] writing manifest file 'srdfdom.egg-info/SOURCES.txt'
[0.311s] [100%] Built target ament_cmake_python_build_srdfdom_egg
[0.325s] Invoked command in '/home/jone/ws_moveit/build/srdfdom' returned '0': CMAKE_PREFIX_PATH=${CMAKE_PREFIX_PATH}:/home/jone/ws_moveit/install/moveit_configs_utils:/home/jone/ws_moveit/install/launch_param_builder:/opt/ros/humble /usr/bin/cmake --build /home/jone/ws_moveit/build/srdfdom
[0.326s] Invoking command in '/home/jone/ws_moveit/build/srdfdom': CMAKE_PREFIX_PATH=${CMAKE_PREFIX_PATH}:/home/jone/ws_moveit/install/moveit_configs_utils:/home/jone/ws_moveit/install/launch_param_builder:/opt/ros/humble /usr/bin/cmake --install /home/jone/ws_moveit/build/srdfdom
[0.337s] -- Install configuration: "Release"
[0.337s] -- Up-to-date: /home/jone/ws_moveit/install/srdfdom/lib/libsrdfdom.so.2.0.8
[0.337s] -- Up-to-date: /home/jone/ws_moveit/install/srdfdom/lib/libsrdfdom.so
[0.337s] -- Up-to-date: /home/jone/ws_moveit/install/srdfdom/include/srdfdom
[0.337s] -- Up-to-date: /home/jone/ws_moveit/install/srdfdom/include/srdfdom/srdfdom
[0.337s] -- Up-to-date: /home/jone/ws_moveit/install/srdfdom/include/srdfdom/srdfdom/srdf_writer.h
[0.337s] -- Up-to-date: /home/jone/ws_moveit/install/srdfdom/include/srdfdom/srdfdom/model.h
[0.337s] -- Up-to-date: /home/jone/ws_moveit/install/srdfdom/include/srdfdom/srdfdom/visibility_control.h
[0.337s] -- Up-to-date: /home/jone/ws_moveit/install/srdfdom/lib/srdfdom/display_srdf
[0.337s] -- Up-to-date: /home/jone/ws_moveit/install/srdfdom/share/srdfdom/environment/pythonpath.sh
[0.337s] -- Up-to-date: /home/jone/ws_moveit/install/srdfdom/share/srdfdom/environment/pythonpath.dsv
[0.337s] -- Up-to-date: /home/jone/ws_moveit/install/srdfdom/local/lib/python3.10/dist-packages/srdfdom-2.0.8-py3.10.egg-info
[0.337s] -- Installing: /home/jone/ws_moveit/install/srdfdom/local/lib/python3.10/dist-packages/srdfdom-2.0.8-py3.10.egg-info/SOURCES.txt
[0.338s] -- Installing: /home/jone/ws_moveit/install/srdfdom/local/lib/python3.10/dist-packages/srdfdom-2.0.8-py3.10.egg-info/top_level.txt
[0.338s] -- Installing: /home/jone/ws_moveit/install/srdfdom/local/lib/python3.10/dist-packages/srdfdom-2.0.8-py3.10.egg-info/dependency_links.txt
[0.338s] -- Installing: /home/jone/ws_moveit/install/srdfdom/local/lib/python3.10/dist-packages/srdfdom-2.0.8-py3.10.egg-info/PKG-INFO
[0.338s] -- Up-to-date: /home/jone/ws_moveit/install/srdfdom/local/lib/python3.10/dist-packages/srdfdom
[0.338s] -- Up-to-date: /home/jone/ws_moveit/install/srdfdom/local/lib/python3.10/dist-packages/srdfdom/__init__.py
[0.338s] -- Up-to-date: /home/jone/ws_moveit/install/srdfdom/local/lib/python3.10/dist-packages/srdfdom/srdf.py
[0.364s] Listing '/home/jone/ws_moveit/install/srdfdom/local/lib/python3.10/dist-packages/srdfdom'...
[0.367s] -- Up-to-date: /home/jone/ws_moveit/install/srdfdom/share/srdfdom/environment/library_path.sh
[0.367s] -- Up-to-date: /home/jone/ws_moveit/install/srdfdom/share/srdfdom/environment/library_path.dsv
[0.367s] -- Up-to-date: /home/jone/ws_moveit/install/srdfdom/share/ament_index/resource_index/package_run_dependencies/srdfdom
[0.367s] -- Up-to-date: /home/jone/ws_moveit/install/srdfdom/share/ament_index/resource_index/parent_prefix_path/srdfdom
[0.367s] -- Up-to-date: /home/jone/ws_moveit/install/srdfdom/share/srdfdom/environment/ament_prefix_path.sh
[0.367s] -- Up-to-date: /home/jone/ws_moveit/install/srdfdom/share/srdfdom/environment/ament_prefix_path.dsv
[0.367s] -- Up-to-date: /home/jone/ws_moveit/install/srdfdom/share/srdfdom/environment/path.sh
[0.367s] -- Up-to-date: /home/jone/ws_moveit/install/srdfdom/share/srdfdom/environment/path.dsv
[0.367s] -- Up-to-date: /home/jone/ws_moveit/install/srdfdom/share/srdfdom/local_setup.bash
[0.367s] -- Up-to-date: /home/jone/ws_moveit/install/srdfdom/share/srdfdom/local_setup.sh
[0.367s] -- Up-to-date: /home/jone/ws_moveit/install/srdfdom/share/srdfdom/local_setup.zsh
[0.367s] -- Up-to-date: /home/jone/ws_moveit/install/srdfdom/share/srdfdom/local_setup.dsv
[0.368s] -- Installing: /home/jone/ws_moveit/install/srdfdom/share/srdfdom/package.dsv
[0.368s] -- Up-to-date: /home/jone/ws_moveit/install/srdfdom/share/ament_index/resource_index/packages/srdfdom
[0.368s] -- Up-to-date: /home/jone/ws_moveit/install/srdfdom/share/srdfdom/cmake/srdfdomTargetsExport.cmake
[0.368s] -- Up-to-date: /home/jone/ws_moveit/install/srdfdom/share/srdfdom/cmake/srdfdomTargetsExport-release.cmake
[0.368s] -- Up-to-date: /home/jone/ws_moveit/install/srdfdom/share/srdfdom/cmake/ament_cmake_export_targets-extras.cmake
[0.368s] -- Up-to-date: /home/jone/ws_moveit/install/srdfdom/share/srdfdom/cmake/ament_cmake_export_dependencies-extras.cmake
[0.368s] -- Up-to-date: /home/jone/ws_moveit/install/srdfdom/share/srdfdom/cmake/srdfdomConfig.cmake
[0.368s] -- Up-to-date: /home/jone/ws_moveit/install/srdfdom/share/srdfdom/cmake/srdfdomConfig-version.cmake
[0.368s] -- Up-to-date: /home/jone/ws_moveit/install/srdfdom/share/srdfdom/package.xml
[0.370s] Invoked command in '/home/jone/ws_moveit/build/srdfdom' returned '0': CMAKE_PREFIX_PATH=${CMAKE_PREFIX_PATH}:/home/jone/ws_moveit/install/moveit_configs_utils:/home/jone/ws_moveit/install/launch_param_builder:/opt/ros/humble /usr/bin/cmake --install /home/jone/ws_moveit/build/srdfdom
