[35m[1mConsolidate compiler generated dependencies of target gtest_main[0m
[  5%] [32mBuilding CXX object gtest/CMakeFiles/gtest.dir/src/gtest-all.cc.o[0m
[ 15%] Built target gtest_main
[ 21%] [32mBuilding CXX object srv_kinematics_plugin/CMakeFiles/moveit_srv_kinematics_plugin.dir/src/srv_kinematics_plugin.cpp.o[0m
[ 26%] [32mBuilding CXX object cached_ik_kinematics_plugin/CMakeFiles/moveit_cached_ik_kinematics_base.dir/src/ik_cache.cpp.o[0m
[ 36%] [32mBuilding CXX object kdl_kinematics_plugin/CMakeFiles/moveit_kdl_kinematics_plugin.dir/src/kdl_kinematics_plugin.cpp.o[0m
[ 36%] [32mBuilding CXX object lma_kinematics_plugin/CMakeFiles/moveit_lma_kinematics_plugin.dir/src/lma_kinematics_plugin.cpp.o[0m
[ 42%] [32mBuilding CXX object kdl_kinematics_plugin/CMakeFiles/moveit_kdl_kinematics_plugin.dir/src/chainiksolver_vel_mimic_svd.cpp.o[0m
[ 47%] [32mBuilding CXX object test/CMakeFiles/benchmark_ik.dir/benchmark_ik.cpp.o[0m
[ 52%] [32m[1mLinking CXX static library libgtest.a[0m
[ 52%] Built target gtest
[ 57%] [32m[1mLinking CXX shared library libmoveit_cached_ik_kinematics_base.so[0m
[ 63%] [32m[1mLinking CXX shared library libmoveit_lma_kinematics_plugin.so[0m
[ 63%] Built target moveit_cached_ik_kinematics_base
[ 68%] [32m[1mLinking CXX shared library libmoveit_srv_kinematics_plugin.so[0m
[ 68%] Built target moveit_lma_kinematics_plugin
[ 73%] [32m[1mLinking CXX shared library libmoveit_kdl_kinematics_plugin.so[0m
[ 73%] Built target moveit_srv_kinematics_plugin
[ 78%] [32m[1mLinking CXX executable benchmark_ik[0m
[ 78%] Built target moveit_kdl_kinematics_plugin
[35m[1mConsolidate compiler generated dependencies of target test_kinematics_plugin[0m
[35m[1mConsolidate compiler generated dependencies of target moveit_cached_ik_kinematics_plugin[0m
[ 89%] [32mBuilding CXX object cached_ik_kinematics_plugin/CMakeFiles/moveit_cached_ik_kinematics_plugin.dir/src/cached_ik_kinematics_plugin.cpp.o[0m
[ 89%] [32mBuilding CXX object test/CMakeFiles/test_kinematics_plugin.dir/test_kinematics_plugin.cpp.o[0m
[ 89%] Built target benchmark_ik
[ 94%] [32m[1mLinking CXX shared library libmoveit_cached_ik_kinematics_plugin.so[0m
[ 94%] Built target moveit_cached_ik_kinematics_plugin
[100%] [32m[1mLinking CXX executable test_kinematics_plugin[0m
[100%] Built target test_kinematics_plugin
-- Install configuration: "Debug"
-- Up-to-date: /home/jone/ws_moveit/install/moveit_kinematics/share/moveit_kinematics/kdl_kinematics_plugin_description.xml
-- Up-to-date: /home/jone/ws_moveit/install/moveit_kinematics/share/moveit_kinematics/lma_kinematics_plugin_description.xml
-- Up-to-date: /home/jone/ws_moveit/install/moveit_kinematics/share/moveit_kinematics/srv_kinematics_plugin_description.xml
-- Up-to-date: /home/jone/ws_moveit/install/moveit_kinematics/share/moveit_kinematics/cached_ik_kinematics_plugin_description.xml
-- Up-to-date: /home/jone/ws_moveit/install/moveit_kinematics/include
-- Up-to-date: /home/jone/ws_moveit/install/moveit_kinematics/include/moveit
-- Up-to-date: /home/jone/ws_moveit/install/moveit_kinematics/include/moveit/cached_ik_kinematics_plugin
-- Up-to-date: /home/jone/ws_moveit/install/moveit_kinematics/include/moveit/cached_ik_kinematics_plugin/detail
-- Up-to-date: /home/jone/ws_moveit/install/moveit_kinematics/include/moveit/cached_ik_kinematics_plugin/detail/NearestNeighbors.h
-- Up-to-date: /home/jone/ws_moveit/install/moveit_kinematics/include/moveit/cached_ik_kinematics_plugin/detail/GreedyKCenters.h
-- Up-to-date: /home/jone/ws_moveit/install/moveit_kinematics/include/moveit/cached_ik_kinematics_plugin/detail/NearestNeighborsGNAT.h
-- Up-to-date: /home/jone/ws_moveit/install/moveit_kinematics/include/moveit/cached_ik_kinematics_plugin/cached_ik_kinematics_plugin-inl.h
-- Up-to-date: /home/jone/ws_moveit/install/moveit_kinematics/include/moveit/cached_ik_kinematics_plugin/cached_ik_kinematics_plugin.h
-- Up-to-date: /home/jone/ws_moveit/install/moveit_kinematics/share/moveit_kinematics/launch
-- Up-to-date: /home/jone/ws_moveit/install/moveit_kinematics/share/moveit_kinematics/launch/measure_ik_call_cost.launch
-- Up-to-date: /home/jone/ws_moveit/install/moveit_kinematics/lib/moveit_kinematics/auto_create_ikfast_moveit_plugin.sh
-- Up-to-date: /home/jone/ws_moveit/install/moveit_kinematics/lib/moveit_kinematics/create_ikfast_moveit_plugin.py
-- Up-to-date: /home/jone/ws_moveit/install/moveit_kinematics/lib/moveit_kinematics/round_collada_numbers.py
-- Up-to-date: /home/jone/ws_moveit/install/moveit_kinematics/share/moveit_kinematics/ikfast_kinematics_plugin/templates
-- Up-to-date: /home/jone/ws_moveit/install/moveit_kinematics/share/moveit_kinematics/ikfast_kinematics_plugin/templates/CMakeLists.txt
-- Up-to-date: /home/jone/ws_moveit/install/moveit_kinematics/share/moveit_kinematics/ikfast_kinematics_plugin/templates/ikfast.h
-- Up-to-date: /home/jone/ws_moveit/install/moveit_kinematics/share/moveit_kinematics/ikfast_kinematics_plugin/templates/ikfast61_moveit_plugin_template.cpp
-- Up-to-date: /home/jone/ws_moveit/install/moveit_kinematics/include
-- Up-to-date: /home/jone/ws_moveit/install/moveit_kinematics/include/moveit
-- Up-to-date: /home/jone/ws_moveit/install/moveit_kinematics/include/moveit/kdl_kinematics_plugin
-- Up-to-date: /home/jone/ws_moveit/install/moveit_kinematics/include/moveit/kdl_kinematics_plugin/kdl_kinematics_plugin.h
-- Up-to-date: /home/jone/ws_moveit/install/moveit_kinematics/include/moveit/kdl_kinematics_plugin/joint_mimic.hpp
-- Up-to-date: /home/jone/ws_moveit/install/moveit_kinematics/include/moveit/kdl_kinematics_plugin/chainiksolver_vel_mimic_svd.hpp
-- Up-to-date: /home/jone/ws_moveit/install/moveit_kinematics/include
-- Up-to-date: /home/jone/ws_moveit/install/moveit_kinematics/include/moveit
-- Up-to-date: /home/jone/ws_moveit/install/moveit_kinematics/include/moveit/lma_kinematics_plugin
-- Up-to-date: /home/jone/ws_moveit/install/moveit_kinematics/include/moveit/lma_kinematics_plugin/lma_kinematics_plugin.h
-- Up-to-date: /home/jone/ws_moveit/install/moveit_kinematics/include
-- Up-to-date: /home/jone/ws_moveit/install/moveit_kinematics/include/moveit
-- Up-to-date: /home/jone/ws_moveit/install/moveit_kinematics/include/moveit/srv_kinematics_plugin
-- Up-to-date: /home/jone/ws_moveit/install/moveit_kinematics/include/moveit/srv_kinematics_plugin/srv_kinematics_plugin.h
-- Up-to-date: /home/jone/ws_moveit/install/moveit_kinematics/share/moveit_kinematics/config
-- Up-to-date: /home/jone/ws_moveit/install/moveit_kinematics/share/moveit_kinematics/config/panda-lma-singular-test.yaml
-- Up-to-date: /home/jone/ws_moveit/install/moveit_kinematics/share/moveit_kinematics/config/fanuc-kdl-test.yaml
-- Up-to-date: /home/jone/ws_moveit/install/moveit_kinematics/share/moveit_kinematics/config/fanuc-kdl-singular-test.yaml
-- Up-to-date: /home/jone/ws_moveit/install/moveit_kinematics/share/moveit_kinematics/config/fanuc-lma-test.yaml
-- Up-to-date: /home/jone/ws_moveit/install/moveit_kinematics/share/moveit_kinematics/config/panda-kdl-test.yaml
-- Up-to-date: /home/jone/ws_moveit/install/moveit_kinematics/share/moveit_kinematics/config/fanuc-lma-singular-test.yaml
-- Up-to-date: /home/jone/ws_moveit/install/moveit_kinematics/share/moveit_kinematics/config/panda-kdl-singular-test.yaml
-- Up-to-date: /home/jone/ws_moveit/install/moveit_kinematics/share/moveit_kinematics/config/panda-lma-test.yaml
-- Up-to-date: /home/jone/ws_moveit/install/moveit_kinematics/share/moveit_kinematics/launch
-- Up-to-date: /home/jone/ws_moveit/install/moveit_kinematics/share/moveit_kinematics/launch/fanuc-kdl-singular.test.py
-- Up-to-date: /home/jone/ws_moveit/install/moveit_kinematics/share/moveit_kinematics/launch/fanuc-lma.test.py
-- Up-to-date: /home/jone/ws_moveit/install/moveit_kinematics/share/moveit_kinematics/launch/fanuc-lma-singular.test.py
-- Up-to-date: /home/jone/ws_moveit/install/moveit_kinematics/share/moveit_kinematics/launch/panda-lma-singular.test.py
-- Up-to-date: /home/jone/ws_moveit/install/moveit_kinematics/share/moveit_kinematics/launch/fanuc-kdl.test.py
-- Up-to-date: /home/jone/ws_moveit/install/moveit_kinematics/share/moveit_kinematics/launch/panda-kdl.test.py
-- Up-to-date: /home/jone/ws_moveit/install/moveit_kinematics/share/moveit_kinematics/launch/panda-kdl-singular.test.py
-- Up-to-date: /home/jone/ws_moveit/install/moveit_kinematics/share/moveit_kinematics/launch/panda-lma.test.py
-- Installing: /home/jone/ws_moveit/install/moveit_kinematics/lib/moveit_kinematics/benchmark_ik
-- Set runtime path of "/home/jone/ws_moveit/install/moveit_kinematics/lib/moveit_kinematics/benchmark_ik" to ""
-- Installing: /home/jone/ws_moveit/install/moveit_kinematics/lib/moveit_kinematics/test_kinematics_plugin
-- Set runtime path of "/home/jone/ws_moveit/install/moveit_kinematics/lib/moveit_kinematics/test_kinematics_plugin" to ""
-- Installing: /home/jone/ws_moveit/install/moveit_kinematics/lib/libmoveit_cached_ik_kinematics_base.so.2.5.9
-- Set runtime path of "/home/jone/ws_moveit/install/moveit_kinematics/lib/libmoveit_cached_ik_kinematics_base.so.2.5.9" to ""
-- Up-to-date: /home/jone/ws_moveit/install/moveit_kinematics/lib/libmoveit_cached_ik_kinematics_base.so
-- Installing: /home/jone/ws_moveit/install/moveit_kinematics/lib/libmoveit_cached_ik_kinematics_plugin.so.2.5.9
-- Set runtime path of "/home/jone/ws_moveit/install/moveit_kinematics/lib/libmoveit_cached_ik_kinematics_plugin.so.2.5.9" to ""
-- Up-to-date: /home/jone/ws_moveit/install/moveit_kinematics/lib/libmoveit_cached_ik_kinematics_plugin.so
-- Installing: /home/jone/ws_moveit/install/moveit_kinematics/lib/libmoveit_kdl_kinematics_plugin.so
-- Set runtime path of "/home/jone/ws_moveit/install/moveit_kinematics/lib/libmoveit_kdl_kinematics_plugin.so" to ""
-- Installing: /home/jone/ws_moveit/install/moveit_kinematics/lib/libmoveit_lma_kinematics_plugin.so.2.5.9
-- Set runtime path of "/home/jone/ws_moveit/install/moveit_kinematics/lib/libmoveit_lma_kinematics_plugin.so.2.5.9" to ""
-- Up-to-date: /home/jone/ws_moveit/install/moveit_kinematics/lib/libmoveit_lma_kinematics_plugin.so
-- Installing: /home/jone/ws_moveit/install/moveit_kinematics/lib/libmoveit_srv_kinematics_plugin.so.2.5.9
-- Set runtime path of "/home/jone/ws_moveit/install/moveit_kinematics/lib/libmoveit_srv_kinematics_plugin.so.2.5.9" to ""
-- Up-to-date: /home/jone/ws_moveit/install/moveit_kinematics/lib/libmoveit_srv_kinematics_plugin.so
-- Up-to-date: /home/jone/ws_moveit/install/moveit_kinematics/share/moveit_kinematics/environment/library_path.sh
-- Installing: /home/jone/ws_moveit/install/moveit_kinematics/share/moveit_kinematics/environment/library_path.dsv
-- Up-to-date: /home/jone/ws_moveit/install/moveit_kinematics/share/ament_index/resource_index/package_run_dependencies/moveit_kinematics
-- Installing: /home/jone/ws_moveit/install/moveit_kinematics/share/ament_index/resource_index/parent_prefix_path/moveit_kinematics
-- Up-to-date: /home/jone/ws_moveit/install/moveit_kinematics/share/moveit_kinematics/environment/ament_prefix_path.sh
-- Installing: /home/jone/ws_moveit/install/moveit_kinematics/share/moveit_kinematics/environment/ament_prefix_path.dsv
-- Up-to-date: /home/jone/ws_moveit/install/moveit_kinematics/share/moveit_kinematics/environment/path.sh
-- Installing: /home/jone/ws_moveit/install/moveit_kinematics/share/moveit_kinematics/environment/path.dsv
-- Up-to-date: /home/jone/ws_moveit/install/moveit_kinematics/share/moveit_kinematics/local_setup.bash
-- Up-to-date: /home/jone/ws_moveit/install/moveit_kinematics/share/moveit_kinematics/local_setup.sh
-- Up-to-date: /home/jone/ws_moveit/install/moveit_kinematics/share/moveit_kinematics/local_setup.zsh
-- Installing: /home/jone/ws_moveit/install/moveit_kinematics/share/moveit_kinematics/local_setup.dsv
-- Installing: /home/jone/ws_moveit/install/moveit_kinematics/share/moveit_kinematics/package.dsv
-- Up-to-date: /home/jone/ws_moveit/install/moveit_kinematics/share/ament_index/resource_index/packages/moveit_kinematics
-- Up-to-date: /home/jone/ws_moveit/install/moveit_kinematics/share/ament_index/resource_index/moveit_core__pluginlib__plugin/moveit_kinematics
-- Up-to-date: /home/jone/ws_moveit/install/moveit_kinematics/share/moveit_kinematics/cmake/export_moveit_kinematicsExport.cmake
-- Installing: /home/jone/ws_moveit/install/moveit_kinematics/share/moveit_kinematics/cmake/export_moveit_kinematicsExport-debug.cmake
-- Up-to-date: /home/jone/ws_moveit/install/moveit_kinematics/share/moveit_kinematics/cmake/ConfigExtras.cmake
-- Up-to-date: /home/jone/ws_moveit/install/moveit_kinematics/share/moveit_kinematics/cmake/ament_cmake_export_targets-extras.cmake
-- Up-to-date: /home/jone/ws_moveit/install/moveit_kinematics/share/moveit_kinematics/cmake/ament_cmake_export_dependencies-extras.cmake
-- Up-to-date: /home/jone/ws_moveit/install/moveit_kinematics/share/moveit_kinematics/cmake/moveit_kinematicsConfig.cmake
-- Up-to-date: /home/jone/ws_moveit/install/moveit_kinematics/share/moveit_kinematics/cmake/moveit_kinematicsConfig-version.cmake
-- Up-to-date: /home/jone/ws_moveit/install/moveit_kinematics/share/moveit_kinematics/package.xml
