[0.005s] Invoking command in '/home/jone/ws_moveit/build/moveit_common': /usr/bin/cmake /home/jone/ws_moveit/src/moveit2/moveit_common -DCMAKE_INSTALL_PREFIX=/home/jone/ws_moveit/install/moveit_common
[0.033s] -- Found ament_cmake: 1.3.12 (/opt/ros/humble/share/ament_cmake/cmake)
[0.138s] Traceback (most recent call last):
[0.138s]   File "/opt/ros/humble/share/ament_cmake_core/cmake/package_templates/templates_2_cmake.py", line 21, in <module>
[0.138s]     from ament_package.templates import get_environment_hook_template_path
[0.138s] ModuleNotFoundError: No module named 'ament_package'
[0.145s] [31mCMake Error at /opt/ros/humble/share/ament_cmake_core/cmake/ament_cmake_package_templates-extras.cmake:41 (message):
[0.145s]   execute_process(/usr/bin/python3
[0.145s]   /opt/ros/humble/share/ament_cmake_core/cmake/package_templates/templates_2_cmake.py
[0.145s]   /home/jone/ws_moveit/build/moveit_common/ament_cmake_package_templates/templates.cmake)
[0.146s]   returned error code 1
[0.146s] Call Stack (most recent call first):
[0.146s]   /opt/ros/humble/share/ament_cmake_core/cmake/ament_cmake_coreConfig.cmake:41 (include)
[0.146s]   /opt/ros/humble/share/ament_cmake/cmake/ament_cmake_export_dependencies-extras.cmake:15 (find_package)
[0.146s]   /opt/ros/humble/share/ament_cmake/cmake/ament_cmakeConfig.cmake:41 (include)
[0.146s]   CMakeLists.txt:4 (find_package)
[0.146s] 
[0.146s] [0m
[0.146s] -- Configuring incomplete, errors occurred!
[0.146s] See also "/home/jone/ws_moveit/build/moveit_common/CMakeFiles/CMakeOutput.log".
[0.148s] Invoked command in '/home/jone/ws_moveit/build/moveit_common' returned '1': /usr/bin/cmake /home/jone/ws_moveit/src/moveit2/moveit_common -DCMAKE_INSTALL_PREFIX=/home/jone/ws_moveit/install/moveit_common
