[0.052s] Invoking command in '/home/jone/ws_moveit/build/moveit_task_constructor_core': AMENT_PREFIX_PATH=/home/jone/ws_moveit/install/moveit_planners:/home/jone/ws_moveit/install/pilz_industrial_motion_planner:/home/jone/ws_moveit/install/moveit_resources_prbt_pg70_support:/home/jone/ws_moveit/install/moveit_ros_planning_interface:/home/jone/ws_moveit/install/moveit_resources_prbt_moveit_config:/home/jone/ws_moveit/install/moveit_ros_move_group:/home/jone/ws_moveit/install/moveit_ros_warehouse:/home/jone/ws_moveit/install/moveit_planners_ompl:/home/jone/ws_moveit/install/moveit_kinematics:/home/jone/ws_moveit/install/moveit_ros_planning:/home/jone/ws_moveit/install/moveit_planners_chomp:/home/jone/ws_moveit/install/pilz_industrial_motion_planner_testutils:/home/jone/ws_moveit/install/moveit_simple_controller_manager:/home/jone/ws_moveit/install/moveit_ros_occupancy_map_monitor:/home/jone/ws_moveit/install/moveit_resources_prbt_ikfast_manipulator_plugin:/home/jone/ws_moveit/install/chomp_motion_planner:/home/jone/ws_moveit/install/moveit_core:/home/jone/ws_moveit/install/rviz_marker_tools:/home/jone/ws_moveit/install/moveit_resources_panda_moveit_config:/home/jone/ws_moveit/install/moveit_resources_fanuc_moveit_config:/home/jone/ws_moveit/install/moveit_configs_utils:/home/jone/ws_moveit/install/srdfdom:/home/jone/ws_moveit/install/moveit_task_constructor_msgs:/home/jone/ws_moveit/install/moveit_resources_prbt_support:/home/jone/ws_moveit/install/moveit_resources_pr2_description:/home/jone/ws_moveit/install/moveit_resources_panda_description:/home/jone/ws_moveit/install/moveit_resources_fanuc_description:/home/jone/ws_moveit/install/moveit_common:/home/jone/ws_moveit/install/launch_param_builder:${AMENT_PREFIX_PATH} CMAKE_PREFIX_PATH=/home/jone/ws_moveit/install/moveit_planners:/home/jone/ws_moveit/install/pilz_industrial_motion_planner:/home/jone/ws_moveit/install/moveit_resources_prbt_pg70_support:/home/jone/ws_moveit/install/moveit_ros_planning_interface:/home/jone/ws_moveit/install/moveit_resources_prbt_moveit_config:/home/jone/ws_moveit/install/moveit_ros_move_group:/home/jone/ws_moveit/install/moveit_ros_warehouse:/home/jone/ws_moveit/install/moveit_planners_ompl:/home/jone/ws_moveit/install/moveit_kinematics:/home/jone/ws_moveit/install/moveit_ros_planning:/home/jone/ws_moveit/install/moveit_planners_chomp:/home/jone/ws_moveit/install/pilz_industrial_motion_planner_testutils:/home/jone/ws_moveit/install/moveit_simple_controller_manager:/home/jone/ws_moveit/install/moveit_ros_occupancy_map_monitor:/home/jone/ws_moveit/install/moveit_resources_prbt_ikfast_manipulator_plugin:/home/jone/ws_moveit/install/chomp_motion_planner:/home/jone/ws_moveit/install/moveit_core:/home/jone/ws_moveit/install/rviz_marker_tools:/home/jone/ws_moveit/install/moveit_resources_panda_moveit_config:/home/jone/ws_moveit/install/moveit_resources_fanuc_moveit_config:/home/jone/ws_moveit/install/srdfdom:/home/jone/ws_moveit/install/moveit_task_constructor_msgs:/home/jone/ws_moveit/install/moveit_resources_prbt_support:/home/jone/ws_moveit/install/moveit_resources_pr2_description:/home/jone/ws_moveit/install/moveit_resources_panda_description:/home/jone/ws_moveit/install/moveit_resources_fanuc_description:/home/jone/ws_moveit/install/moveit_common:/opt/ros/humble LD_LIBRARY_PATH=/home/jone/ws_moveit/install/pilz_industrial_motion_planner/lib:/home/jone/ws_moveit/install/moveit_ros_planning_interface/lib:/home/jone/ws_moveit/install/moveit_ros_move_group/lib:/home/jone/ws_moveit/install/moveit_ros_warehouse/lib:/home/jone/ws_moveit/install/moveit_planners_ompl/lib:/home/jone/ws_moveit/install/moveit_kinematics/lib:/home/jone/ws_moveit/install/moveit_ros_planning/lib:/home/jone/ws_moveit/install/moveit_planners_chomp/lib:/home/jone/ws_moveit/install/pilz_industrial_motion_planner_testutils/lib:/home/jone/ws_moveit/install/moveit_simple_controller_manager/lib:/home/jone/ws_moveit/install/moveit_ros_occupancy_map_monitor/lib:/home/jone/ws_moveit/install/moveit_resources_prbt_ikfast_manipulator_plugin/lib:/home/jone/ws_moveit/install/chomp_motion_planner/lib:/home/jone/ws_moveit/install/moveit_core/lib:/home/jone/ws_moveit/install/rviz_marker_tools/lib:/home/jone/ws_moveit/install/srdfdom/lib:/home/jone/ws_moveit/install/moveit_task_constructor_msgs/lib:/opt/ros/humble/opt/rviz_ogre_vendor/lib:/opt/ros/humble/lib/x86_64-linux-gnu:/opt/ros/humble/lib:/usr/lib/x86_64-linux-gnu/gazebo-11/plugins:/usr/lib/x86_64-linux-gnu/gazebo-11/plugins:/usr/lib/x86_64-linux-gnu/gazebo-11/plugins PATH=/home/jone/ws_moveit/install/moveit_core/bin:${PATH} PYTHONPATH=/home/jone/ws_moveit/install/moveit_configs_utils/lib/python3.10/site-packages:/home/jone/ws_moveit/install/srdfdom/local/lib/python3.10/dist-packages:/home/jone/ws_moveit/install/moveit_task_constructor_msgs/local/lib/python3.10/dist-packages:/home/jone/ws_moveit/install/launch_param_builder/lib/python3.10/site-packages:${PYTHONPATH} /usr/bin/cmake /home/jone/ws_moveit/src/moveit_task_constructor/core -DCMAKE_INSTALL_PREFIX=/home/jone/ws_moveit/install/moveit_task_constructor_core
[0.104s] -- The C compiler identification is GNU 11.4.0
[0.150s] -- The CXX compiler identification is GNU 11.4.0
[0.156s] -- Detecting C compiler ABI info
[0.223s] -- Detecting C compiler ABI info - done
[0.228s] -- Check for working C compiler: /usr/bin/cc - skipped
[0.228s] -- Detecting C compile features
[0.229s] -- Detecting C compile features - done
[0.231s] -- Detecting CXX compiler ABI info
[0.307s] -- Detecting CXX compiler ABI info - done
[0.312s] -- Check for working CXX compiler: /usr/bin/c++ - skipped
[0.312s] -- Detecting CXX compile features
[0.312s] -- Detecting CXX compile features - done
[0.317s] -- Found ament_cmake: 1.3.12 (/opt/ros/humble/share/ament_cmake/cmake)
[0.445s] -- Found Python3: /usr/bin/python3 (found version "3.10.12") found components: Interpreter 
[0.562s] -- Found Boost: /usr/lib/x86_64-linux-gnu/cmake/Boost-1.74.0/BoostConfig.cmake (found version "1.74.0")  
[0.571s] -- Found geometry_msgs: 4.9.0 (/opt/ros/humble/share/geometry_msgs/cmake)
[0.627s] -- Found rosidl_generator_c: 3.1.7 (/opt/ros/humble/share/rosidl_generator_c/cmake)
[0.636s] -- Found rosidl_adapter: 3.1.7 (/opt/ros/humble/share/rosidl_adapter/cmake)
[0.648s] -- Found rosidl_generator_cpp: 3.1.7 (/opt/ros/humble/share/rosidl_generator_cpp/cmake)
[0.662s] -- Using all available rosidl_typesupport_c: rosidl_typesupport_fastrtps_c;rosidl_typesupport_introspection_c
[0.683s] -- Using all available rosidl_typesupport_cpp: rosidl_typesupport_fastrtps_cpp;rosidl_typesupport_introspection_cpp
[0.718s] -- Found moveit_common: 2.5.9 (/home/jone/ws_moveit/install/moveit_common/share/moveit_common/cmake)
[0.766s] [0mmoveit_task_constructor_core: You did not request a specific build type: Choosing 'Release' for maximum performance[0m
[0.768s] -- Found moveit_core: 2.5.9 (/home/jone/ws_moveit/install/moveit_core/share/moveit_core/cmake)
[0.993s] -- Found Boost: /usr/lib/x86_64-linux-gnu/cmake/Boost-1.74.0/BoostConfig.cmake (found version "1.74.0") found components: chrono date_time filesystem iostreams program_options regex serialization system thread 
[1.057s] -- Found parameter_traits: 0.5.0 (/opt/ros/humble/share/parameter_traits/cmake)
[1.117s] -- Found rmw_implementation_cmake: 6.1.2 (/opt/ros/humble/share/rmw_implementation_cmake/cmake)
[1.122s] -- Found rmw_fastrtps_cpp: 6.2.9 (/opt/ros/humble/share/rmw_fastrtps_cpp/cmake)
[1.228s] -- Found OpenSSL: /usr/lib/x86_64-linux-gnu/libcrypto.so (found version "3.0.2")  
[1.254s] -- Found FastRTPS: /opt/ros/humble/include  
[1.298s] -- Using RMW implementation 'rmw_fastrtps_cpp' as default
[1.313s] -- Found Threads: TRUE  
[1.361s] -- Found rclcpp_lifecycle: 16.0.15 (/opt/ros/humble/share/rclcpp_lifecycle/cmake)
[1.387s] -- Found Boost: /usr/lib/x86_64-linux-gnu/cmake/Boost-1.74.0/BoostConfig.cmake (found version "1.74.0") found components: filesystem 
[1.497s] -- library: /usr/lib/x86_64-linux-gnu/libcurl.so
[1.559s] -- Found Eigen3: TRUE (found version "3.4.0") 
[1.559s] -- Ensuring Eigen3 include directory is part of orocos-kdl CMake target
[1.803s] -- Found moveit_ros_planning: 2.5.9 (/home/jone/ws_moveit/install/moveit_ros_planning/share/moveit_ros_planning/cmake)
[1.807s] -- Found Boost: /usr/lib/x86_64-linux-gnu/cmake/Boost-1.74.0/BoostConfig.cmake (found version "1.74.0") found components: system filesystem date_time program_options thread chrono 
[1.825s] -- Found moveit_ros_planning_interface: 2.5.9 (/home/jone/ws_moveit/install/moveit_ros_planning_interface/share/moveit_ros_planning_interface/cmake)
[1.828s] -- Found Boost: /usr/lib/x86_64-linux-gnu/cmake/Boost-1.74.0/BoostConfig.cmake (found version "1.74.0") found components: date_time filesystem program_options system thread 
[1.838s] -- Found Boost: /usr/lib/x86_64-linux-gnu/cmake/Boost-1.74.0/BoostConfig.cmake (found version "1.74.0") found components: thread system filesystem regex date_time program_options 
[1.856s] -- Found Boost: /usr/lib/x86_64-linux-gnu/cmake/Boost-1.74.0/BoostConfig.cmake (found version "1.74.0") found components: system filesystem date_time program_options thread 
[1.884s] -- Found moveit_task_constructor_msgs: 0.1.3 (/home/jone/ws_moveit/install/moveit_task_constructor_msgs/share/moveit_task_constructor_msgs/cmake)
[1.911s] -- Found py_binding_tools: 2.0.1 (/opt/ros/humble/share/py_binding_tools/cmake)
[1.915s] -- Found rviz_marker_tools: 0.1.3 (/home/jone/ws_moveit/install/rviz_marker_tools/share/rviz_marker_tools/cmake)
[2.087s] -- Found Python3: /usr/bin/python3 (found version "3.10.12") found components: Interpreter Development Development.Module Development.Embed 
[2.094s] -- pybind11 v2.13.0 dev1
[2.113s] -- Found PythonInterp: /usr/bin/python3 (found suitable version "3.10.12", minimum required is "3.6") 
[2.130s] -- Found PythonLibs: /usr/lib/x86_64-linux-gnu/libpython3.10.so
[2.133s] -- Performing Test HAS_FLTO
[2.294s] -- Performing Test HAS_FLTO - Success
[2.303s] -- Found ament_cmake_pytest: 1.3.12 (/opt/ros/humble/share/ament_cmake_pytest/cmake)
[2.307s] -- Found launch_testing_ament_cmake: 1.0.11 (/opt/ros/humble/share/launch_testing_ament_cmake/cmake)
[2.311s] -- Found python_cmake_module: 0.10.0 (/opt/ros/humble/share/python_cmake_module/cmake)
[2.389s] -- Found PythonLibs: /usr/lib/x86_64-linux-gnu/libpython3.10.so (found suitable version "3.10.12", minimum required is "3.5") 
[2.389s] -- Using PYTHON_EXECUTABLE: /usr/bin/python3
[2.389s] -- Using PYTHON_INCLUDE_DIRS: /usr/include/python3.10
[2.389s] -- Using PYTHON_LIBRARIES: /usr/lib/x86_64-linux-gnu/libpython3.10.so
[2.406s] -- Found PythonExtra: .so  
[2.733s] -- Found ament_cmake_gtest: 1.3.12 (/opt/ros/humble/share/ament_cmake_gtest/cmake)
[2.738s] -- Found ament_cmake_gmock: 1.3.12 (/opt/ros/humble/share/ament_cmake_gmock/cmake)
[2.738s] -- Found launch_testing_ament_cmake: 1.0.11 (/opt/ros/humble/share/launch_testing_ament_cmake/cmake)
[2.738s] -- Found python_cmake_module: 0.10.0 (/opt/ros/humble/share/python_cmake_module/cmake)
[2.757s] -- Using PYTHON_EXECUTABLE: /usr/bin/python3
[2.757s] -- Using PYTHON_INCLUDE_DIRS: /usr/include/python3.10
[2.757s] -- Using PYTHON_LIBRARIES: /usr/lib/x86_64-linux-gnu/libpython3.10.so
[2.762s] -- Found gmock sources under '/opt/ros/humble/src/gmock_vendor': C++ tests using 'Google Mock' will be built
[2.769s] -- Found gtest sources under '/opt/ros/humble/src/gtest_vendor': C++ tests using 'Google Test' will be built
[2.787s] -- Configuring done
[3.105s] -- Generating done
[3.169s] -- Build files have been written to: /home/jone/ws_moveit/build/moveit_task_constructor_core
[3.195s] Invoked command in '/home/jone/ws_moveit/build/moveit_task_constructor_core' returned '0': AMENT_PREFIX_PATH=/home/jone/ws_moveit/install/moveit_planners:/home/jone/ws_moveit/install/pilz_industrial_motion_planner:/home/jone/ws_moveit/install/moveit_resources_prbt_pg70_support:/home/jone/ws_moveit/install/moveit_ros_planning_interface:/home/jone/ws_moveit/install/moveit_resources_prbt_moveit_config:/home/jone/ws_moveit/install/moveit_ros_move_group:/home/jone/ws_moveit/install/moveit_ros_warehouse:/home/jone/ws_moveit/install/moveit_planners_ompl:/home/jone/ws_moveit/install/moveit_kinematics:/home/jone/ws_moveit/install/moveit_ros_planning:/home/jone/ws_moveit/install/moveit_planners_chomp:/home/jone/ws_moveit/install/pilz_industrial_motion_planner_testutils:/home/jone/ws_moveit/install/moveit_simple_controller_manager:/home/jone/ws_moveit/install/moveit_ros_occupancy_map_monitor:/home/jone/ws_moveit/install/moveit_resources_prbt_ikfast_manipulator_plugin:/home/jone/ws_moveit/install/chomp_motion_planner:/home/jone/ws_moveit/install/moveit_core:/home/jone/ws_moveit/install/rviz_marker_tools:/home/jone/ws_moveit/install/moveit_resources_panda_moveit_config:/home/jone/ws_moveit/install/moveit_resources_fanuc_moveit_config:/home/jone/ws_moveit/install/moveit_configs_utils:/home/jone/ws_moveit/install/srdfdom:/home/jone/ws_moveit/install/moveit_task_constructor_msgs:/home/jone/ws_moveit/install/moveit_resources_prbt_support:/home/jone/ws_moveit/install/moveit_resources_pr2_description:/home/jone/ws_moveit/install/moveit_resources_panda_description:/home/jone/ws_moveit/install/moveit_resources_fanuc_description:/home/jone/ws_moveit/install/moveit_common:/home/jone/ws_moveit/install/launch_param_builder:${AMENT_PREFIX_PATH} CMAKE_PREFIX_PATH=/home/jone/ws_moveit/install/moveit_planners:/home/jone/ws_moveit/install/pilz_industrial_motion_planner:/home/jone/ws_moveit/install/moveit_resources_prbt_pg70_support:/home/jone/ws_moveit/install/moveit_ros_planning_interface:/home/jone/ws_moveit/install/moveit_resources_prbt_moveit_config:/home/jone/ws_moveit/install/moveit_ros_move_group:/home/jone/ws_moveit/install/moveit_ros_warehouse:/home/jone/ws_moveit/install/moveit_planners_ompl:/home/jone/ws_moveit/install/moveit_kinematics:/home/jone/ws_moveit/install/moveit_ros_planning:/home/jone/ws_moveit/install/moveit_planners_chomp:/home/jone/ws_moveit/install/pilz_industrial_motion_planner_testutils:/home/jone/ws_moveit/install/moveit_simple_controller_manager:/home/jone/ws_moveit/install/moveit_ros_occupancy_map_monitor:/home/jone/ws_moveit/install/moveit_resources_prbt_ikfast_manipulator_plugin:/home/jone/ws_moveit/install/chomp_motion_planner:/home/jone/ws_moveit/install/moveit_core:/home/jone/ws_moveit/install/rviz_marker_tools:/home/jone/ws_moveit/install/moveit_resources_panda_moveit_config:/home/jone/ws_moveit/install/moveit_resources_fanuc_moveit_config:/home/jone/ws_moveit/install/srdfdom:/home/jone/ws_moveit/install/moveit_task_constructor_msgs:/home/jone/ws_moveit/install/moveit_resources_prbt_support:/home/jone/ws_moveit/install/moveit_resources_pr2_description:/home/jone/ws_moveit/install/moveit_resources_panda_description:/home/jone/ws_moveit/install/moveit_resources_fanuc_description:/home/jone/ws_moveit/install/moveit_common:/opt/ros/humble LD_LIBRARY_PATH=/home/jone/ws_moveit/install/pilz_industrial_motion_planner/lib:/home/jone/ws_moveit/install/moveit_ros_planning_interface/lib:/home/jone/ws_moveit/install/moveit_ros_move_group/lib:/home/jone/ws_moveit/install/moveit_ros_warehouse/lib:/home/jone/ws_moveit/install/moveit_planners_ompl/lib:/home/jone/ws_moveit/install/moveit_kinematics/lib:/home/jone/ws_moveit/install/moveit_ros_planning/lib:/home/jone/ws_moveit/install/moveit_planners_chomp/lib:/home/jone/ws_moveit/install/pilz_industrial_motion_planner_testutils/lib:/home/jone/ws_moveit/install/moveit_simple_controller_manager/lib:/home/jone/ws_moveit/install/moveit_ros_occupancy_map_monitor/lib:/home/jone/ws_moveit/install/moveit_resources_prbt_ikfast_manipulator_plugin/lib:/home/jone/ws_moveit/install/chomp_motion_planner/lib:/home/jone/ws_moveit/install/moveit_core/lib:/home/jone/ws_moveit/install/rviz_marker_tools/lib:/home/jone/ws_moveit/install/srdfdom/lib:/home/jone/ws_moveit/install/moveit_task_constructor_msgs/lib:/opt/ros/humble/opt/rviz_ogre_vendor/lib:/opt/ros/humble/lib/x86_64-linux-gnu:/opt/ros/humble/lib:/usr/lib/x86_64-linux-gnu/gazebo-11/plugins:/usr/lib/x86_64-linux-gnu/gazebo-11/plugins:/usr/lib/x86_64-linux-gnu/gazebo-11/plugins PATH=/home/jone/ws_moveit/install/moveit_core/bin:${PATH} PYTHONPATH=/home/jone/ws_moveit/install/moveit_configs_utils/lib/python3.10/site-packages:/home/jone/ws_moveit/install/srdfdom/local/lib/python3.10/dist-packages:/home/jone/ws_moveit/install/moveit_task_constructor_msgs/local/lib/python3.10/dist-packages:/home/jone/ws_moveit/install/launch_param_builder/lib/python3.10/site-packages:${PYTHONPATH} /usr/bin/cmake /home/jone/ws_moveit/src/moveit_task_constructor/core -DCMAKE_INSTALL_PREFIX=/home/jone/ws_moveit/install/moveit_task_constructor_core
[3.195s] Invoking command in '/home/jone/ws_moveit/build/moveit_task_constructor_core': AMENT_PREFIX_PATH=/home/jone/ws_moveit/install/moveit_planners:/home/jone/ws_moveit/install/pilz_industrial_motion_planner:/home/jone/ws_moveit/install/moveit_resources_prbt_pg70_support:/home/jone/ws_moveit/install/moveit_ros_planning_interface:/home/jone/ws_moveit/install/moveit_resources_prbt_moveit_config:/home/jone/ws_moveit/install/moveit_ros_move_group:/home/jone/ws_moveit/install/moveit_ros_warehouse:/home/jone/ws_moveit/install/moveit_planners_ompl:/home/jone/ws_moveit/install/moveit_kinematics:/home/jone/ws_moveit/install/moveit_ros_planning:/home/jone/ws_moveit/install/moveit_planners_chomp:/home/jone/ws_moveit/install/pilz_industrial_motion_planner_testutils:/home/jone/ws_moveit/install/moveit_simple_controller_manager:/home/jone/ws_moveit/install/moveit_ros_occupancy_map_monitor:/home/jone/ws_moveit/install/moveit_resources_prbt_ikfast_manipulator_plugin:/home/jone/ws_moveit/install/chomp_motion_planner:/home/jone/ws_moveit/install/moveit_core:/home/jone/ws_moveit/install/rviz_marker_tools:/home/jone/ws_moveit/install/moveit_resources_panda_moveit_config:/home/jone/ws_moveit/install/moveit_resources_fanuc_moveit_config:/home/jone/ws_moveit/install/moveit_configs_utils:/home/jone/ws_moveit/install/srdfdom:/home/jone/ws_moveit/install/moveit_task_constructor_msgs:/home/jone/ws_moveit/install/moveit_resources_prbt_support:/home/jone/ws_moveit/install/moveit_resources_pr2_description:/home/jone/ws_moveit/install/moveit_resources_panda_description:/home/jone/ws_moveit/install/moveit_resources_fanuc_description:/home/jone/ws_moveit/install/moveit_common:/home/jone/ws_moveit/install/launch_param_builder:${AMENT_PREFIX_PATH} CMAKE_PREFIX_PATH=/home/jone/ws_moveit/install/moveit_planners:/home/jone/ws_moveit/install/pilz_industrial_motion_planner:/home/jone/ws_moveit/install/moveit_resources_prbt_pg70_support:/home/jone/ws_moveit/install/moveit_ros_planning_interface:/home/jone/ws_moveit/install/moveit_resources_prbt_moveit_config:/home/jone/ws_moveit/install/moveit_ros_move_group:/home/jone/ws_moveit/install/moveit_ros_warehouse:/home/jone/ws_moveit/install/moveit_planners_ompl:/home/jone/ws_moveit/install/moveit_kinematics:/home/jone/ws_moveit/install/moveit_ros_planning:/home/jone/ws_moveit/install/moveit_planners_chomp:/home/jone/ws_moveit/install/pilz_industrial_motion_planner_testutils:/home/jone/ws_moveit/install/moveit_simple_controller_manager:/home/jone/ws_moveit/install/moveit_ros_occupancy_map_monitor:/home/jone/ws_moveit/install/moveit_resources_prbt_ikfast_manipulator_plugin:/home/jone/ws_moveit/install/chomp_motion_planner:/home/jone/ws_moveit/install/moveit_core:/home/jone/ws_moveit/install/rviz_marker_tools:/home/jone/ws_moveit/install/moveit_resources_panda_moveit_config:/home/jone/ws_moveit/install/moveit_resources_fanuc_moveit_config:/home/jone/ws_moveit/install/srdfdom:/home/jone/ws_moveit/install/moveit_task_constructor_msgs:/home/jone/ws_moveit/install/moveit_resources_prbt_support:/home/jone/ws_moveit/install/moveit_resources_pr2_description:/home/jone/ws_moveit/install/moveit_resources_panda_description:/home/jone/ws_moveit/install/moveit_resources_fanuc_description:/home/jone/ws_moveit/install/moveit_common:/opt/ros/humble LD_LIBRARY_PATH=/home/jone/ws_moveit/install/pilz_industrial_motion_planner/lib:/home/jone/ws_moveit/install/moveit_ros_planning_interface/lib:/home/jone/ws_moveit/install/moveit_ros_move_group/lib:/home/jone/ws_moveit/install/moveit_ros_warehouse/lib:/home/jone/ws_moveit/install/moveit_planners_ompl/lib:/home/jone/ws_moveit/install/moveit_kinematics/lib:/home/jone/ws_moveit/install/moveit_ros_planning/lib:/home/jone/ws_moveit/install/moveit_planners_chomp/lib:/home/jone/ws_moveit/install/pilz_industrial_motion_planner_testutils/lib:/home/jone/ws_moveit/install/moveit_simple_controller_manager/lib:/home/jone/ws_moveit/install/moveit_ros_occupancy_map_monitor/lib:/home/jone/ws_moveit/install/moveit_resources_prbt_ikfast_manipulator_plugin/lib:/home/jone/ws_moveit/install/chomp_motion_planner/lib:/home/jone/ws_moveit/install/moveit_core/lib:/home/jone/ws_moveit/install/rviz_marker_tools/lib:/home/jone/ws_moveit/install/srdfdom/lib:/home/jone/ws_moveit/install/moveit_task_constructor_msgs/lib:/opt/ros/humble/opt/rviz_ogre_vendor/lib:/opt/ros/humble/lib/x86_64-linux-gnu:/opt/ros/humble/lib:/usr/lib/x86_64-linux-gnu/gazebo-11/plugins:/usr/lib/x86_64-linux-gnu/gazebo-11/plugins:/usr/lib/x86_64-linux-gnu/gazebo-11/plugins PATH=/home/jone/ws_moveit/install/moveit_core/bin:${PATH} PYTHONPATH=/home/jone/ws_moveit/install/moveit_configs_utils/lib/python3.10/site-packages:/home/jone/ws_moveit/install/srdfdom/local/lib/python3.10/dist-packages:/home/jone/ws_moveit/install/moveit_task_constructor_msgs/local/lib/python3.10/dist-packages:/home/jone/ws_moveit/install/launch_param_builder/lib/python3.10/site-packages:${PYTHONPATH} /usr/bin/cmake --build /home/jone/ws_moveit/build/moveit_task_constructor_core
[3.261s] [  0%] Built target ament_cmake_python_copy_moveit
[3.447s] running egg_info
[3.447s] creating moveit.egg-info
[3.447s] writing moveit.egg-info/PKG-INFO
[3.447s] writing dependency_links to moveit.egg-info/dependency_links.txt
[3.447s] writing top-level names to moveit.egg-info/top_level.txt
[3.448s] writing manifest file 'moveit.egg-info/SOURCES.txt'
[3.449s] reading manifest file 'moveit.egg-info/SOURCES.txt'
[3.449s] writing manifest file 'moveit.egg-info/SOURCES.txt'
[3.472s] [  0%] Built target ament_cmake_python_build_moveit_egg
[3.496s] [  1%] [32mBuilding CXX object src/CMakeFiles/moveit_task_constructor_core.dir/container.cpp.o[0m
[12.545s] [  2%] [32mBuilding CXX object src/CMakeFiles/moveit_task_constructor_core.dir/cost_terms.cpp.o[0m
[18.992s] [  3%] [32mBuilding CXX object src/CMakeFiles/moveit_task_constructor_core.dir/introspection.cpp.o[0m
[29.497s] [  4%] [32mBuilding CXX object src/CMakeFiles/moveit_task_constructor_core.dir/marker_tools.cpp.o[0m
[34.513s] [  5%] [32mBuilding CXX object src/CMakeFiles/moveit_task_constructor_core.dir/merge.cpp.o[0m
[40.229s] [  7%] [32mBuilding CXX object src/CMakeFiles/moveit_task_constructor_core.dir/properties.cpp.o[0m
[41.927s] [  8%] [32mBuilding CXX object src/CMakeFiles/moveit_task_constructor_core.dir/stage.cpp.o[0m
[49.738s] [  9%] [32mBuilding CXX object src/CMakeFiles/moveit_task_constructor_core.dir/storage.cpp.o[0m
[56.567s] [ 10%] [32mBuilding CXX object src/CMakeFiles/moveit_task_constructor_core.dir/task.cpp.o[0m
[66.702s] [ 11%] [32mBuilding CXX object src/CMakeFiles/moveit_task_constructor_core.dir/utils.cpp.o[0m
[72.699s] [ 12%] [32mBuilding CXX object src/CMakeFiles/moveit_task_constructor_core.dir/solvers/planner_interface.cpp.o[0m
[77.406s] [ 14%] [32mBuilding CXX object src/CMakeFiles/moveit_task_constructor_core.dir/solvers/cartesian_path.cpp.o[0m
[84.194s] [ 15%] [32mBuilding CXX object src/CMakeFiles/moveit_task_constructor_core.dir/solvers/joint_interpolation.cpp.o[0m
[89.766s] [ 16%] [32mBuilding CXX object src/CMakeFiles/moveit_task_constructor_core.dir/solvers/pipeline_planner.cpp.o[0m
[101.101s] [ 17%] [32mBuilding CXX object src/CMakeFiles/moveit_task_constructor_core.dir/solvers/multi_planner.cpp.o[0m
[105.815s] [ 18%] [32m[1mLinking CXX shared library libmoveit_task_constructor_core.so[0m
[106.059s] [ 18%] Built target moveit_task_constructor_core
[106.083s] [ 20%] [32mBuilding CXX object src/stages/CMakeFiles/moveit_task_constructor_core_stages.dir/modify_planning_scene.cpp.o[0m
[112.648s] [ 21%] [32mBuilding CXX object src/stages/CMakeFiles/moveit_task_constructor_core_stages.dir/fix_collision_objects.cpp.o[0m
[122.892s] [ 22%] [32mBuilding CXX object src/stages/CMakeFiles/moveit_task_constructor_core_stages.dir/current_state.cpp.o[0m
[129.623s] [ 23%] [32mBuilding CXX object src/stages/CMakeFiles/moveit_task_constructor_core_stages.dir/fixed_state.cpp.o[0m
[135.347s] [ 24%] [32mBuilding CXX object src/stages/CMakeFiles/moveit_task_constructor_core_stages.dir/fixed_cartesian_poses.cpp.o[0m
[141.727s] [ 25%] [32mBuilding CXX object src/stages/CMakeFiles/moveit_task_constructor_core_stages.dir/generate_pose.cpp.o[0m
[147.947s] [ 27%] [32mBuilding CXX object src/stages/CMakeFiles/moveit_task_constructor_core_stages.dir/generate_random_pose.cpp.o[0m
[155.015s] [ 28%] [32mBuilding CXX object src/stages/CMakeFiles/moveit_task_constructor_core_stages.dir/generate_grasp_pose.cpp.o[0m
[162.264s] [ 29%] [32mBuilding CXX object src/stages/CMakeFiles/moveit_task_constructor_core_stages.dir/generate_place_pose.cpp.o[0m
[169.541s] [ 30%] [32mBuilding CXX object src/stages/CMakeFiles/moveit_task_constructor_core_stages.dir/compute_ik.cpp.o[0m
[177.553s] [ 31%] [32mBuilding CXX object src/stages/CMakeFiles/moveit_task_constructor_core_stages.dir/passthrough.cpp.o[0m
[179.009s] [ 32%] [32mBuilding CXX object src/stages/CMakeFiles/moveit_task_constructor_core_stages.dir/predicate_filter.cpp.o[0m
[184.567s] [ 34%] [32mBuilding CXX object src/stages/CMakeFiles/moveit_task_constructor_core_stages.dir/connect.cpp.o[0m
[191.628s] [ 35%] [32mBuilding CXX object src/stages/CMakeFiles/moveit_task_constructor_core_stages.dir/move_to.cpp.o[0m
[199.439s] [ 36%] [32mBuilding CXX object src/stages/CMakeFiles/moveit_task_constructor_core_stages.dir/move_relative.cpp.o[0m
[212.108s] [ 37%] [32mBuilding CXX object src/stages/CMakeFiles/moveit_task_constructor_core_stages.dir/simple_grasp.cpp.o[0m
[218.854s] [ 38%] [32mBuilding CXX object src/stages/CMakeFiles/moveit_task_constructor_core_stages.dir/pick.cpp.o[0m
[224.961s] [ 40%] [32m[1mLinking CXX shared library libmoveit_task_constructor_core_stages.so[0m
[225.175s] [ 40%] Built target moveit_task_constructor_core_stages
[225.198s] [ 41%] [32mBuilding CXX object src/stages/CMakeFiles/moveit_task_constructor_core_stage_plugins.dir/plugins.cpp.o[0m
[226.804s] [ 42%] [32m[1mLinking CXX shared library libmoveit_task_constructor_core_stage_plugins.so[0m
[226.944s] [ 42%] Built target moveit_task_constructor_core_stage_plugins
[226.967s] [ 43%] [32mBuilding CXX object python/bindings/CMakeFiles/pymoveit_mtc.dir/src/properties.cpp.o[0m
[231.582s] [ 44%] [32mBuilding CXX object python/bindings/CMakeFiles/pymoveit_mtc.dir/src/solvers.cpp.o[0m
[236.967s] [ 45%] [32mBuilding CXX object python/bindings/CMakeFiles/pymoveit_mtc.dir/src/core.cpp.o[0m
[249.759s] [ 47%] [32mBuilding CXX object python/bindings/CMakeFiles/pymoveit_mtc.dir/src/stages.cpp.o[0m
[261.178s] [ 48%] [32mBuilding CXX object python/bindings/CMakeFiles/pymoveit_mtc.dir/src/module.cpp.o[0m
[262.828s] [ 49%] [32m[1mLinking CXX shared module pymoveit_mtc.cpython-310-x86_64-linux-gnu.so[0m
[264.132s] lto-wrapper: warning: using serial compilation of 12 LTRANS jobs
[272.021s] [ 49%] Built target pymoveit_mtc
[272.045s] [ 50%] [32mBuilding CXX object test/CMakeFiles/gtest_utils.dir/gtest_value_printers.cpp.o[0m
[275.330s] [ 51%] [32mBuilding CXX object test/CMakeFiles/gtest_utils.dir/models.cpp.o[0m
[279.175s] [ 52%] [32mBuilding CXX object test/CMakeFiles/gtest_utils.dir/stage_mockups.cpp.o[0m
[285.947s] [ 54%] [32m[1mLinking CXX shared library libgtest_utils.so[0m
[286.120s] [ 54%] Built target gtest_utils
[286.141s] [ 55%] [32mBuilding CXX object gtest/CMakeFiles/gtest_main.dir/src/gtest_main.cc.o[0m
[286.777s] [ 56%] [32m[1mLinking CXX static library libgtest_main.a[0m
[286.811s] [ 56%] Built target gtest_main
[286.832s] [ 57%] [32mBuilding CXX object gmock/CMakeFiles/gmock.dir/opt/ros/humble/src/gtest_vendor/src/gtest-all.cc.o[0m
[291.727s] [ 58%] [32mBuilding CXX object gmock/CMakeFiles/gmock.dir/src/gmock-all.cc.o[0m
[293.749s] [ 60%] [32m[1mLinking CXX static library libgmock.a[0m
[293.792s] [ 60%] Built target gmock
[293.814s] [ 61%] [32mBuilding CXX object gmock/CMakeFiles/gmock_main.dir/src/gmock_main.cc.o[0m
[294.642s] [ 62%] [32m[1mLinking CXX static library libgmock_main.a[0m
[294.676s] [ 62%] Built target gmock_main
[294.700s] [ 63%] [32mBuilding CXX object test/CMakeFiles/moveit_task_constructor_core-test-mockups.dir/test_mockups.cpp.o[0m
[302.636s] [ 64%] [32m[1mLinking CXX executable moveit_task_constructor_core-test-mockups[0m
[302.909s] [ 64%] Built target moveit_task_constructor_core-test-mockups
[302.931s] [ 65%] [32mBuilding CXX object gtest/CMakeFiles/gtest.dir/src/gtest-all.cc.o[0m
[307.841s] [ 67%] [32m[1mLinking CXX static library libgtest.a[0m
[307.882s] [ 67%] Built target gtest
[307.905s] [ 68%] [32mBuilding CXX object test/CMakeFiles/moveit_task_constructor_core-test-stage.dir/test_stage.cpp.o[0m
[315.023s] [ 69%] [32m[1mLinking CXX executable moveit_task_constructor_core-test-stage[0m
[315.304s] [ 69%] Built target moveit_task_constructor_core-test-stage
[315.327s] [ 70%] [32mBuilding CXX object test/CMakeFiles/moveit_task_constructor_core-test-container.dir/test_container.cpp.o[0m
[324.154s] [ 71%] [32m[1mLinking CXX executable moveit_task_constructor_core-test-container[0m
[324.446s] [ 71%] Built target moveit_task_constructor_core-test-container
[324.469s] [ 72%] [32mBuilding CXX object test/CMakeFiles/moveit_task_constructor_core-test-serial.dir/test_serial.cpp.o[0m
[331.855s] [ 74%] [32m[1mLinking CXX executable moveit_task_constructor_core-test-serial[0m
[332.120s] [ 74%] Built target moveit_task_constructor_core-test-serial
[332.143s] [ 75%] [32mBuilding CXX object test/CMakeFiles/moveit_task_constructor_core-test-pruning.dir/test_pruning.cpp.o[0m
[339.487s] [ 76%] [32m[1mLinking CXX executable moveit_task_constructor_core-test-pruning[0m
[339.752s] [ 76%] Built target moveit_task_constructor_core-test-pruning
[339.775s] [ 77%] [32mBuilding CXX object test/CMakeFiles/moveit_task_constructor_core-test-properties.dir/test_properties.cpp.o[0m
[341.690s] [ 78%] [32m[1mLinking CXX executable moveit_task_constructor_core-test-properties[0m
[341.923s] [ 78%] Built target moveit_task_constructor_core-test-properties
[341.946s] [ 80%] [32mBuilding CXX object test/CMakeFiles/moveit_task_constructor_core-test-cost-terms.dir/test_cost_terms.cpp.o[0m
[350.209s] [ 81%] [32m[1mLinking CXX executable moveit_task_constructor_core-test-cost-terms[0m
[350.513s] [ 81%] Built target moveit_task_constructor_core-test-cost-terms
[350.537s] [ 82%] [32mBuilding CXX object test/CMakeFiles/moveit_task_constructor_core-test-fallback.dir/test_fallback.cpp.o[0m
[358.880s] [ 83%] [32m[1mLinking CXX executable moveit_task_constructor_core-test-fallback[0m
[359.175s] [ 83%] Built target moveit_task_constructor_core-test-fallback
[359.198s] [ 84%] [32mBuilding CXX object test/CMakeFiles/moveit_task_constructor_core-test-cost-queue.dir/test_cost_queue.cpp.o[0m
[362.469s] [ 85%] [32m[1mLinking CXX executable moveit_task_constructor_core-test-cost-queue[0m
[362.709s] [ 85%] Built target moveit_task_constructor_core-test-cost-queue
[362.732s] [ 87%] [32mBuilding CXX object test/CMakeFiles/moveit_task_constructor_core-test-interface-state.dir/test_interface_state.cpp.o[0m
[369.308s] [ 88%] [32m[1mLinking CXX executable moveit_task_constructor_core-test-interface-state[0m
[369.591s] [ 88%] Built target moveit_task_constructor_core-test-interface-state
[369.614s] [ 89%] [32mBuilding CXX object test/CMakeFiles/moveit_task_constructor_core-test-move-to.dir/test_move_to.cpp.o[0m
[377.877s] [ 90%] [32m[1mLinking CXX executable moveit_task_constructor_core-test-move-to[0m
[378.175s] [ 90%] Built target moveit_task_constructor_core-test-move-to
[378.199s] [ 91%] [32mBuilding CXX object test/CMakeFiles/moveit_task_constructor_core-test-move-relative.dir/test_move_relative.cpp.o[0m
[385.554s] [ 92%] [32m[1mLinking CXX executable moveit_task_constructor_core-test-move-relative[0m
[385.819s] [ 92%] Built target moveit_task_constructor_core-test-move-relative
[385.842s] [ 94%] [32mBuilding CXX object test/CMakeFiles/pick_ur5.dir/pick_ur5.cpp.o[0m
[392.576s] [ 95%] [32m[1mLinking CXX executable pick_ur5[0m
[392.835s] [ 95%] Built target pick_ur5
[392.858s] [ 96%] [32mBuilding CXX object test/CMakeFiles/pick_pr2.dir/pick_pr2.cpp.o[0m
[399.526s] [ 97%] [32m[1mLinking CXX executable pick_pr2[0m
[399.781s] [ 97%] Built target pick_pr2
[399.804s] [ 98%] [32mBuilding CXX object test/CMakeFiles/pick_pa10.dir/pick_pa10.cpp.o[0m
[407.406s] [100%] [32m[1mLinking CXX executable pick_pa10[0m
[407.677s] [100%] Built target pick_pa10
[407.690s] Invoked command in '/home/jone/ws_moveit/build/moveit_task_constructor_core' returned '0': AMENT_PREFIX_PATH=/home/jone/ws_moveit/install/moveit_planners:/home/jone/ws_moveit/install/pilz_industrial_motion_planner:/home/jone/ws_moveit/install/moveit_resources_prbt_pg70_support:/home/jone/ws_moveit/install/moveit_ros_planning_interface:/home/jone/ws_moveit/install/moveit_resources_prbt_moveit_config:/home/jone/ws_moveit/install/moveit_ros_move_group:/home/jone/ws_moveit/install/moveit_ros_warehouse:/home/jone/ws_moveit/install/moveit_planners_ompl:/home/jone/ws_moveit/install/moveit_kinematics:/home/jone/ws_moveit/install/moveit_ros_planning:/home/jone/ws_moveit/install/moveit_planners_chomp:/home/jone/ws_moveit/install/pilz_industrial_motion_planner_testutils:/home/jone/ws_moveit/install/moveit_simple_controller_manager:/home/jone/ws_moveit/install/moveit_ros_occupancy_map_monitor:/home/jone/ws_moveit/install/moveit_resources_prbt_ikfast_manipulator_plugin:/home/jone/ws_moveit/install/chomp_motion_planner:/home/jone/ws_moveit/install/moveit_core:/home/jone/ws_moveit/install/rviz_marker_tools:/home/jone/ws_moveit/install/moveit_resources_panda_moveit_config:/home/jone/ws_moveit/install/moveit_resources_fanuc_moveit_config:/home/jone/ws_moveit/install/moveit_configs_utils:/home/jone/ws_moveit/install/srdfdom:/home/jone/ws_moveit/install/moveit_task_constructor_msgs:/home/jone/ws_moveit/install/moveit_resources_prbt_support:/home/jone/ws_moveit/install/moveit_resources_pr2_description:/home/jone/ws_moveit/install/moveit_resources_panda_description:/home/jone/ws_moveit/install/moveit_resources_fanuc_description:/home/jone/ws_moveit/install/moveit_common:/home/jone/ws_moveit/install/launch_param_builder:${AMENT_PREFIX_PATH} CMAKE_PREFIX_PATH=/home/jone/ws_moveit/install/moveit_planners:/home/jone/ws_moveit/install/pilz_industrial_motion_planner:/home/jone/ws_moveit/install/moveit_resources_prbt_pg70_support:/home/jone/ws_moveit/install/moveit_ros_planning_interface:/home/jone/ws_moveit/install/moveit_resources_prbt_moveit_config:/home/jone/ws_moveit/install/moveit_ros_move_group:/home/jone/ws_moveit/install/moveit_ros_warehouse:/home/jone/ws_moveit/install/moveit_planners_ompl:/home/jone/ws_moveit/install/moveit_kinematics:/home/jone/ws_moveit/install/moveit_ros_planning:/home/jone/ws_moveit/install/moveit_planners_chomp:/home/jone/ws_moveit/install/pilz_industrial_motion_planner_testutils:/home/jone/ws_moveit/install/moveit_simple_controller_manager:/home/jone/ws_moveit/install/moveit_ros_occupancy_map_monitor:/home/jone/ws_moveit/install/moveit_resources_prbt_ikfast_manipulator_plugin:/home/jone/ws_moveit/install/chomp_motion_planner:/home/jone/ws_moveit/install/moveit_core:/home/jone/ws_moveit/install/rviz_marker_tools:/home/jone/ws_moveit/install/moveit_resources_panda_moveit_config:/home/jone/ws_moveit/install/moveit_resources_fanuc_moveit_config:/home/jone/ws_moveit/install/srdfdom:/home/jone/ws_moveit/install/moveit_task_constructor_msgs:/home/jone/ws_moveit/install/moveit_resources_prbt_support:/home/jone/ws_moveit/install/moveit_resources_pr2_description:/home/jone/ws_moveit/install/moveit_resources_panda_description:/home/jone/ws_moveit/install/moveit_resources_fanuc_description:/home/jone/ws_moveit/install/moveit_common:/opt/ros/humble LD_LIBRARY_PATH=/home/jone/ws_moveit/install/pilz_industrial_motion_planner/lib:/home/jone/ws_moveit/install/moveit_ros_planning_interface/lib:/home/jone/ws_moveit/install/moveit_ros_move_group/lib:/home/jone/ws_moveit/install/moveit_ros_warehouse/lib:/home/jone/ws_moveit/install/moveit_planners_ompl/lib:/home/jone/ws_moveit/install/moveit_kinematics/lib:/home/jone/ws_moveit/install/moveit_ros_planning/lib:/home/jone/ws_moveit/install/moveit_planners_chomp/lib:/home/jone/ws_moveit/install/pilz_industrial_motion_planner_testutils/lib:/home/jone/ws_moveit/install/moveit_simple_controller_manager/lib:/home/jone/ws_moveit/install/moveit_ros_occupancy_map_monitor/lib:/home/jone/ws_moveit/install/moveit_resources_prbt_ikfast_manipulator_plugin/lib:/home/jone/ws_moveit/install/chomp_motion_planner/lib:/home/jone/ws_moveit/install/moveit_core/lib:/home/jone/ws_moveit/install/rviz_marker_tools/lib:/home/jone/ws_moveit/install/srdfdom/lib:/home/jone/ws_moveit/install/moveit_task_constructor_msgs/lib:/opt/ros/humble/opt/rviz_ogre_vendor/lib:/opt/ros/humble/lib/x86_64-linux-gnu:/opt/ros/humble/lib:/usr/lib/x86_64-linux-gnu/gazebo-11/plugins:/usr/lib/x86_64-linux-gnu/gazebo-11/plugins:/usr/lib/x86_64-linux-gnu/gazebo-11/plugins PATH=/home/jone/ws_moveit/install/moveit_core/bin:${PATH} PYTHONPATH=/home/jone/ws_moveit/install/moveit_configs_utils/lib/python3.10/site-packages:/home/jone/ws_moveit/install/srdfdom/local/lib/python3.10/dist-packages:/home/jone/ws_moveit/install/moveit_task_constructor_msgs/local/lib/python3.10/dist-packages:/home/jone/ws_moveit/install/launch_param_builder/lib/python3.10/site-packages:${PYTHONPATH} /usr/bin/cmake --build /home/jone/ws_moveit/build/moveit_task_constructor_core
[407.692s] Invoking command in '/home/jone/ws_moveit/build/moveit_task_constructor_core': AMENT_PREFIX_PATH=/home/jone/ws_moveit/install/moveit_planners:/home/jone/ws_moveit/install/pilz_industrial_motion_planner:/home/jone/ws_moveit/install/moveit_resources_prbt_pg70_support:/home/jone/ws_moveit/install/moveit_ros_planning_interface:/home/jone/ws_moveit/install/moveit_resources_prbt_moveit_config:/home/jone/ws_moveit/install/moveit_ros_move_group:/home/jone/ws_moveit/install/moveit_ros_warehouse:/home/jone/ws_moveit/install/moveit_planners_ompl:/home/jone/ws_moveit/install/moveit_kinematics:/home/jone/ws_moveit/install/moveit_ros_planning:/home/jone/ws_moveit/install/moveit_planners_chomp:/home/jone/ws_moveit/install/pilz_industrial_motion_planner_testutils:/home/jone/ws_moveit/install/moveit_simple_controller_manager:/home/jone/ws_moveit/install/moveit_ros_occupancy_map_monitor:/home/jone/ws_moveit/install/moveit_resources_prbt_ikfast_manipulator_plugin:/home/jone/ws_moveit/install/chomp_motion_planner:/home/jone/ws_moveit/install/moveit_core:/home/jone/ws_moveit/install/rviz_marker_tools:/home/jone/ws_moveit/install/moveit_resources_panda_moveit_config:/home/jone/ws_moveit/install/moveit_resources_fanuc_moveit_config:/home/jone/ws_moveit/install/moveit_configs_utils:/home/jone/ws_moveit/install/srdfdom:/home/jone/ws_moveit/install/moveit_task_constructor_msgs:/home/jone/ws_moveit/install/moveit_resources_prbt_support:/home/jone/ws_moveit/install/moveit_resources_pr2_description:/home/jone/ws_moveit/install/moveit_resources_panda_description:/home/jone/ws_moveit/install/moveit_resources_fanuc_description:/home/jone/ws_moveit/install/moveit_common:/home/jone/ws_moveit/install/launch_param_builder:${AMENT_PREFIX_PATH} CMAKE_PREFIX_PATH=/home/jone/ws_moveit/install/moveit_planners:/home/jone/ws_moveit/install/pilz_industrial_motion_planner:/home/jone/ws_moveit/install/moveit_resources_prbt_pg70_support:/home/jone/ws_moveit/install/moveit_ros_planning_interface:/home/jone/ws_moveit/install/moveit_resources_prbt_moveit_config:/home/jone/ws_moveit/install/moveit_ros_move_group:/home/jone/ws_moveit/install/moveit_ros_warehouse:/home/jone/ws_moveit/install/moveit_planners_ompl:/home/jone/ws_moveit/install/moveit_kinematics:/home/jone/ws_moveit/install/moveit_ros_planning:/home/jone/ws_moveit/install/moveit_planners_chomp:/home/jone/ws_moveit/install/pilz_industrial_motion_planner_testutils:/home/jone/ws_moveit/install/moveit_simple_controller_manager:/home/jone/ws_moveit/install/moveit_ros_occupancy_map_monitor:/home/jone/ws_moveit/install/moveit_resources_prbt_ikfast_manipulator_plugin:/home/jone/ws_moveit/install/chomp_motion_planner:/home/jone/ws_moveit/install/moveit_core:/home/jone/ws_moveit/install/rviz_marker_tools:/home/jone/ws_moveit/install/moveit_resources_panda_moveit_config:/home/jone/ws_moveit/install/moveit_resources_fanuc_moveit_config:/home/jone/ws_moveit/install/srdfdom:/home/jone/ws_moveit/install/moveit_task_constructor_msgs:/home/jone/ws_moveit/install/moveit_resources_prbt_support:/home/jone/ws_moveit/install/moveit_resources_pr2_description:/home/jone/ws_moveit/install/moveit_resources_panda_description:/home/jone/ws_moveit/install/moveit_resources_fanuc_description:/home/jone/ws_moveit/install/moveit_common:/opt/ros/humble LD_LIBRARY_PATH=/home/jone/ws_moveit/install/pilz_industrial_motion_planner/lib:/home/jone/ws_moveit/install/moveit_ros_planning_interface/lib:/home/jone/ws_moveit/install/moveit_ros_move_group/lib:/home/jone/ws_moveit/install/moveit_ros_warehouse/lib:/home/jone/ws_moveit/install/moveit_planners_ompl/lib:/home/jone/ws_moveit/install/moveit_kinematics/lib:/home/jone/ws_moveit/install/moveit_ros_planning/lib:/home/jone/ws_moveit/install/moveit_planners_chomp/lib:/home/jone/ws_moveit/install/pilz_industrial_motion_planner_testutils/lib:/home/jone/ws_moveit/install/moveit_simple_controller_manager/lib:/home/jone/ws_moveit/install/moveit_ros_occupancy_map_monitor/lib:/home/jone/ws_moveit/install/moveit_resources_prbt_ikfast_manipulator_plugin/lib:/home/jone/ws_moveit/install/chomp_motion_planner/lib:/home/jone/ws_moveit/install/moveit_core/lib:/home/jone/ws_moveit/install/rviz_marker_tools/lib:/home/jone/ws_moveit/install/srdfdom/lib:/home/jone/ws_moveit/install/moveit_task_constructor_msgs/lib:/opt/ros/humble/opt/rviz_ogre_vendor/lib:/opt/ros/humble/lib/x86_64-linux-gnu:/opt/ros/humble/lib:/usr/lib/x86_64-linux-gnu/gazebo-11/plugins:/usr/lib/x86_64-linux-gnu/gazebo-11/plugins:/usr/lib/x86_64-linux-gnu/gazebo-11/plugins PATH=/home/jone/ws_moveit/install/moveit_core/bin:${PATH} PYTHONPATH=/home/jone/ws_moveit/install/moveit_configs_utils/lib/python3.10/site-packages:/home/jone/ws_moveit/install/srdfdom/local/lib/python3.10/dist-packages:/home/jone/ws_moveit/install/moveit_task_constructor_msgs/local/lib/python3.10/dist-packages:/home/jone/ws_moveit/install/launch_param_builder/lib/python3.10/site-packages:${PYTHONPATH} /usr/bin/cmake --install /home/jone/ws_moveit/build/moveit_task_constructor_core
[407.700s] -- Install configuration: "Release"
[407.700s] -- Installing: /home/jone/ws_moveit/install/moveit_task_constructor_core/lib/libmoveit_task_constructor_core_stages.so
[407.701s] -- Set runtime path of "/home/jone/ws_moveit/install/moveit_task_constructor_core/lib/libmoveit_task_constructor_core_stages.so" to ""
[407.702s] -- Installing: /home/jone/ws_moveit/install/moveit_task_constructor_core/lib/libmoveit_task_constructor_core_stage_plugins.so
[407.702s] -- Set runtime path of "/home/jone/ws_moveit/install/moveit_task_constructor_core/lib/libmoveit_task_constructor_core_stage_plugins.so" to ""
[407.702s] -- Installing: /home/jone/ws_moveit/install/moveit_task_constructor_core/lib/libmoveit_task_constructor_core.so
[407.704s] -- Set runtime path of "/home/jone/ws_moveit/install/moveit_task_constructor_core/lib/libmoveit_task_constructor_core.so" to ""
[407.704s] -- Installing: /home/jone/ws_moveit/install/moveit_task_constructor_core/share/moveit_task_constructor_core/environment/pythonpath.sh
[407.704s] -- Installing: /home/jone/ws_moveit/install/moveit_task_constructor_core/share/moveit_task_constructor_core/environment/pythonpath.dsv
[407.704s] -- Installing: /home/jone/ws_moveit/install/moveit_task_constructor_core/local/lib/python3.10/dist-packages/moveit-0.1.3-py3.10.egg-info
[407.704s] -- Installing: /home/jone/ws_moveit/install/moveit_task_constructor_core/local/lib/python3.10/dist-packages/moveit-0.1.3-py3.10.egg-info/SOURCES.txt
[407.705s] -- Installing: /home/jone/ws_moveit/install/moveit_task_constructor_core/local/lib/python3.10/dist-packages/moveit-0.1.3-py3.10.egg-info/top_level.txt
[407.705s] -- Installing: /home/jone/ws_moveit/install/moveit_task_constructor_core/local/lib/python3.10/dist-packages/moveit-0.1.3-py3.10.egg-info/dependency_links.txt
[407.705s] -- Installing: /home/jone/ws_moveit/install/moveit_task_constructor_core/local/lib/python3.10/dist-packages/moveit-0.1.3-py3.10.egg-info/PKG-INFO
[407.705s] -- Installing: /home/jone/ws_moveit/install/moveit_task_constructor_core/local/lib/python3.10/dist-packages/moveit
[407.705s] -- Installing: /home/jone/ws_moveit/install/moveit_task_constructor_core/local/lib/python3.10/dist-packages/moveit/task_constructor
[407.705s] -- Installing: /home/jone/ws_moveit/install/moveit_task_constructor_core/local/lib/python3.10/dist-packages/moveit/task_constructor/core.py
[407.705s] -- Installing: /home/jone/ws_moveit/install/moveit_task_constructor_core/local/lib/python3.10/dist-packages/moveit/task_constructor/stages.py
[407.705s] -- Installing: /home/jone/ws_moveit/install/moveit_task_constructor_core/local/lib/python3.10/dist-packages/moveit/task_constructor/__init__.py
[407.705s] -- Installing: /home/jone/ws_moveit/install/moveit_task_constructor_core/local/lib/python3.10/dist-packages/moveit/__init__.py
[407.731s] Listing '/home/jone/ws_moveit/install/moveit_task_constructor_core/local/lib/python3.10/dist-packages/moveit'...
[407.731s] Compiling '/home/jone/ws_moveit/install/moveit_task_constructor_core/local/lib/python3.10/dist-packages/moveit/__init__.py'...
[407.732s] Listing '/home/jone/ws_moveit/install/moveit_task_constructor_core/local/lib/python3.10/dist-packages/moveit/task_constructor'...
[407.732s] Compiling '/home/jone/ws_moveit/install/moveit_task_constructor_core/local/lib/python3.10/dist-packages/moveit/task_constructor/__init__.py'...
[407.732s] Compiling '/home/jone/ws_moveit/install/moveit_task_constructor_core/local/lib/python3.10/dist-packages/moveit/task_constructor/core.py'...
[407.732s] Compiling '/home/jone/ws_moveit/install/moveit_task_constructor_core/local/lib/python3.10/dist-packages/moveit/task_constructor/stages.py'...
[407.734s] -- Installing: /home/jone/ws_moveit/install/moveit_task_constructor_core/include/moveit/python/pybind11
[407.734s] -- Installing: /home/jone/ws_moveit/install/moveit_task_constructor_core/include/moveit/python/pybind11/typing.h
[407.735s] -- Installing: /home/jone/ws_moveit/install/moveit_task_constructor_core/include/moveit/python/pybind11/iostream.h
[407.735s] -- Installing: /home/jone/ws_moveit/install/moveit_task_constructor_core/include/moveit/python/pybind11/chrono.h
[407.735s] -- Installing: /home/jone/ws_moveit/install/moveit_task_constructor_core/include/moveit/python/pybind11/eigen
[407.735s] -- Installing: /home/jone/ws_moveit/install/moveit_task_constructor_core/include/moveit/python/pybind11/eigen/tensor.h
[407.736s] -- Installing: /home/jone/ws_moveit/install/moveit_task_constructor_core/include/moveit/python/pybind11/eigen/matrix.h
[407.736s] -- Installing: /home/jone/ws_moveit/install/moveit_task_constructor_core/include/moveit/python/pybind11/eigen/common.h
[407.736s] -- Installing: /home/jone/ws_moveit/install/moveit_task_constructor_core/include/moveit/python/pybind11/embed.h
[407.736s] -- Installing: /home/jone/ws_moveit/install/moveit_task_constructor_core/include/moveit/python/pybind11/options.h
[407.737s] -- Installing: /home/jone/ws_moveit/install/moveit_task_constructor_core/include/moveit/python/pybind11/numpy.h
[407.737s] -- Installing: /home/jone/ws_moveit/install/moveit_task_constructor_core/include/moveit/python/pybind11/operators.h
[407.737s] -- Installing: /home/jone/ws_moveit/install/moveit_task_constructor_core/include/moveit/python/pybind11/stl.h
[407.737s] -- Installing: /home/jone/ws_moveit/install/moveit_task_constructor_core/include/moveit/python/pybind11/buffer_info.h
[407.737s] -- Installing: /home/jone/ws_moveit/install/moveit_task_constructor_core/include/moveit/python/pybind11/gil.h
[407.738s] -- Installing: /home/jone/ws_moveit/install/moveit_task_constructor_core/include/moveit/python/pybind11/type_caster_pyobject_ptr.h
[407.738s] -- Installing: /home/jone/ws_moveit/install/moveit_task_constructor_core/include/moveit/python/pybind11/detail
[407.738s] -- Installing: /home/jone/ws_moveit/install/moveit_task_constructor_core/include/moveit/python/pybind11/detail/type_caster_base.h
[407.738s] -- Installing: /home/jone/ws_moveit/install/moveit_task_constructor_core/include/moveit/python/pybind11/detail/internals.h
[407.738s] -- Installing: /home/jone/ws_moveit/install/moveit_task_constructor_core/include/moveit/python/pybind11/detail/smart_holder_type_casters.h
[407.738s] -- Installing: /home/jone/ws_moveit/install/moveit_task_constructor_core/include/moveit/python/pybind11/detail/type_caster_odr_guard.h
[407.738s] -- Installing: /home/jone/ws_moveit/install/moveit_task_constructor_core/include/moveit/python/pybind11/detail/class.h
[407.738s] -- Installing: /home/jone/ws_moveit/install/moveit_task_constructor_core/include/moveit/python/pybind11/detail/typeid.h
[407.739s] -- Installing: /home/jone/ws_moveit/install/moveit_task_constructor_core/include/moveit/python/pybind11/detail/init.h
[407.739s] -- Installing: /home/jone/ws_moveit/install/moveit_task_constructor_core/include/moveit/python/pybind11/detail/smart_holder_sfinae_hooks_only.h
[407.739s] -- Installing: /home/jone/ws_moveit/install/moveit_task_constructor_core/include/moveit/python/pybind11/detail/smart_holder_poc.h
[407.739s] -- Installing: /home/jone/ws_moveit/install/moveit_task_constructor_core/include/moveit/python/pybind11/detail/dynamic_raw_ptr_cast_if_possible.h
[407.739s] -- Installing: /home/jone/ws_moveit/install/moveit_task_constructor_core/include/moveit/python/pybind11/detail/common.h
[407.739s] -- Installing: /home/jone/ws_moveit/install/moveit_task_constructor_core/include/moveit/python/pybind11/detail/descr.h
[407.739s] -- Installing: /home/jone/ws_moveit/install/moveit_task_constructor_core/include/moveit/python/pybind11/smart_holder.h
[407.739s] -- Installing: /home/jone/ws_moveit/install/moveit_task_constructor_core/include/moveit/python/pybind11/stl
[407.740s] -- Installing: /home/jone/ws_moveit/install/moveit_task_constructor_core/include/moveit/python/pybind11/stl/filesystem.h
[407.740s] -- Installing: /home/jone/ws_moveit/install/moveit_task_constructor_core/include/moveit/python/pybind11/trampoline_self_life_support.h
[407.740s] -- Installing: /home/jone/ws_moveit/install/moveit_task_constructor_core/include/moveit/python/pybind11/attr.h
[407.740s] -- Installing: /home/jone/ws_moveit/install/moveit_task_constructor_core/include/moveit/python/pybind11/functional.h
[407.740s] -- Installing: /home/jone/ws_moveit/install/moveit_task_constructor_core/include/moveit/python/pybind11/eval.h
[407.740s] -- Installing: /home/jone/ws_moveit/install/moveit_task_constructor_core/include/moveit/python/pybind11/stl_bind.h
[407.741s] -- Installing: /home/jone/ws_moveit/install/moveit_task_constructor_core/include/moveit/python/pybind11/pytypes.h
[407.741s] -- Installing: /home/jone/ws_moveit/install/moveit_task_constructor_core/include/moveit/python/pybind11/gil_safe_call_once.h
[407.741s] -- Installing: /home/jone/ws_moveit/install/moveit_task_constructor_core/include/moveit/python/pybind11/pybind11.h
[407.741s] -- Installing: /home/jone/ws_moveit/install/moveit_task_constructor_core/include/moveit/python/pybind11/common.h
[407.742s] -- Installing: /home/jone/ws_moveit/install/moveit_task_constructor_core/include/moveit/python/pybind11/cast.h
[407.742s] -- Installing: /home/jone/ws_moveit/install/moveit_task_constructor_core/include/moveit/python/pybind11/complex.h
[407.742s] -- Installing: /home/jone/ws_moveit/install/moveit_task_constructor_core/include/moveit/python/pybind11/eigen.h
[407.742s] -- Installing: /home/jone/ws_moveit/install/moveit_task_constructor_core/share/moveit_task_constructor_core/cmake/pybind11Config.cmake
[407.742s] -- Installing: /home/jone/ws_moveit/install/moveit_task_constructor_core/share/moveit_task_constructor_core/cmake/pybind11ConfigVersion.cmake
[407.743s] -- Installing: /home/jone/ws_moveit/install/moveit_task_constructor_core/share/moveit_task_constructor_core/cmake/FindPythonLibsNew.cmake
[407.743s] -- Installing: /home/jone/ws_moveit/install/moveit_task_constructor_core/share/moveit_task_constructor_core/cmake/pybind11Common.cmake
[407.743s] -- Installing: /home/jone/ws_moveit/install/moveit_task_constructor_core/share/moveit_task_constructor_core/cmake/pybind11Tools.cmake
[407.743s] -- Installing: /home/jone/ws_moveit/install/moveit_task_constructor_core/share/moveit_task_constructor_core/cmake/pybind11NewTools.cmake
[407.743s] -- Installing: /home/jone/ws_moveit/install/moveit_task_constructor_core/share/moveit_task_constructor_core/cmake/pybind11Targets.cmake
[407.743s] -- Installing: /home/jone/ws_moveit/install/moveit_task_constructor_core/share/pkgconfig/pybind11.pc
[407.744s] -- Installing: /home/jone/ws_moveit/install/moveit_task_constructor_core/local/lib/python3.10/dist-packages/pymoveit_mtc.cpython-310-x86_64-linux-gnu.so
[407.745s] -- Set runtime path of "/home/jone/ws_moveit/install/moveit_task_constructor_core/local/lib/python3.10/dist-packages/pymoveit_mtc.cpython-310-x86_64-linux-gnu.so" to ""
[407.745s] -- Up-to-date: /home/jone/ws_moveit/install/moveit_task_constructor_core/include
[407.745s] -- Up-to-date: /home/jone/ws_moveit/install/moveit_task_constructor_core/include/moveit
[407.745s] -- Installing: /home/jone/ws_moveit/install/moveit_task_constructor_core/include/moveit/task_constructor
[407.745s] -- Installing: /home/jone/ws_moveit/install/moveit_task_constructor_core/include/moveit/task_constructor/utils.h
[407.745s] -- Installing: /home/jone/ws_moveit/install/moveit_task_constructor_core/include/moveit/task_constructor/properties.h
[407.745s] -- Installing: /home/jone/ws_moveit/install/moveit_task_constructor_core/include/moveit/task_constructor/solvers.h
[407.746s] -- Installing: /home/jone/ws_moveit/install/moveit_task_constructor_core/include/moveit/task_constructor/trajectory_execution_info.h
[407.746s] -- Installing: /home/jone/ws_moveit/install/moveit_task_constructor_core/include/moveit/task_constructor/type_traits.h
[407.746s] -- Installing: /home/jone/ws_moveit/install/moveit_task_constructor_core/include/moveit/task_constructor/merge.h
[407.746s] -- Installing: /home/jone/ws_moveit/install/moveit_task_constructor_core/include/moveit/task_constructor/solvers
[407.746s] -- Installing: /home/jone/ws_moveit/install/moveit_task_constructor_core/include/moveit/task_constructor/solvers/multi_planner.h
[407.746s] -- Installing: /home/jone/ws_moveit/install/moveit_task_constructor_core/include/moveit/task_constructor/solvers/cartesian_path.h
[407.746s] -- Installing: /home/jone/ws_moveit/install/moveit_task_constructor_core/include/moveit/task_constructor/solvers/planner_interface.h
[407.746s] -- Installing: /home/jone/ws_moveit/install/moveit_task_constructor_core/include/moveit/task_constructor/solvers/joint_interpolation.h
[407.746s] -- Installing: /home/jone/ws_moveit/install/moveit_task_constructor_core/include/moveit/task_constructor/solvers/pipeline_planner.h
[407.747s] -- Installing: /home/jone/ws_moveit/install/moveit_task_constructor_core/include/moveit/task_constructor/storage.h
[407.747s] -- Installing: /home/jone/ws_moveit/install/moveit_task_constructor_core/include/moveit/task_constructor/stage.h
[407.747s] -- Installing: /home/jone/ws_moveit/install/moveit_task_constructor_core/include/moveit/task_constructor/introspection.h
[407.747s] -- Installing: /home/jone/ws_moveit/install/moveit_task_constructor_core/include/moveit/task_constructor/marker_tools.h
[407.747s] -- Installing: /home/jone/ws_moveit/install/moveit_task_constructor_core/include/moveit/task_constructor/task.h
[407.747s] -- Installing: /home/jone/ws_moveit/install/moveit_task_constructor_core/include/moveit/task_constructor/stages.h
[407.747s] -- Installing: /home/jone/ws_moveit/install/moveit_task_constructor_core/include/moveit/task_constructor/moveit_compat.h
[407.747s] -- Installing: /home/jone/ws_moveit/install/moveit_task_constructor_core/include/moveit/task_constructor/cost_terms.h
[407.748s] -- Installing: /home/jone/ws_moveit/install/moveit_task_constructor_core/include/moveit/task_constructor/container.h
[407.748s] -- Installing: /home/jone/ws_moveit/install/moveit_task_constructor_core/include/moveit/task_constructor/stages
[407.748s] -- Installing: /home/jone/ws_moveit/install/moveit_task_constructor_core/include/moveit/task_constructor/stages/generate_pose.h
[407.748s] -- Installing: /home/jone/ws_moveit/install/moveit_task_constructor_core/include/moveit/task_constructor/stages/noop.h
[407.748s] -- Installing: /home/jone/ws_moveit/install/moveit_task_constructor_core/include/moveit/task_constructor/stages/fix_collision_objects.h
[407.748s] -- Installing: /home/jone/ws_moveit/install/moveit_task_constructor_core/include/moveit/task_constructor/stages/move_to.h
[407.748s] -- Installing: /home/jone/ws_moveit/install/moveit_task_constructor_core/include/moveit/task_constructor/stages/predicate_filter.h
[407.748s] -- Installing: /home/jone/ws_moveit/install/moveit_task_constructor_core/include/moveit/task_constructor/stages/generate_place_pose.h
[407.748s] -- Installing: /home/jone/ws_moveit/install/moveit_task_constructor_core/include/moveit/task_constructor/stages/generate_random_pose.h
[407.748s] -- Installing: /home/jone/ws_moveit/install/moveit_task_constructor_core/include/moveit/task_constructor/stages/simple_grasp.h
[407.749s] -- Installing: /home/jone/ws_moveit/install/moveit_task_constructor_core/include/moveit/task_constructor/stages/current_state.h
[407.749s] -- Installing: /home/jone/ws_moveit/install/moveit_task_constructor_core/include/moveit/task_constructor/stages/fixed_state.h
[407.749s] -- Installing: /home/jone/ws_moveit/install/moveit_task_constructor_core/include/moveit/task_constructor/stages/passthrough.h
[407.749s] -- Installing: /home/jone/ws_moveit/install/moveit_task_constructor_core/include/moveit/task_constructor/stages/generate_grasp_pose.h
[407.749s] -- Installing: /home/jone/ws_moveit/install/moveit_task_constructor_core/include/moveit/task_constructor/stages/fixed_cartesian_poses.h
[407.749s] -- Installing: /home/jone/ws_moveit/install/moveit_task_constructor_core/include/moveit/task_constructor/stages/connect.h
[407.749s] -- Installing: /home/jone/ws_moveit/install/moveit_task_constructor_core/include/moveit/task_constructor/stages/pick.h
[407.749s] -- Installing: /home/jone/ws_moveit/install/moveit_task_constructor_core/include/moveit/task_constructor/stages/modify_planning_scene.h
[407.749s] -- Installing: /home/jone/ws_moveit/install/moveit_task_constructor_core/include/moveit/task_constructor/stages/compute_ik.h
[407.750s] -- Installing: /home/jone/ws_moveit/install/moveit_task_constructor_core/include/moveit/task_constructor/stages/move_relative.h
[407.750s] -- Installing: /home/jone/ws_moveit/install/moveit_task_constructor_core/include/moveit/task_constructor/cost_queue.h
[407.750s] -- Up-to-date: /home/jone/ws_moveit/install/moveit_task_constructor_core/include/moveit/python
[407.750s] -- Installing: /home/jone/ws_moveit/install/moveit_task_constructor_core/include/moveit/python/task_constructor
[407.750s] -- Installing: /home/jone/ws_moveit/install/moveit_task_constructor_core/include/moveit/python/task_constructor/properties.h
[407.750s] -- Installing: /home/jone/ws_moveit/install/moveit_task_constructor_core/share/moveit_task_constructor_core/motion_planning_stages_plugin_description.xml
[407.750s] -- Installing: /home/jone/ws_moveit/install/moveit_task_constructor_core/share/moveit_task_constructor_core/environment/library_path.sh
[407.751s] -- Installing: /home/jone/ws_moveit/install/moveit_task_constructor_core/share/moveit_task_constructor_core/environment/library_path.dsv
[407.751s] -- Installing: /home/jone/ws_moveit/install/moveit_task_constructor_core/share/ament_index/resource_index/package_run_dependencies/moveit_task_constructor_core
[407.751s] -- Installing: /home/jone/ws_moveit/install/moveit_task_constructor_core/share/ament_index/resource_index/parent_prefix_path/moveit_task_constructor_core
[407.751s] -- Installing: /home/jone/ws_moveit/install/moveit_task_constructor_core/share/moveit_task_constructor_core/environment/ament_prefix_path.sh
[407.751s] -- Installing: /home/jone/ws_moveit/install/moveit_task_constructor_core/share/moveit_task_constructor_core/environment/ament_prefix_path.dsv
[407.751s] -- Installing: /home/jone/ws_moveit/install/moveit_task_constructor_core/share/moveit_task_constructor_core/environment/path.sh
[407.751s] -- Installing: /home/jone/ws_moveit/install/moveit_task_constructor_core/share/moveit_task_constructor_core/environment/path.dsv
[407.751s] -- Installing: /home/jone/ws_moveit/install/moveit_task_constructor_core/share/moveit_task_constructor_core/local_setup.bash
[407.752s] -- Installing: /home/jone/ws_moveit/install/moveit_task_constructor_core/share/moveit_task_constructor_core/local_setup.sh
[407.752s] -- Installing: /home/jone/ws_moveit/install/moveit_task_constructor_core/share/moveit_task_constructor_core/local_setup.zsh
[407.752s] -- Installing: /home/jone/ws_moveit/install/moveit_task_constructor_core/share/moveit_task_constructor_core/local_setup.dsv
[407.752s] -- Installing: /home/jone/ws_moveit/install/moveit_task_constructor_core/share/moveit_task_constructor_core/package.dsv
[407.752s] -- Installing: /home/jone/ws_moveit/install/moveit_task_constructor_core/share/ament_index/resource_index/packages/moveit_task_constructor_core
[407.752s] -- Installing: /home/jone/ws_moveit/install/moveit_task_constructor_core/share/ament_index/resource_index/moveit_task_constructor_core__pluginlib__plugin/moveit_task_constructor_core
[407.752s] -- Installing: /home/jone/ws_moveit/install/moveit_task_constructor_core/share/moveit_task_constructor_core/cmake/moveit_task_constructor_coreTargetsExport.cmake
[407.753s] -- Installing: /home/jone/ws_moveit/install/moveit_task_constructor_core/share/moveit_task_constructor_core/cmake/moveit_task_constructor_coreTargetsExport-release.cmake
[407.753s] -- Installing: /home/jone/ws_moveit/install/moveit_task_constructor_core/share/moveit_task_constructor_core/cmake/ament_cmake_export_targets-extras.cmake
[407.753s] -- Installing: /home/jone/ws_moveit/install/moveit_task_constructor_core/share/moveit_task_constructor_core/cmake/ament_cmake_export_dependencies-extras.cmake
[407.753s] -- Installing: /home/jone/ws_moveit/install/moveit_task_constructor_core/share/moveit_task_constructor_core/cmake/moveit_task_constructor_coreConfig.cmake
[407.753s] -- Installing: /home/jone/ws_moveit/install/moveit_task_constructor_core/share/moveit_task_constructor_core/cmake/moveit_task_constructor_coreConfig-version.cmake
[407.753s] -- Installing: /home/jone/ws_moveit/install/moveit_task_constructor_core/share/moveit_task_constructor_core/package.xml
[407.756s] Invoked command in '/home/jone/ws_moveit/build/moveit_task_constructor_core' returned '0': AMENT_PREFIX_PATH=/home/jone/ws_moveit/install/moveit_planners:/home/jone/ws_moveit/install/pilz_industrial_motion_planner:/home/jone/ws_moveit/install/moveit_resources_prbt_pg70_support:/home/jone/ws_moveit/install/moveit_ros_planning_interface:/home/jone/ws_moveit/install/moveit_resources_prbt_moveit_config:/home/jone/ws_moveit/install/moveit_ros_move_group:/home/jone/ws_moveit/install/moveit_ros_warehouse:/home/jone/ws_moveit/install/moveit_planners_ompl:/home/jone/ws_moveit/install/moveit_kinematics:/home/jone/ws_moveit/install/moveit_ros_planning:/home/jone/ws_moveit/install/moveit_planners_chomp:/home/jone/ws_moveit/install/pilz_industrial_motion_planner_testutils:/home/jone/ws_moveit/install/moveit_simple_controller_manager:/home/jone/ws_moveit/install/moveit_ros_occupancy_map_monitor:/home/jone/ws_moveit/install/moveit_resources_prbt_ikfast_manipulator_plugin:/home/jone/ws_moveit/install/chomp_motion_planner:/home/jone/ws_moveit/install/moveit_core:/home/jone/ws_moveit/install/rviz_marker_tools:/home/jone/ws_moveit/install/moveit_resources_panda_moveit_config:/home/jone/ws_moveit/install/moveit_resources_fanuc_moveit_config:/home/jone/ws_moveit/install/moveit_configs_utils:/home/jone/ws_moveit/install/srdfdom:/home/jone/ws_moveit/install/moveit_task_constructor_msgs:/home/jone/ws_moveit/install/moveit_resources_prbt_support:/home/jone/ws_moveit/install/moveit_resources_pr2_description:/home/jone/ws_moveit/install/moveit_resources_panda_description:/home/jone/ws_moveit/install/moveit_resources_fanuc_description:/home/jone/ws_moveit/install/moveit_common:/home/jone/ws_moveit/install/launch_param_builder:${AMENT_PREFIX_PATH} CMAKE_PREFIX_PATH=/home/jone/ws_moveit/install/moveit_planners:/home/jone/ws_moveit/install/pilz_industrial_motion_planner:/home/jone/ws_moveit/install/moveit_resources_prbt_pg70_support:/home/jone/ws_moveit/install/moveit_ros_planning_interface:/home/jone/ws_moveit/install/moveit_resources_prbt_moveit_config:/home/jone/ws_moveit/install/moveit_ros_move_group:/home/jone/ws_moveit/install/moveit_ros_warehouse:/home/jone/ws_moveit/install/moveit_planners_ompl:/home/jone/ws_moveit/install/moveit_kinematics:/home/jone/ws_moveit/install/moveit_ros_planning:/home/jone/ws_moveit/install/moveit_planners_chomp:/home/jone/ws_moveit/install/pilz_industrial_motion_planner_testutils:/home/jone/ws_moveit/install/moveit_simple_controller_manager:/home/jone/ws_moveit/install/moveit_ros_occupancy_map_monitor:/home/jone/ws_moveit/install/moveit_resources_prbt_ikfast_manipulator_plugin:/home/jone/ws_moveit/install/chomp_motion_planner:/home/jone/ws_moveit/install/moveit_core:/home/jone/ws_moveit/install/rviz_marker_tools:/home/jone/ws_moveit/install/moveit_resources_panda_moveit_config:/home/jone/ws_moveit/install/moveit_resources_fanuc_moveit_config:/home/jone/ws_moveit/install/srdfdom:/home/jone/ws_moveit/install/moveit_task_constructor_msgs:/home/jone/ws_moveit/install/moveit_resources_prbt_support:/home/jone/ws_moveit/install/moveit_resources_pr2_description:/home/jone/ws_moveit/install/moveit_resources_panda_description:/home/jone/ws_moveit/install/moveit_resources_fanuc_description:/home/jone/ws_moveit/install/moveit_common:/opt/ros/humble LD_LIBRARY_PATH=/home/jone/ws_moveit/install/pilz_industrial_motion_planner/lib:/home/jone/ws_moveit/install/moveit_ros_planning_interface/lib:/home/jone/ws_moveit/install/moveit_ros_move_group/lib:/home/jone/ws_moveit/install/moveit_ros_warehouse/lib:/home/jone/ws_moveit/install/moveit_planners_ompl/lib:/home/jone/ws_moveit/install/moveit_kinematics/lib:/home/jone/ws_moveit/install/moveit_ros_planning/lib:/home/jone/ws_moveit/install/moveit_planners_chomp/lib:/home/jone/ws_moveit/install/pilz_industrial_motion_planner_testutils/lib:/home/jone/ws_moveit/install/moveit_simple_controller_manager/lib:/home/jone/ws_moveit/install/moveit_ros_occupancy_map_monitor/lib:/home/jone/ws_moveit/install/moveit_resources_prbt_ikfast_manipulator_plugin/lib:/home/jone/ws_moveit/install/chomp_motion_planner/lib:/home/jone/ws_moveit/install/moveit_core/lib:/home/jone/ws_moveit/install/rviz_marker_tools/lib:/home/jone/ws_moveit/install/srdfdom/lib:/home/jone/ws_moveit/install/moveit_task_constructor_msgs/lib:/opt/ros/humble/opt/rviz_ogre_vendor/lib:/opt/ros/humble/lib/x86_64-linux-gnu:/opt/ros/humble/lib:/usr/lib/x86_64-linux-gnu/gazebo-11/plugins:/usr/lib/x86_64-linux-gnu/gazebo-11/plugins:/usr/lib/x86_64-linux-gnu/gazebo-11/plugins PATH=/home/jone/ws_moveit/install/moveit_core/bin:${PATH} PYTHONPATH=/home/jone/ws_moveit/install/moveit_configs_utils/lib/python3.10/site-packages:/home/jone/ws_moveit/install/srdfdom/local/lib/python3.10/dist-packages:/home/jone/ws_moveit/install/moveit_task_constructor_msgs/local/lib/python3.10/dist-packages:/home/jone/ws_moveit/install/launch_param_builder/lib/python3.10/site-packages:${PYTHONPATH} /usr/bin/cmake --install /home/jone/ws_moveit/build/moveit_task_constructor_core
