[0.004s] Invoking command in '/home/jone/ws_moveit/build/srdfdom': /usr/bin/cmake --build /home/jone/ws_moveit/build/srdfdom -- -j16 -l16
[0.045s] [35m[1mConsolidate compiler generated dependencies of target gtest[0m
[0.046s] [35m[1mConsolidate compiler generated dependencies of target gtest_main[0m
[0.046s] [35m[1mConsolidate compiler generated dependencies of target srdfdom[0m
[0.057s] [ 36%] Built target gtest_main
[0.057s] [ 36%] Built target gtest
[0.062s] [ 36%] Built target ament_cmake_python_copy_srdfdom
[0.108s] [ 63%] Built target srdfdom
[0.119s] [35m[1mConsolidate compiler generated dependencies of target test_cpp_nl_NL.UTF-8[0m
[0.119s] [35m[1mConsolidate compiler generated dependencies of target test_cpp_C[0m
[0.132s] [100%] Built target test_cpp_C
[0.132s] [100%] Built target test_cpp_nl_NL.UTF-8
[0.202s] running egg_info
[0.202s] writing srdfdom.egg-info/PKG-INFO
[0.202s] writing dependency_links to srdfdom.egg-info/dependency_links.txt
[0.203s] writing top-level names to srdfdom.egg-info/top_level.txt
[0.204s] reading manifest file 'srdfdom.egg-info/SOURCES.txt'
[0.205s] writing manifest file 'srdfdom.egg-info/SOURCES.txt'
[0.225s] [100%] Built target ament_cmake_python_build_srdfdom_egg
[0.236s] Invoked command in '/home/jone/ws_moveit/build/srdfdom' returned '0': /usr/bin/cmake --build /home/jone/ws_moveit/build/srdfdom -- -j16 -l16
[0.237s] Invoking command in '/home/jone/ws_moveit/build/srdfdom': /usr/bin/cmake --install /home/jone/ws_moveit/build/srdfdom
[0.243s] -- Install configuration: "Release"
[0.244s] -- Up-to-date: /home/jone/ws_moveit/install/srdfdom/lib/libsrdfdom.so.2.0.8
[0.244s] -- Up-to-date: /home/jone/ws_moveit/install/srdfdom/lib/libsrdfdom.so
[0.244s] -- Up-to-date: /home/jone/ws_moveit/install/srdfdom/include/srdfdom
[0.244s] -- Up-to-date: /home/jone/ws_moveit/install/srdfdom/include/srdfdom/srdfdom
[0.244s] -- Up-to-date: /home/jone/ws_moveit/install/srdfdom/include/srdfdom/srdfdom/srdf_writer.h
[0.244s] -- Up-to-date: /home/jone/ws_moveit/install/srdfdom/include/srdfdom/srdfdom/model.h
[0.244s] -- Up-to-date: /home/jone/ws_moveit/install/srdfdom/include/srdfdom/srdfdom/visibility_control.h
[0.244s] -- Up-to-date: /home/jone/ws_moveit/install/srdfdom/lib/srdfdom/display_srdf
[0.245s] -- Up-to-date: /home/jone/ws_moveit/install/srdfdom/share/srdfdom/environment/pythonpath.sh
[0.245s] -- Up-to-date: /home/jone/ws_moveit/install/srdfdom/share/srdfdom/environment/pythonpath.dsv
[0.245s] -- Up-to-date: /home/jone/ws_moveit/install/srdfdom/local/lib/python3.10/dist-packages/srdfdom-2.0.8-py3.10.egg-info
[0.245s] -- Installing: /home/jone/ws_moveit/install/srdfdom/local/lib/python3.10/dist-packages/srdfdom-2.0.8-py3.10.egg-info/SOURCES.txt
[0.245s] -- Installing: /home/jone/ws_moveit/install/srdfdom/local/lib/python3.10/dist-packages/srdfdom-2.0.8-py3.10.egg-info/top_level.txt
[0.245s] -- Installing: /home/jone/ws_moveit/install/srdfdom/local/lib/python3.10/dist-packages/srdfdom-2.0.8-py3.10.egg-info/dependency_links.txt
[0.245s] -- Installing: /home/jone/ws_moveit/install/srdfdom/local/lib/python3.10/dist-packages/srdfdom-2.0.8-py3.10.egg-info/PKG-INFO
[0.245s] -- Up-to-date: /home/jone/ws_moveit/install/srdfdom/local/lib/python3.10/dist-packages/srdfdom
[0.246s] -- Up-to-date: /home/jone/ws_moveit/install/srdfdom/local/lib/python3.10/dist-packages/srdfdom/__init__.py
[0.246s] -- Up-to-date: /home/jone/ws_moveit/install/srdfdom/local/lib/python3.10/dist-packages/srdfdom/srdf.py
[0.268s] Listing '/home/jone/ws_moveit/install/srdfdom/local/lib/python3.10/dist-packages/srdfdom'...
[0.271s] -- Up-to-date: /home/jone/ws_moveit/install/srdfdom/share/srdfdom/environment/library_path.sh
[0.271s] -- Up-to-date: /home/jone/ws_moveit/install/srdfdom/share/srdfdom/environment/library_path.dsv
[0.272s] -- Up-to-date: /home/jone/ws_moveit/install/srdfdom/share/ament_index/resource_index/package_run_dependencies/srdfdom
[0.272s] -- Up-to-date: /home/jone/ws_moveit/install/srdfdom/share/ament_index/resource_index/parent_prefix_path/srdfdom
[0.272s] -- Up-to-date: /home/jone/ws_moveit/install/srdfdom/share/srdfdom/environment/ament_prefix_path.sh
[0.272s] -- Up-to-date: /home/jone/ws_moveit/install/srdfdom/share/srdfdom/environment/ament_prefix_path.dsv
[0.272s] -- Up-to-date: /home/jone/ws_moveit/install/srdfdom/share/srdfdom/environment/path.sh
[0.272s] -- Up-to-date: /home/jone/ws_moveit/install/srdfdom/share/srdfdom/environment/path.dsv
[0.272s] -- Up-to-date: /home/jone/ws_moveit/install/srdfdom/share/srdfdom/local_setup.bash
[0.272s] -- Up-to-date: /home/jone/ws_moveit/install/srdfdom/share/srdfdom/local_setup.sh
[0.272s] -- Up-to-date: /home/jone/ws_moveit/install/srdfdom/share/srdfdom/local_setup.zsh
[0.272s] -- Up-to-date: /home/jone/ws_moveit/install/srdfdom/share/srdfdom/local_setup.dsv
[0.272s] -- Installing: /home/jone/ws_moveit/install/srdfdom/share/srdfdom/package.dsv
[0.273s] -- Up-to-date: /home/jone/ws_moveit/install/srdfdom/share/ament_index/resource_index/packages/srdfdom
[0.273s] -- Up-to-date: /home/jone/ws_moveit/install/srdfdom/share/srdfdom/cmake/srdfdomTargetsExport.cmake
[0.273s] -- Up-to-date: /home/jone/ws_moveit/install/srdfdom/share/srdfdom/cmake/srdfdomTargetsExport-release.cmake
[0.273s] -- Up-to-date: /home/jone/ws_moveit/install/srdfdom/share/srdfdom/cmake/ament_cmake_export_targets-extras.cmake
[0.273s] -- Up-to-date: /home/jone/ws_moveit/install/srdfdom/share/srdfdom/cmake/ament_cmake_export_dependencies-extras.cmake
[0.273s] -- Up-to-date: /home/jone/ws_moveit/install/srdfdom/share/srdfdom/cmake/srdfdomConfig.cmake
[0.273s] -- Up-to-date: /home/jone/ws_moveit/install/srdfdom/share/srdfdom/cmake/srdfdomConfig-version.cmake
[0.273s] -- Up-to-date: /home/jone/ws_moveit/install/srdfdom/share/srdfdom/package.xml
[0.275s] Invoked command in '/home/jone/ws_moveit/build/srdfdom' returned '0': /usr/bin/cmake --install /home/jone/ws_moveit/build/srdfdom
