[0.007s] Invoking command in '/home/jone/ws_moveit/build/moveit_resources_panda_moveit_config': AMENT_PREFIX_PATH=/home/jone/ws_moveit/install/moveit_resources_panda_description:${AMENT_PREFIX_PATH} CMAKE_PREFIX_PATH=/home/jone/ws_moveit/install/moveit_resources_panda_description:/opt/ros/humble /usr/bin/cmake /home/jone/ws_moveit/src/moveit_resources/panda_moveit_config -DCMAKE_BUILD_PARALLEL_LEVEL=1 -DCMAKE_INSTALL_PREFIX=/home/jone/ws_moveit/install/moveit_resources_panda_moveit_config
[0.018s] -- Found ament_cmake: 1.3.12 (/opt/ros/humble/share/ament_cmake/cmake)
[0.157s] -- Configuring done
[0.160s] -- Generating done
[0.161s] [33mCMake Warning:
[0.161s]   Manually-specified variables were not used by the project:
[0.161s] 
[0.161s]     CMAKE_BUILD_PARALLEL_LEVEL
[0.161s] 
[0.161s] [0m
[0.162s] -- Build files have been written to: /home/jone/ws_moveit/build/moveit_resources_panda_moveit_config
[0.164s] Invoked command in '/home/jone/ws_moveit/build/moveit_resources_panda_moveit_config' returned '0': AMENT_PREFIX_PATH=/home/jone/ws_moveit/install/moveit_resources_panda_description:${AMENT_PREFIX_PATH} CMAKE_PREFIX_PATH=/home/jone/ws_moveit/install/moveit_resources_panda_description:/opt/ros/humble /usr/bin/cmake /home/jone/ws_moveit/src/moveit_resources/panda_moveit_config -DCMAKE_BUILD_PARALLEL_LEVEL=1 -DCMAKE_INSTALL_PREFIX=/home/jone/ws_moveit/install/moveit_resources_panda_moveit_config
[0.166s] Invoking command in '/home/jone/ws_moveit/build/moveit_resources_panda_moveit_config': AMENT_PREFIX_PATH=/home/jone/ws_moveit/install/moveit_resources_panda_description:${AMENT_PREFIX_PATH} CMAKE_PREFIX_PATH=/home/jone/ws_moveit/install/moveit_resources_panda_description:/opt/ros/humble /usr/bin/cmake --build /home/jone/ws_moveit/build/moveit_resources_panda_moveit_config -- -j16 -l16
[0.198s] Invoked command in '/home/jone/ws_moveit/build/moveit_resources_panda_moveit_config' returned '0': AMENT_PREFIX_PATH=/home/jone/ws_moveit/install/moveit_resources_panda_description:${AMENT_PREFIX_PATH} CMAKE_PREFIX_PATH=/home/jone/ws_moveit/install/moveit_resources_panda_description:/opt/ros/humble /usr/bin/cmake --build /home/jone/ws_moveit/build/moveit_resources_panda_moveit_config -- -j16 -l16
[0.199s] Invoking command in '/home/jone/ws_moveit/build/moveit_resources_panda_moveit_config': AMENT_PREFIX_PATH=/home/jone/ws_moveit/install/moveit_resources_panda_description:${AMENT_PREFIX_PATH} CMAKE_PREFIX_PATH=/home/jone/ws_moveit/install/moveit_resources_panda_description:/opt/ros/humble /usr/bin/cmake --install /home/jone/ws_moveit/build/moveit_resources_panda_moveit_config
[0.206s] -- Install configuration: "Release"
[0.206s] -- Up-to-date: /home/jone/ws_moveit/install/moveit_resources_panda_moveit_config/share/ament_index/resource_index/package_run_dependencies/moveit_resources_panda_moveit_config
[0.206s] -- Up-to-date: /home/jone/ws_moveit/install/moveit_resources_panda_moveit_config/share/ament_index/resource_index/parent_prefix_path/moveit_resources_panda_moveit_config
[0.206s] -- Up-to-date: /home/jone/ws_moveit/install/moveit_resources_panda_moveit_config/share/moveit_resources_panda_moveit_config/environment/ament_prefix_path.sh
[0.206s] -- Installing: /home/jone/ws_moveit/install/moveit_resources_panda_moveit_config/share/moveit_resources_panda_moveit_config/environment/ament_prefix_path.dsv
[0.207s] -- Up-to-date: /home/jone/ws_moveit/install/moveit_resources_panda_moveit_config/share/moveit_resources_panda_moveit_config/environment/path.sh
[0.207s] -- Installing: /home/jone/ws_moveit/install/moveit_resources_panda_moveit_config/share/moveit_resources_panda_moveit_config/environment/path.dsv
[0.207s] -- Up-to-date: /home/jone/ws_moveit/install/moveit_resources_panda_moveit_config/share/moveit_resources_panda_moveit_config/local_setup.bash
[0.207s] -- Up-to-date: /home/jone/ws_moveit/install/moveit_resources_panda_moveit_config/share/moveit_resources_panda_moveit_config/local_setup.sh
[0.207s] -- Up-to-date: /home/jone/ws_moveit/install/moveit_resources_panda_moveit_config/share/moveit_resources_panda_moveit_config/local_setup.zsh
[0.207s] -- Installing: /home/jone/ws_moveit/install/moveit_resources_panda_moveit_config/share/moveit_resources_panda_moveit_config/local_setup.dsv
[0.207s] -- Installing: /home/jone/ws_moveit/install/moveit_resources_panda_moveit_config/share/moveit_resources_panda_moveit_config/package.dsv
[0.207s] -- Up-to-date: /home/jone/ws_moveit/install/moveit_resources_panda_moveit_config/share/ament_index/resource_index/packages/moveit_resources_panda_moveit_config
[0.208s] -- Up-to-date: /home/jone/ws_moveit/install/moveit_resources_panda_moveit_config/share/moveit_resources_panda_moveit_config/cmake/moveit_resources_panda_moveit_configConfig.cmake
[0.208s] -- Up-to-date: /home/jone/ws_moveit/install/moveit_resources_panda_moveit_config/share/moveit_resources_panda_moveit_config/cmake/moveit_resources_panda_moveit_configConfig-version.cmake
[0.208s] -- Up-to-date: /home/jone/ws_moveit/install/moveit_resources_panda_moveit_config/share/moveit_resources_panda_moveit_config/package.xml
[0.208s] -- Up-to-date: /home/jone/ws_moveit/install/moveit_resources_panda_moveit_config/share/moveit_resources_panda_moveit_config/launch
[0.208s] -- Up-to-date: /home/jone/ws_moveit/install/moveit_resources_panda_moveit_config/share/moveit_resources_panda_moveit_config/launch/demo.launch.py
[0.208s] -- Up-to-date: /home/jone/ws_moveit/install/moveit_resources_panda_moveit_config/share/moveit_resources_panda_moveit_config/launch/moveit.rviz
[0.208s] -- Up-to-date: /home/jone/ws_moveit/install/moveit_resources_panda_moveit_config/share/moveit_resources_panda_moveit_config/launch/moveit_empty.rviz
[0.208s] -- Up-to-date: /home/jone/ws_moveit/install/moveit_resources_panda_moveit_config/share/moveit_resources_panda_moveit_config/launch/moveit_rviz.launch.py
[0.208s] -- Up-to-date: /home/jone/ws_moveit/install/moveit_resources_panda_moveit_config/share/moveit_resources_panda_moveit_config/config
[0.208s] -- Up-to-date: /home/jone/ws_moveit/install/moveit_resources_panda_moveit_config/share/moveit_resources_panda_moveit_config/config/lerp_planning.yaml
[0.208s] -- Up-to-date: /home/jone/ws_moveit/install/moveit_resources_panda_moveit_config/share/moveit_resources_panda_moveit_config/config/chomp_planning.yaml
[0.209s] -- Up-to-date: /home/jone/ws_moveit/install/moveit_resources_panda_moveit_config/share/moveit_resources_panda_moveit_config/config/panda_arm_hand.srdf.xacro
[0.209s] -- Up-to-date: /home/jone/ws_moveit/install/moveit_resources_panda_moveit_config/share/moveit_resources_panda_moveit_config/config/panda.ros2_control.xacro
[0.209s] -- Up-to-date: /home/jone/ws_moveit/install/moveit_resources_panda_moveit_config/share/moveit_resources_panda_moveit_config/config/panda_hand.ros2_control.xacro
[0.209s] -- Up-to-date: /home/jone/ws_moveit/install/moveit_resources_panda_moveit_config/share/moveit_resources_panda_moveit_config/config/hand.xacro
[0.209s] -- Up-to-date: /home/jone/ws_moveit/install/moveit_resources_panda_moveit_config/share/moveit_resources_panda_moveit_config/config/initial_positions.yaml
[0.209s] -- Up-to-date: /home/jone/ws_moveit/install/moveit_resources_panda_moveit_config/share/moveit_resources_panda_moveit_config/config/panda.urdf.xacro
[0.209s] -- Up-to-date: /home/jone/ws_moveit/install/moveit_resources_panda_moveit_config/share/moveit_resources_panda_moveit_config/config/kinematics.yaml
[0.209s] -- Up-to-date: /home/jone/ws_moveit/install/moveit_resources_panda_moveit_config/share/moveit_resources_panda_moveit_config/config/sensors_kinect_depthmap.yaml
[0.209s] -- Up-to-date: /home/jone/ws_moveit/install/moveit_resources_panda_moveit_config/share/moveit_resources_panda_moveit_config/config/panda_arm.srdf.xacro
[0.209s] -- Up-to-date: /home/jone/ws_moveit/install/moveit_resources_panda_moveit_config/share/moveit_resources_panda_moveit_config/config/ompl_planning.yaml
[0.209s] -- Up-to-date: /home/jone/ws_moveit/install/moveit_resources_panda_moveit_config/share/moveit_resources_panda_moveit_config/config/sensors_kinect_pointcloud.yaml
[0.209s] -- Up-to-date: /home/jone/ws_moveit/install/moveit_resources_panda_moveit_config/share/moveit_resources_panda_moveit_config/config/moveit_controllers.yaml
[0.209s] -- Up-to-date: /home/jone/ws_moveit/install/moveit_resources_panda_moveit_config/share/moveit_resources_panda_moveit_config/config/pilz_industrial_motion_planner_planning.yaml
[0.209s] -- Up-to-date: /home/jone/ws_moveit/install/moveit_resources_panda_moveit_config/share/moveit_resources_panda_moveit_config/config/pilz_cartesian_limits.yaml
[0.209s] -- Up-to-date: /home/jone/ws_moveit/install/moveit_resources_panda_moveit_config/share/moveit_resources_panda_moveit_config/config/trajopt_planning.yaml
[0.209s] -- Up-to-date: /home/jone/ws_moveit/install/moveit_resources_panda_moveit_config/share/moveit_resources_panda_moveit_config/config/panda_arm.xacro
[0.209s] -- Up-to-date: /home/jone/ws_moveit/install/moveit_resources_panda_moveit_config/share/moveit_resources_panda_moveit_config/config/panda.srdf
[0.209s] -- Up-to-date: /home/jone/ws_moveit/install/moveit_resources_panda_moveit_config/share/moveit_resources_panda_moveit_config/config/joint_limits.yaml
[0.209s] -- Up-to-date: /home/jone/ws_moveit/install/moveit_resources_panda_moveit_config/share/moveit_resources_panda_moveit_config/config/ros2_controllers.yaml
[0.209s] -- Up-to-date: /home/jone/ws_moveit/install/moveit_resources_panda_moveit_config/share/moveit_resources_panda_moveit_config/config/gripper_moveit_controllers.yaml
[0.210s] -- Up-to-date: /home/jone/ws_moveit/install/moveit_resources_panda_moveit_config/share/moveit_resources_panda_moveit_config/.setup_assistant
[0.211s] Invoked command in '/home/jone/ws_moveit/build/moveit_resources_panda_moveit_config' returned '0': AMENT_PREFIX_PATH=/home/jone/ws_moveit/install/moveit_resources_panda_description:${AMENT_PREFIX_PATH} CMAKE_PREFIX_PATH=/home/jone/ws_moveit/install/moveit_resources_panda_description:/opt/ros/humble /usr/bin/cmake --install /home/jone/ws_moveit/build/moveit_resources_panda_moveit_config
