[0.015s] Invoking command in '/home/jone/ws_moveit/build/moveit_common': /usr/bin/cmake /home/jone/ws_moveit/src/moveit2/moveit_common -DCMAKE_BUILD_TYPE=Release -DCMAKE_INSTALL_PREFIX=/home/jone/ws_moveit/install/moveit_common
[0.182s] -- Configuring incomplete, errors occurred!
[0.182s] See also "/home/jone/ws_moveit/build/moveit_common/CMakeFiles/CMakeOutput.log".
[0.183s] [31mCMake Error at CMakeLists.txt:4 (find_package):
[0.183s]   By not providing "Findament_cmake.cmake" in CMAKE_MODULE_PATH this project
[0.183s]   has asked CMake to find a package configuration file provided by
[0.183s]   "ament_cmake", but CMake did not find one.
[0.183s] 
[0.183s]   Could not find a package configuration file provided by "ament_cmake" with
[0.183s]   any of the following names:
[0.183s] 
[0.183s]     ament_cmakeConfig.cmake
[0.183s]     ament_cmake-config.cmake
[0.184s] 
[0.184s]   Add the installation prefix of "ament_cmake" to CMAKE_PREFIX_PATH or set
[0.184s]   "ament_cmake_DIR" to a directory containing one of the above files.  If
[0.184s]   "ament_cmake" provides a separate development package or SDK, be sure it
[0.184s]   has been installed.
[0.184s] 
[0.184s] [0m
[0.186s] Invoked command in '/home/jone/ws_moveit/build/moveit_common' returned '1': /usr/bin/cmake /home/jone/ws_moveit/src/moveit2/moveit_common -DCMAKE_BUILD_TYPE=Release -DCMAKE_INSTALL_PREFIX=/home/jone/ws_moveit/install/moveit_common
