[0.012s] Invoking command in '/home/jone/ws_moveit/build/moveit_core': AMENT_PREFIX_PATH=/home/jone/ws_moveit/install/moveit_resources_panda_moveit_config:/home/jone/ws_moveit/install/srdfdom:/home/jone/ws_moveit/install/moveit_resources_pr2_description:/home/jone/ws_moveit/install/moveit_resources_panda_description:/home/jone/ws_moveit/install/moveit_common:${AMENT_PREFIX_PATH} CMAKE_PREFIX_PATH=/home/jone/ws_moveit/install/moveit_resources_panda_moveit_config:/home/jone/ws_moveit/install/srdfdom:/home/jone/ws_moveit/install/moveit_resources_pr2_description:/home/jone/ws_moveit/install/moveit_resources_panda_description:/home/jone/ws_moveit/install/moveit_common:/opt/ros/humble LD_LIBRARY_PATH=/home/jone/ws_moveit/install/srdfdom/lib:/opt/ros/humble/opt/rviz_ogre_vendor/lib:/opt/ros/humble/lib/x86_64-linux-gnu:/opt/ros/humble/lib:/usr/lib/x86_64-linux-gnu/gazebo-11/plugins:/usr/lib/x86_64-linux-gnu/gazebo-11/plugins:/usr/lib/x86_64-linux-gnu/gazebo-11/plugins PYTHONPATH=/home/jone/ws_moveit/install/srdfdom/local/lib/python3.10/dist-packages:${PYTHONPATH} /usr/bin/cmake /home/jone/ws_moveit/src/moveit2/moveit_core -DCMAKE_INSTALL_PREFIX=/home/jone/ws_moveit/install/moveit_core
[0.021s] -- Found moveit_common: 2.5.9 (/home/jone/ws_moveit/install/moveit_common/share/moveit_common/cmake)
[0.022s] -- Found ament_cmake: 1.3.12 (/opt/ros/humble/share/ament_cmake/cmake)
[0.194s] -- Found angles: 1.15.0 (/opt/ros/humble/share/angles/cmake)
[0.217s] -- Found common_interfaces: 4.9.0 (/opt/ros/humble/share/common_interfaces/cmake)
[0.217s] -- Found eigen_stl_containers: 1.1.0 (/opt/ros/humble/share/eigen_stl_containers/cmake)
[0.220s] -- Found eigen3_cmake_module: 0.1.1 (/opt/ros/humble/share/eigen3_cmake_module/cmake)
[0.225s] -- Found generate_parameter_library: 0.5.0 (/opt/ros/humble/share/generate_parameter_library/cmake)
[0.226s] -- Found parameter_traits: 0.5.0 (/opt/ros/humble/share/parameter_traits/cmake)
[0.248s] -- Found rosidl_generator_c: 3.1.7 (/opt/ros/humble/share/rosidl_generator_c/cmake)
[0.250s] -- Found rosidl_adapter: 3.1.7 (/opt/ros/humble/share/rosidl_adapter/cmake)
[0.255s] -- Found rosidl_generator_cpp: 3.1.7 (/opt/ros/humble/share/rosidl_generator_cpp/cmake)
[0.272s] -- Using all available rosidl_typesupport_c: rosidl_typesupport_fastrtps_c;rosidl_typesupport_introspection_c
[0.283s] -- Using all available rosidl_typesupport_cpp: rosidl_typesupport_fastrtps_cpp;rosidl_typesupport_introspection_cpp
[0.309s] -- Found rmw_implementation_cmake: 6.1.2 (/opt/ros/humble/share/rmw_implementation_cmake/cmake)
[0.310s] -- Found rmw_fastrtps_cpp: 6.2.9 (/opt/ros/humble/share/rmw_fastrtps_cpp/cmake)
[0.415s] -- Using RMW implementation 'rmw_fastrtps_cpp' as default
[0.469s] -- Found rclcpp_lifecycle: 16.0.15 (/opt/ros/humble/share/rclcpp_lifecycle/cmake)
[0.486s] -- Found geometric_shapes: 2.3.2 (/opt/ros/humble/share/geometric_shapes/cmake)
[0.491s] -- Found Boost: /usr/lib/x86_64-linux-gnu/cmake/Boost-1.74.0/BoostConfig.cmake (found version "1.74.0") found components: filesystem 
[0.547s] -- library: /usr/lib/x86_64-linux-gnu/libcurl.so
[0.597s] -- Found kdl_parser: 2.6.4 (/opt/ros/humble/share/kdl_parser/cmake)
[0.602s] -- Ensuring Eigen3 include directory is part of orocos-kdl CMake target
[0.603s] -- Found moveit_msgs: 2.2.1 (/opt/ros/humble/share/moveit_msgs/cmake)
[0.679s] -- Found pluginlib: 5.1.2 (/opt/ros/humble/share/pluginlib/cmake)
[0.701s] -- Found srdfdom: 2.0.8 (/home/jone/ws_moveit/install/srdfdom/share/srdfdom/cmake)
[0.707s] -- Found tf2_eigen: 0.25.16 (/opt/ros/humble/share/tf2_eigen/cmake)
[0.763s] -- Found tf2_geometry_msgs: 0.25.16 (/opt/ros/humble/share/tf2_geometry_msgs/cmake)
[0.767s] -- Found tf2_kdl: 0.25.16 (/opt/ros/humble/share/tf2_kdl/cmake)
[0.790s] -- Found Boost: /usr/lib/x86_64-linux-gnu/cmake/Boost-1.74.0/BoostConfig.cmake (found version "1.74.0") found components: chrono date_time filesystem iostreams program_options regex serialization system thread 
[0.790s] --  *** Building MoveIt 2.5.9-Alpha ***
[0.798s] -- Found ament_cmake_gtest: 1.3.12 (/opt/ros/humble/share/ament_cmake_gtest/cmake)
[0.799s] -- Found gtest sources under '/opt/ros/humble/src/gtest_vendor': C++ tests using 'Google Test' will be built
[0.807s] -- Found ament_cmake_gmock: 1.3.12 (/opt/ros/humble/share/ament_cmake_gmock/cmake)
[0.810s] -- Found gmock sources under '/opt/ros/humble/src/gmock_vendor': C++ tests using 'Google Mock' will be built
[0.814s] -- Found ament_cmake_gtest: 1.3.12 (/opt/ros/humble/share/ament_cmake_gtest/cmake)
[0.815s] -- Found gtest sources under '/opt/ros/humble/src/gtest_vendor': C++ tests using 'Google Test' will be built
[0.823s] -- Found ament_cmake_gtest: 1.3.12 (/opt/ros/humble/share/ament_cmake_gtest/cmake)
[0.824s] -- Found gtest sources under '/opt/ros/humble/src/gtest_vendor': C++ tests using 'Google Test' will be built
[0.844s] -- Found ament_cmake_gtest: 1.3.12 (/opt/ros/humble/share/ament_cmake_gtest/cmake)
[0.845s] -- Found gtest sources under '/opt/ros/humble/src/gtest_vendor': C++ tests using 'Google Test' will be built
[0.857s] -- Found ament_lint_auto: 0.12.14 (/opt/ros/humble/share/ament_lint_auto/cmake)
[0.858s] -- Found ament_cmake_gtest: 1.3.12 (/opt/ros/humble/share/ament_cmake_gtest/cmake)
[0.859s] -- Found gtest sources under '/opt/ros/humble/src/gtest_vendor': C++ tests using 'Google Test' will be built
[0.874s] -- Found ament_cmake_gtest: 1.3.12 (/opt/ros/humble/share/ament_cmake_gtest/cmake)
[0.875s] -- Found gtest sources under '/opt/ros/humble/src/gtest_vendor': C++ tests using 'Google Test' will be built
[0.885s] -- Found ament_cmake_gtest: 1.3.12 (/opt/ros/humble/share/ament_cmake_gtest/cmake)
[0.886s] -- Found gtest sources under '/opt/ros/humble/src/gtest_vendor': C++ tests using 'Google Test' will be built
[0.893s] -- Found ament_cmake_gtest: 1.3.12 (/opt/ros/humble/share/ament_cmake_gtest/cmake)
[0.894s] -- Found gmock sources under '/opt/ros/humble/src/gmock_vendor': C++ tests using 'Google Mock' will be built
[0.895s] -- Found gtest sources under '/opt/ros/humble/src/gtest_vendor': C++ tests using 'Google Test' will be built
[0.904s] -- Found gtest sources under '/opt/ros/humble/src/gtest_vendor': C++ tests using 'Google Test' will be built
[0.913s] -- Found gtest sources under '/opt/ros/humble/src/gtest_vendor': C++ tests using 'Google Test' will be built
[0.922s] -- Found ament_cmake_gtest: 1.3.12 (/opt/ros/humble/share/ament_cmake_gtest/cmake)
[0.923s] -- Found gtest sources under '/opt/ros/humble/src/gtest_vendor': C++ tests using 'Google Test' will be built
[0.939s] -- Found gtest sources under '/opt/ros/humble/src/gtest_vendor': C++ tests using 'Google Test' will be built
[0.950s] -- Found gtest sources under '/opt/ros/humble/src/gtest_vendor': C++ tests using 'Google Test' will be built
[0.960s] -- Found gtest sources under '/opt/ros/humble/src/gtest_vendor': C++ tests using 'Google Test' will be built
[0.966s] -- Found ament_lint_auto: 0.12.14 (/opt/ros/humble/share/ament_lint_auto/cmake)
[1.006s] -- Added test 'cppcheck' to perform static code analysis on C / C++ code
[1.007s] -- Configured cppcheck include dirs: /home/jone/ws_moveit/src/moveit2/moveit_core/exceptions/include;/home/jone/ws_moveit/src/moveit2/moveit_core/collision_detection/include;/home/jone/ws_moveit/src/moveit2/moveit_core/collision_detection_fcl/include;/home/jone/ws_moveit/src/moveit2/moveit_core/collision_detection_bullet/include;/home/jone/ws_moveit/src/moveit2/moveit_core/constraint_samplers/include;/home/jone/ws_moveit/src/moveit2/moveit_core/controller_manager/include;/home/jone/ws_moveit/src/moveit2/moveit_core/distance_field/include;/home/jone/ws_moveit/src/moveit2/moveit_core/collision_distance_field/include;/home/jone/ws_moveit/src/moveit2/moveit_core/dynamics_solver/include;/home/jone/ws_moveit/src/moveit2/moveit_core/kinematics_base/include;/home/jone/ws_moveit/src/moveit2/moveit_core/kinematics_metrics/include;/home/jone/ws_moveit/src/moveit2/moveit_core/robot_model/include;/home/jone/ws_moveit/src/moveit2/moveit_core/transforms/include;/home/jone/ws_moveit/src/moveit2/moveit_core/robot_state/include;/home/jone/ws_moveit/src/moveit2/moveit_core/robot_trajectory/include;/home/jone/ws_moveit/src/moveit2/moveit_core/kinematic_constraints/include;/home/jone/ws_moveit/src/moveit2/moveit_core/macros/include;/home/jone/ws_moveit/src/moveit2/moveit_core/online_signal_smoothing/include;/home/jone/ws_moveit/src/moveit2/moveit_core/planning_interface/include;/home/jone/ws_moveit/src/moveit2/moveit_core/planning_request_adapter/include;/home/jone/ws_moveit/src/moveit2/moveit_core/planning_scene/include;/home/jone/ws_moveit/src/moveit2/moveit_core/sensor_manager/include;/home/jone/ws_moveit/src/moveit2/moveit_core/trajectory_processing/include;/home/jone/ws_moveit/src/moveit2/moveit_core/utils/include
[1.007s] -- Configured cppcheck exclude dirs and/or files: 
[1.010s] -- Added test 'pep257' to check Python code against some of the docstring style conventions in PEP 257
[1.012s] -- Added test 'xmllint' to check XML markup files
[1.020s] -- Configuring done
[1.689s] -- Generating done
[1.819s] -- Build files have been written to: /home/jone/ws_moveit/build/moveit_core
[1.853s] Invoked command in '/home/jone/ws_moveit/build/moveit_core' returned '0': AMENT_PREFIX_PATH=/home/jone/ws_moveit/install/moveit_resources_panda_moveit_config:/home/jone/ws_moveit/install/srdfdom:/home/jone/ws_moveit/install/moveit_resources_pr2_description:/home/jone/ws_moveit/install/moveit_resources_panda_description:/home/jone/ws_moveit/install/moveit_common:${AMENT_PREFIX_PATH} CMAKE_PREFIX_PATH=/home/jone/ws_moveit/install/moveit_resources_panda_moveit_config:/home/jone/ws_moveit/install/srdfdom:/home/jone/ws_moveit/install/moveit_resources_pr2_description:/home/jone/ws_moveit/install/moveit_resources_panda_description:/home/jone/ws_moveit/install/moveit_common:/opt/ros/humble LD_LIBRARY_PATH=/home/jone/ws_moveit/install/srdfdom/lib:/opt/ros/humble/opt/rviz_ogre_vendor/lib:/opt/ros/humble/lib/x86_64-linux-gnu:/opt/ros/humble/lib:/usr/lib/x86_64-linux-gnu/gazebo-11/plugins:/usr/lib/x86_64-linux-gnu/gazebo-11/plugins:/usr/lib/x86_64-linux-gnu/gazebo-11/plugins PYTHONPATH=/home/jone/ws_moveit/install/srdfdom/local/lib/python3.10/dist-packages:${PYTHONPATH} /usr/bin/cmake /home/jone/ws_moveit/src/moveit2/moveit_core -DCMAKE_INSTALL_PREFIX=/home/jone/ws_moveit/install/moveit_core
[1.854s] Invoking command in '/home/jone/ws_moveit/build/moveit_core': AMENT_PREFIX_PATH=/home/jone/ws_moveit/install/moveit_resources_panda_moveit_config:/home/jone/ws_moveit/install/srdfdom:/home/jone/ws_moveit/install/moveit_resources_pr2_description:/home/jone/ws_moveit/install/moveit_resources_panda_description:/home/jone/ws_moveit/install/moveit_common:${AMENT_PREFIX_PATH} CMAKE_PREFIX_PATH=/home/jone/ws_moveit/install/moveit_resources_panda_moveit_config:/home/jone/ws_moveit/install/srdfdom:/home/jone/ws_moveit/install/moveit_resources_pr2_description:/home/jone/ws_moveit/install/moveit_resources_panda_description:/home/jone/ws_moveit/install/moveit_common:/opt/ros/humble LD_LIBRARY_PATH=/home/jone/ws_moveit/install/srdfdom/lib:/opt/ros/humble/opt/rviz_ogre_vendor/lib:/opt/ros/humble/lib/x86_64-linux-gnu:/opt/ros/humble/lib:/usr/lib/x86_64-linux-gnu/gazebo-11/plugins:/usr/lib/x86_64-linux-gnu/gazebo-11/plugins:/usr/lib/x86_64-linux-gnu/gazebo-11/plugins PYTHONPATH=/home/jone/ws_moveit/install/srdfdom/local/lib/python3.10/dist-packages:${PYTHONPATH} /usr/bin/cmake --build /home/jone/ws_moveit/build/moveit_core -- -j16 -l16
[1.903s] [35m[1mConsolidate compiler generated dependencies of target moveit_version[0m
[1.903s] [35m[1mConsolidate compiler generated dependencies of target gmock_main[0m
[1.904s] [35m[1mConsolidate compiler generated dependencies of target gtest_main[0m
[1.904s] [35m[1mConsolidate compiler generated dependencies of target gtest[0m
[1.904s] [35m[1mConsolidate compiler generated dependencies of target moveit_exceptions[0m
[1.904s] [35m[1mConsolidate compiler generated dependencies of target moveit_smoothing_base[0m
[1.905s] [35m[1mConsolidate compiler generated dependencies of target moveit_utils[0m
[1.905s] [35m[1mConsolidate compiler generated dependencies of target gmock[0m
[1.905s] [35m[1mConsolidate compiler generated dependencies of target moveit_kinematics_base[0m
[1.906s] [35m[1mConsolidate compiler generated dependencies of target moveit_transforms[0m
[1.908s] [35m[1mConsolidate compiler generated dependencies of target moveit_distance_field[0m
[1.915s] [  1%] Built target moveit_version
[1.919s] [  3%] Built target gmock_main
[1.919s] [  3%] Built target gtest_main
[1.919s] [  4%] Built target gtest
[1.919s] [  5%] Built target moveit_exceptions
[1.920s] [  7%] Built target gmock
[1.921s] [ 10%] Built target moveit_utils
[1.922s] [ 12%] Built target moveit_butterworth_parameters
[1.922s] [ 13%] Built target moveit_smoothing_base
[1.930s] [ 15%] Built target moveit_kinematics_base
[1.930s] [ 15%] Built target moveit_transforms
[1.940s] [35m[1mConsolidate compiler generated dependencies of target test_transforms[0m
[1.948s] [ 18%] Built target moveit_distance_field
[1.948s] [35m[1mConsolidate compiler generated dependencies of target moveit_robot_model[0m
[1.955s] [ 19%] Built target test_transforms
[1.957s] [35m[1mConsolidate compiler generated dependencies of target test_voxel_grid[0m
[1.958s] [35m[1mConsolidate compiler generated dependencies of target test_distance_field[0m
[1.975s] [ 20%] Built target test_voxel_grid
[1.980s] [ 21%] Built target test_distance_field
[1.982s] [ 27%] Built target moveit_robot_model
[1.997s] [35m[1mConsolidate compiler generated dependencies of target moveit_butterworth_filter[0m
[1.997s] [35m[1mConsolidate compiler generated dependencies of target moveit_test_utils[0m
[2.000s] [35m[1mConsolidate compiler generated dependencies of target moveit_robot_state[0m
[2.021s] [ 28%] Built target moveit_butterworth_filter
[2.023s] [ 30%] Built target moveit_test_utils
[2.029s] [ 33%] Built target moveit_robot_state
[2.031s] [35m[1mConsolidate compiler generated dependencies of target test_butterworth_filter[0m
[2.034s] [35m[1mConsolidate compiler generated dependencies of target test_robot_model[0m
[2.051s] [ 34%] Built target test_butterworth_filter
[2.053s] [ 35%] Built target test_robot_model
[2.078s] [35m[1mConsolidate compiler generated dependencies of target test_robot_state_complex[0m
[2.078s] [35m[1mConsolidate compiler generated dependencies of target test_cartesian_interpolator[0m
[2.078s] [35m[1mConsolidate compiler generated dependencies of target moveit_robot_trajectory[0m
[2.079s] [35m[1mConsolidate compiler generated dependencies of target test_robot_state_benchmark[0m
[2.079s] [35m[1mConsolidate compiler generated dependencies of target moveit_kinematics_metrics[0m
[2.079s] [35m[1mConsolidate compiler generated dependencies of target test_robot_state[0m
[2.079s] [35m[1mConsolidate compiler generated dependencies of target moveit_dynamics_solver[0m
[2.080s] [35m[1mConsolidate compiler generated dependencies of target test_aabb[0m
[2.093s] [35m[1mConsolidate compiler generated dependencies of target moveit_collision_detection[0m
[2.104s] [ 40%] Built target moveit_kinematics_metrics
[2.104s] [ 40%] Built target test_cartesian_interpolator
[2.104s] [ 40%] Built target moveit_robot_trajectory
[2.104s] [ 40%] Built target test_robot_state_benchmark
[2.104s] [ 40%] Built target moveit_dynamics_solver
[2.105s] [ 41%] Built target test_aabb
[2.105s] [ 43%] Built target test_robot_state
[2.105s] [ 44%] Built target test_robot_state_complex
[2.115s] [35m[1mConsolidate compiler generated dependencies of target test_robot_trajectory[0m
[2.116s] [35m[1mConsolidate compiler generated dependencies of target moveit_planning_interface[0m
[2.119s] [35m[1mConsolidate compiler generated dependencies of target moveit_trajectory_processing[0m
[2.135s] [ 45%] Built target test_robot_trajectory
[2.135s] [ 50%] Built target moveit_collision_detection
[2.140s] [ 52%] Built target moveit_planning_interface
[2.147s] [35m[1mConsolidate compiler generated dependencies of target test_world_diff[0m
[2.147s] [35m[1mConsolidate compiler generated dependencies of target test_world[0m
[2.147s] [ 55%] Built target moveit_trajectory_processing
[2.147s] [35m[1mConsolidate compiler generated dependencies of target test_all_valid[0m
[2.150s] [35m[1mConsolidate compiler generated dependencies of target moveit_collision_detection_fcl[0m
[2.158s] [35m[1mConsolidate compiler generated dependencies of target moveit_collision_detection_bullet[0m
[2.161s] [35m[1mConsolidate compiler generated dependencies of target test_time_optimal_trajectory_generation[0m
[2.161s] [35m[1mConsolidate compiler generated dependencies of target test_ruckig_traj_smoothing[0m
[2.161s] [35m[1mConsolidate compiler generated dependencies of target test_time_parameterization[0m
[2.165s] [ 56%] Built target test_world
[2.165s] [ 58%] Built target test_world_diff
[2.172s] [ 59%] Built target test_all_valid
[2.184s] [ 65%] Built target test_ruckig_traj_smoothing
[2.184s] [ 65%] Built target moveit_collision_detection_fcl
[2.184s] [ 65%] Built target test_time_optimal_trajectory_generation
[2.184s] [ 65%] Built target test_time_parameterization
[2.209s] [35m[1mConsolidate compiler generated dependencies of target test_fcl_collision_detection_panda[0m
[2.209s] [35m[1mConsolidate compiler generated dependencies of target test_fcl_collision_detection[0m
[2.210s] [35m[1mConsolidate compiler generated dependencies of target test_fcl_collision_env[0m
[2.212s] [35m[1mConsolidate compiler generated dependencies of target moveit_kinematic_constraints[0m
[2.221s] [ 70%] Built target moveit_collision_detection_bullet
[2.234s] [35m[1mConsolidate compiler generated dependencies of target test_bullet_collision_detection_panda[0m
[2.234s] [35m[1mConsolidate compiler generated dependencies of target test_bullet_collision_detection[0m
[2.234s] [35m[1mConsolidate compiler generated dependencies of target test_bullet_continuous_collision_checking[0m
[2.235s] [ 73%] Built target test_fcl_collision_detection
[2.235s] [ 73%] Built target test_fcl_collision_env
[2.235s] [ 74%] Built target test_fcl_collision_detection_panda
[2.244s] [ 76%] Built target moveit_kinematic_constraints
[2.256s] [35m[1mConsolidate compiler generated dependencies of target test_constraints[0m
[2.256s] [35m[1mConsolidate compiler generated dependencies of target test_orientation_constraints[0m
[2.257s] [35m[1mConsolidate compiler generated dependencies of target moveit_planning_scene[0m
[2.258s] [ 80%] Built target test_bullet_continuous_collision_checking
[2.258s] [ 80%] Built target test_bullet_collision_detection
[2.258s] [ 80%] Built target test_bullet_collision_detection_panda
[2.279s] [ 82%] Built target test_constraints
[2.279s] [ 82%] Built target test_orientation_constraints
[2.286s] [ 84%] Built target moveit_planning_scene
[2.308s] [35m[1mConsolidate compiler generated dependencies of target test_collision_objects[0m
[2.308s] [35m[1mConsolidate compiler generated dependencies of target collision_detector_bullet_plugin[0m
[2.308s] [35m[1mConsolidate compiler generated dependencies of target test_multi_threaded[0m
[2.308s] [35m[1mConsolidate compiler generated dependencies of target collision_detector_fcl_plugin[0m
[2.309s] [35m[1mConsolidate compiler generated dependencies of target moveit_planning_request_adapter[0m
[2.310s] [35m[1mConsolidate compiler generated dependencies of target test_planning_scene[0m
[2.314s] [35m[1mConsolidate compiler generated dependencies of target moveit_collision_distance_field[0m
[2.314s] [35m[1mConsolidate compiler generated dependencies of target moveit_constraint_samplers[0m
[2.336s] [ 88%] Built target test_collision_objects
[2.336s] [ 88%] Built target collision_detector_bullet_plugin
[2.336s] [ 88%] Built target test_multi_threaded
[2.336s] [ 88%] Built target moveit_planning_request_adapter
[2.337s] [ 89%] Built target collision_detector_fcl_plugin
[2.337s] [ 90%] Built target test_planning_scene
[2.353s] [ 93%] Built target moveit_constraint_samplers
[2.359s] [ 96%] Built target moveit_collision_distance_field
[2.376s] [35m[1mConsolidate compiler generated dependencies of target test_collision_distance_field[0m
[2.379s] [35m[1mConsolidate compiler generated dependencies of target test_constraint_samplers[0m
[2.401s] [ 97%] Built target test_collision_distance_field
[2.411s] [100%] Built target test_constraint_samplers
[2.424s] Invoked command in '/home/jone/ws_moveit/build/moveit_core' returned '0': AMENT_PREFIX_PATH=/home/jone/ws_moveit/install/moveit_resources_panda_moveit_config:/home/jone/ws_moveit/install/srdfdom:/home/jone/ws_moveit/install/moveit_resources_pr2_description:/home/jone/ws_moveit/install/moveit_resources_panda_description:/home/jone/ws_moveit/install/moveit_common:${AMENT_PREFIX_PATH} CMAKE_PREFIX_PATH=/home/jone/ws_moveit/install/moveit_resources_panda_moveit_config:/home/jone/ws_moveit/install/srdfdom:/home/jone/ws_moveit/install/moveit_resources_pr2_description:/home/jone/ws_moveit/install/moveit_resources_panda_description:/home/jone/ws_moveit/install/moveit_common:/opt/ros/humble LD_LIBRARY_PATH=/home/jone/ws_moveit/install/srdfdom/lib:/opt/ros/humble/opt/rviz_ogre_vendor/lib:/opt/ros/humble/lib/x86_64-linux-gnu:/opt/ros/humble/lib:/usr/lib/x86_64-linux-gnu/gazebo-11/plugins:/usr/lib/x86_64-linux-gnu/gazebo-11/plugins:/usr/lib/x86_64-linux-gnu/gazebo-11/plugins PYTHONPATH=/home/jone/ws_moveit/install/srdfdom/local/lib/python3.10/dist-packages:${PYTHONPATH} /usr/bin/cmake --build /home/jone/ws_moveit/build/moveit_core -- -j16 -l16
[2.434s] Invoking command in '/home/jone/ws_moveit/build/moveit_core': AMENT_PREFIX_PATH=/home/jone/ws_moveit/install/moveit_resources_panda_moveit_config:/home/jone/ws_moveit/install/srdfdom:/home/jone/ws_moveit/install/moveit_resources_pr2_description:/home/jone/ws_moveit/install/moveit_resources_panda_description:/home/jone/ws_moveit/install/moveit_common:${AMENT_PREFIX_PATH} CMAKE_PREFIX_PATH=/home/jone/ws_moveit/install/moveit_resources_panda_moveit_config:/home/jone/ws_moveit/install/srdfdom:/home/jone/ws_moveit/install/moveit_resources_pr2_description:/home/jone/ws_moveit/install/moveit_resources_panda_description:/home/jone/ws_moveit/install/moveit_common:/opt/ros/humble LD_LIBRARY_PATH=/home/jone/ws_moveit/install/srdfdom/lib:/opt/ros/humble/opt/rviz_ogre_vendor/lib:/opt/ros/humble/lib/x86_64-linux-gnu:/opt/ros/humble/lib:/usr/lib/x86_64-linux-gnu/gazebo-11/plugins:/usr/lib/x86_64-linux-gnu/gazebo-11/plugins:/usr/lib/x86_64-linux-gnu/gazebo-11/plugins PYTHONPATH=/home/jone/ws_moveit/install/srdfdom/local/lib/python3.10/dist-packages:${PYTHONPATH} /usr/bin/cmake --install /home/jone/ws_moveit/build/moveit_core
[2.443s] -- Install configuration: "Release"
[2.443s] -- Up-to-date: /home/jone/ws_moveit/install/moveit_core/include/moveit/version.h
[2.443s] -- Up-to-date: /home/jone/ws_moveit/install/moveit_core/include
[2.443s] -- Up-to-date: /home/jone/ws_moveit/install/moveit_core/include/moveit
[2.443s] -- Up-to-date: /home/jone/ws_moveit/install/moveit_core/include/moveit/collision_distance_field
[2.444s] -- Up-to-date: /home/jone/ws_moveit/install/moveit_core/include/moveit/collision_distance_field/collision_detector_allocator_hybrid.h
[2.444s] -- Up-to-date: /home/jone/ws_moveit/install/moveit_core/include/moveit/collision_distance_field/collision_common_distance_field.h
[2.444s] -- Up-to-date: /home/jone/ws_moveit/install/moveit_core/include/moveit/collision_distance_field/collision_distance_field_types.h
[2.444s] -- Up-to-date: /home/jone/ws_moveit/install/moveit_core/include/moveit/collision_distance_field/collision_detector_allocator_distance_field.h
[2.444s] -- Up-to-date: /home/jone/ws_moveit/install/moveit_core/include/moveit/collision_distance_field/collision_env_hybrid.h
[2.444s] -- Up-to-date: /home/jone/ws_moveit/install/moveit_core/include/moveit/collision_distance_field/collision_env_distance_field.h
[2.444s] -- Up-to-date: /home/jone/ws_moveit/install/moveit_core/include/moveit_collision_distance_field_export.h
[2.444s] -- Up-to-date: /home/jone/ws_moveit/install/moveit_core/include
[2.444s] -- Up-to-date: /home/jone/ws_moveit/install/moveit_core/include/moveit
[2.444s] -- Up-to-date: /home/jone/ws_moveit/install/moveit_core/include/moveit/constraint_samplers
[2.444s] -- Up-to-date: /home/jone/ws_moveit/install/moveit_core/include/moveit/constraint_samplers/constraint_sampler_allocator.h
[2.444s] -- Up-to-date: /home/jone/ws_moveit/install/moveit_core/include/moveit/constraint_samplers/union_constraint_sampler.h
[2.444s] -- Up-to-date: /home/jone/ws_moveit/install/moveit_core/include/moveit/constraint_samplers/constraint_sampler_tools.h
[2.445s] -- Up-to-date: /home/jone/ws_moveit/install/moveit_core/include/moveit/constraint_samplers/constraint_sampler_manager.h
[2.445s] -- Up-to-date: /home/jone/ws_moveit/install/moveit_core/include/moveit/constraint_samplers/default_constraint_samplers.h
[2.445s] -- Up-to-date: /home/jone/ws_moveit/install/moveit_core/include/moveit/constraint_samplers/constraint_sampler.h
[2.445s] -- Up-to-date: /home/jone/ws_moveit/install/moveit_core/include
[2.445s] -- Up-to-date: /home/jone/ws_moveit/install/moveit_core/include/moveit
[2.445s] -- Up-to-date: /home/jone/ws_moveit/install/moveit_core/include/moveit/controller_manager
[2.445s] -- Up-to-date: /home/jone/ws_moveit/install/moveit_core/include/moveit/controller_manager/controller_manager.h
[2.445s] -- Up-to-date: /home/jone/ws_moveit/install/moveit_core/include
[2.445s] -- Up-to-date: /home/jone/ws_moveit/install/moveit_core/include/moveit
[2.445s] -- Up-to-date: /home/jone/ws_moveit/install/moveit_core/include/moveit/distance_field
[2.445s] -- Up-to-date: /home/jone/ws_moveit/install/moveit_core/include/moveit/distance_field/voxel_grid.h
[2.445s] -- Up-to-date: /home/jone/ws_moveit/install/moveit_core/include/moveit/distance_field/propagation_distance_field.h
[2.445s] -- Up-to-date: /home/jone/ws_moveit/install/moveit_core/include/moveit/distance_field/distance_field.h
[2.445s] -- Up-to-date: /home/jone/ws_moveit/install/moveit_core/include/moveit/distance_field/find_internal_points.h
[2.446s] -- Up-to-date: /home/jone/ws_moveit/install/moveit_core/include
[2.446s] -- Up-to-date: /home/jone/ws_moveit/install/moveit_core/include/moveit
[2.446s] -- Up-to-date: /home/jone/ws_moveit/install/moveit_core/include/moveit/dynamics_solver
[2.446s] -- Up-to-date: /home/jone/ws_moveit/install/moveit_core/include/moveit/dynamics_solver/dynamics_solver.h
[2.446s] -- Up-to-date: /home/jone/ws_moveit/install/moveit_core/include
[2.446s] -- Up-to-date: /home/jone/ws_moveit/install/moveit_core/include/moveit
[2.446s] -- Up-to-date: /home/jone/ws_moveit/install/moveit_core/include/moveit/exceptions
[2.446s] -- Up-to-date: /home/jone/ws_moveit/install/moveit_core/include/moveit/exceptions/exceptions.h
[2.446s] -- Up-to-date: /home/jone/ws_moveit/install/moveit_core/include
[2.446s] -- Up-to-date: /home/jone/ws_moveit/install/moveit_core/include/moveit
[2.446s] -- Up-to-date: /home/jone/ws_moveit/install/moveit_core/include/moveit/kinematics_base
[2.446s] -- Up-to-date: /home/jone/ws_moveit/install/moveit_core/include/moveit/kinematics_base/kinematics_base.h
[2.446s] -- Up-to-date: /home/jone/ws_moveit/install/moveit_core/include/moveit_kinematics_base_export.h
[2.446s] -- Up-to-date: /home/jone/ws_moveit/install/moveit_core/include
[2.446s] -- Up-to-date: /home/jone/ws_moveit/install/moveit_core/include/moveit
[2.446s] -- Up-to-date: /home/jone/ws_moveit/install/moveit_core/include/moveit/kinematic_constraints
[2.447s] -- Up-to-date: /home/jone/ws_moveit/install/moveit_core/include/moveit/kinematic_constraints/utils.h
[2.447s] -- Up-to-date: /home/jone/ws_moveit/install/moveit_core/include/moveit/kinematic_constraints/kinematic_constraint.h
[2.447s] -- Up-to-date: /home/jone/ws_moveit/install/moveit_core/include
[2.447s] -- Up-to-date: /home/jone/ws_moveit/install/moveit_core/include/moveit
[2.447s] -- Up-to-date: /home/jone/ws_moveit/install/moveit_core/include/moveit/kinematics_metrics
[2.447s] -- Up-to-date: /home/jone/ws_moveit/install/moveit_core/include/moveit/kinematics_metrics/kinematics_metrics.h
[2.447s] -- Up-to-date: /home/jone/ws_moveit/install/moveit_core/include
[2.447s] -- Up-to-date: /home/jone/ws_moveit/install/moveit_core/include/moveit
[2.447s] -- Up-to-date: /home/jone/ws_moveit/install/moveit_core/include/moveit/macros
[2.447s] -- Up-to-date: /home/jone/ws_moveit/install/moveit_core/include/moveit/macros/deprecation.h
[2.447s] -- Up-to-date: /home/jone/ws_moveit/install/moveit_core/include/moveit/macros/console_colors.h
[2.447s] -- Up-to-date: /home/jone/ws_moveit/install/moveit_core/include/moveit/macros/declare_ptr.h
[2.447s] -- Up-to-date: /home/jone/ws_moveit/install/moveit_core/include/moveit/macros/class_forward.h
[2.447s] -- Up-to-date: /home/jone/ws_moveit/install/moveit_core/include/moveit_core
[2.448s] -- Up-to-date: /home/jone/ws_moveit/install/moveit_core/include/moveit_core/moveit_butterworth_parameters.hpp
[2.448s] -- Up-to-date: /home/jone/ws_moveit/install/moveit_core/include
[2.448s] -- Up-to-date: /home/jone/ws_moveit/install/moveit_core/include/moveit
[2.448s] -- Up-to-date: /home/jone/ws_moveit/install/moveit_core/include/moveit/online_signal_smoothing
[2.448s] -- Up-to-date: /home/jone/ws_moveit/install/moveit_core/include/moveit/online_signal_smoothing/butterworth_filter.h
[2.448s] -- Up-to-date: /home/jone/ws_moveit/install/moveit_core/include/moveit/online_signal_smoothing/smoothing_base_class.h
[2.448s] -- Up-to-date: /home/jone/ws_moveit/install/moveit_core/include/moveit_smoothing_base_export.h
[2.448s] -- Up-to-date: /home/jone/ws_moveit/install/moveit_core/include/moveit_butterworth_filter_export.h
[2.448s] -- Up-to-date: /home/jone/ws_moveit/install/moveit_core/include
[2.448s] -- Up-to-date: /home/jone/ws_moveit/install/moveit_core/include/moveit
[2.448s] -- Up-to-date: /home/jone/ws_moveit/install/moveit_core/include/moveit/planning_interface
[2.448s] -- Up-to-date: /home/jone/ws_moveit/install/moveit_core/include/moveit/planning_interface/planning_interface.h
[2.448s] -- Up-to-date: /home/jone/ws_moveit/install/moveit_core/include/moveit/planning_interface/planning_response.h
[2.448s] -- Up-to-date: /home/jone/ws_moveit/install/moveit_core/include/moveit/planning_interface/planning_request.h
[2.448s] -- Up-to-date: /home/jone/ws_moveit/install/moveit_core/include
[2.448s] -- Up-to-date: /home/jone/ws_moveit/install/moveit_core/include/moveit
[2.448s] -- Up-to-date: /home/jone/ws_moveit/install/moveit_core/include/moveit/planning_request_adapter
[2.448s] -- Up-to-date: /home/jone/ws_moveit/install/moveit_core/include/moveit/planning_request_adapter/planning_request_adapter.h
[2.449s] -- Up-to-date: /home/jone/ws_moveit/install/moveit_core/include
[2.449s] -- Up-to-date: /home/jone/ws_moveit/install/moveit_core/include/moveit
[2.449s] -- Up-to-date: /home/jone/ws_moveit/install/moveit_core/include/moveit/planning_scene
[2.449s] -- Up-to-date: /home/jone/ws_moveit/install/moveit_core/include/moveit/planning_scene/planning_scene.h
[2.449s] -- Up-to-date: /home/jone/ws_moveit/install/moveit_core/include/moveit_planning_scene_export.h
[2.449s] -- Up-to-date: /home/jone/ws_moveit/install/moveit_core/include
[2.449s] -- Up-to-date: /home/jone/ws_moveit/install/moveit_core/include/moveit
[2.449s] -- Up-to-date: /home/jone/ws_moveit/install/moveit_core/include/moveit/robot_model
[2.449s] -- Up-to-date: /home/jone/ws_moveit/install/moveit_core/include/moveit/robot_model/aabb.h
[2.449s] -- Up-to-date: /home/jone/ws_moveit/install/moveit_core/include/moveit/robot_model/link_model.h
[2.449s] -- Up-to-date: /home/jone/ws_moveit/install/moveit_core/include/moveit/robot_model/revolute_joint_model.h
[2.449s] -- Up-to-date: /home/jone/ws_moveit/install/moveit_core/include/moveit/robot_model/planar_joint_model.h
[2.449s] -- Up-to-date: /home/jone/ws_moveit/install/moveit_core/include/moveit/robot_model/robot_model.h
[2.450s] -- Up-to-date: /home/jone/ws_moveit/install/moveit_core/include/moveit/robot_model/joint_model_group.h
[2.450s] -- Up-to-date: /home/jone/ws_moveit/install/moveit_core/include/moveit/robot_model/joint_model.h
[2.450s] -- Up-to-date: /home/jone/ws_moveit/install/moveit_core/include/moveit/robot_model/floating_joint_model.h
[2.450s] -- Up-to-date: /home/jone/ws_moveit/install/moveit_core/include/moveit/robot_model/prismatic_joint_model.h
[2.450s] -- Up-to-date: /home/jone/ws_moveit/install/moveit_core/include/moveit/robot_model/fixed_joint_model.h
[2.450s] -- Up-to-date: /home/jone/ws_moveit/install/moveit_core/include
[2.450s] -- Up-to-date: /home/jone/ws_moveit/install/moveit_core/include/moveit
[2.450s] -- Up-to-date: /home/jone/ws_moveit/install/moveit_core/include/moveit/robot_state
[2.450s] -- Up-to-date: /home/jone/ws_moveit/install/moveit_core/include/moveit/robot_state/conversions.h
[2.450s] -- Up-to-date: /home/jone/ws_moveit/install/moveit_core/include/moveit/robot_state/cartesian_interpolator.h
[2.450s] -- Up-to-date: /home/jone/ws_moveit/install/moveit_core/include/moveit/robot_state/attached_body.h
[2.450s] -- Up-to-date: /home/jone/ws_moveit/install/moveit_core/include/moveit/robot_state/robot_state.h
[2.450s] -- Up-to-date: /home/jone/ws_moveit/install/moveit_core/include
[2.450s] -- Up-to-date: /home/jone/ws_moveit/install/moveit_core/include/moveit
[2.450s] -- Up-to-date: /home/jone/ws_moveit/install/moveit_core/include/moveit/robot_trajectory
[2.451s] -- Up-to-date: /home/jone/ws_moveit/install/moveit_core/include/moveit/robot_trajectory/robot_trajectory.h
[2.451s] -- Up-to-date: /home/jone/ws_moveit/install/moveit_core/include
[2.451s] -- Up-to-date: /home/jone/ws_moveit/install/moveit_core/include/moveit
[2.451s] -- Up-to-date: /home/jone/ws_moveit/install/moveit_core/include/moveit/sensor_manager
[2.451s] -- Up-to-date: /home/jone/ws_moveit/install/moveit_core/include/moveit/sensor_manager/sensor_manager.h
[2.451s] -- Up-to-date: /home/jone/ws_moveit/install/moveit_core/include
[2.451s] -- Up-to-date: /home/jone/ws_moveit/install/moveit_core/include/moveit
[2.451s] -- Up-to-date: /home/jone/ws_moveit/install/moveit_core/include/moveit/trajectory_processing
[2.451s] -- Up-to-date: /home/jone/ws_moveit/install/moveit_core/include/moveit/trajectory_processing/time_parameterization.h
[2.451s] -- Up-to-date: /home/jone/ws_moveit/install/moveit_core/include/moveit/trajectory_processing/iterative_time_parameterization.h
[2.451s] -- Up-to-date: /home/jone/ws_moveit/install/moveit_core/include/moveit/trajectory_processing/iterative_spline_parameterization.h
[2.451s] -- Up-to-date: /home/jone/ws_moveit/install/moveit_core/include/moveit/trajectory_processing/trajectory_tools.h
[2.451s] -- Up-to-date: /home/jone/ws_moveit/install/moveit_core/include/moveit/trajectory_processing/time_optimal_trajectory_generation.h
[2.451s] -- Up-to-date: /home/jone/ws_moveit/install/moveit_core/include/moveit/trajectory_processing/ruckig_traj_smoothing.h
[2.452s] -- Up-to-date: /home/jone/ws_moveit/install/moveit_core/include
[2.452s] -- Up-to-date: /home/jone/ws_moveit/install/moveit_core/include/moveit
[2.452s] -- Up-to-date: /home/jone/ws_moveit/install/moveit_core/include/moveit/transforms
[2.452s] -- Up-to-date: /home/jone/ws_moveit/install/moveit_core/include/moveit/transforms/transforms.h
[2.452s] -- Up-to-date: /home/jone/ws_moveit/install/moveit_core/include
[2.452s] -- Up-to-date: /home/jone/ws_moveit/install/moveit_core/include/moveit
[2.452s] -- Up-to-date: /home/jone/ws_moveit/install/moveit_core/include/moveit/utils
[2.452s] -- Up-to-date: /home/jone/ws_moveit/install/moveit_core/include/moveit/utils/lexical_casts.h
[2.452s] -- Up-to-date: /home/jone/ws_moveit/install/moveit_core/include/moveit/utils/moveit_error_code.h
[2.452s] -- Up-to-date: /home/jone/ws_moveit/install/moveit_core/include/moveit/utils/message_checks.h
[2.452s] -- Up-to-date: /home/jone/ws_moveit/install/moveit_core/include/moveit/utils/robot_model_test_utils.h
[2.452s] -- Up-to-date: /home/jone/ws_moveit/install/moveit_core/include/moveit/utils/rclcpp_utils.h
[2.452s] -- Up-to-date: /home/jone/ws_moveit/install/moveit_core/bin/moveit_version
[2.452s] -- Up-to-date: /home/jone/ws_moveit/install/moveit_core/include
[2.452s] -- Up-to-date: /home/jone/ws_moveit/install/moveit_core/include/moveit
[2.453s] -- Up-to-date: /home/jone/ws_moveit/install/moveit_core/include/moveit/collision_detection
[2.453s] -- Up-to-date: /home/jone/ws_moveit/install/moveit_core/include/moveit/collision_detection/world.h
[2.453s] -- Up-to-date: /home/jone/ws_moveit/install/moveit_core/include/moveit/collision_detection/collision_common.h
[2.453s] -- Up-to-date: /home/jone/ws_moveit/install/moveit_core/include/moveit/collision_detection/world_diff.h
[2.453s] -- Up-to-date: /home/jone/ws_moveit/install/moveit_core/include/moveit/collision_detection/test_collision_common_panda.h
[2.453s] -- Up-to-date: /home/jone/ws_moveit/install/moveit_core/include/moveit/collision_detection/allvalid
[2.453s] -- Up-to-date: /home/jone/ws_moveit/install/moveit_core/include/moveit/collision_detection/allvalid/collision_detector_allocator_allvalid.h
[2.453s] -- Up-to-date: /home/jone/ws_moveit/install/moveit_core/include/moveit/collision_detection/allvalid/collision_env_allvalid.h
[2.453s] -- Up-to-date: /home/jone/ws_moveit/install/moveit_core/include/moveit/collision_detection/collision_octomap_filter.h
[2.453s] -- Up-to-date: /home/jone/ws_moveit/install/moveit_core/include/moveit/collision_detection/collision_plugin_cache.h
[2.453s] -- Up-to-date: /home/jone/ws_moveit/install/moveit_core/include/moveit/collision_detection/collision_tools.h
[2.453s] -- Up-to-date: /home/jone/ws_moveit/install/moveit_core/include/moveit/collision_detection/collision_plugin.h
[2.453s] -- Up-to-date: /home/jone/ws_moveit/install/moveit_core/include/moveit/collision_detection/collision_detector_allocator.h
[2.453s] -- Up-to-date: /home/jone/ws_moveit/install/moveit_core/include/moveit/collision_detection/collision_env.h
[2.453s] -- Up-to-date: /home/jone/ws_moveit/install/moveit_core/include/moveit/collision_detection/collision_matrix.h
[2.453s] -- Up-to-date: /home/jone/ws_moveit/install/moveit_core/include/moveit/collision_detection/occupancy_map.h
[2.453s] -- Up-to-date: /home/jone/ws_moveit/install/moveit_core/include/moveit/collision_detection/test_collision_common_pr2.h
[2.454s] -- Up-to-date: /home/jone/ws_moveit/install/moveit_core/include/moveit_collision_detection_export.h
[2.454s] -- Up-to-date: /home/jone/ws_moveit/install/moveit_core/include
[2.454s] -- Up-to-date: /home/jone/ws_moveit/install/moveit_core/include/moveit
[2.454s] -- Up-to-date: /home/jone/ws_moveit/install/moveit_core/include/moveit/collision_detection_bullet
[2.454s] -- Up-to-date: /home/jone/ws_moveit/install/moveit_core/include/moveit/collision_detection_bullet/bullet_integration
[2.454s] -- Up-to-date: /home/jone/ws_moveit/install/moveit_core/include/moveit/collision_detection_bullet/bullet_integration/contact_checker_common.h
[2.454s] -- Up-to-date: /home/jone/ws_moveit/install/moveit_core/include/moveit/collision_detection_bullet/bullet_integration/ros_bullet_utils.h
[2.454s] -- Up-to-date: /home/jone/ws_moveit/install/moveit_core/include/moveit/collision_detection_bullet/bullet_integration/bullet_bvh_manager.h
[2.454s] -- Up-to-date: /home/jone/ws_moveit/install/moveit_core/include/moveit/collision_detection_bullet/bullet_integration/bullet_discrete_bvh_manager.h
[2.454s] -- Up-to-date: /home/jone/ws_moveit/install/moveit_core/include/moveit/collision_detection_bullet/bullet_integration/bullet_utils.h
[2.454s] -- Up-to-date: /home/jone/ws_moveit/install/moveit_core/include/moveit/collision_detection_bullet/bullet_integration/bullet_cast_bvh_manager.h
[2.454s] -- Up-to-date: /home/jone/ws_moveit/install/moveit_core/include/moveit/collision_detection_bullet/bullet_integration/basic_types.h
[2.454s] -- Up-to-date: /home/jone/ws_moveit/install/moveit_core/include/moveit/collision_detection_bullet/collision_detector_allocator_bullet.h
[2.454s] -- Up-to-date: /home/jone/ws_moveit/install/moveit_core/include/moveit/collision_detection_bullet/collision_detector_bullet_plugin_loader.h
[2.454s] -- Up-to-date: /home/jone/ws_moveit/install/moveit_core/include/moveit/collision_detection_bullet/collision_env_bullet.h
[2.454s] -- Up-to-date: /home/jone/ws_moveit/install/moveit_core/include/moveit_collision_detection_bullet_export.h
[2.454s] -- Up-to-date: /home/jone/ws_moveit/install/moveit_core/include
[2.454s] -- Up-to-date: /home/jone/ws_moveit/install/moveit_core/include/moveit
[2.454s] -- Up-to-date: /home/jone/ws_moveit/install/moveit_core/include/moveit/collision_detection_fcl
[2.455s] -- Up-to-date: /home/jone/ws_moveit/install/moveit_core/include/moveit/collision_detection_fcl/collision_common.h
[2.455s] -- Up-to-date: /home/jone/ws_moveit/install/moveit_core/include/moveit/collision_detection_fcl/collision_env_fcl.h
[2.455s] -- Up-to-date: /home/jone/ws_moveit/install/moveit_core/include/moveit/collision_detection_fcl/collision_detector_fcl_plugin_loader.h
[2.455s] -- Up-to-date: /home/jone/ws_moveit/install/moveit_core/include/moveit/collision_detection_fcl/collision_detector_allocator_fcl.h
[2.455s] -- Up-to-date: /home/jone/ws_moveit/install/moveit_core/include/moveit/collision_detection_fcl/fcl_compat.h
[2.455s] -- Up-to-date: /home/jone/ws_moveit/install/moveit_core/include/moveit_collision_detection_fcl_export.h
[2.455s] -- Up-to-date: /home/jone/ws_moveit/install/moveit_core/lib/libcollision_detector_bullet_plugin.so.2.5.9
[2.455s] -- Up-to-date: /home/jone/ws_moveit/install/moveit_core/lib/libcollision_detector_bullet_plugin.so
[2.455s] -- Up-to-date: /home/jone/ws_moveit/install/moveit_core/lib/libmoveit_butterworth_filter.so.2.5.9
[2.455s] -- Up-to-date: /home/jone/ws_moveit/install/moveit_core/lib/libmoveit_butterworth_filter.so
[2.456s] -- Up-to-date: /home/jone/ws_moveit/install/moveit_core/lib/libmoveit_collision_distance_field.so.2.5.9
[2.456s] -- Up-to-date: /home/jone/ws_moveit/install/moveit_core/lib/libmoveit_collision_distance_field.so
[2.457s] -- Up-to-date: /home/jone/ws_moveit/install/moveit_core/lib/libmoveit_collision_detection.so.2.5.9
[2.457s] -- Up-to-date: /home/jone/ws_moveit/install/moveit_core/lib/libmoveit_collision_detection.so
[2.458s] -- Up-to-date: /home/jone/ws_moveit/install/moveit_core/lib/libmoveit_collision_detection_fcl.so.2.5.9
[2.458s] -- Up-to-date: /home/jone/ws_moveit/install/moveit_core/lib/libmoveit_collision_detection_fcl.so
[2.459s] -- Up-to-date: /home/jone/ws_moveit/install/moveit_core/lib/libmoveit_collision_detection_bullet.so.2.5.9
[2.459s] -- Up-to-date: /home/jone/ws_moveit/install/moveit_core/lib/libmoveit_collision_detection_bullet.so
[2.460s] -- Up-to-date: /home/jone/ws_moveit/install/moveit_core/lib/libmoveit_dynamics_solver.so.2.5.9
[2.460s] -- Up-to-date: /home/jone/ws_moveit/install/moveit_core/lib/libmoveit_dynamics_solver.so
[2.460s] -- Up-to-date: /home/jone/ws_moveit/install/moveit_core/lib/libmoveit_constraint_samplers.so.2.5.9
[2.460s] -- Up-to-date: /home/jone/ws_moveit/install/moveit_core/lib/libmoveit_constraint_samplers.so
[2.461s] -- Up-to-date: /home/jone/ws_moveit/install/moveit_core/lib/libmoveit_distance_field.so.2.5.9
[2.461s] -- Up-to-date: /home/jone/ws_moveit/install/moveit_core/lib/libmoveit_distance_field.so
[2.461s] -- Up-to-date: /home/jone/ws_moveit/install/moveit_core/lib/libmoveit_exceptions.so.2.5.9
[2.462s] -- Up-to-date: /home/jone/ws_moveit/install/moveit_core/lib/libmoveit_exceptions.so
[2.462s] -- Up-to-date: /home/jone/ws_moveit/install/moveit_core/lib/libmoveit_kinematics_base.so
[2.463s] -- Up-to-date: /home/jone/ws_moveit/install/moveit_core/lib/libmoveit_kinematic_constraints.so.2.5.9
[2.463s] -- Up-to-date: /home/jone/ws_moveit/install/moveit_core/lib/libmoveit_kinematic_constraints.so
[2.464s] -- Up-to-date: /home/jone/ws_moveit/install/moveit_core/lib/libmoveit_kinematics_metrics.so.2.5.9
[2.464s] -- Up-to-date: /home/jone/ws_moveit/install/moveit_core/lib/libmoveit_kinematics_metrics.so
[2.465s] -- Up-to-date: /home/jone/ws_moveit/install/moveit_core/lib/libmoveit_planning_interface.so.2.5.9
[2.465s] -- Up-to-date: /home/jone/ws_moveit/install/moveit_core/lib/libmoveit_planning_interface.so
[2.466s] -- Up-to-date: /home/jone/ws_moveit/install/moveit_core/lib/libmoveit_planning_scene.so.2.5.9
[2.466s] -- Up-to-date: /home/jone/ws_moveit/install/moveit_core/lib/libmoveit_planning_scene.so
[2.466s] -- Up-to-date: /home/jone/ws_moveit/install/moveit_core/lib/libmoveit_planning_request_adapter.so.2.5.9
[2.467s] -- Up-to-date: /home/jone/ws_moveit/install/moveit_core/lib/libmoveit_planning_request_adapter.so
[2.467s] -- Up-to-date: /home/jone/ws_moveit/install/moveit_core/lib/libmoveit_robot_model.so.2.5.9
[2.467s] -- Up-to-date: /home/jone/ws_moveit/install/moveit_core/lib/libmoveit_robot_model.so
[2.468s] -- Up-to-date: /home/jone/ws_moveit/install/moveit_core/lib/libmoveit_robot_state.so.2.5.9
[2.468s] -- Up-to-date: /home/jone/ws_moveit/install/moveit_core/lib/libmoveit_robot_state.so
[2.469s] -- Up-to-date: /home/jone/ws_moveit/install/moveit_core/lib/libmoveit_robot_trajectory.so.2.5.9
[2.469s] -- Up-to-date: /home/jone/ws_moveit/install/moveit_core/lib/libmoveit_robot_trajectory.so
[2.470s] -- Up-to-date: /home/jone/ws_moveit/install/moveit_core/lib/libmoveit_smoothing_base.so.2.5.9
[2.470s] -- Up-to-date: /home/jone/ws_moveit/install/moveit_core/lib/libmoveit_smoothing_base.so
[2.471s] -- Up-to-date: /home/jone/ws_moveit/install/moveit_core/lib/libmoveit_test_utils.so.2.5.9
[2.471s] -- Up-to-date: /home/jone/ws_moveit/install/moveit_core/lib/libmoveit_test_utils.so
[2.471s] -- Up-to-date: /home/jone/ws_moveit/install/moveit_core/lib/libmoveit_trajectory_processing.so.2.5.9
[2.471s] -- Up-to-date: /home/jone/ws_moveit/install/moveit_core/lib/libmoveit_trajectory_processing.so
[2.472s] -- Up-to-date: /home/jone/ws_moveit/install/moveit_core/lib/libmoveit_transforms.so.2.5.9
[2.472s] -- Up-to-date: /home/jone/ws_moveit/install/moveit_core/lib/libmoveit_transforms.so
[2.473s] -- Up-to-date: /home/jone/ws_moveit/install/moveit_core/lib/libmoveit_utils.so.2.5.9
[2.473s] -- Up-to-date: /home/jone/ws_moveit/install/moveit_core/lib/libmoveit_utils.so
[2.473s] -- Up-to-date: /home/jone/ws_moveit/install/moveit_core/share/moveit_core/environment/library_path.sh
[2.473s] -- Installing: /home/jone/ws_moveit/install/moveit_core/share/moveit_core/environment/library_path.dsv
[2.474s] -- Up-to-date: /home/jone/ws_moveit/install/moveit_core/share/moveit_core/collision_detector_fcl_description.xml
[2.474s] -- Up-to-date: /home/jone/ws_moveit/install/moveit_core/share/moveit_core/collision_detector_bullet_description.xml
[2.474s] -- Up-to-date: /home/jone/ws_moveit/install/moveit_core/share/moveit_core/filter_plugin_butterworth.xml
[2.474s] -- Up-to-date: /home/jone/ws_moveit/install/moveit_core/share/ament_index/resource_index/package_run_dependencies/moveit_core
[2.474s] -- Up-to-date: /home/jone/ws_moveit/install/moveit_core/share/ament_index/resource_index/parent_prefix_path/moveit_core
[2.474s] -- Up-to-date: /home/jone/ws_moveit/install/moveit_core/share/moveit_core/environment/ament_prefix_path.sh
[2.474s] -- Installing: /home/jone/ws_moveit/install/moveit_core/share/moveit_core/environment/ament_prefix_path.dsv
[2.474s] -- Up-to-date: /home/jone/ws_moveit/install/moveit_core/share/moveit_core/environment/path.sh
[2.475s] -- Installing: /home/jone/ws_moveit/install/moveit_core/share/moveit_core/environment/path.dsv
[2.475s] -- Up-to-date: /home/jone/ws_moveit/install/moveit_core/share/moveit_core/local_setup.bash
[2.475s] -- Up-to-date: /home/jone/ws_moveit/install/moveit_core/share/moveit_core/local_setup.sh
[2.475s] -- Up-to-date: /home/jone/ws_moveit/install/moveit_core/share/moveit_core/local_setup.zsh
[2.475s] -- Installing: /home/jone/ws_moveit/install/moveit_core/share/moveit_core/local_setup.dsv
[2.475s] -- Installing: /home/jone/ws_moveit/install/moveit_core/share/moveit_core/package.dsv
[2.475s] -- Up-to-date: /home/jone/ws_moveit/install/moveit_core/share/ament_index/resource_index/packages/moveit_core
[2.475s] -- Up-to-date: /home/jone/ws_moveit/install/moveit_core/share/ament_index/resource_index/moveit_core__pluginlib__plugin/moveit_core
[2.476s] -- Up-to-date: /home/jone/ws_moveit/install/moveit_core/share/moveit_core/cmake/export_moveit_coreExport.cmake
[2.476s] -- Up-to-date: /home/jone/ws_moveit/install/moveit_core/share/moveit_core/cmake/export_moveit_coreExport-release.cmake
[2.476s] -- Up-to-date: /home/jone/ws_moveit/install/moveit_core/share/moveit_core/cmake/ConfigExtras.cmake
[2.476s] -- Up-to-date: /home/jone/ws_moveit/install/moveit_core/share/moveit_core/cmake/ament_cmake_export_targets-extras.cmake
[2.476s] -- Up-to-date: /home/jone/ws_moveit/install/moveit_core/share/moveit_core/cmake/ament_cmake_export_dependencies-extras.cmake
[2.476s] -- Up-to-date: /home/jone/ws_moveit/install/moveit_core/share/moveit_core/cmake/moveit_coreConfig.cmake
[2.476s] -- Up-to-date: /home/jone/ws_moveit/install/moveit_core/share/moveit_core/cmake/moveit_coreConfig-version.cmake
[2.477s] -- Up-to-date: /home/jone/ws_moveit/install/moveit_core/share/moveit_core/package.xml
[2.479s] Invoked command in '/home/jone/ws_moveit/build/moveit_core' returned '0': AMENT_PREFIX_PATH=/home/jone/ws_moveit/install/moveit_resources_panda_moveit_config:/home/jone/ws_moveit/install/srdfdom:/home/jone/ws_moveit/install/moveit_resources_pr2_description:/home/jone/ws_moveit/install/moveit_resources_panda_description:/home/jone/ws_moveit/install/moveit_common:${AMENT_PREFIX_PATH} CMAKE_PREFIX_PATH=/home/jone/ws_moveit/install/moveit_resources_panda_moveit_config:/home/jone/ws_moveit/install/srdfdom:/home/jone/ws_moveit/install/moveit_resources_pr2_description:/home/jone/ws_moveit/install/moveit_resources_panda_description:/home/jone/ws_moveit/install/moveit_common:/opt/ros/humble LD_LIBRARY_PATH=/home/jone/ws_moveit/install/srdfdom/lib:/opt/ros/humble/opt/rviz_ogre_vendor/lib:/opt/ros/humble/lib/x86_64-linux-gnu:/opt/ros/humble/lib:/usr/lib/x86_64-linux-gnu/gazebo-11/plugins:/usr/lib/x86_64-linux-gnu/gazebo-11/plugins:/usr/lib/x86_64-linux-gnu/gazebo-11/plugins PYTHONPATH=/home/jone/ws_moveit/install/srdfdom/local/lib/python3.10/dist-packages:${PYTHONPATH} /usr/bin/cmake --install /home/jone/ws_moveit/build/moveit_core
