[0.006s] Invoking command in '/home/jone/ws_moveit/build/rviz_marker_tools': AMENT_PREFIX_PATH=/home/jone/ws_moveit/install/moveit_common:${AMENT_PREFIX_PATH} CMAKE_PREFIX_PATH=/home/jone/ws_moveit/install/moveit_common:/opt/ros/humble /usr/bin/cmake --build /home/jone/ws_moveit/build/rviz_marker_tools
[0.061s] [100%] Built target rviz_marker_tools
[0.071s] Invoked command in '/home/jone/ws_moveit/build/rviz_marker_tools' returned '0': AMENT_PREFIX_PATH=/home/jone/ws_moveit/install/moveit_common:${AMENT_PREFIX_PATH} CMAKE_PREFIX_PATH=/home/jone/ws_moveit/install/moveit_common:/opt/ros/humble /usr/bin/cmake --build /home/jone/ws_moveit/build/rviz_marker_tools
[0.073s] Invoking command in '/home/jone/ws_moveit/build/rviz_marker_tools': AMENT_PREFIX_PATH=/home/jone/ws_moveit/install/moveit_common:${AMENT_PREFIX_PATH} CMAKE_PREFIX_PATH=/home/jone/ws_moveit/install/moveit_common:/opt/ros/humble /usr/bin/cmake --install /home/jone/ws_moveit/build/rviz_marker_tools
[0.079s] -- Install configuration: "Release"
[0.079s] -- Up-to-date: /home/jone/ws_moveit/install/rviz_marker_tools/include
[0.080s] -- Up-to-date: /home/jone/ws_moveit/install/rviz_marker_tools/include/rviz_marker_tools
[0.080s] -- Up-to-date: /home/jone/ws_moveit/install/rviz_marker_tools/include/rviz_marker_tools/marker_creation.h
[0.080s] -- Up-to-date: /home/jone/ws_moveit/install/rviz_marker_tools/lib/librviz_marker_tools.so
[0.081s] -- Up-to-date: /home/jone/ws_moveit/install/rviz_marker_tools/share/rviz_marker_tools/environment/library_path.sh
[0.081s] -- Up-to-date: /home/jone/ws_moveit/install/rviz_marker_tools/share/rviz_marker_tools/environment/library_path.dsv
[0.081s] -- Up-to-date: /home/jone/ws_moveit/install/rviz_marker_tools/share/ament_index/resource_index/package_run_dependencies/rviz_marker_tools
[0.081s] -- Up-to-date: /home/jone/ws_moveit/install/rviz_marker_tools/share/ament_index/resource_index/parent_prefix_path/rviz_marker_tools
[0.081s] -- Up-to-date: /home/jone/ws_moveit/install/rviz_marker_tools/share/rviz_marker_tools/environment/ament_prefix_path.sh
[0.081s] -- Up-to-date: /home/jone/ws_moveit/install/rviz_marker_tools/share/rviz_marker_tools/environment/ament_prefix_path.dsv
[0.081s] -- Up-to-date: /home/jone/ws_moveit/install/rviz_marker_tools/share/rviz_marker_tools/environment/path.sh
[0.081s] -- Up-to-date: /home/jone/ws_moveit/install/rviz_marker_tools/share/rviz_marker_tools/environment/path.dsv
[0.081s] -- Up-to-date: /home/jone/ws_moveit/install/rviz_marker_tools/share/rviz_marker_tools/local_setup.bash
[0.081s] -- Up-to-date: /home/jone/ws_moveit/install/rviz_marker_tools/share/rviz_marker_tools/local_setup.sh
[0.082s] -- Up-to-date: /home/jone/ws_moveit/install/rviz_marker_tools/share/rviz_marker_tools/local_setup.zsh
[0.082s] -- Up-to-date: /home/jone/ws_moveit/install/rviz_marker_tools/share/rviz_marker_tools/local_setup.dsv
[0.082s] -- Up-to-date: /home/jone/ws_moveit/install/rviz_marker_tools/share/rviz_marker_tools/package.dsv
[0.082s] -- Up-to-date: /home/jone/ws_moveit/install/rviz_marker_tools/share/ament_index/resource_index/packages/rviz_marker_tools
[0.083s] -- Up-to-date: /home/jone/ws_moveit/install/rviz_marker_tools/share/rviz_marker_tools/cmake/rviz_marker_toolsTargetsExport.cmake
[0.083s] -- Up-to-date: /home/jone/ws_moveit/install/rviz_marker_tools/share/rviz_marker_tools/cmake/rviz_marker_toolsTargetsExport-release.cmake
[0.083s] -- Up-to-date: /home/jone/ws_moveit/install/rviz_marker_tools/share/rviz_marker_tools/cmake/ament_cmake_export_targets-extras.cmake
[0.083s] -- Up-to-date: /home/jone/ws_moveit/install/rviz_marker_tools/share/rviz_marker_tools/cmake/ament_cmake_export_dependencies-extras.cmake
[0.083s] -- Up-to-date: /home/jone/ws_moveit/install/rviz_marker_tools/share/rviz_marker_tools/cmake/rviz_marker_toolsConfig.cmake
[0.083s] -- Up-to-date: /home/jone/ws_moveit/install/rviz_marker_tools/share/rviz_marker_tools/cmake/rviz_marker_toolsConfig-version.cmake
[0.083s] -- Up-to-date: /home/jone/ws_moveit/install/rviz_marker_tools/share/rviz_marker_tools/package.xml
[0.085s] Invoked command in '/home/jone/ws_moveit/build/rviz_marker_tools' returned '0': AMENT_PREFIX_PATH=/home/jone/ws_moveit/install/moveit_common:${AMENT_PREFIX_PATH} CMAKE_PREFIX_PATH=/home/jone/ws_moveit/install/moveit_common:/opt/ros/humble /usr/bin/cmake --install /home/jone/ws_moveit/build/rviz_marker_tools
