[0.006s] Invoking command in '/home/jone/ws_moveit/build/srdfdom': CMAKE_PREFIX_PATH=/opt/ros/humble /usr/bin/cmake /home/jone/ws_moveit/src/srdfdom -DCMAKE_BUILD_PARALLEL_LEVEL=1 -DCMAKE_INSTALL_PREFIX=/home/jone/ws_moveit/install/srdfdom
[0.024s] -- Found ament_cmake: 1.3.12 (/opt/ros/humble/share/ament_cmake/cmake)
[0.118s] -- Found urdf: 2.6.1 (/opt/ros/humble/share/urdf/cmake)
[0.150s] -- Found TinyXML2 via Config file: TinyXML2_DIR-NOTFOUND
[0.195s] -- Found ament_cmake_gtest: 1.3.12 (/opt/ros/humble/share/ament_cmake_gtest/cmake)
[0.195s] -- Found ament_cmake_pytest: 1.3.12 (/opt/ros/humble/share/ament_cmake_pytest/cmake)
[0.507s] -- Found gtest sources under '/opt/ros/humble/src/gtest_vendor': C++ tests using 'Google Test' will be built
[0.512s] -- Found ament_lint_auto: 0.12.14 (/opt/ros/humble/share/ament_lint_auto/cmake)
[0.530s] -- Configuring done
[0.547s] -- Generating done
[0.548s] [33mCMake Warning:
[0.548s]   Manually-specified variables were not used by the project:
[0.549s] 
[0.549s]     CMAKE_BUILD_PARALLEL_LEVEL
[0.549s] 
[0.549s] [0m
[0.551s] -- Build files have been written to: /home/jone/ws_moveit/build/srdfdom
[0.556s] Invoked command in '/home/jone/ws_moveit/build/srdfdom' returned '0': CMAKE_PREFIX_PATH=/opt/ros/humble /usr/bin/cmake /home/jone/ws_moveit/src/srdfdom -DCMAKE_BUILD_PARALLEL_LEVEL=1 -DCMAKE_INSTALL_PREFIX=/home/jone/ws_moveit/install/srdfdom
[0.557s] Invoking command in '/home/jone/ws_moveit/build/srdfdom': CMAKE_PREFIX_PATH=/opt/ros/humble /usr/bin/cmake --build /home/jone/ws_moveit/build/srdfdom -- -j16 -l16
[0.590s] [35m[1mConsolidate compiler generated dependencies of target gtest_main[0m
[0.590s] [35m[1mConsolidate compiler generated dependencies of target gtest[0m
[0.591s] [35m[1mConsolidate compiler generated dependencies of target srdfdom[0m
[0.601s] [ 18%] Built target gtest
[0.601s] [ 36%] Built target gtest_main
[0.605s] [ 36%] Built target ament_cmake_python_copy_srdfdom
[0.628s] [ 63%] Built target srdfdom
[0.638s] [35m[1mConsolidate compiler generated dependencies of target test_cpp_nl_NL.UTF-8[0m
[0.638s] [35m[1mConsolidate compiler generated dependencies of target test_cpp_C[0m
[0.651s] [100%] Built target test_cpp_C
[0.652s] [100%] Built target test_cpp_nl_NL.UTF-8
[0.790s] running egg_info
[0.790s] writing srdfdom.egg-info/PKG-INFO
[0.790s] writing dependency_links to srdfdom.egg-info/dependency_links.txt
[0.790s] writing top-level names to srdfdom.egg-info/top_level.txt
[0.792s] reading manifest file 'srdfdom.egg-info/SOURCES.txt'
[0.792s] writing manifest file 'srdfdom.egg-info/SOURCES.txt'
[0.812s] [100%] Built target ament_cmake_python_build_srdfdom_egg
[0.823s] Invoked command in '/home/jone/ws_moveit/build/srdfdom' returned '0': CMAKE_PREFIX_PATH=/opt/ros/humble /usr/bin/cmake --build /home/jone/ws_moveit/build/srdfdom -- -j16 -l16
[0.824s] Invoking command in '/home/jone/ws_moveit/build/srdfdom': CMAKE_PREFIX_PATH=/opt/ros/humble /usr/bin/cmake --install /home/jone/ws_moveit/build/srdfdom
[0.830s] -- Install configuration: "Release"
[0.831s] -- Up-to-date: /home/jone/ws_moveit/install/srdfdom/lib/libsrdfdom.so.2.0.8
[0.831s] -- Up-to-date: /home/jone/ws_moveit/install/srdfdom/lib/libsrdfdom.so
[0.832s] -- Up-to-date: /home/jone/ws_moveit/install/srdfdom/include/srdfdom
[0.832s] -- Up-to-date: /home/jone/ws_moveit/install/srdfdom/include/srdfdom/srdfdom
[0.832s] -- Up-to-date: /home/jone/ws_moveit/install/srdfdom/include/srdfdom/srdfdom/srdf_writer.h
[0.832s] -- Up-to-date: /home/jone/ws_moveit/install/srdfdom/include/srdfdom/srdfdom/model.h
[0.832s] -- Up-to-date: /home/jone/ws_moveit/install/srdfdom/include/srdfdom/srdfdom/visibility_control.h
[0.832s] -- Up-to-date: /home/jone/ws_moveit/install/srdfdom/lib/srdfdom/display_srdf
[0.832s] -- Up-to-date: /home/jone/ws_moveit/install/srdfdom/share/srdfdom/environment/pythonpath.sh
[0.832s] -- Installing: /home/jone/ws_moveit/install/srdfdom/share/srdfdom/environment/pythonpath.dsv
[0.833s] -- Up-to-date: /home/jone/ws_moveit/install/srdfdom/local/lib/python3.10/dist-packages/srdfdom-2.0.8-py3.10.egg-info
[0.833s] -- Installing: /home/jone/ws_moveit/install/srdfdom/local/lib/python3.10/dist-packages/srdfdom-2.0.8-py3.10.egg-info/SOURCES.txt
[0.833s] -- Installing: /home/jone/ws_moveit/install/srdfdom/local/lib/python3.10/dist-packages/srdfdom-2.0.8-py3.10.egg-info/top_level.txt
[0.833s] -- Installing: /home/jone/ws_moveit/install/srdfdom/local/lib/python3.10/dist-packages/srdfdom-2.0.8-py3.10.egg-info/dependency_links.txt
[0.834s] -- Installing: /home/jone/ws_moveit/install/srdfdom/local/lib/python3.10/dist-packages/srdfdom-2.0.8-py3.10.egg-info/PKG-INFO
[0.834s] -- Up-to-date: /home/jone/ws_moveit/install/srdfdom/local/lib/python3.10/dist-packages/srdfdom
[0.834s] -- Up-to-date: /home/jone/ws_moveit/install/srdfdom/local/lib/python3.10/dist-packages/srdfdom/__init__.py
[0.834s] -- Up-to-date: /home/jone/ws_moveit/install/srdfdom/local/lib/python3.10/dist-packages/srdfdom/srdf.py
[0.857s] Listing '/home/jone/ws_moveit/install/srdfdom/local/lib/python3.10/dist-packages/srdfdom'...
[0.860s] -- Up-to-date: /home/jone/ws_moveit/install/srdfdom/share/srdfdom/environment/library_path.sh
[0.861s] -- Installing: /home/jone/ws_moveit/install/srdfdom/share/srdfdom/environment/library_path.dsv
[0.861s] -- Up-to-date: /home/jone/ws_moveit/install/srdfdom/share/ament_index/resource_index/package_run_dependencies/srdfdom
[0.861s] -- Up-to-date: /home/jone/ws_moveit/install/srdfdom/share/ament_index/resource_index/parent_prefix_path/srdfdom
[0.861s] -- Up-to-date: /home/jone/ws_moveit/install/srdfdom/share/srdfdom/environment/ament_prefix_path.sh
[0.861s] -- Installing: /home/jone/ws_moveit/install/srdfdom/share/srdfdom/environment/ament_prefix_path.dsv
[0.862s] -- Up-to-date: /home/jone/ws_moveit/install/srdfdom/share/srdfdom/environment/path.sh
[0.862s] -- Installing: /home/jone/ws_moveit/install/srdfdom/share/srdfdom/environment/path.dsv
[0.862s] -- Up-to-date: /home/jone/ws_moveit/install/srdfdom/share/srdfdom/local_setup.bash
[0.862s] -- Up-to-date: /home/jone/ws_moveit/install/srdfdom/share/srdfdom/local_setup.sh
[0.862s] -- Up-to-date: /home/jone/ws_moveit/install/srdfdom/share/srdfdom/local_setup.zsh
[0.862s] -- Installing: /home/jone/ws_moveit/install/srdfdom/share/srdfdom/local_setup.dsv
[0.862s] -- Installing: /home/jone/ws_moveit/install/srdfdom/share/srdfdom/package.dsv
[0.862s] -- Up-to-date: /home/jone/ws_moveit/install/srdfdom/share/ament_index/resource_index/packages/srdfdom
[0.864s] -- Up-to-date: /home/jone/ws_moveit/install/srdfdom/share/srdfdom/cmake/srdfdomTargetsExport.cmake
[0.864s] -- Up-to-date: /home/jone/ws_moveit/install/srdfdom/share/srdfdom/cmake/srdfdomTargetsExport-release.cmake
[0.864s] -- Up-to-date: /home/jone/ws_moveit/install/srdfdom/share/srdfdom/cmake/ament_cmake_export_targets-extras.cmake
[0.864s] -- Up-to-date: /home/jone/ws_moveit/install/srdfdom/share/srdfdom/cmake/ament_cmake_export_dependencies-extras.cmake
[0.864s] -- Up-to-date: /home/jone/ws_moveit/install/srdfdom/share/srdfdom/cmake/srdfdomConfig.cmake
[0.864s] -- Up-to-date: /home/jone/ws_moveit/install/srdfdom/share/srdfdom/cmake/srdfdomConfig-version.cmake
[0.864s] -- Up-to-date: /home/jone/ws_moveit/install/srdfdom/share/srdfdom/package.xml
[0.866s] Invoked command in '/home/jone/ws_moveit/build/srdfdom' returned '0': CMAKE_PREFIX_PATH=/opt/ros/humble /usr/bin/cmake --install /home/jone/ws_moveit/build/srdfdom
