[0.015s] Invoking command in '/home/jone/ws_moveit/build/moveit_resources_pr2_description': /usr/bin/cmake /home/jone/ws_moveit/src/moveit_resources/pr2_description -DCMAKE_BUILD_TYPE=Release -DCMAKE_INSTALL_PREFIX=/home/jone/ws_moveit/install/moveit_resources_pr2_description
[0.182s] -- The C compiler identification is GNU 11.4.0
[0.183s] -- The CXX compiler identification is GNU 11.4.0
[0.183s] -- Detecting C compiler ABI info
[0.237s] -- Detecting C compiler ABI info - done
[0.244s] -- Check for working C compiler: /usr/bin/cc - skipped
[0.244s] -- Detecting C compile features
[0.245s] -- Detecting C compile features - done
[0.247s] -- Detecting CXX compiler ABI info
[0.325s] -- Detecting CXX compiler ABI info - done
[0.331s] -- Check for working CXX compiler: /usr/bin/c++ - skipped
[0.331s] -- Detecting CXX compile features
[0.331s] -- Detecting CXX compile features - done
[0.343s] [31mCMake Error at CMakeLists.txt:3 (find_package):
[0.343s]   By not providing "Findament_cmake.cmake" in CMAKE_MODULE_PATH this project
[0.343s]   has asked CMake to find a package configuration file provided by
[0.343s]   "ament_cmake", but CMake did not find one.
[0.343s] 
[0.343s]   Could not find a package configuration file provided by "ament_cmake" with
[0.343s]   any of the following names:
[0.343s] 
[0.343s]     ament_cmakeConfig.cmake
[0.343s]     ament_cmake-config.cmake
[0.343s] 
[0.343s]   Add the installation prefix of "ament_cmake" to CMAKE_PREFIX_PATH or set
[0.343s]   "ament_cmake_DIR" to a directory containing one of the above files.  If
[0.343s]   "ament_cmake" provides a separate development package or SDK, be sure it
[0.343s]   has been installed.
[0.343s] 
[0.343s] [0m
[0.344s] -- Configuring incomplete, errors occurred!
[0.344s] See also "/home/jone/ws_moveit/build/moveit_resources_pr2_description/CMakeFiles/CMakeOutput.log".
