[0.021s] Invoking command in '/home/jone/ws_moveit/build/moveit_ros_move_group': AMENT_PREFIX_PATH=/home/jone/ws_moveit/install/moveit_kinematics:/home/jone/ws_moveit/install/moveit_ros_planning:/home/jone/ws_moveit/install/moveit_ros_occupancy_map_monitor:/home/jone/ws_moveit/install/moveit_core:/home/jone/ws_moveit/install/moveit_resources_panda_moveit_config:/home/jone/ws_moveit/install/moveit_resources_fanuc_moveit_config:/home/jone/ws_moveit/install/moveit_configs_utils:/home/jone/ws_moveit/install/srdfdom:/home/jone/ws_moveit/install/moveit_resources_pr2_description:/home/jone/ws_moveit/install/moveit_resources_panda_description:/home/jone/ws_moveit/install/moveit_resources_fanuc_description:/home/jone/ws_moveit/install/moveit_common:/home/jone/ws_moveit/install/launch_param_builder:${AMENT_PREFIX_PATH} CMAKE_PREFIX_PATH=/home/jone/ws_moveit/install/moveit_kinematics:/home/jone/ws_moveit/install/moveit_ros_planning:/home/jone/ws_moveit/install/moveit_ros_occupancy_map_monitor:/home/jone/ws_moveit/install/moveit_core:/home/jone/ws_moveit/install/moveit_resources_panda_moveit_config:/home/jone/ws_moveit/install/moveit_resources_fanuc_moveit_config:/home/jone/ws_moveit/install/srdfdom:/home/jone/ws_moveit/install/moveit_resources_pr2_description:/home/jone/ws_moveit/install/moveit_resources_panda_description:/home/jone/ws_moveit/install/moveit_resources_fanuc_description:/home/jone/ws_moveit/install/moveit_common:/opt/ros/humble LD_LIBRARY_PATH=/home/jone/ws_moveit/install/moveit_kinematics/lib:/home/jone/ws_moveit/install/moveit_ros_planning/lib:/home/jone/ws_moveit/install/moveit_ros_occupancy_map_monitor/lib:/home/jone/ws_moveit/install/moveit_core/lib:/home/jone/ws_moveit/install/srdfdom/lib:/opt/ros/humble/opt/rviz_ogre_vendor/lib:/opt/ros/humble/lib/x86_64-linux-gnu:/opt/ros/humble/lib:/usr/lib/x86_64-linux-gnu/gazebo-11/plugins:/usr/lib/x86_64-linux-gnu/gazebo-11/plugins:/usr/lib/x86_64-linux-gnu/gazebo-11/plugins PATH=/home/jone/ws_moveit/install/moveit_core/bin:${PATH} PYTHONPATH=/home/jone/ws_moveit/install/moveit_configs_utils/lib/python3.10/site-packages:/home/jone/ws_moveit/install/srdfdom/local/lib/python3.10/dist-packages:/home/jone/ws_moveit/install/launch_param_builder/lib/python3.10/site-packages:${PYTHONPATH} /usr/bin/cmake /home/jone/ws_moveit/src/moveit2/moveit_ros/move_group -DCMAKE_BUILD_TYPE=Release -DCMAKE_INSTALL_PREFIX=/home/jone/ws_moveit/install/moveit_ros_move_group
[0.068s] -- The C compiler identification is GNU 11.4.0
[0.114s] -- The CXX compiler identification is GNU 11.4.0
[0.120s] -- Detecting C compiler ABI info
[0.179s] -- Detecting C compiler ABI info - done
[0.184s] -- Check for working C compiler: /usr/bin/cc - skipped
[0.184s] -- Detecting C compile features
[0.185s] -- Detecting C compile features - done
[0.187s] -- Detecting CXX compiler ABI info
[0.257s] -- Detecting CXX compiler ABI info - done
[0.262s] -- Check for working CXX compiler: /usr/bin/c++ - skipped
[0.262s] -- Detecting CXX compile features
[0.262s] -- Detecting CXX compile features - done
[0.264s] -- Found moveit_common: 2.5.9 (/home/jone/ws_moveit/install/moveit_common/share/moveit_common/cmake)
[0.267s] -- Found ament_cmake: 1.3.12 (/opt/ros/humble/share/ament_cmake/cmake)
[0.389s] -- Found Python3: /usr/bin/python3 (found version "3.10.12") found components: Interpreter 
[0.527s] -- Found moveit_core: 2.5.9 (/home/jone/ws_moveit/install/moveit_core/share/moveit_core/cmake)
[0.741s] -- Found Boost: /usr/lib/x86_64-linux-gnu/cmake/Boost-1.74.0/BoostConfig.cmake (found version "1.74.0") found components: chrono date_time filesystem iostreams program_options regex serialization system thread 
[0.801s] -- Found parameter_traits: 0.5.0 (/opt/ros/humble/share/parameter_traits/cmake)
[0.845s] -- Found rosidl_generator_c: 3.1.7 (/opt/ros/humble/share/rosidl_generator_c/cmake)
[0.851s] -- Found rosidl_adapter: 3.1.7 (/opt/ros/humble/share/rosidl_adapter/cmake)
[0.860s] -- Found rosidl_generator_cpp: 3.1.7 (/opt/ros/humble/share/rosidl_generator_cpp/cmake)
[0.874s] -- Using all available rosidl_typesupport_c: rosidl_typesupport_fastrtps_c;rosidl_typesupport_introspection_c
[0.890s] -- Using all available rosidl_typesupport_cpp: rosidl_typesupport_fastrtps_cpp;rosidl_typesupport_introspection_cpp
[0.936s] -- Found rmw_implementation_cmake: 6.1.2 (/opt/ros/humble/share/rmw_implementation_cmake/cmake)
[0.940s] -- Found rmw_fastrtps_cpp: 6.2.9 (/opt/ros/humble/share/rmw_fastrtps_cpp/cmake)
[1.039s] -- Found OpenSSL: /usr/lib/x86_64-linux-gnu/libcrypto.so (found version "3.0.2")  
[1.153s] -- Found FastRTPS: /opt/ros/humble/include  
[1.205s] -- Using RMW implementation 'rmw_fastrtps_cpp' as default
[1.217s] -- Found Threads: TRUE  
[1.268s] -- Found rclcpp_lifecycle: 16.0.15 (/opt/ros/humble/share/rclcpp_lifecycle/cmake)
[1.290s] -- Found Boost: /usr/lib/x86_64-linux-gnu/cmake/Boost-1.74.0/BoostConfig.cmake (found version "1.74.0") found components: filesystem 
[1.396s] -- library: /usr/lib/x86_64-linux-gnu/libcurl.so
[1.452s] -- Found Eigen3: TRUE (found version "3.4.0") 
[1.452s] -- Ensuring Eigen3 include directory is part of orocos-kdl CMake target
[1.665s] -- Found moveit_ros_planning: 2.5.9 (/home/jone/ws_moveit/install/moveit_ros_planning/share/moveit_ros_planning/cmake)
[1.671s] -- Found Boost: /usr/lib/x86_64-linux-gnu/cmake/Boost-1.74.0/BoostConfig.cmake (found version "1.74.0") found components: system filesystem date_time program_options thread chrono 
[1.704s] -- Found std_srvs: 4.9.0 (/opt/ros/humble/share/std_srvs/cmake)
[1.727s] -- Found Boost: /usr/lib/x86_64-linux-gnu/cmake/Boost-1.74.0/BoostConfig.cmake (found version "1.74.0") found components: system filesystem date_time program_options thread 
[1.755s] -- Found ament_lint_auto: 0.12.14 (/opt/ros/humble/share/ament_lint_auto/cmake)
[1.782s] -- Added test 'cppcheck' to perform static code analysis on C / C++ code
[1.783s] -- Configured cppcheck include dirs: /home/jone/ws_moveit/src/moveit2/moveit_ros/move_group/include
[1.783s] -- Configured cppcheck exclude dirs and/or files: 
[1.784s] -- Added test 'lint_cmake' to check CMake code style
[1.785s] -- Added test 'pep257' to check Python code against some of the docstring style conventions in PEP 257
[1.785s] -- Added test 'xmllint' to check XML markup files
[1.787s] -- Configuring done
[1.848s] -- Generating done
[1.862s] -- Build files have been written to: /home/jone/ws_moveit/build/moveit_ros_move_group
[1.875s] Invoked command in '/home/jone/ws_moveit/build/moveit_ros_move_group' returned '0': AMENT_PREFIX_PATH=/home/jone/ws_moveit/install/moveit_kinematics:/home/jone/ws_moveit/install/moveit_ros_planning:/home/jone/ws_moveit/install/moveit_ros_occupancy_map_monitor:/home/jone/ws_moveit/install/moveit_core:/home/jone/ws_moveit/install/moveit_resources_panda_moveit_config:/home/jone/ws_moveit/install/moveit_resources_fanuc_moveit_config:/home/jone/ws_moveit/install/moveit_configs_utils:/home/jone/ws_moveit/install/srdfdom:/home/jone/ws_moveit/install/moveit_resources_pr2_description:/home/jone/ws_moveit/install/moveit_resources_panda_description:/home/jone/ws_moveit/install/moveit_resources_fanuc_description:/home/jone/ws_moveit/install/moveit_common:/home/jone/ws_moveit/install/launch_param_builder:${AMENT_PREFIX_PATH} CMAKE_PREFIX_PATH=/home/jone/ws_moveit/install/moveit_kinematics:/home/jone/ws_moveit/install/moveit_ros_planning:/home/jone/ws_moveit/install/moveit_ros_occupancy_map_monitor:/home/jone/ws_moveit/install/moveit_core:/home/jone/ws_moveit/install/moveit_resources_panda_moveit_config:/home/jone/ws_moveit/install/moveit_resources_fanuc_moveit_config:/home/jone/ws_moveit/install/srdfdom:/home/jone/ws_moveit/install/moveit_resources_pr2_description:/home/jone/ws_moveit/install/moveit_resources_panda_description:/home/jone/ws_moveit/install/moveit_resources_fanuc_description:/home/jone/ws_moveit/install/moveit_common:/opt/ros/humble LD_LIBRARY_PATH=/home/jone/ws_moveit/install/moveit_kinematics/lib:/home/jone/ws_moveit/install/moveit_ros_planning/lib:/home/jone/ws_moveit/install/moveit_ros_occupancy_map_monitor/lib:/home/jone/ws_moveit/install/moveit_core/lib:/home/jone/ws_moveit/install/srdfdom/lib:/opt/ros/humble/opt/rviz_ogre_vendor/lib:/opt/ros/humble/lib/x86_64-linux-gnu:/opt/ros/humble/lib:/usr/lib/x86_64-linux-gnu/gazebo-11/plugins:/usr/lib/x86_64-linux-gnu/gazebo-11/plugins:/usr/lib/x86_64-linux-gnu/gazebo-11/plugins PATH=/home/jone/ws_moveit/install/moveit_core/bin:${PATH} PYTHONPATH=/home/jone/ws_moveit/install/moveit_configs_utils/lib/python3.10/site-packages:/home/jone/ws_moveit/install/srdfdom/local/lib/python3.10/dist-packages:/home/jone/ws_moveit/install/launch_param_builder/lib/python3.10/site-packages:${PYTHONPATH} /usr/bin/cmake /home/jone/ws_moveit/src/moveit2/moveit_ros/move_group -DCMAKE_BUILD_TYPE=Release -DCMAKE_INSTALL_PREFIX=/home/jone/ws_moveit/install/moveit_ros_move_group
[1.876s] Invoking command in '/home/jone/ws_moveit/build/moveit_ros_move_group': AMENT_PREFIX_PATH=/home/jone/ws_moveit/install/moveit_kinematics:/home/jone/ws_moveit/install/moveit_ros_planning:/home/jone/ws_moveit/install/moveit_ros_occupancy_map_monitor:/home/jone/ws_moveit/install/moveit_core:/home/jone/ws_moveit/install/moveit_resources_panda_moveit_config:/home/jone/ws_moveit/install/moveit_resources_fanuc_moveit_config:/home/jone/ws_moveit/install/moveit_configs_utils:/home/jone/ws_moveit/install/srdfdom:/home/jone/ws_moveit/install/moveit_resources_pr2_description:/home/jone/ws_moveit/install/moveit_resources_panda_description:/home/jone/ws_moveit/install/moveit_resources_fanuc_description:/home/jone/ws_moveit/install/moveit_common:/home/jone/ws_moveit/install/launch_param_builder:${AMENT_PREFIX_PATH} CMAKE_PREFIX_PATH=/home/jone/ws_moveit/install/moveit_kinematics:/home/jone/ws_moveit/install/moveit_ros_planning:/home/jone/ws_moveit/install/moveit_ros_occupancy_map_monitor:/home/jone/ws_moveit/install/moveit_core:/home/jone/ws_moveit/install/moveit_resources_panda_moveit_config:/home/jone/ws_moveit/install/moveit_resources_fanuc_moveit_config:/home/jone/ws_moveit/install/srdfdom:/home/jone/ws_moveit/install/moveit_resources_pr2_description:/home/jone/ws_moveit/install/moveit_resources_panda_description:/home/jone/ws_moveit/install/moveit_resources_fanuc_description:/home/jone/ws_moveit/install/moveit_common:/opt/ros/humble LD_LIBRARY_PATH=/home/jone/ws_moveit/install/moveit_kinematics/lib:/home/jone/ws_moveit/install/moveit_ros_planning/lib:/home/jone/ws_moveit/install/moveit_ros_occupancy_map_monitor/lib:/home/jone/ws_moveit/install/moveit_core/lib:/home/jone/ws_moveit/install/srdfdom/lib:/opt/ros/humble/opt/rviz_ogre_vendor/lib:/opt/ros/humble/lib/x86_64-linux-gnu:/opt/ros/humble/lib:/usr/lib/x86_64-linux-gnu/gazebo-11/plugins:/usr/lib/x86_64-linux-gnu/gazebo-11/plugins:/usr/lib/x86_64-linux-gnu/gazebo-11/plugins PATH=/home/jone/ws_moveit/install/moveit_core/bin:${PATH} PYTHONPATH=/home/jone/ws_moveit/install/moveit_configs_utils/lib/python3.10/site-packages:/home/jone/ws_moveit/install/srdfdom/local/lib/python3.10/dist-packages:/home/jone/ws_moveit/install/launch_param_builder/lib/python3.10/site-packages:${PYTHONPATH} /usr/bin/cmake --build /home/jone/ws_moveit/build/moveit_ros_move_group -- -j16 -l16
[1.927s] [ 15%] [32mBuilding CXX object CMakeFiles/list_move_group_capabilities.dir/src/list_capabilities.cpp.o[0m
[1.927s] [ 15%] [32mBuilding CXX object CMakeFiles/moveit_move_group_capabilities_base.dir/src/move_group_context.cpp.o[0m
[1.927s] [ 15%] [32mBuilding CXX object CMakeFiles/moveit_move_group_capabilities_base.dir/src/move_group_capability.cpp.o[0m
[11.716s] [ 21%] [32m[1mLinking CXX shared library libmoveit_move_group_capabilities_base.so[0m
[11.887s] [ 21%] Built target moveit_move_group_capabilities_base
[11.911s] [ 52%] [32mBuilding CXX object CMakeFiles/moveit_move_group_default_capabilities.dir/src/default_capabilities/move_action_capability.cpp.o[0m
[11.911s] [ 52%] [32mBuilding CXX object CMakeFiles/moveit_move_group_default_capabilities.dir/src/default_capabilities/kinematics_service_capability.cpp.o[0m
[11.911s] [ 52%] [32mBuilding CXX object CMakeFiles/moveit_move_group_default_capabilities.dir/src/default_capabilities/state_validation_service_capability.cpp.o[0m
[11.911s] [ 52%] [32mBuilding CXX object CMakeFiles/moveit_move_group_default_capabilities.dir/src/default_capabilities/plan_service_capability.cpp.o[0m
[11.911s] [ 52%] [32mBuilding CXX object CMakeFiles/move_group.dir/src/move_group.cpp.o[0m
[11.911s] [ 52%] [32mBuilding CXX object CMakeFiles/moveit_move_group_default_capabilities.dir/src/default_capabilities/execute_trajectory_action_capability.cpp.o[0m
[11.911s] [ 57%] [32mBuilding CXX object CMakeFiles/moveit_move_group_default_capabilities.dir/src/default_capabilities/query_planners_service_capability.cpp.o[0m
[11.912s] [ 63%] [32mBuilding CXX object CMakeFiles/moveit_move_group_default_capabilities.dir/src/default_capabilities/cartesian_path_service_capability.cpp.o[0m
[11.912s] [ 68%] [32mBuilding CXX object CMakeFiles/moveit_move_group_default_capabilities.dir/src/default_capabilities/apply_planning_scene_service_capability.cpp.o[0m
[11.912s] [ 73%] [32mBuilding CXX object CMakeFiles/moveit_move_group_default_capabilities.dir/src/default_capabilities/get_planning_scene_service_capability.cpp.o[0m
[11.912s] [ 78%] [32mBuilding CXX object CMakeFiles/moveit_move_group_default_capabilities.dir/src/default_capabilities/clear_octomap_service_capability.cpp.o[0m
[11.913s] [ 84%] [32mBuilding CXX object CMakeFiles/moveit_move_group_default_capabilities.dir/src/default_capabilities/tf_publisher_capability.cpp.o[0m
[14.326s] [ 89%] [32m[1mLinking CXX executable list_move_group_capabilities[0m
[14.723s] [ 89%] Built target list_move_group_capabilities
[30.814s] [ 94%] [32m[1mLinking CXX executable move_group[0m
[31.349s] [ 94%] Built target move_group
[33.175s] [100%] [32m[1mLinking CXX shared library libmoveit_move_group_default_capabilities.so[0m
[33.478s] [100%] Built target moveit_move_group_default_capabilities
[33.550s] Invoked command in '/home/jone/ws_moveit/build/moveit_ros_move_group' returned '0': AMENT_PREFIX_PATH=/home/jone/ws_moveit/install/moveit_kinematics:/home/jone/ws_moveit/install/moveit_ros_planning:/home/jone/ws_moveit/install/moveit_ros_occupancy_map_monitor:/home/jone/ws_moveit/install/moveit_core:/home/jone/ws_moveit/install/moveit_resources_panda_moveit_config:/home/jone/ws_moveit/install/moveit_resources_fanuc_moveit_config:/home/jone/ws_moveit/install/moveit_configs_utils:/home/jone/ws_moveit/install/srdfdom:/home/jone/ws_moveit/install/moveit_resources_pr2_description:/home/jone/ws_moveit/install/moveit_resources_panda_description:/home/jone/ws_moveit/install/moveit_resources_fanuc_description:/home/jone/ws_moveit/install/moveit_common:/home/jone/ws_moveit/install/launch_param_builder:${AMENT_PREFIX_PATH} CMAKE_PREFIX_PATH=/home/jone/ws_moveit/install/moveit_kinematics:/home/jone/ws_moveit/install/moveit_ros_planning:/home/jone/ws_moveit/install/moveit_ros_occupancy_map_monitor:/home/jone/ws_moveit/install/moveit_core:/home/jone/ws_moveit/install/moveit_resources_panda_moveit_config:/home/jone/ws_moveit/install/moveit_resources_fanuc_moveit_config:/home/jone/ws_moveit/install/srdfdom:/home/jone/ws_moveit/install/moveit_resources_pr2_description:/home/jone/ws_moveit/install/moveit_resources_panda_description:/home/jone/ws_moveit/install/moveit_resources_fanuc_description:/home/jone/ws_moveit/install/moveit_common:/opt/ros/humble LD_LIBRARY_PATH=/home/jone/ws_moveit/install/moveit_kinematics/lib:/home/jone/ws_moveit/install/moveit_ros_planning/lib:/home/jone/ws_moveit/install/moveit_ros_occupancy_map_monitor/lib:/home/jone/ws_moveit/install/moveit_core/lib:/home/jone/ws_moveit/install/srdfdom/lib:/opt/ros/humble/opt/rviz_ogre_vendor/lib:/opt/ros/humble/lib/x86_64-linux-gnu:/opt/ros/humble/lib:/usr/lib/x86_64-linux-gnu/gazebo-11/plugins:/usr/lib/x86_64-linux-gnu/gazebo-11/plugins:/usr/lib/x86_64-linux-gnu/gazebo-11/plugins PATH=/home/jone/ws_moveit/install/moveit_core/bin:${PATH} PYTHONPATH=/home/jone/ws_moveit/install/moveit_configs_utils/lib/python3.10/site-packages:/home/jone/ws_moveit/install/srdfdom/local/lib/python3.10/dist-packages:/home/jone/ws_moveit/install/launch_param_builder/lib/python3.10/site-packages:${PYTHONPATH} /usr/bin/cmake --build /home/jone/ws_moveit/build/moveit_ros_move_group -- -j16 -l16
[33.583s] Invoking command in '/home/jone/ws_moveit/build/moveit_ros_move_group': AMENT_PREFIX_PATH=/home/jone/ws_moveit/install/moveit_kinematics:/home/jone/ws_moveit/install/moveit_ros_planning:/home/jone/ws_moveit/install/moveit_ros_occupancy_map_monitor:/home/jone/ws_moveit/install/moveit_core:/home/jone/ws_moveit/install/moveit_resources_panda_moveit_config:/home/jone/ws_moveit/install/moveit_resources_fanuc_moveit_config:/home/jone/ws_moveit/install/moveit_configs_utils:/home/jone/ws_moveit/install/srdfdom:/home/jone/ws_moveit/install/moveit_resources_pr2_description:/home/jone/ws_moveit/install/moveit_resources_panda_description:/home/jone/ws_moveit/install/moveit_resources_fanuc_description:/home/jone/ws_moveit/install/moveit_common:/home/jone/ws_moveit/install/launch_param_builder:${AMENT_PREFIX_PATH} CMAKE_PREFIX_PATH=/home/jone/ws_moveit/install/moveit_kinematics:/home/jone/ws_moveit/install/moveit_ros_planning:/home/jone/ws_moveit/install/moveit_ros_occupancy_map_monitor:/home/jone/ws_moveit/install/moveit_core:/home/jone/ws_moveit/install/moveit_resources_panda_moveit_config:/home/jone/ws_moveit/install/moveit_resources_fanuc_moveit_config:/home/jone/ws_moveit/install/srdfdom:/home/jone/ws_moveit/install/moveit_resources_pr2_description:/home/jone/ws_moveit/install/moveit_resources_panda_description:/home/jone/ws_moveit/install/moveit_resources_fanuc_description:/home/jone/ws_moveit/install/moveit_common:/opt/ros/humble LD_LIBRARY_PATH=/home/jone/ws_moveit/install/moveit_kinematics/lib:/home/jone/ws_moveit/install/moveit_ros_planning/lib:/home/jone/ws_moveit/install/moveit_ros_occupancy_map_monitor/lib:/home/jone/ws_moveit/install/moveit_core/lib:/home/jone/ws_moveit/install/srdfdom/lib:/opt/ros/humble/opt/rviz_ogre_vendor/lib:/opt/ros/humble/lib/x86_64-linux-gnu:/opt/ros/humble/lib:/usr/lib/x86_64-linux-gnu/gazebo-11/plugins:/usr/lib/x86_64-linux-gnu/gazebo-11/plugins:/usr/lib/x86_64-linux-gnu/gazebo-11/plugins PATH=/home/jone/ws_moveit/install/moveit_core/bin:${PATH} PYTHONPATH=/home/jone/ws_moveit/install/moveit_configs_utils/lib/python3.10/site-packages:/home/jone/ws_moveit/install/srdfdom/local/lib/python3.10/dist-packages:/home/jone/ws_moveit/install/launch_param_builder/lib/python3.10/site-packages:${PYTHONPATH} /usr/bin/cmake --install /home/jone/ws_moveit/build/moveit_ros_move_group
[33.595s] -- Install configuration: "Release"
[33.596s] -- Installing: /home/jone/ws_moveit/install/moveit_ros_move_group/lib/moveit_ros_move_group/move_group
[33.597s] -- Set runtime path of "/home/jone/ws_moveit/install/moveit_ros_move_group/lib/moveit_ros_move_group/move_group" to ""
[33.597s] -- Installing: /home/jone/ws_moveit/install/moveit_ros_move_group/lib/moveit_ros_move_group/list_move_group_capabilities
[33.598s] -- Set runtime path of "/home/jone/ws_moveit/install/moveit_ros_move_group/lib/moveit_ros_move_group/list_move_group_capabilities" to ""
[33.598s] -- Installing: /home/jone/ws_moveit/install/moveit_ros_move_group/lib/libmoveit_move_group_default_capabilities.so.2.5.9
[33.600s] -- Set runtime path of "/home/jone/ws_moveit/install/moveit_ros_move_group/lib/libmoveit_move_group_default_capabilities.so.2.5.9" to ""
[33.600s] -- Installing: /home/jone/ws_moveit/install/moveit_ros_move_group/lib/libmoveit_move_group_default_capabilities.so
[33.600s] -- Installing: /home/jone/ws_moveit/install/moveit_ros_move_group/lib/libmoveit_move_group_capabilities_base.so.2.5.9
[33.601s] -- Set runtime path of "/home/jone/ws_moveit/install/moveit_ros_move_group/lib/libmoveit_move_group_capabilities_base.so.2.5.9" to ""
[33.601s] -- Installing: /home/jone/ws_moveit/install/moveit_ros_move_group/lib/libmoveit_move_group_capabilities_base.so
[33.601s] -- Installing: /home/jone/ws_moveit/install/moveit_ros_move_group/include
[33.601s] -- Installing: /home/jone/ws_moveit/install/moveit_ros_move_group/include/moveit
[33.601s] -- Installing: /home/jone/ws_moveit/install/moveit_ros_move_group/include/moveit/move_group
[33.601s] -- Installing: /home/jone/ws_moveit/install/moveit_ros_move_group/include/moveit/move_group/move_group_capability.h
[33.601s] -- Installing: /home/jone/ws_moveit/install/moveit_ros_move_group/include/moveit/move_group/move_group_context.h
[33.602s] -- Installing: /home/jone/ws_moveit/install/moveit_ros_move_group/include/moveit/move_group/node_name.h
[33.602s] -- Installing: /home/jone/ws_moveit/install/moveit_ros_move_group/include/moveit/move_group/capability_names.h
[33.602s] -- Installing: /home/jone/ws_moveit/install/moveit_ros_move_group/share/moveit_ros_move_group/environment/library_path.sh
[33.602s] -- Installing: /home/jone/ws_moveit/install/moveit_ros_move_group/share/moveit_ros_move_group/environment/library_path.dsv
[33.602s] -- Installing: /home/jone/ws_moveit/install/moveit_ros_move_group/lib/moveit_ros_move_group/load_map
[33.603s] -- Installing: /home/jone/ws_moveit/install/moveit_ros_move_group/lib/moveit_ros_move_group/save_map
[33.603s] -- Installing: /home/jone/ws_moveit/install/moveit_ros_move_group/share/moveit_ros_move_group/default_capabilities_plugin_description.xml
[33.604s] -- Installing: /home/jone/ws_moveit/install/moveit_ros_move_group/share/ament_index/resource_index/package_run_dependencies/moveit_ros_move_group
[33.604s] -- Installing: /home/jone/ws_moveit/install/moveit_ros_move_group/share/ament_index/resource_index/parent_prefix_path/moveit_ros_move_group
[33.604s] -- Installing: /home/jone/ws_moveit/install/moveit_ros_move_group/share/moveit_ros_move_group/environment/ament_prefix_path.sh
[33.605s] -- Installing: /home/jone/ws_moveit/install/moveit_ros_move_group/share/moveit_ros_move_group/environment/ament_prefix_path.dsv
[33.605s] -- Installing: /home/jone/ws_moveit/install/moveit_ros_move_group/share/moveit_ros_move_group/environment/path.sh
[33.605s] -- Installing: /home/jone/ws_moveit/install/moveit_ros_move_group/share/moveit_ros_move_group/environment/path.dsv
[33.605s] -- Installing: /home/jone/ws_moveit/install/moveit_ros_move_group/share/moveit_ros_move_group/local_setup.bash
[33.606s] -- Installing: /home/jone/ws_moveit/install/moveit_ros_move_group/share/moveit_ros_move_group/local_setup.sh
[33.606s] -- Installing: /home/jone/ws_moveit/install/moveit_ros_move_group/share/moveit_ros_move_group/local_setup.zsh
[33.606s] -- Installing: /home/jone/ws_moveit/install/moveit_ros_move_group/share/moveit_ros_move_group/local_setup.dsv
[33.606s] -- Installing: /home/jone/ws_moveit/install/moveit_ros_move_group/share/moveit_ros_move_group/package.dsv
[33.607s] -- Installing: /home/jone/ws_moveit/install/moveit_ros_move_group/share/ament_index/resource_index/packages/moveit_ros_move_group
[33.607s] -- Installing: /home/jone/ws_moveit/install/moveit_ros_move_group/share/ament_index/resource_index/moveit_ros_move_group__pluginlib__plugin/moveit_ros_move_group
[33.607s] -- Installing: /home/jone/ws_moveit/install/moveit_ros_move_group/share/moveit_ros_move_group/cmake/export_moveit_ros_move_groupExport.cmake
[33.607s] -- Installing: /home/jone/ws_moveit/install/moveit_ros_move_group/share/moveit_ros_move_group/cmake/export_moveit_ros_move_groupExport-release.cmake
[33.608s] -- Installing: /home/jone/ws_moveit/install/moveit_ros_move_group/share/moveit_ros_move_group/cmake/ConfigExtras.cmake
[33.608s] -- Installing: /home/jone/ws_moveit/install/moveit_ros_move_group/share/moveit_ros_move_group/cmake/ament_cmake_export_targets-extras.cmake
[33.608s] -- Installing: /home/jone/ws_moveit/install/moveit_ros_move_group/share/moveit_ros_move_group/cmake/ament_cmake_export_dependencies-extras.cmake
[33.608s] -- Installing: /home/jone/ws_moveit/install/moveit_ros_move_group/share/moveit_ros_move_group/cmake/moveit_ros_move_groupConfig.cmake
[33.608s] -- Installing: /home/jone/ws_moveit/install/moveit_ros_move_group/share/moveit_ros_move_group/cmake/moveit_ros_move_groupConfig-version.cmake
[33.609s] -- Installing: /home/jone/ws_moveit/install/moveit_ros_move_group/share/moveit_ros_move_group/package.xml
[33.623s] Invoked command in '/home/jone/ws_moveit/build/moveit_ros_move_group' returned '0': AMENT_PREFIX_PATH=/home/jone/ws_moveit/install/moveit_kinematics:/home/jone/ws_moveit/install/moveit_ros_planning:/home/jone/ws_moveit/install/moveit_ros_occupancy_map_monitor:/home/jone/ws_moveit/install/moveit_core:/home/jone/ws_moveit/install/moveit_resources_panda_moveit_config:/home/jone/ws_moveit/install/moveit_resources_fanuc_moveit_config:/home/jone/ws_moveit/install/moveit_configs_utils:/home/jone/ws_moveit/install/srdfdom:/home/jone/ws_moveit/install/moveit_resources_pr2_description:/home/jone/ws_moveit/install/moveit_resources_panda_description:/home/jone/ws_moveit/install/moveit_resources_fanuc_description:/home/jone/ws_moveit/install/moveit_common:/home/jone/ws_moveit/install/launch_param_builder:${AMENT_PREFIX_PATH} CMAKE_PREFIX_PATH=/home/jone/ws_moveit/install/moveit_kinematics:/home/jone/ws_moveit/install/moveit_ros_planning:/home/jone/ws_moveit/install/moveit_ros_occupancy_map_monitor:/home/jone/ws_moveit/install/moveit_core:/home/jone/ws_moveit/install/moveit_resources_panda_moveit_config:/home/jone/ws_moveit/install/moveit_resources_fanuc_moveit_config:/home/jone/ws_moveit/install/srdfdom:/home/jone/ws_moveit/install/moveit_resources_pr2_description:/home/jone/ws_moveit/install/moveit_resources_panda_description:/home/jone/ws_moveit/install/moveit_resources_fanuc_description:/home/jone/ws_moveit/install/moveit_common:/opt/ros/humble LD_LIBRARY_PATH=/home/jone/ws_moveit/install/moveit_kinematics/lib:/home/jone/ws_moveit/install/moveit_ros_planning/lib:/home/jone/ws_moveit/install/moveit_ros_occupancy_map_monitor/lib:/home/jone/ws_moveit/install/moveit_core/lib:/home/jone/ws_moveit/install/srdfdom/lib:/opt/ros/humble/opt/rviz_ogre_vendor/lib:/opt/ros/humble/lib/x86_64-linux-gnu:/opt/ros/humble/lib:/usr/lib/x86_64-linux-gnu/gazebo-11/plugins:/usr/lib/x86_64-linux-gnu/gazebo-11/plugins:/usr/lib/x86_64-linux-gnu/gazebo-11/plugins PATH=/home/jone/ws_moveit/install/moveit_core/bin:${PATH} PYTHONPATH=/home/jone/ws_moveit/install/moveit_configs_utils/lib/python3.10/site-packages:/home/jone/ws_moveit/install/srdfdom/local/lib/python3.10/dist-packages:/home/jone/ws_moveit/install/launch_param_builder/lib/python3.10/site-packages:${PYTHONPATH} /usr/bin/cmake --install /home/jone/ws_moveit/build/moveit_ros_move_group
