[1.559s] Invoking command in '/home/jone/turtlebot3_ws/build/turtlebot3_teleop': PYTHONPATH=/home/jone/turtlebot3_ws/build/turtlebot3_teleop/prefix_override:/usr/lib/python3/dist-packages/colcon_core/task/python/colcon_distutils_commands:/home/jone/turtlebot3_ws/install/turtlebot3_teleop/lib/python3.10/site-packages:${PYTHONPATH} /usr/bin/python3 -W ignore:setup.py install is deprecated -W ignore:easy_install command is deprecated setup.py develop --editable --build-directory /home/jone/turtlebot3_ws/build/turtlebot3_teleop/build --no-deps symlink_data
[2.365s] running develop
[2.911s] running egg_info
[2.911s] creating turtlebot3_teleop.egg-info
[2.911s] writing turtlebot3_teleop.egg-info/PKG-INFO
[2.912s] writing dependency_links to turtlebot3_teleop.egg-info/dependency_links.txt
[2.912s] writing entry points to turtlebot3_teleop.egg-info/entry_points.txt
[2.912s] writing requirements to turtlebot3_teleop.egg-info/requires.txt
[2.913s] writing top-level names to turtlebot3_teleop.egg-info/top_level.txt
[2.913s] writing manifest file 'turtlebot3_teleop.egg-info/SOURCES.txt'
[2.918s] reading manifest file 'turtlebot3_teleop.egg-info/SOURCES.txt'
[2.919s] writing manifest file 'turtlebot3_teleop.egg-info/SOURCES.txt'
[2.923s] running build_ext
[2.923s] Creating /home/jone/turtlebot3_ws/install/turtlebot3_teleop/lib/python3.10/site-packages/turtlebot3-teleop.egg-link (link to .)
[2.925s] Installing teleop_keyboard script to /home/jone/turtlebot3_ws/install/turtlebot3_teleop/lib/turtlebot3_teleop
[2.925s] 
[2.926s] Installed /home/jone/turtlebot3_ws/build/turtlebot3_teleop
[2.926s] running symlink_data
[2.927s] creating /home/jone/turtlebot3_ws/install/turtlebot3_teleop/share/ament_index
[2.927s] creating /home/jone/turtlebot3_ws/install/turtlebot3_teleop/share/ament_index/resource_index
[2.927s] creating /home/jone/turtlebot3_ws/install/turtlebot3_teleop/share/ament_index/resource_index/packages
[2.927s] symbolically linking /home/jone/turtlebot3_ws/build/turtlebot3_teleop/resource/turtlebot3_teleop -> /home/jone/turtlebot3_ws/install/turtlebot3_teleop/share/ament_index/resource_index/packages
[2.928s] symbolically linking /home/jone/turtlebot3_ws/build/turtlebot3_teleop/package.xml -> /home/jone/turtlebot3_ws/install/turtlebot3_teleop/share/turtlebot3_teleop
[3.003s] Invoked command in '/home/jone/turtlebot3_ws/build/turtlebot3_teleop' returned '0': PYTHONPATH=/home/jone/turtlebot3_ws/build/turtlebot3_teleop/prefix_override:/usr/lib/python3/dist-packages/colcon_core/task/python/colcon_distutils_commands:/home/jone/turtlebot3_ws/install/turtlebot3_teleop/lib/python3.10/site-packages:${PYTHONPATH} /usr/bin/python3 -W ignore:setup.py install is deprecated -W ignore:easy_install command is deprecated setup.py develop --editable --build-directory /home/jone/turtlebot3_ws/build/turtlebot3_teleop/build --no-deps symlink_data
