[0.010s] Invoking command in '/home/jone/ws_moveit/build/moveit_core': AMENT_PREFIX_PATH=/home/jone/ws_moveit/install/moveit_resources_panda_moveit_config:/home/jone/ws_moveit/install/srdfdom:/home/jone/ws_moveit/install/moveit_resources_pr2_description:/home/jone/ws_moveit/install/moveit_resources_panda_description:/home/jone/ws_moveit/install/moveit_common:${AMENT_PREFIX_PATH} CMAKE_PREFIX_PATH=/home/jone/ws_moveit/install/moveit_resources_panda_moveit_config:/home/jone/ws_moveit/install/srdfdom:/home/jone/ws_moveit/install/moveit_resources_pr2_description:/home/jone/ws_moveit/install/moveit_resources_panda_description:/home/jone/ws_moveit/install/moveit_common:/opt/ros/humble LD_LIBRARY_PATH=/home/jone/ws_moveit/install/srdfdom/lib:/opt/ros/humble/opt/rviz_ogre_vendor/lib:/opt/ros/humble/lib/x86_64-linux-gnu:/opt/ros/humble/lib:/usr/lib/x86_64-linux-gnu/gazebo-11/plugins:/usr/lib/x86_64-linux-gnu/gazebo-11/plugins:/usr/lib/x86_64-linux-gnu/gazebo-11/plugins PYTHONPATH=/home/jone/ws_moveit/install/srdfdom/local/lib/python3.10/dist-packages:${PYTHONPATH} /usr/bin/cmake --build /home/jone/ws_moveit/build/moveit_core
[0.084s] [  1%] Built target moveit_transforms
[0.104s] [  2%] Built target moveit_exceptions
[0.131s] [  3%] Built target moveit_kinematics_base
[0.169s] [  9%] Built target moveit_robot_model
[0.203s] [ 12%] Built target moveit_robot_state
[0.245s] [ 17%] Built target moveit_collision_detection
[0.279s] [ 19%] Built target moveit_collision_detection_fcl
[0.313s] [ 22%] Built target moveit_distance_field
[0.333s] [ 25%] Built target moveit_utils
[0.367s] [ 27%] Built target moveit_kinematic_constraints
[0.393s] [ 28%] Built target moveit_robot_trajectory
[0.425s] [ 31%] Built target moveit_trajectory_processing
[0.459s] [ 33%] Built target moveit_planning_scene
[0.495s] [ 36%] Built target moveit_collision_distance_field
[0.516s] [ 37%] Built target gtest
[0.535s] [ 38%] Built target gtest_main
[0.567s] [ 40%] Built target moveit_test_utils
[0.597s] [ 41%] Built target test_collision_distance_field
[0.631s] [ 44%] Built target moveit_constraint_samplers
[0.653s] [ 46%] Built target gmock
[0.672s] [ 47%] Built target gmock_main
[0.708s] [ 50%] Built target test_constraint_samplers
[0.735s] [ 51%] Built target test_voxel_grid
[0.765s] [ 52%] Built target test_distance_field
[0.794s] [ 53%] Built target moveit_dynamics_solver
[0.824s] [ 54%] Built target test_constraints
[0.852s] [ 55%] Built target test_orientation_constraints
[0.881s] [ 56%] Built target moveit_kinematics_metrics
[0.907s] [ 57%] Built target moveit_smoothing_base
[0.926s] [ 59%] Built target moveit_butterworth_parameters
[0.958s] [ 60%] Built target moveit_butterworth_filter
[0.987s] [ 61%] Built target test_butterworth_filter
[1.018s] [ 63%] Built target moveit_planning_interface
[1.046s] [ 64%] Built target moveit_planning_request_adapter
[1.077s] [ 65%] Built target test_planning_scene
[1.105s] [ 66%] Built target test_collision_objects
[1.136s] [ 67%] Built target test_multi_threaded
[1.161s] [ 68%] Built target test_robot_model
[1.188s] [ 70%] Built target test_robot_state
[1.215s] [ 71%] Built target test_robot_state_benchmark
[1.240s] [ 72%] Built target test_robot_state_complex
[1.265s] [ 73%] Built target test_aabb
[1.291s] [ 74%] Built target test_cartesian_interpolator
[1.317s] [ 75%] Built target test_robot_trajectory
[1.343s] [ 76%] Built target test_time_parameterization
[1.369s] [ 78%] Built target test_time_optimal_trajectory_generation
[1.395s] [ 79%] Built target test_ruckig_traj_smoothing
[1.416s] [ 80%] Built target test_transforms
[1.433s] [ 81%] Built target moveit_version
[1.456s] [ 82%] Built target test_world
[1.479s] [ 84%] Built target test_world_diff
[1.505s] [ 85%] Built target test_all_valid
[1.545s] [ 90%] Built target moveit_collision_detection_bullet
[1.573s] [ 91%] Built target collision_detector_bullet_plugin
[1.603s] [ 92%] Built target test_bullet_collision_detection
[1.635s] [ 94%] Built target test_bullet_collision_detection_panda
[1.666s] [ 95%] Built target test_bullet_continuous_collision_checking
[1.697s] [ 96%] Built target collision_detector_fcl_plugin
[1.729s] [ 97%] Built target test_fcl_collision_env
[1.760s] [ 98%] Built target test_fcl_collision_detection
[1.791s] [100%] Built target test_fcl_collision_detection_panda
[1.802s] Invoked command in '/home/jone/ws_moveit/build/moveit_core' returned '0': AMENT_PREFIX_PATH=/home/jone/ws_moveit/install/moveit_resources_panda_moveit_config:/home/jone/ws_moveit/install/srdfdom:/home/jone/ws_moveit/install/moveit_resources_pr2_description:/home/jone/ws_moveit/install/moveit_resources_panda_description:/home/jone/ws_moveit/install/moveit_common:${AMENT_PREFIX_PATH} CMAKE_PREFIX_PATH=/home/jone/ws_moveit/install/moveit_resources_panda_moveit_config:/home/jone/ws_moveit/install/srdfdom:/home/jone/ws_moveit/install/moveit_resources_pr2_description:/home/jone/ws_moveit/install/moveit_resources_panda_description:/home/jone/ws_moveit/install/moveit_common:/opt/ros/humble LD_LIBRARY_PATH=/home/jone/ws_moveit/install/srdfdom/lib:/opt/ros/humble/opt/rviz_ogre_vendor/lib:/opt/ros/humble/lib/x86_64-linux-gnu:/opt/ros/humble/lib:/usr/lib/x86_64-linux-gnu/gazebo-11/plugins:/usr/lib/x86_64-linux-gnu/gazebo-11/plugins:/usr/lib/x86_64-linux-gnu/gazebo-11/plugins PYTHONPATH=/home/jone/ws_moveit/install/srdfdom/local/lib/python3.10/dist-packages:${PYTHONPATH} /usr/bin/cmake --build /home/jone/ws_moveit/build/moveit_core
[1.804s] Invoking command in '/home/jone/ws_moveit/build/moveit_core': AMENT_PREFIX_PATH=/home/jone/ws_moveit/install/moveit_resources_panda_moveit_config:/home/jone/ws_moveit/install/srdfdom:/home/jone/ws_moveit/install/moveit_resources_pr2_description:/home/jone/ws_moveit/install/moveit_resources_panda_description:/home/jone/ws_moveit/install/moveit_common:${AMENT_PREFIX_PATH} CMAKE_PREFIX_PATH=/home/jone/ws_moveit/install/moveit_resources_panda_moveit_config:/home/jone/ws_moveit/install/srdfdom:/home/jone/ws_moveit/install/moveit_resources_pr2_description:/home/jone/ws_moveit/install/moveit_resources_panda_description:/home/jone/ws_moveit/install/moveit_common:/opt/ros/humble LD_LIBRARY_PATH=/home/jone/ws_moveit/install/srdfdom/lib:/opt/ros/humble/opt/rviz_ogre_vendor/lib:/opt/ros/humble/lib/x86_64-linux-gnu:/opt/ros/humble/lib:/usr/lib/x86_64-linux-gnu/gazebo-11/plugins:/usr/lib/x86_64-linux-gnu/gazebo-11/plugins:/usr/lib/x86_64-linux-gnu/gazebo-11/plugins PYTHONPATH=/home/jone/ws_moveit/install/srdfdom/local/lib/python3.10/dist-packages:${PYTHONPATH} /usr/bin/cmake --install /home/jone/ws_moveit/build/moveit_core
[1.811s] -- Install configuration: "Release"
[1.812s] -- Up-to-date: /home/jone/ws_moveit/install/moveit_core/include/moveit/version.h
[1.812s] -- Up-to-date: /home/jone/ws_moveit/install/moveit_core/include
[1.812s] -- Up-to-date: /home/jone/ws_moveit/install/moveit_core/include/moveit
[1.812s] -- Up-to-date: /home/jone/ws_moveit/install/moveit_core/include/moveit/collision_distance_field
[1.812s] -- Up-to-date: /home/jone/ws_moveit/install/moveit_core/include/moveit/collision_distance_field/collision_detector_allocator_hybrid.h
[1.813s] -- Up-to-date: /home/jone/ws_moveit/install/moveit_core/include/moveit/collision_distance_field/collision_common_distance_field.h
[1.813s] -- Up-to-date: /home/jone/ws_moveit/install/moveit_core/include/moveit/collision_distance_field/collision_distance_field_types.h
[1.813s] -- Up-to-date: /home/jone/ws_moveit/install/moveit_core/include/moveit/collision_distance_field/collision_detector_allocator_distance_field.h
[1.813s] -- Up-to-date: /home/jone/ws_moveit/install/moveit_core/include/moveit/collision_distance_field/collision_env_hybrid.h
[1.813s] -- Up-to-date: /home/jone/ws_moveit/install/moveit_core/include/moveit/collision_distance_field/collision_env_distance_field.h
[1.813s] -- Up-to-date: /home/jone/ws_moveit/install/moveit_core/include/moveit_collision_distance_field_export.h
[1.813s] -- Up-to-date: /home/jone/ws_moveit/install/moveit_core/include
[1.813s] -- Up-to-date: /home/jone/ws_moveit/install/moveit_core/include/moveit
[1.813s] -- Up-to-date: /home/jone/ws_moveit/install/moveit_core/include/moveit/constraint_samplers
[1.813s] -- Up-to-date: /home/jone/ws_moveit/install/moveit_core/include/moveit/constraint_samplers/constraint_sampler_allocator.h
[1.813s] -- Up-to-date: /home/jone/ws_moveit/install/moveit_core/include/moveit/constraint_samplers/union_constraint_sampler.h
[1.813s] -- Up-to-date: /home/jone/ws_moveit/install/moveit_core/include/moveit/constraint_samplers/constraint_sampler_tools.h
[1.813s] -- Up-to-date: /home/jone/ws_moveit/install/moveit_core/include/moveit/constraint_samplers/constraint_sampler_manager.h
[1.814s] -- Up-to-date: /home/jone/ws_moveit/install/moveit_core/include/moveit/constraint_samplers/default_constraint_samplers.h
[1.814s] -- Up-to-date: /home/jone/ws_moveit/install/moveit_core/include/moveit/constraint_samplers/constraint_sampler.h
[1.814s] -- Up-to-date: /home/jone/ws_moveit/install/moveit_core/include
[1.814s] -- Up-to-date: /home/jone/ws_moveit/install/moveit_core/include/moveit
[1.814s] -- Up-to-date: /home/jone/ws_moveit/install/moveit_core/include/moveit/controller_manager
[1.814s] -- Up-to-date: /home/jone/ws_moveit/install/moveit_core/include/moveit/controller_manager/controller_manager.h
[1.814s] -- Up-to-date: /home/jone/ws_moveit/install/moveit_core/include
[1.815s] -- Up-to-date: /home/jone/ws_moveit/install/moveit_core/include/moveit
[1.815s] -- Up-to-date: /home/jone/ws_moveit/install/moveit_core/include/moveit/distance_field
[1.815s] -- Up-to-date: /home/jone/ws_moveit/install/moveit_core/include/moveit/distance_field/voxel_grid.h
[1.815s] -- Up-to-date: /home/jone/ws_moveit/install/moveit_core/include/moveit/distance_field/propagation_distance_field.h
[1.815s] -- Up-to-date: /home/jone/ws_moveit/install/moveit_core/include/moveit/distance_field/distance_field.h
[1.815s] -- Up-to-date: /home/jone/ws_moveit/install/moveit_core/include/moveit/distance_field/find_internal_points.h
[1.815s] -- Up-to-date: /home/jone/ws_moveit/install/moveit_core/include
[1.815s] -- Up-to-date: /home/jone/ws_moveit/install/moveit_core/include/moveit
[1.815s] -- Up-to-date: /home/jone/ws_moveit/install/moveit_core/include/moveit/dynamics_solver
[1.815s] -- Up-to-date: /home/jone/ws_moveit/install/moveit_core/include/moveit/dynamics_solver/dynamics_solver.h
[1.815s] -- Up-to-date: /home/jone/ws_moveit/install/moveit_core/include
[1.816s] -- Up-to-date: /home/jone/ws_moveit/install/moveit_core/include/moveit
[1.816s] -- Up-to-date: /home/jone/ws_moveit/install/moveit_core/include/moveit/exceptions
[1.816s] -- Up-to-date: /home/jone/ws_moveit/install/moveit_core/include/moveit/exceptions/exceptions.h
[1.816s] -- Up-to-date: /home/jone/ws_moveit/install/moveit_core/include
[1.816s] -- Up-to-date: /home/jone/ws_moveit/install/moveit_core/include/moveit
[1.816s] -- Up-to-date: /home/jone/ws_moveit/install/moveit_core/include/moveit/kinematics_base
[1.816s] -- Up-to-date: /home/jone/ws_moveit/install/moveit_core/include/moveit/kinematics_base/kinematics_base.h
[1.816s] -- Up-to-date: /home/jone/ws_moveit/install/moveit_core/include/moveit_kinematics_base_export.h
[1.816s] -- Up-to-date: /home/jone/ws_moveit/install/moveit_core/include
[1.816s] -- Up-to-date: /home/jone/ws_moveit/install/moveit_core/include/moveit
[1.816s] -- Up-to-date: /home/jone/ws_moveit/install/moveit_core/include/moveit/kinematic_constraints
[1.817s] -- Up-to-date: /home/jone/ws_moveit/install/moveit_core/include/moveit/kinematic_constraints/utils.h
[1.817s] -- Up-to-date: /home/jone/ws_moveit/install/moveit_core/include/moveit/kinematic_constraints/kinematic_constraint.h
[1.817s] -- Up-to-date: /home/jone/ws_moveit/install/moveit_core/include
[1.817s] -- Up-to-date: /home/jone/ws_moveit/install/moveit_core/include/moveit
[1.817s] -- Up-to-date: /home/jone/ws_moveit/install/moveit_core/include/moveit/kinematics_metrics
[1.817s] -- Up-to-date: /home/jone/ws_moveit/install/moveit_core/include/moveit/kinematics_metrics/kinematics_metrics.h
[1.817s] -- Up-to-date: /home/jone/ws_moveit/install/moveit_core/include
[1.817s] -- Up-to-date: /home/jone/ws_moveit/install/moveit_core/include/moveit
[1.817s] -- Up-to-date: /home/jone/ws_moveit/install/moveit_core/include/moveit/macros
[1.817s] -- Up-to-date: /home/jone/ws_moveit/install/moveit_core/include/moveit/macros/deprecation.h
[1.818s] -- Up-to-date: /home/jone/ws_moveit/install/moveit_core/include/moveit/macros/console_colors.h
[1.818s] -- Up-to-date: /home/jone/ws_moveit/install/moveit_core/include/moveit/macros/declare_ptr.h
[1.818s] -- Up-to-date: /home/jone/ws_moveit/install/moveit_core/include/moveit/macros/class_forward.h
[1.818s] -- Up-to-date: /home/jone/ws_moveit/install/moveit_core/include/moveit_core
[1.818s] -- Up-to-date: /home/jone/ws_moveit/install/moveit_core/include/moveit_core/moveit_butterworth_parameters.hpp
[1.818s] -- Up-to-date: /home/jone/ws_moveit/install/moveit_core/include
[1.818s] -- Up-to-date: /home/jone/ws_moveit/install/moveit_core/include/moveit
[1.818s] -- Up-to-date: /home/jone/ws_moveit/install/moveit_core/include/moveit/online_signal_smoothing
[1.818s] -- Up-to-date: /home/jone/ws_moveit/install/moveit_core/include/moveit/online_signal_smoothing/butterworth_filter.h
[1.818s] -- Up-to-date: /home/jone/ws_moveit/install/moveit_core/include/moveit/online_signal_smoothing/smoothing_base_class.h
[1.818s] -- Up-to-date: /home/jone/ws_moveit/install/moveit_core/include/moveit_smoothing_base_export.h
[1.819s] -- Up-to-date: /home/jone/ws_moveit/install/moveit_core/include/moveit_butterworth_filter_export.h
[1.819s] -- Up-to-date: /home/jone/ws_moveit/install/moveit_core/include
[1.819s] -- Up-to-date: /home/jone/ws_moveit/install/moveit_core/include/moveit
[1.819s] -- Up-to-date: /home/jone/ws_moveit/install/moveit_core/include/moveit/planning_interface
[1.819s] -- Up-to-date: /home/jone/ws_moveit/install/moveit_core/include/moveit/planning_interface/planning_interface.h
[1.819s] -- Up-to-date: /home/jone/ws_moveit/install/moveit_core/include/moveit/planning_interface/planning_response.h
[1.819s] -- Up-to-date: /home/jone/ws_moveit/install/moveit_core/include/moveit/planning_interface/planning_request.h
[1.819s] -- Up-to-date: /home/jone/ws_moveit/install/moveit_core/include
[1.819s] -- Up-to-date: /home/jone/ws_moveit/install/moveit_core/include/moveit
[1.819s] -- Up-to-date: /home/jone/ws_moveit/install/moveit_core/include/moveit/planning_request_adapter
[1.820s] -- Up-to-date: /home/jone/ws_moveit/install/moveit_core/include/moveit/planning_request_adapter/planning_request_adapter.h
[1.820s] -- Up-to-date: /home/jone/ws_moveit/install/moveit_core/include
[1.820s] -- Up-to-date: /home/jone/ws_moveit/install/moveit_core/include/moveit
[1.820s] -- Up-to-date: /home/jone/ws_moveit/install/moveit_core/include/moveit/planning_scene
[1.820s] -- Up-to-date: /home/jone/ws_moveit/install/moveit_core/include/moveit/planning_scene/planning_scene.h
[1.820s] -- Up-to-date: /home/jone/ws_moveit/install/moveit_core/include/moveit_planning_scene_export.h
[1.820s] -- Up-to-date: /home/jone/ws_moveit/install/moveit_core/include
[1.820s] -- Up-to-date: /home/jone/ws_moveit/install/moveit_core/include/moveit
[1.820s] -- Up-to-date: /home/jone/ws_moveit/install/moveit_core/include/moveit/robot_model
[1.820s] -- Up-to-date: /home/jone/ws_moveit/install/moveit_core/include/moveit/robot_model/aabb.h
[1.821s] -- Up-to-date: /home/jone/ws_moveit/install/moveit_core/include/moveit/robot_model/link_model.h
[1.821s] -- Up-to-date: /home/jone/ws_moveit/install/moveit_core/include/moveit/robot_model/revolute_joint_model.h
[1.821s] -- Up-to-date: /home/jone/ws_moveit/install/moveit_core/include/moveit/robot_model/planar_joint_model.h
[1.821s] -- Up-to-date: /home/jone/ws_moveit/install/moveit_core/include/moveit/robot_model/robot_model.h
[1.821s] -- Up-to-date: /home/jone/ws_moveit/install/moveit_core/include/moveit/robot_model/joint_model_group.h
[1.821s] -- Up-to-date: /home/jone/ws_moveit/install/moveit_core/include/moveit/robot_model/joint_model.h
[1.821s] -- Up-to-date: /home/jone/ws_moveit/install/moveit_core/include/moveit/robot_model/floating_joint_model.h
[1.821s] -- Up-to-date: /home/jone/ws_moveit/install/moveit_core/include/moveit/robot_model/prismatic_joint_model.h
[1.821s] -- Up-to-date: /home/jone/ws_moveit/install/moveit_core/include/moveit/robot_model/fixed_joint_model.h
[1.821s] -- Up-to-date: /home/jone/ws_moveit/install/moveit_core/include
[1.821s] -- Up-to-date: /home/jone/ws_moveit/install/moveit_core/include/moveit
[1.821s] -- Up-to-date: /home/jone/ws_moveit/install/moveit_core/include/moveit/robot_state
[1.821s] -- Up-to-date: /home/jone/ws_moveit/install/moveit_core/include/moveit/robot_state/conversions.h
[1.821s] -- Up-to-date: /home/jone/ws_moveit/install/moveit_core/include/moveit/robot_state/cartesian_interpolator.h
[1.821s] -- Up-to-date: /home/jone/ws_moveit/install/moveit_core/include/moveit/robot_state/attached_body.h
[1.821s] -- Up-to-date: /home/jone/ws_moveit/install/moveit_core/include/moveit/robot_state/robot_state.h
[1.821s] -- Up-to-date: /home/jone/ws_moveit/install/moveit_core/include
[1.822s] -- Up-to-date: /home/jone/ws_moveit/install/moveit_core/include/moveit
[1.822s] -- Up-to-date: /home/jone/ws_moveit/install/moveit_core/include/moveit/robot_trajectory
[1.822s] -- Up-to-date: /home/jone/ws_moveit/install/moveit_core/include/moveit/robot_trajectory/robot_trajectory.h
[1.822s] -- Up-to-date: /home/jone/ws_moveit/install/moveit_core/include
[1.822s] -- Up-to-date: /home/jone/ws_moveit/install/moveit_core/include/moveit
[1.822s] -- Up-to-date: /home/jone/ws_moveit/install/moveit_core/include/moveit/sensor_manager
[1.822s] -- Up-to-date: /home/jone/ws_moveit/install/moveit_core/include/moveit/sensor_manager/sensor_manager.h
[1.823s] -- Up-to-date: /home/jone/ws_moveit/install/moveit_core/include
[1.823s] -- Up-to-date: /home/jone/ws_moveit/install/moveit_core/include/moveit
[1.823s] -- Up-to-date: /home/jone/ws_moveit/install/moveit_core/include/moveit/trajectory_processing
[1.823s] -- Up-to-date: /home/jone/ws_moveit/install/moveit_core/include/moveit/trajectory_processing/time_parameterization.h
[1.823s] -- Up-to-date: /home/jone/ws_moveit/install/moveit_core/include/moveit/trajectory_processing/iterative_time_parameterization.h
[1.823s] -- Up-to-date: /home/jone/ws_moveit/install/moveit_core/include/moveit/trajectory_processing/iterative_spline_parameterization.h
[1.823s] -- Up-to-date: /home/jone/ws_moveit/install/moveit_core/include/moveit/trajectory_processing/trajectory_tools.h
[1.823s] -- Up-to-date: /home/jone/ws_moveit/install/moveit_core/include/moveit/trajectory_processing/time_optimal_trajectory_generation.h
[1.823s] -- Up-to-date: /home/jone/ws_moveit/install/moveit_core/include/moveit/trajectory_processing/ruckig_traj_smoothing.h
[1.823s] -- Up-to-date: /home/jone/ws_moveit/install/moveit_core/include
[1.823s] -- Up-to-date: /home/jone/ws_moveit/install/moveit_core/include/moveit
[1.823s] -- Up-to-date: /home/jone/ws_moveit/install/moveit_core/include/moveit/transforms
[1.823s] -- Up-to-date: /home/jone/ws_moveit/install/moveit_core/include/moveit/transforms/transforms.h
[1.824s] -- Up-to-date: /home/jone/ws_moveit/install/moveit_core/include
[1.824s] -- Up-to-date: /home/jone/ws_moveit/install/moveit_core/include/moveit
[1.824s] -- Up-to-date: /home/jone/ws_moveit/install/moveit_core/include/moveit/utils
[1.824s] -- Up-to-date: /home/jone/ws_moveit/install/moveit_core/include/moveit/utils/lexical_casts.h
[1.824s] -- Up-to-date: /home/jone/ws_moveit/install/moveit_core/include/moveit/utils/moveit_error_code.h
[1.824s] -- Up-to-date: /home/jone/ws_moveit/install/moveit_core/include/moveit/utils/message_checks.h
[1.824s] -- Up-to-date: /home/jone/ws_moveit/install/moveit_core/include/moveit/utils/robot_model_test_utils.h
[1.824s] -- Up-to-date: /home/jone/ws_moveit/install/moveit_core/include/moveit/utils/rclcpp_utils.h
[1.825s] -- Up-to-date: /home/jone/ws_moveit/install/moveit_core/bin/moveit_version
[1.825s] -- Up-to-date: /home/jone/ws_moveit/install/moveit_core/include
[1.825s] -- Up-to-date: /home/jone/ws_moveit/install/moveit_core/include/moveit
[1.825s] -- Up-to-date: /home/jone/ws_moveit/install/moveit_core/include/moveit/collision_detection
[1.825s] -- Up-to-date: /home/jone/ws_moveit/install/moveit_core/include/moveit/collision_detection/world.h
[1.825s] -- Up-to-date: /home/jone/ws_moveit/install/moveit_core/include/moveit/collision_detection/collision_common.h
[1.825s] -- Up-to-date: /home/jone/ws_moveit/install/moveit_core/include/moveit/collision_detection/world_diff.h
[1.825s] -- Up-to-date: /home/jone/ws_moveit/install/moveit_core/include/moveit/collision_detection/test_collision_common_panda.h
[1.825s] -- Up-to-date: /home/jone/ws_moveit/install/moveit_core/include/moveit/collision_detection/allvalid
[1.825s] -- Up-to-date: /home/jone/ws_moveit/install/moveit_core/include/moveit/collision_detection/allvalid/collision_detector_allocator_allvalid.h
[1.825s] -- Up-to-date: /home/jone/ws_moveit/install/moveit_core/include/moveit/collision_detection/allvalid/collision_env_allvalid.h
[1.825s] -- Up-to-date: /home/jone/ws_moveit/install/moveit_core/include/moveit/collision_detection/collision_octomap_filter.h
[1.826s] -- Up-to-date: /home/jone/ws_moveit/install/moveit_core/include/moveit/collision_detection/collision_plugin_cache.h
[1.826s] -- Up-to-date: /home/jone/ws_moveit/install/moveit_core/include/moveit/collision_detection/collision_tools.h
[1.826s] -- Up-to-date: /home/jone/ws_moveit/install/moveit_core/include/moveit/collision_detection/collision_plugin.h
[1.826s] -- Up-to-date: /home/jone/ws_moveit/install/moveit_core/include/moveit/collision_detection/collision_detector_allocator.h
[1.826s] -- Up-to-date: /home/jone/ws_moveit/install/moveit_core/include/moveit/collision_detection/collision_env.h
[1.826s] -- Up-to-date: /home/jone/ws_moveit/install/moveit_core/include/moveit/collision_detection/collision_matrix.h
[1.826s] -- Up-to-date: /home/jone/ws_moveit/install/moveit_core/include/moveit/collision_detection/occupancy_map.h
[1.826s] -- Up-to-date: /home/jone/ws_moveit/install/moveit_core/include/moveit/collision_detection/test_collision_common_pr2.h
[1.826s] -- Up-to-date: /home/jone/ws_moveit/install/moveit_core/include/moveit_collision_detection_export.h
[1.826s] -- Up-to-date: /home/jone/ws_moveit/install/moveit_core/include
[1.826s] -- Up-to-date: /home/jone/ws_moveit/install/moveit_core/include/moveit
[1.826s] -- Up-to-date: /home/jone/ws_moveit/install/moveit_core/include/moveit/collision_detection_bullet
[1.826s] -- Up-to-date: /home/jone/ws_moveit/install/moveit_core/include/moveit/collision_detection_bullet/bullet_integration
[1.827s] -- Up-to-date: /home/jone/ws_moveit/install/moveit_core/include/moveit/collision_detection_bullet/bullet_integration/contact_checker_common.h
[1.827s] -- Up-to-date: /home/jone/ws_moveit/install/moveit_core/include/moveit/collision_detection_bullet/bullet_integration/ros_bullet_utils.h
[1.827s] -- Up-to-date: /home/jone/ws_moveit/install/moveit_core/include/moveit/collision_detection_bullet/bullet_integration/bullet_bvh_manager.h
[1.827s] -- Up-to-date: /home/jone/ws_moveit/install/moveit_core/include/moveit/collision_detection_bullet/bullet_integration/bullet_discrete_bvh_manager.h
[1.827s] -- Up-to-date: /home/jone/ws_moveit/install/moveit_core/include/moveit/collision_detection_bullet/bullet_integration/bullet_utils.h
[1.827s] -- Up-to-date: /home/jone/ws_moveit/install/moveit_core/include/moveit/collision_detection_bullet/bullet_integration/bullet_cast_bvh_manager.h
[1.827s] -- Up-to-date: /home/jone/ws_moveit/install/moveit_core/include/moveit/collision_detection_bullet/bullet_integration/basic_types.h
[1.827s] -- Up-to-date: /home/jone/ws_moveit/install/moveit_core/include/moveit/collision_detection_bullet/collision_detector_allocator_bullet.h
[1.827s] -- Up-to-date: /home/jone/ws_moveit/install/moveit_core/include/moveit/collision_detection_bullet/collision_detector_bullet_plugin_loader.h
[1.827s] -- Up-to-date: /home/jone/ws_moveit/install/moveit_core/include/moveit/collision_detection_bullet/collision_env_bullet.h
[1.827s] -- Up-to-date: /home/jone/ws_moveit/install/moveit_core/include/moveit_collision_detection_bullet_export.h
[1.827s] -- Up-to-date: /home/jone/ws_moveit/install/moveit_core/include
[1.827s] -- Up-to-date: /home/jone/ws_moveit/install/moveit_core/include/moveit
[1.827s] -- Up-to-date: /home/jone/ws_moveit/install/moveit_core/include/moveit/collision_detection_fcl
[1.827s] -- Up-to-date: /home/jone/ws_moveit/install/moveit_core/include/moveit/collision_detection_fcl/collision_common.h
[1.827s] -- Up-to-date: /home/jone/ws_moveit/install/moveit_core/include/moveit/collision_detection_fcl/collision_env_fcl.h
[1.827s] -- Up-to-date: /home/jone/ws_moveit/install/moveit_core/include/moveit/collision_detection_fcl/collision_detector_fcl_plugin_loader.h
[1.827s] -- Up-to-date: /home/jone/ws_moveit/install/moveit_core/include/moveit/collision_detection_fcl/collision_detector_allocator_fcl.h
[1.827s] -- Up-to-date: /home/jone/ws_moveit/install/moveit_core/include/moveit/collision_detection_fcl/fcl_compat.h
[1.827s] -- Up-to-date: /home/jone/ws_moveit/install/moveit_core/include/moveit_collision_detection_fcl_export.h
[1.828s] -- Up-to-date: /home/jone/ws_moveit/install/moveit_core/lib/libcollision_detector_bullet_plugin.so.2.5.9
[1.828s] -- Up-to-date: /home/jone/ws_moveit/install/moveit_core/lib/libcollision_detector_bullet_plugin.so
[1.828s] -- Up-to-date: /home/jone/ws_moveit/install/moveit_core/lib/libmoveit_butterworth_filter.so.2.5.9
[1.828s] -- Up-to-date: /home/jone/ws_moveit/install/moveit_core/lib/libmoveit_butterworth_filter.so
[1.829s] -- Up-to-date: /home/jone/ws_moveit/install/moveit_core/lib/libmoveit_collision_distance_field.so.2.5.9
[1.829s] -- Up-to-date: /home/jone/ws_moveit/install/moveit_core/lib/libmoveit_collision_distance_field.so
[1.830s] -- Up-to-date: /home/jone/ws_moveit/install/moveit_core/lib/libmoveit_collision_detection.so.2.5.9
[1.830s] -- Up-to-date: /home/jone/ws_moveit/install/moveit_core/lib/libmoveit_collision_detection.so
[1.831s] -- Up-to-date: /home/jone/ws_moveit/install/moveit_core/lib/libmoveit_collision_detection_fcl.so.2.5.9
[1.831s] -- Up-to-date: /home/jone/ws_moveit/install/moveit_core/lib/libmoveit_collision_detection_fcl.so
[1.832s] -- Up-to-date: /home/jone/ws_moveit/install/moveit_core/lib/libmoveit_collision_detection_bullet.so.2.5.9
[1.832s] -- Up-to-date: /home/jone/ws_moveit/install/moveit_core/lib/libmoveit_collision_detection_bullet.so
[1.832s] -- Up-to-date: /home/jone/ws_moveit/install/moveit_core/lib/libmoveit_dynamics_solver.so.2.5.9
[1.832s] -- Up-to-date: /home/jone/ws_moveit/install/moveit_core/lib/libmoveit_dynamics_solver.so
[1.833s] -- Up-to-date: /home/jone/ws_moveit/install/moveit_core/lib/libmoveit_constraint_samplers.so.2.5.9
[1.833s] -- Up-to-date: /home/jone/ws_moveit/install/moveit_core/lib/libmoveit_constraint_samplers.so
[1.834s] -- Up-to-date: /home/jone/ws_moveit/install/moveit_core/lib/libmoveit_distance_field.so.2.5.9
[1.834s] -- Up-to-date: /home/jone/ws_moveit/install/moveit_core/lib/libmoveit_distance_field.so
[1.834s] -- Up-to-date: /home/jone/ws_moveit/install/moveit_core/lib/libmoveit_exceptions.so.2.5.9
[1.834s] -- Up-to-date: /home/jone/ws_moveit/install/moveit_core/lib/libmoveit_exceptions.so
[1.835s] -- Up-to-date: /home/jone/ws_moveit/install/moveit_core/lib/libmoveit_kinematics_base.so
[1.835s] -- Up-to-date: /home/jone/ws_moveit/install/moveit_core/lib/libmoveit_kinematic_constraints.so.2.5.9
[1.836s] -- Up-to-date: /home/jone/ws_moveit/install/moveit_core/lib/libmoveit_kinematic_constraints.so
[1.836s] -- Up-to-date: /home/jone/ws_moveit/install/moveit_core/lib/libmoveit_kinematics_metrics.so.2.5.9
[1.837s] -- Up-to-date: /home/jone/ws_moveit/install/moveit_core/lib/libmoveit_kinematics_metrics.so
[1.837s] -- Up-to-date: /home/jone/ws_moveit/install/moveit_core/lib/libmoveit_planning_interface.so.2.5.9
[1.838s] -- Up-to-date: /home/jone/ws_moveit/install/moveit_core/lib/libmoveit_planning_interface.so
[1.838s] -- Up-to-date: /home/jone/ws_moveit/install/moveit_core/lib/libmoveit_planning_scene.so.2.5.9
[1.838s] -- Up-to-date: /home/jone/ws_moveit/install/moveit_core/lib/libmoveit_planning_scene.so
[1.839s] -- Up-to-date: /home/jone/ws_moveit/install/moveit_core/lib/libmoveit_planning_request_adapter.so.2.5.9
[1.839s] -- Up-to-date: /home/jone/ws_moveit/install/moveit_core/lib/libmoveit_planning_request_adapter.so
[1.840s] -- Up-to-date: /home/jone/ws_moveit/install/moveit_core/lib/libmoveit_robot_model.so.2.5.9
[1.840s] -- Up-to-date: /home/jone/ws_moveit/install/moveit_core/lib/libmoveit_robot_model.so
[1.841s] -- Up-to-date: /home/jone/ws_moveit/install/moveit_core/lib/libmoveit_robot_state.so.2.5.9
[1.841s] -- Up-to-date: /home/jone/ws_moveit/install/moveit_core/lib/libmoveit_robot_state.so
[1.841s] -- Up-to-date: /home/jone/ws_moveit/install/moveit_core/lib/libmoveit_robot_trajectory.so.2.5.9
[1.841s] -- Up-to-date: /home/jone/ws_moveit/install/moveit_core/lib/libmoveit_robot_trajectory.so
[1.842s] -- Up-to-date: /home/jone/ws_moveit/install/moveit_core/lib/libmoveit_smoothing_base.so.2.5.9
[1.842s] -- Up-to-date: /home/jone/ws_moveit/install/moveit_core/lib/libmoveit_smoothing_base.so
[1.844s] -- Up-to-date: /home/jone/ws_moveit/install/moveit_core/lib/libmoveit_test_utils.so.2.5.9
[1.844s] -- Up-to-date: /home/jone/ws_moveit/install/moveit_core/lib/libmoveit_test_utils.so
[1.845s] -- Up-to-date: /home/jone/ws_moveit/install/moveit_core/lib/libmoveit_trajectory_processing.so.2.5.9
[1.845s] -- Up-to-date: /home/jone/ws_moveit/install/moveit_core/lib/libmoveit_trajectory_processing.so
[1.846s] -- Up-to-date: /home/jone/ws_moveit/install/moveit_core/lib/libmoveit_transforms.so.2.5.9
[1.846s] -- Up-to-date: /home/jone/ws_moveit/install/moveit_core/lib/libmoveit_transforms.so
[1.847s] -- Up-to-date: /home/jone/ws_moveit/install/moveit_core/lib/libmoveit_utils.so.2.5.9
[1.847s] -- Up-to-date: /home/jone/ws_moveit/install/moveit_core/lib/libmoveit_utils.so
[1.847s] -- Up-to-date: /home/jone/ws_moveit/install/moveit_core/share/moveit_core/environment/library_path.sh
[1.847s] -- Up-to-date: /home/jone/ws_moveit/install/moveit_core/share/moveit_core/environment/library_path.dsv
[1.847s] -- Up-to-date: /home/jone/ws_moveit/install/moveit_core/share/moveit_core/collision_detector_fcl_description.xml
[1.847s] -- Up-to-date: /home/jone/ws_moveit/install/moveit_core/share/moveit_core/collision_detector_bullet_description.xml
[1.847s] -- Up-to-date: /home/jone/ws_moveit/install/moveit_core/share/moveit_core/filter_plugin_butterworth.xml
[1.848s] -- Up-to-date: /home/jone/ws_moveit/install/moveit_core/share/ament_index/resource_index/package_run_dependencies/moveit_core
[1.848s] -- Up-to-date: /home/jone/ws_moveit/install/moveit_core/share/ament_index/resource_index/parent_prefix_path/moveit_core
[1.848s] -- Up-to-date: /home/jone/ws_moveit/install/moveit_core/share/moveit_core/environment/ament_prefix_path.sh
[1.848s] -- Up-to-date: /home/jone/ws_moveit/install/moveit_core/share/moveit_core/environment/ament_prefix_path.dsv
[1.848s] -- Up-to-date: /home/jone/ws_moveit/install/moveit_core/share/moveit_core/environment/path.sh
[1.848s] -- Up-to-date: /home/jone/ws_moveit/install/moveit_core/share/moveit_core/environment/path.dsv
[1.848s] -- Up-to-date: /home/jone/ws_moveit/install/moveit_core/share/moveit_core/local_setup.bash
[1.848s] -- Up-to-date: /home/jone/ws_moveit/install/moveit_core/share/moveit_core/local_setup.sh
[1.848s] -- Up-to-date: /home/jone/ws_moveit/install/moveit_core/share/moveit_core/local_setup.zsh
[1.848s] -- Up-to-date: /home/jone/ws_moveit/install/moveit_core/share/moveit_core/local_setup.dsv
[1.848s] -- Installing: /home/jone/ws_moveit/install/moveit_core/share/moveit_core/package.dsv
[1.848s] -- Up-to-date: /home/jone/ws_moveit/install/moveit_core/share/ament_index/resource_index/packages/moveit_core
[1.849s] -- Up-to-date: /home/jone/ws_moveit/install/moveit_core/share/ament_index/resource_index/moveit_core__pluginlib__plugin/moveit_core
[1.850s] -- Up-to-date: /home/jone/ws_moveit/install/moveit_core/share/moveit_core/cmake/export_moveit_coreExport.cmake
[1.850s] -- Up-to-date: /home/jone/ws_moveit/install/moveit_core/share/moveit_core/cmake/export_moveit_coreExport-release.cmake
[1.850s] -- Up-to-date: /home/jone/ws_moveit/install/moveit_core/share/moveit_core/cmake/ConfigExtras.cmake
[1.850s] -- Up-to-date: /home/jone/ws_moveit/install/moveit_core/share/moveit_core/cmake/ament_cmake_export_targets-extras.cmake
[1.850s] -- Up-to-date: /home/jone/ws_moveit/install/moveit_core/share/moveit_core/cmake/ament_cmake_export_dependencies-extras.cmake
[1.850s] -- Up-to-date: /home/jone/ws_moveit/install/moveit_core/share/moveit_core/cmake/moveit_coreConfig.cmake
[1.850s] -- Up-to-date: /home/jone/ws_moveit/install/moveit_core/share/moveit_core/cmake/moveit_coreConfig-version.cmake
[1.850s] -- Up-to-date: /home/jone/ws_moveit/install/moveit_core/share/moveit_core/package.xml
[1.852s] Invoked command in '/home/jone/ws_moveit/build/moveit_core' returned '0': AMENT_PREFIX_PATH=/home/jone/ws_moveit/install/moveit_resources_panda_moveit_config:/home/jone/ws_moveit/install/srdfdom:/home/jone/ws_moveit/install/moveit_resources_pr2_description:/home/jone/ws_moveit/install/moveit_resources_panda_description:/home/jone/ws_moveit/install/moveit_common:${AMENT_PREFIX_PATH} CMAKE_PREFIX_PATH=/home/jone/ws_moveit/install/moveit_resources_panda_moveit_config:/home/jone/ws_moveit/install/srdfdom:/home/jone/ws_moveit/install/moveit_resources_pr2_description:/home/jone/ws_moveit/install/moveit_resources_panda_description:/home/jone/ws_moveit/install/moveit_common:/opt/ros/humble LD_LIBRARY_PATH=/home/jone/ws_moveit/install/srdfdom/lib:/opt/ros/humble/opt/rviz_ogre_vendor/lib:/opt/ros/humble/lib/x86_64-linux-gnu:/opt/ros/humble/lib:/usr/lib/x86_64-linux-gnu/gazebo-11/plugins:/usr/lib/x86_64-linux-gnu/gazebo-11/plugins:/usr/lib/x86_64-linux-gnu/gazebo-11/plugins PYTHONPATH=/home/jone/ws_moveit/install/srdfdom/local/lib/python3.10/dist-packages:${PYTHONPATH} /usr/bin/cmake --install /home/jone/ws_moveit/build/moveit_core
