[0.008s] Invoking command in '/home/jone/ws/build/walking_actor': AMENT_PREFIX_PATH=/home/jone/ws/install/ros_ign_gazebo:/home/jone/ws/install/ros_ign_bridge:${AMENT_PREFIX_PATH} CMAKE_PREFIX_PATH=/home/jone/ws/install/ros_ign_gazebo:/home/jone/ws/install/ros_ign_bridge:/home/jone/turtlebot3_ws/install/turtlebot3:/home/jone/turtlebot3_ws/install/turtlebot3_simulations:/home/jone/turtlebot3_ws/install/turtlebot3_bringup:/home/jone/turtlebot3_ws/install/turtlebot3_node:/home/jone/turtlebot3_ws/install/turtlebot3_navigation2:/home/jone/turtlebot3_ws/install/turtlebot3_fake_node:/home/jone/turtlebot3_ws/install/turtlebot3_msgs:/home/jone/turtlebot3_ws/install/turtlebot3_manipulation_gazebo:/home/jone/turtlebot3_ws/install/turtlebot3_gazebo:/home/jone/turtlebot3_ws/install/turtlebot3_description:/home/jone/turtlebot3_ws/install/turtlebot3_cartographer:/home/jone/turtlebot3_ws/install/dynamixel_sdk_examples:/home/jone/turtlebot3_ws/install/dynamixel_sdk_custom_interfaces:/home/jone/turtlebot3_ws/install/dynamixel_sdk:/home/jone/turtlebot3_ws/install/turtlebot3_teleop:/home/jone/turtlebot3_ws/install/turtlebot3_example:/opt/ros/humble /usr/bin/cmake /home/jone/ws/src/walking_actor -DCMAKE_INSTALL_PREFIX=/home/jone/ws/install/walking_actor
[0.053s] -- The C compiler identification is GNU 11.4.0
[0.098s] -- The CXX compiler identification is GNU 11.4.0
[0.104s] -- Detecting C compiler ABI info
[0.164s] -- Detecting C compiler ABI info - done
[0.169s] -- Check for working C compiler: /usr/bin/cc - skipped
[0.169s] -- Detecting C compile features
[0.170s] -- Detecting C compile features - done
[0.172s] -- Detecting CXX compiler ABI info
[0.241s] -- Detecting CXX compiler ABI info - done
[0.247s] -- Check for working CXX compiler: /usr/bin/c++ - skipped
[0.247s] -- Detecting CXX compile features
[0.247s] -- Detecting CXX compile features - done
[0.251s] -- Found ament_cmake: 1.3.12 (/opt/ros/humble/share/ament_cmake/cmake)
[0.381s] -- Found Python3: /usr/bin/python3 (found version "3.10.12") found components: Interpreter 
[0.534s] -- Configuring done
[0.536s] -- Generating done
[0.537s] -- Build files have been written to: /home/jone/ws/build/walking_actor
[0.541s] Invoked command in '/home/jone/ws/build/walking_actor' returned '0': AMENT_PREFIX_PATH=/home/jone/ws/install/ros_ign_gazebo:/home/jone/ws/install/ros_ign_bridge:${AMENT_PREFIX_PATH} CMAKE_PREFIX_PATH=/home/jone/ws/install/ros_ign_gazebo:/home/jone/ws/install/ros_ign_bridge:/home/jone/turtlebot3_ws/install/turtlebot3:/home/jone/turtlebot3_ws/install/turtlebot3_simulations:/home/jone/turtlebot3_ws/install/turtlebot3_bringup:/home/jone/turtlebot3_ws/install/turtlebot3_node:/home/jone/turtlebot3_ws/install/turtlebot3_navigation2:/home/jone/turtlebot3_ws/install/turtlebot3_fake_node:/home/jone/turtlebot3_ws/install/turtlebot3_msgs:/home/jone/turtlebot3_ws/install/turtlebot3_manipulation_gazebo:/home/jone/turtlebot3_ws/install/turtlebot3_gazebo:/home/jone/turtlebot3_ws/install/turtlebot3_description:/home/jone/turtlebot3_ws/install/turtlebot3_cartographer:/home/jone/turtlebot3_ws/install/dynamixel_sdk_examples:/home/jone/turtlebot3_ws/install/dynamixel_sdk_custom_interfaces:/home/jone/turtlebot3_ws/install/dynamixel_sdk:/home/jone/turtlebot3_ws/install/turtlebot3_teleop:/home/jone/turtlebot3_ws/install/turtlebot3_example:/opt/ros/humble /usr/bin/cmake /home/jone/ws/src/walking_actor -DCMAKE_INSTALL_PREFIX=/home/jone/ws/install/walking_actor
[0.542s] Invoking command in '/home/jone/ws/build/walking_actor': AMENT_PREFIX_PATH=/home/jone/ws/install/ros_ign_gazebo:/home/jone/ws/install/ros_ign_bridge:${AMENT_PREFIX_PATH} CMAKE_PREFIX_PATH=/home/jone/ws/install/ros_ign_gazebo:/home/jone/ws/install/ros_ign_bridge:/home/jone/turtlebot3_ws/install/turtlebot3:/home/jone/turtlebot3_ws/install/turtlebot3_simulations:/home/jone/turtlebot3_ws/install/turtlebot3_bringup:/home/jone/turtlebot3_ws/install/turtlebot3_node:/home/jone/turtlebot3_ws/install/turtlebot3_navigation2:/home/jone/turtlebot3_ws/install/turtlebot3_fake_node:/home/jone/turtlebot3_ws/install/turtlebot3_msgs:/home/jone/turtlebot3_ws/install/turtlebot3_manipulation_gazebo:/home/jone/turtlebot3_ws/install/turtlebot3_gazebo:/home/jone/turtlebot3_ws/install/turtlebot3_description:/home/jone/turtlebot3_ws/install/turtlebot3_cartographer:/home/jone/turtlebot3_ws/install/dynamixel_sdk_examples:/home/jone/turtlebot3_ws/install/dynamixel_sdk_custom_interfaces:/home/jone/turtlebot3_ws/install/dynamixel_sdk:/home/jone/turtlebot3_ws/install/turtlebot3_teleop:/home/jone/turtlebot3_ws/install/turtlebot3_example:/opt/ros/humble /usr/bin/cmake --build /home/jone/ws/build/walking_actor -- -j16 -l16
[0.579s] Invoked command in '/home/jone/ws/build/walking_actor' returned '0': AMENT_PREFIX_PATH=/home/jone/ws/install/ros_ign_gazebo:/home/jone/ws/install/ros_ign_bridge:${AMENT_PREFIX_PATH} CMAKE_PREFIX_PATH=/home/jone/ws/install/ros_ign_gazebo:/home/jone/ws/install/ros_ign_bridge:/home/jone/turtlebot3_ws/install/turtlebot3:/home/jone/turtlebot3_ws/install/turtlebot3_simulations:/home/jone/turtlebot3_ws/install/turtlebot3_bringup:/home/jone/turtlebot3_ws/install/turtlebot3_node:/home/jone/turtlebot3_ws/install/turtlebot3_navigation2:/home/jone/turtlebot3_ws/install/turtlebot3_fake_node:/home/jone/turtlebot3_ws/install/turtlebot3_msgs:/home/jone/turtlebot3_ws/install/turtlebot3_manipulation_gazebo:/home/jone/turtlebot3_ws/install/turtlebot3_gazebo:/home/jone/turtlebot3_ws/install/turtlebot3_description:/home/jone/turtlebot3_ws/install/turtlebot3_cartographer:/home/jone/turtlebot3_ws/install/dynamixel_sdk_examples:/home/jone/turtlebot3_ws/install/dynamixel_sdk_custom_interfaces:/home/jone/turtlebot3_ws/install/dynamixel_sdk:/home/jone/turtlebot3_ws/install/turtlebot3_teleop:/home/jone/turtlebot3_ws/install/turtlebot3_example:/opt/ros/humble /usr/bin/cmake --build /home/jone/ws/build/walking_actor -- -j16 -l16
[0.581s] Invoking command in '/home/jone/ws/build/walking_actor': AMENT_PREFIX_PATH=/home/jone/ws/install/ros_ign_gazebo:/home/jone/ws/install/ros_ign_bridge:${AMENT_PREFIX_PATH} CMAKE_PREFIX_PATH=/home/jone/ws/install/ros_ign_gazebo:/home/jone/ws/install/ros_ign_bridge:/home/jone/turtlebot3_ws/install/turtlebot3:/home/jone/turtlebot3_ws/install/turtlebot3_simulations:/home/jone/turtlebot3_ws/install/turtlebot3_bringup:/home/jone/turtlebot3_ws/install/turtlebot3_node:/home/jone/turtlebot3_ws/install/turtlebot3_navigation2:/home/jone/turtlebot3_ws/install/turtlebot3_fake_node:/home/jone/turtlebot3_ws/install/turtlebot3_msgs:/home/jone/turtlebot3_ws/install/turtlebot3_manipulation_gazebo:/home/jone/turtlebot3_ws/install/turtlebot3_gazebo:/home/jone/turtlebot3_ws/install/turtlebot3_description:/home/jone/turtlebot3_ws/install/turtlebot3_cartographer:/home/jone/turtlebot3_ws/install/dynamixel_sdk_examples:/home/jone/turtlebot3_ws/install/dynamixel_sdk_custom_interfaces:/home/jone/turtlebot3_ws/install/dynamixel_sdk:/home/jone/turtlebot3_ws/install/turtlebot3_teleop:/home/jone/turtlebot3_ws/install/turtlebot3_example:/opt/ros/humble /usr/bin/cmake --install /home/jone/ws/build/walking_actor
[0.588s] -- Install configuration: ""
[0.588s] -- Installing: /home/jone/ws/install/walking_actor/share/walking_actor/launch
[0.588s] -- Installing: /home/jone/ws/install/walking_actor/share/walking_actor/launch/cam_world.launch.py
[0.589s] -- Installing: /home/jone/ws/install/walking_actor/share/walking_actor/rviz
[0.589s] -- Installing: /home/jone/ws/install/walking_actor/share/walking_actor/rviz/camera.rviz
[0.589s] -- Installing: /home/jone/ws/install/walking_actor/share/ament_index/resource_index/package_run_dependencies/walking_actor
[0.590s] -- Installing: /home/jone/ws/install/walking_actor/share/ament_index/resource_index/parent_prefix_path/walking_actor
[0.590s] -- Installing: /home/jone/ws/install/walking_actor/share/walking_actor/environment/ament_prefix_path.sh
[0.590s] -- Installing: /home/jone/ws/install/walking_actor/share/walking_actor/environment/ament_prefix_path.dsv
[0.590s] -- Installing: /home/jone/ws/install/walking_actor/share/walking_actor/environment/path.sh
[0.590s] -- Installing: /home/jone/ws/install/walking_actor/share/walking_actor/environment/path.dsv
[0.590s] -- Installing: /home/jone/ws/install/walking_actor/share/walking_actor/local_setup.bash
[0.590s] -- Installing: /home/jone/ws/install/walking_actor/share/walking_actor/local_setup.sh
[0.590s] -- Installing: /home/jone/ws/install/walking_actor/share/walking_actor/local_setup.zsh
[0.590s] -- Installing: /home/jone/ws/install/walking_actor/share/walking_actor/local_setup.dsv
[0.590s] -- Installing: /home/jone/ws/install/walking_actor/share/walking_actor/package.dsv
[0.590s] -- Installing: /home/jone/ws/install/walking_actor/share/ament_index/resource_index/packages/walking_actor
[0.591s] -- Installing: /home/jone/ws/install/walking_actor/share/walking_actor/cmake/walking_actorConfig.cmake
[0.591s] -- Installing: /home/jone/ws/install/walking_actor/share/walking_actor/cmake/walking_actorConfig-version.cmake
[0.591s] -- Installing: /home/jone/ws/install/walking_actor/share/walking_actor/package.xml
[0.593s] Invoked command in '/home/jone/ws/build/walking_actor' returned '0': AMENT_PREFIX_PATH=/home/jone/ws/install/ros_ign_gazebo:/home/jone/ws/install/ros_ign_bridge:${AMENT_PREFIX_PATH} CMAKE_PREFIX_PATH=/home/jone/ws/install/ros_ign_gazebo:/home/jone/ws/install/ros_ign_bridge:/home/jone/turtlebot3_ws/install/turtlebot3:/home/jone/turtlebot3_ws/install/turtlebot3_simulations:/home/jone/turtlebot3_ws/install/turtlebot3_bringup:/home/jone/turtlebot3_ws/install/turtlebot3_node:/home/jone/turtlebot3_ws/install/turtlebot3_navigation2:/home/jone/turtlebot3_ws/install/turtlebot3_fake_node:/home/jone/turtlebot3_ws/install/turtlebot3_msgs:/home/jone/turtlebot3_ws/install/turtlebot3_manipulation_gazebo:/home/jone/turtlebot3_ws/install/turtlebot3_gazebo:/home/jone/turtlebot3_ws/install/turtlebot3_description:/home/jone/turtlebot3_ws/install/turtlebot3_cartographer:/home/jone/turtlebot3_ws/install/dynamixel_sdk_examples:/home/jone/turtlebot3_ws/install/dynamixel_sdk_custom_interfaces:/home/jone/turtlebot3_ws/install/dynamixel_sdk:/home/jone/turtlebot3_ws/install/turtlebot3_teleop:/home/jone/turtlebot3_ws/install/turtlebot3_example:/opt/ros/humble /usr/bin/cmake --install /home/jone/ws/build/walking_actor
