[0.014s] Invoking command in '/home/jone/ws/build/ros_ign_bridge': CMAKE_PREFIX_PATH=${CMAKE_PREFIX_PATH}:/home/jone/turtlebot3_ws/install/turtlebot3_teleop:/home/jone/turtlebot3_ws/install/turtlebot3_example:/opt/ros/humble /usr/bin/cmake /home/jone/ws/src/ros_ign_bridge -DCMAKE_INSTALL_PREFIX=/home/jone/ws/install/ros_ign_bridge
[0.151s] -- The C compiler identification is GNU 11.4.0
[0.234s] -- The CXX compiler identification is GNU 11.4.0
[0.243s] -- Detecting C compiler ABI info
[0.305s] -- Detecting C compiler ABI info - done
[0.310s] -- Check for working C compiler: /usr/bin/cc - skipped
[0.311s] -- Detecting C compile features
[0.312s] -- Detecting C compile features - done
[0.314s] -- Detecting CXX compiler ABI info
[0.383s] -- Detecting CXX compiler ABI info - done
[0.389s] -- Check for working CXX compiler: /usr/bin/c++ - skipped
[0.389s] -- Detecting CXX compile features
[0.389s] -- Detecting CXX compile features - done
[0.398s] -- Found ament_cmake: 1.3.12 (/opt/ros/humble/share/ament_cmake/cmake)
[0.532s] -- Found Python3: /usr/bin/python3 (found version "3.10.12") found components: Interpreter 
[0.644s] -- Found ament_index_cpp: 1.4.0 (/opt/ros/humble/share/ament_index_cpp/cmake)
[0.699s] -- Configuring done
[0.703s] -- Generating done
[0.705s] -- Build files have been written to: /home/jone/ws/build/ros_ign_bridge
[0.709s] Invoked command in '/home/jone/ws/build/ros_ign_bridge' returned '0': CMAKE_PREFIX_PATH=${CMAKE_PREFIX_PATH}:/home/jone/turtlebot3_ws/install/turtlebot3_teleop:/home/jone/turtlebot3_ws/install/turtlebot3_example:/opt/ros/humble /usr/bin/cmake /home/jone/ws/src/ros_ign_bridge -DCMAKE_INSTALL_PREFIX=/home/jone/ws/install/ros_ign_bridge
[0.711s] Invoking command in '/home/jone/ws/build/ros_ign_bridge': CMAKE_PREFIX_PATH=${CMAKE_PREFIX_PATH}:/home/jone/turtlebot3_ws/install/turtlebot3_teleop:/home/jone/turtlebot3_ws/install/turtlebot3_example:/opt/ros/humble /usr/bin/cmake --build /home/jone/ws/build/ros_ign_bridge -- -j16 -l16
[0.757s] [ 50%] [32mBuilding CXX object CMakeFiles/static_bridge.dir/src/static_bridge_shim.cpp.o[0m
[0.757s] [ 50%] [32mBuilding CXX object CMakeFiles/parameter_bridge.dir/src/parameter_bridge_shim.cpp.o[0m
[0.988s] [100%] [32m[1mLinking CXX executable static_bridge[0m
[0.988s] [100%] [32m[1mLinking CXX executable parameter_bridge[0m
[1.073s] [100%] Built target static_bridge
[1.074s] [100%] Built target parameter_bridge
[1.085s] Invoked command in '/home/jone/ws/build/ros_ign_bridge' returned '0': CMAKE_PREFIX_PATH=${CMAKE_PREFIX_PATH}:/home/jone/turtlebot3_ws/install/turtlebot3_teleop:/home/jone/turtlebot3_ws/install/turtlebot3_example:/opt/ros/humble /usr/bin/cmake --build /home/jone/ws/build/ros_ign_bridge -- -j16 -l16
[1.094s] Invoking command in '/home/jone/ws/build/ros_ign_bridge': CMAKE_PREFIX_PATH=${CMAKE_PREFIX_PATH}:/home/jone/turtlebot3_ws/install/turtlebot3_teleop:/home/jone/turtlebot3_ws/install/turtlebot3_example:/opt/ros/humble /usr/bin/cmake --install /home/jone/ws/build/ros_ign_bridge
[1.101s] -- Install configuration: ""
[1.101s] -- Installing: /home/jone/ws/install/ros_ign_bridge/lib/ros_ign_bridge/parameter_bridge
[1.101s] -- Set runtime path of "/home/jone/ws/install/ros_ign_bridge/lib/ros_ign_bridge/parameter_bridge" to ""
[1.101s] -- Installing: /home/jone/ws/install/ros_ign_bridge/lib/ros_ign_bridge/static_bridge
[1.102s] -- Set runtime path of "/home/jone/ws/install/ros_ign_bridge/lib/ros_ign_bridge/static_bridge" to ""
[1.102s] -- Installing: /home/jone/ws/install/ros_ign_bridge/share/ament_index/resource_index/package_run_dependencies/ros_ign_bridge
[1.102s] -- Installing: /home/jone/ws/install/ros_ign_bridge/share/ament_index/resource_index/parent_prefix_path/ros_ign_bridge
[1.102s] -- Installing: /home/jone/ws/install/ros_ign_bridge/share/ros_ign_bridge/environment/ament_prefix_path.sh
[1.102s] -- Installing: /home/jone/ws/install/ros_ign_bridge/share/ros_ign_bridge/environment/ament_prefix_path.dsv
[1.102s] -- Installing: /home/jone/ws/install/ros_ign_bridge/share/ros_ign_bridge/environment/path.sh
[1.102s] -- Installing: /home/jone/ws/install/ros_ign_bridge/share/ros_ign_bridge/environment/path.dsv
[1.103s] -- Installing: /home/jone/ws/install/ros_ign_bridge/share/ros_ign_bridge/local_setup.bash
[1.103s] -- Installing: /home/jone/ws/install/ros_ign_bridge/share/ros_ign_bridge/local_setup.sh
[1.103s] -- Installing: /home/jone/ws/install/ros_ign_bridge/share/ros_ign_bridge/local_setup.zsh
[1.103s] -- Installing: /home/jone/ws/install/ros_ign_bridge/share/ros_ign_bridge/local_setup.dsv
[1.103s] -- Installing: /home/jone/ws/install/ros_ign_bridge/share/ros_ign_bridge/package.dsv
[1.103s] -- Installing: /home/jone/ws/install/ros_ign_bridge/share/ament_index/resource_index/packages/ros_ign_bridge
[1.103s] -- Installing: /home/jone/ws/install/ros_ign_bridge/share/ros_ign_bridge/cmake/ament_cmake_export_dependencies-extras.cmake
[1.104s] -- Installing: /home/jone/ws/install/ros_ign_bridge/share/ros_ign_bridge/cmake/ros_ign_bridgeConfig.cmake
[1.104s] -- Installing: /home/jone/ws/install/ros_ign_bridge/share/ros_ign_bridge/cmake/ros_ign_bridgeConfig-version.cmake
[1.104s] -- Installing: /home/jone/ws/install/ros_ign_bridge/share/ros_ign_bridge/package.xml
[1.105s] Invoked command in '/home/jone/ws/build/ros_ign_bridge' returned '0': CMAKE_PREFIX_PATH=${CMAKE_PREFIX_PATH}:/home/jone/turtlebot3_ws/install/turtlebot3_teleop:/home/jone/turtlebot3_ws/install/turtlebot3_example:/opt/ros/humble /usr/bin/cmake --install /home/jone/ws/build/ros_ign_bridge
