[0.171s] Invoking command in '/home/jone/ws_moveit/build/rosparam_shortcuts': /usr/bin/cmake /home/jone/ws_moveit/src/rosparam_shortcuts -DCMAKE_BUILD_TYPE=Release -DCMAKE_INSTALL_PREFIX=/home/jone/ws_moveit/install/rosparam_shortcuts
[0.229s] -- The C compiler identification is GNU 11.4.0
[0.286s] -- The CXX compiler identification is GNU 11.4.0
[0.293s] -- Detecting C compiler ABI info
[0.361s] -- Detecting C compiler ABI info - done
[0.367s] -- Check for working C compiler: /usr/bin/cc - skipped
[0.367s] -- Detecting C compile features
[0.367s] -- Detecting C compile features - done
[0.370s] -- Detecting CXX compiler ABI info
[0.443s] -- Detecting CXX compiler ABI info - done
[0.447s] -- Check for working CXX compiler: /usr/bin/c++ - skipped
[0.448s] -- Detecting CXX compile features
[0.448s] -- Detecting CXX compile features - done
[0.458s] [31mCMake Error at CMakeLists.txt:7 (find_package):
[0.458s]   By not providing "Findament_cmake.cmake" in CMAKE_MODULE_PATH this project
[0.459s]   has asked CMake to find a package configuration file provided by
[0.459s]   "ament_cmake", but CMake did not find one.
[0.459s] 
[0.459s]   Could not find a package configuration file provided by "ament_cmake" with
[0.459s]   any of the following names:
[0.459s] 
[0.459s]     ament_cmakeConfig.cmake
[0.459s]     ament_cmake-config.cmake
[0.459s] 
[0.459s]   Add the installation prefix of "ament_cmake" to CMAKE_PREFIX_PATH or set
[0.459s]   "ament_cmake_DIR" to a directory containing one of the above files.  If
[0.459s]   "ament_cmake" provides a separate development package or SDK, be sure it
[0.459s]   has been installed.
[0.459s] 
[0.459s] [0m
[0.459s] -- Configuring incomplete, errors occurred!
[0.459s] See also "/home/jone/ws_moveit/build/rosparam_shortcuts/CMakeFiles/CMakeOutput.log".
