[0.010s] Invoking command in '/home/jone/ws_moveit/build/moveit_resources': AMENT_PREFIX_PATH=/home/jone/ws_moveit/install/moveit_resources_panda_moveit_config:/home/jone/ws_moveit/install/moveit_resources_fanuc_moveit_config:/home/jone/ws_moveit/install/moveit_resources_pr2_description:/home/jone/ws_moveit/install/moveit_resources_panda_description:/home/jone/ws_moveit/install/moveit_resources_fanuc_description:${AMENT_PREFIX_PATH} CMAKE_PREFIX_PATH=/home/jone/ws_moveit/install/moveit_resources_panda_moveit_config:/home/jone/ws_moveit/install/moveit_resources_fanuc_moveit_config:/home/jone/ws_moveit/install/moveit_resources_pr2_description:/home/jone/ws_moveit/install/moveit_resources_panda_description:/home/jone/ws_moveit/install/moveit_resources_fanuc_description:/opt/ros/humble /usr/bin/cmake /home/jone/ws_moveit/src/moveit_resources/moveit_resources -DCMAKE_BUILD_PARALLEL_LEVEL=1 -DCMAKE_INSTALL_PREFIX=/home/jone/ws_moveit/install/moveit_resources
[0.021s] -- Found ament_cmake: 1.3.12 (/opt/ros/humble/share/ament_cmake/cmake)
[0.159s] -- Configuring done
[0.162s] -- Generating done
[0.163s] [33mCMake Warning:
[0.163s]   Manually-specified variables were not used by the project:
[0.163s] 
[0.163s]     CMAKE_BUILD_PARALLEL_LEVEL
[0.163s] 
[0.163s] [0m
[0.164s] -- Build files have been written to: /home/jone/ws_moveit/build/moveit_resources
[0.166s] Invoked command in '/home/jone/ws_moveit/build/moveit_resources' returned '0': AMENT_PREFIX_PATH=/home/jone/ws_moveit/install/moveit_resources_panda_moveit_config:/home/jone/ws_moveit/install/moveit_resources_fanuc_moveit_config:/home/jone/ws_moveit/install/moveit_resources_pr2_description:/home/jone/ws_moveit/install/moveit_resources_panda_description:/home/jone/ws_moveit/install/moveit_resources_fanuc_description:${AMENT_PREFIX_PATH} CMAKE_PREFIX_PATH=/home/jone/ws_moveit/install/moveit_resources_panda_moveit_config:/home/jone/ws_moveit/install/moveit_resources_fanuc_moveit_config:/home/jone/ws_moveit/install/moveit_resources_pr2_description:/home/jone/ws_moveit/install/moveit_resources_panda_description:/home/jone/ws_moveit/install/moveit_resources_fanuc_description:/opt/ros/humble /usr/bin/cmake /home/jone/ws_moveit/src/moveit_resources/moveit_resources -DCMAKE_BUILD_PARALLEL_LEVEL=1 -DCMAKE_INSTALL_PREFIX=/home/jone/ws_moveit/install/moveit_resources
[0.167s] Invoking command in '/home/jone/ws_moveit/build/moveit_resources': AMENT_PREFIX_PATH=/home/jone/ws_moveit/install/moveit_resources_panda_moveit_config:/home/jone/ws_moveit/install/moveit_resources_fanuc_moveit_config:/home/jone/ws_moveit/install/moveit_resources_pr2_description:/home/jone/ws_moveit/install/moveit_resources_panda_description:/home/jone/ws_moveit/install/moveit_resources_fanuc_description:${AMENT_PREFIX_PATH} CMAKE_PREFIX_PATH=/home/jone/ws_moveit/install/moveit_resources_panda_moveit_config:/home/jone/ws_moveit/install/moveit_resources_fanuc_moveit_config:/home/jone/ws_moveit/install/moveit_resources_pr2_description:/home/jone/ws_moveit/install/moveit_resources_panda_description:/home/jone/ws_moveit/install/moveit_resources_fanuc_description:/opt/ros/humble /usr/bin/cmake --build /home/jone/ws_moveit/build/moveit_resources -- -j16 -l16
[0.201s] Invoked command in '/home/jone/ws_moveit/build/moveit_resources' returned '0': AMENT_PREFIX_PATH=/home/jone/ws_moveit/install/moveit_resources_panda_moveit_config:/home/jone/ws_moveit/install/moveit_resources_fanuc_moveit_config:/home/jone/ws_moveit/install/moveit_resources_pr2_description:/home/jone/ws_moveit/install/moveit_resources_panda_description:/home/jone/ws_moveit/install/moveit_resources_fanuc_description:${AMENT_PREFIX_PATH} CMAKE_PREFIX_PATH=/home/jone/ws_moveit/install/moveit_resources_panda_moveit_config:/home/jone/ws_moveit/install/moveit_resources_fanuc_moveit_config:/home/jone/ws_moveit/install/moveit_resources_pr2_description:/home/jone/ws_moveit/install/moveit_resources_panda_description:/home/jone/ws_moveit/install/moveit_resources_fanuc_description:/opt/ros/humble /usr/bin/cmake --build /home/jone/ws_moveit/build/moveit_resources -- -j16 -l16
[0.202s] Invoking command in '/home/jone/ws_moveit/build/moveit_resources': AMENT_PREFIX_PATH=/home/jone/ws_moveit/install/moveit_resources_panda_moveit_config:/home/jone/ws_moveit/install/moveit_resources_fanuc_moveit_config:/home/jone/ws_moveit/install/moveit_resources_pr2_description:/home/jone/ws_moveit/install/moveit_resources_panda_description:/home/jone/ws_moveit/install/moveit_resources_fanuc_description:${AMENT_PREFIX_PATH} CMAKE_PREFIX_PATH=/home/jone/ws_moveit/install/moveit_resources_panda_moveit_config:/home/jone/ws_moveit/install/moveit_resources_fanuc_moveit_config:/home/jone/ws_moveit/install/moveit_resources_pr2_description:/home/jone/ws_moveit/install/moveit_resources_panda_description:/home/jone/ws_moveit/install/moveit_resources_fanuc_description:/opt/ros/humble /usr/bin/cmake --install /home/jone/ws_moveit/build/moveit_resources
[0.208s] -- Install configuration: "Release"
[0.208s] -- Up-to-date: /home/jone/ws_moveit/install/moveit_resources/share/ament_index/resource_index/package_run_dependencies/moveit_resources
[0.209s] -- Up-to-date: /home/jone/ws_moveit/install/moveit_resources/share/ament_index/resource_index/parent_prefix_path/moveit_resources
[0.209s] -- Up-to-date: /home/jone/ws_moveit/install/moveit_resources/share/moveit_resources/environment/ament_prefix_path.sh
[0.209s] -- Installing: /home/jone/ws_moveit/install/moveit_resources/share/moveit_resources/environment/ament_prefix_path.dsv
[0.209s] -- Up-to-date: /home/jone/ws_moveit/install/moveit_resources/share/moveit_resources/environment/path.sh
[0.209s] -- Installing: /home/jone/ws_moveit/install/moveit_resources/share/moveit_resources/environment/path.dsv
[0.209s] -- Up-to-date: /home/jone/ws_moveit/install/moveit_resources/share/moveit_resources/local_setup.bash
[0.209s] -- Up-to-date: /home/jone/ws_moveit/install/moveit_resources/share/moveit_resources/local_setup.sh
[0.209s] -- Up-to-date: /home/jone/ws_moveit/install/moveit_resources/share/moveit_resources/local_setup.zsh
[0.209s] -- Installing: /home/jone/ws_moveit/install/moveit_resources/share/moveit_resources/local_setup.dsv
[0.209s] -- Installing: /home/jone/ws_moveit/install/moveit_resources/share/moveit_resources/package.dsv
[0.210s] -- Up-to-date: /home/jone/ws_moveit/install/moveit_resources/share/ament_index/resource_index/packages/moveit_resources
[0.210s] -- Up-to-date: /home/jone/ws_moveit/install/moveit_resources/share/moveit_resources/cmake/moveit_resourcesConfig.cmake
[0.210s] -- Up-to-date: /home/jone/ws_moveit/install/moveit_resources/share/moveit_resources/cmake/moveit_resourcesConfig-version.cmake
[0.210s] -- Up-to-date: /home/jone/ws_moveit/install/moveit_resources/share/moveit_resources/package.xml
[0.211s] Invoked command in '/home/jone/ws_moveit/build/moveit_resources' returned '0': AMENT_PREFIX_PATH=/home/jone/ws_moveit/install/moveit_resources_panda_moveit_config:/home/jone/ws_moveit/install/moveit_resources_fanuc_moveit_config:/home/jone/ws_moveit/install/moveit_resources_pr2_description:/home/jone/ws_moveit/install/moveit_resources_panda_description:/home/jone/ws_moveit/install/moveit_resources_fanuc_description:${AMENT_PREFIX_PATH} CMAKE_PREFIX_PATH=/home/jone/ws_moveit/install/moveit_resources_panda_moveit_config:/home/jone/ws_moveit/install/moveit_resources_fanuc_moveit_config:/home/jone/ws_moveit/install/moveit_resources_pr2_description:/home/jone/ws_moveit/install/moveit_resources_panda_description:/home/jone/ws_moveit/install/moveit_resources_fanuc_description:/opt/ros/humble /usr/bin/cmake --install /home/jone/ws_moveit/build/moveit_resources
