[0.011s] Invoking command in '/home/jone/ws_moveit/build/rosparam_shortcuts': CMAKE_PREFIX_PATH=${CMAKE_PREFIX_PATH}:/home/jone/ws_moveit/install/moveit_configs_utils:/home/jone/ws_moveit/install/launch_param_builder:/opt/ros/humble /usr/bin/cmake --build /home/jone/ws_moveit/build/rosparam_shortcuts
[0.068s] [35m[1mConsolidate compiler generated dependencies of target gtest_main[0m
[0.068s] [35m[1mConsolidate compiler generated dependencies of target gtest[0m
[0.086s] [ 15%] Built target gtest_main
[0.086s] [ 30%] Built target gtest
[0.086s] [ 38%] [32mBuilding CXX object CMakeFiles/rosparam_shortcuts.dir/src/node_parameters.cpp.o[0m
[0.087s] [ 46%] [32mBuilding CXX object CMakeFiles/rosparam_shortcuts.dir/src/rosparam_shortcuts.cpp.o[0m
[4.760s] [ 53%] [32m[1mLinking CXX shared library librosparam_shortcuts.so[0m
[4.916s] [ 53%] Built target rosparam_shortcuts
[4.932s] [35m[1mConsolidate compiler generated dependencies of target rosparam_shortcuts_node_parameters_example[0m
[4.932s] [35m[1mConsolidate compiler generated dependencies of target test_node_parameters[0m
[4.933s] [35m[1mConsolidate compiler generated dependencies of target rosparam_shortcuts_example[0m
[4.955s] [ 76%] [32mBuilding CXX object CMakeFiles/test_node_parameters.dir/test/test_node_parameters.cpp.o[0m
[4.955s] [ 76%] [32mBuilding CXX object CMakeFiles/rosparam_shortcuts_node_parameters_example.dir/src/node_parameters_example.cpp.o[0m
[4.955s] [ 76%] [32mBuilding CXX object CMakeFiles/rosparam_shortcuts_example.dir/src/example.cpp.o[0m
[8.526s] [ 84%] [32m[1mLinking CXX executable node_parameters_example[0m
[8.602s] [ 92%] [32m[1mLinking CXX executable example[0m
[8.668s] [ 92%] Built target rosparam_shortcuts_node_parameters_example
[8.736s] [ 92%] Built target rosparam_shortcuts_example
[9.177s] [100%] [32m[1mLinking CXX executable test_node_parameters[0m
[9.367s] [100%] Built target test_node_parameters
[9.381s] Invoked command in '/home/jone/ws_moveit/build/rosparam_shortcuts' returned '0': CMAKE_PREFIX_PATH=${CMAKE_PREFIX_PATH}:/home/jone/ws_moveit/install/moveit_configs_utils:/home/jone/ws_moveit/install/launch_param_builder:/opt/ros/humble /usr/bin/cmake --build /home/jone/ws_moveit/build/rosparam_shortcuts
[9.382s] Invoking command in '/home/jone/ws_moveit/build/rosparam_shortcuts': CMAKE_PREFIX_PATH=${CMAKE_PREFIX_PATH}:/home/jone/ws_moveit/install/moveit_configs_utils:/home/jone/ws_moveit/install/launch_param_builder:/opt/ros/humble /usr/bin/cmake --install /home/jone/ws_moveit/build/rosparam_shortcuts
[9.393s] -- Install configuration: "Debug"
[9.393s] -- Installing: /home/jone/ws_moveit/install/rosparam_shortcuts/lib/librosparam_shortcuts.so
[9.397s] -- Set runtime path of "/home/jone/ws_moveit/install/rosparam_shortcuts/lib/librosparam_shortcuts.so" to ""
[9.397s] -- Installing: /home/jone/ws_moveit/install/rosparam_shortcuts/lib/rosparam_shortcuts/example
[9.398s] -- Set runtime path of "/home/jone/ws_moveit/install/rosparam_shortcuts/lib/rosparam_shortcuts/example" to ""
[9.398s] -- Installing: /home/jone/ws_moveit/install/rosparam_shortcuts/lib/rosparam_shortcuts/node_parameters_example
[9.400s] -- Set runtime path of "/home/jone/ws_moveit/install/rosparam_shortcuts/lib/rosparam_shortcuts/node_parameters_example" to ""
[9.400s] -- Up-to-date: /home/jone/ws_moveit/install/rosparam_shortcuts/include
[9.400s] -- Up-to-date: /home/jone/ws_moveit/install/rosparam_shortcuts/include/rosparam_shortcuts
[9.400s] -- Up-to-date: /home/jone/ws_moveit/install/rosparam_shortcuts/include/rosparam_shortcuts/node_parameters.h
[9.400s] -- Up-to-date: /home/jone/ws_moveit/install/rosparam_shortcuts/include/rosparam_shortcuts/rosparam_shortcuts.h
[9.400s] -- Up-to-date: /home/jone/ws_moveit/install/rosparam_shortcuts/share/rosparam_shortcuts/launch
[9.400s] -- Up-to-date: /home/jone/ws_moveit/install/rosparam_shortcuts/share/rosparam_shortcuts/launch/example.launch.py
[9.400s] -- Up-to-date: /home/jone/ws_moveit/install/rosparam_shortcuts/share/rosparam_shortcuts/config
[9.400s] -- Up-to-date: /home/jone/ws_moveit/install/rosparam_shortcuts/share/rosparam_shortcuts/config/example.yaml
[9.400s] -- Up-to-date: /home/jone/ws_moveit/install/rosparam_shortcuts/share/rosparam_shortcuts/environment/library_path.sh
[9.400s] -- Installing: /home/jone/ws_moveit/install/rosparam_shortcuts/share/rosparam_shortcuts/environment/library_path.dsv
[9.400s] -- Up-to-date: /home/jone/ws_moveit/install/rosparam_shortcuts/share/ament_index/resource_index/package_run_dependencies/rosparam_shortcuts
[9.400s] -- Installing: /home/jone/ws_moveit/install/rosparam_shortcuts/share/ament_index/resource_index/parent_prefix_path/rosparam_shortcuts
[9.400s] -- Up-to-date: /home/jone/ws_moveit/install/rosparam_shortcuts/share/rosparam_shortcuts/environment/ament_prefix_path.sh
[9.401s] -- Installing: /home/jone/ws_moveit/install/rosparam_shortcuts/share/rosparam_shortcuts/environment/ament_prefix_path.dsv
[9.401s] -- Up-to-date: /home/jone/ws_moveit/install/rosparam_shortcuts/share/rosparam_shortcuts/environment/path.sh
[9.401s] -- Installing: /home/jone/ws_moveit/install/rosparam_shortcuts/share/rosparam_shortcuts/environment/path.dsv
[9.401s] -- Up-to-date: /home/jone/ws_moveit/install/rosparam_shortcuts/share/rosparam_shortcuts/local_setup.bash
[9.401s] -- Up-to-date: /home/jone/ws_moveit/install/rosparam_shortcuts/share/rosparam_shortcuts/local_setup.sh
[9.401s] -- Up-to-date: /home/jone/ws_moveit/install/rosparam_shortcuts/share/rosparam_shortcuts/local_setup.zsh
[9.401s] -- Installing: /home/jone/ws_moveit/install/rosparam_shortcuts/share/rosparam_shortcuts/local_setup.dsv
[9.401s] -- Installing: /home/jone/ws_moveit/install/rosparam_shortcuts/share/rosparam_shortcuts/package.dsv
[9.401s] -- Up-to-date: /home/jone/ws_moveit/install/rosparam_shortcuts/share/ament_index/resource_index/packages/rosparam_shortcuts
[9.401s] -- Up-to-date: /home/jone/ws_moveit/install/rosparam_shortcuts/share/rosparam_shortcuts/cmake/export_rosparam_shortcutsExport.cmake
[9.401s] -- Installing: /home/jone/ws_moveit/install/rosparam_shortcuts/share/rosparam_shortcuts/cmake/export_rosparam_shortcutsExport-debug.cmake
[9.401s] -- Up-to-date: /home/jone/ws_moveit/install/rosparam_shortcuts/share/rosparam_shortcuts/cmake/ament_cmake_export_targets-extras.cmake
[9.401s] -- Up-to-date: /home/jone/ws_moveit/install/rosparam_shortcuts/share/rosparam_shortcuts/cmake/ament_cmake_export_dependencies-extras.cmake
[9.402s] -- Up-to-date: /home/jone/ws_moveit/install/rosparam_shortcuts/share/rosparam_shortcuts/cmake/rosparam_shortcutsConfig.cmake
[9.402s] -- Up-to-date: /home/jone/ws_moveit/install/rosparam_shortcuts/share/rosparam_shortcuts/cmake/rosparam_shortcutsConfig-version.cmake
[9.402s] -- Up-to-date: /home/jone/ws_moveit/install/rosparam_shortcuts/share/rosparam_shortcuts/package.xml
[9.403s] Invoked command in '/home/jone/ws_moveit/build/rosparam_shortcuts' returned '0': CMAKE_PREFIX_PATH=${CMAKE_PREFIX_PATH}:/home/jone/ws_moveit/install/moveit_configs_utils:/home/jone/ws_moveit/install/launch_param_builder:/opt/ros/humble /usr/bin/cmake --install /home/jone/ws_moveit/build/rosparam_shortcuts
