[0.034s] Invoking command in '/home/jone/ws_moveit/build/moveit_core': AMENT_PREFIX_PATH=/home/jone/ws_moveit/install/moveit_resources_panda_moveit_config:/home/jone/ws_moveit/install/srdfdom:/home/jone/ws_moveit/install/moveit_resources_pr2_description:/home/jone/ws_moveit/install/moveit_resources_panda_description:/home/jone/ws_moveit/install/moveit_common:${AMENT_PREFIX_PATH} CMAKE_PREFIX_PATH=/home/jone/ws_moveit/install/moveit_resources_panda_moveit_config:/home/jone/ws_moveit/install/srdfdom:/home/jone/ws_moveit/install/moveit_resources_pr2_description:/home/jone/ws_moveit/install/moveit_resources_panda_description:/home/jone/ws_moveit/install/moveit_common:/opt/ros/humble LD_LIBRARY_PATH=/home/jone/ws_moveit/install/srdfdom/lib:/opt/ros/humble/opt/rviz_ogre_vendor/lib:/opt/ros/humble/lib/x86_64-linux-gnu:/opt/ros/humble/lib:/usr/lib/x86_64-linux-gnu/gazebo-11/plugins:/usr/lib/x86_64-linux-gnu/gazebo-11/plugins:/usr/lib/x86_64-linux-gnu/gazebo-11/plugins PYTHONPATH=/home/jone/ws_moveit/install/srdfdom/local/lib/python3.10/dist-packages:${PYTHONPATH} /usr/bin/cmake /home/jone/ws_moveit/src/moveit2/moveit_core -DCMAKE_BUILD_TYPE=Release -DCMAKE_INSTALL_PREFIX=/home/jone/ws_moveit/install/moveit_core
[0.152s] -- The CXX compiler identification is GNU 11.4.0
[0.161s] -- Detecting CXX compiler ABI info
[0.246s] -- Detecting CXX compiler ABI info - done
[0.253s] -- Check for working CXX compiler: /usr/bin/c++ - skipped
[0.253s] -- Detecting CXX compile features
[0.253s] -- Detecting CXX compile features - done
[0.254s] -- Found moveit_common: 2.5.9 (/home/jone/ws_moveit/install/moveit_common/share/moveit_common/cmake)
[0.257s] -- Found ament_cmake: 1.3.12 (/opt/ros/humble/share/ament_cmake/cmake)
[0.404s] -- Found Python3: /usr/bin/python3 (found version "3.10.12") found components: Interpreter 
[0.582s] -- Found angles: 1.15.0 (/opt/ros/humble/share/angles/cmake)
[0.616s] -- Found Bullet: /usr/lib/x86_64-linux-gnu/libBulletDynamics.so (Required is at least version "2.87") 
[0.618s] -- Found common_interfaces: 4.9.0 (/opt/ros/humble/share/common_interfaces/cmake)
[0.621s] -- Found eigen_stl_containers: 1.1.0 (/opt/ros/humble/share/eigen_stl_containers/cmake)
[0.633s] -- Found eigen3_cmake_module: 0.1.1 (/opt/ros/humble/share/eigen3_cmake_module/cmake)
[0.639s] -- Found Eigen3: TRUE (found version "3.4.0") 
[0.644s] -- Found generate_parameter_library: 0.5.0 (/opt/ros/humble/share/generate_parameter_library/cmake)
[0.651s] -- Found parameter_traits: 0.5.0 (/opt/ros/humble/share/parameter_traits/cmake)
[0.695s] -- Found rosidl_generator_c: 3.1.7 (/opt/ros/humble/share/rosidl_generator_c/cmake)
[0.701s] -- Found rosidl_adapter: 3.1.7 (/opt/ros/humble/share/rosidl_adapter/cmake)
[0.711s] -- Found rosidl_generator_cpp: 3.1.7 (/opt/ros/humble/share/rosidl_generator_cpp/cmake)
[0.724s] -- Using all available rosidl_typesupport_c: rosidl_typesupport_fastrtps_c;rosidl_typesupport_introspection_c
[0.741s] -- Using all available rosidl_typesupport_cpp: rosidl_typesupport_fastrtps_cpp;rosidl_typesupport_introspection_cpp
[0.787s] -- Found rmw_implementation_cmake: 6.1.2 (/opt/ros/humble/share/rmw_implementation_cmake/cmake)
[0.790s] -- Found rmw_fastrtps_cpp: 6.2.9 (/opt/ros/humble/share/rmw_fastrtps_cpp/cmake)
[0.885s] -- Found OpenSSL: /usr/lib/x86_64-linux-gnu/libcrypto.so (found version "3.0.2")  
[0.910s] -- Found FastRTPS: /opt/ros/humble/include  
[0.954s] -- Using RMW implementation 'rmw_fastrtps_cpp' as default
[0.963s] -- Looking for C++ include pthread.h
[1.069s] -- Looking for C++ include pthread.h - found
[1.069s] -- Performing Test CMAKE_HAVE_LIBC_PTHREAD
[1.170s] -- Performing Test CMAKE_HAVE_LIBC_PTHREAD - Success
[1.171s] -- Found Threads: TRUE  
[1.225s] -- Found rclcpp_lifecycle: 16.0.15 (/opt/ros/humble/share/rclcpp_lifecycle/cmake)
[1.247s] -- Found geometric_shapes: 2.3.2 (/opt/ros/humble/share/geometric_shapes/cmake)
[1.259s] -- Found Boost: /usr/lib/x86_64-linux-gnu/cmake/Boost-1.74.0/BoostConfig.cmake (found version "1.74.0") found components: filesystem 
[1.366s] -- library: /usr/lib/x86_64-linux-gnu/libcurl.so
[1.414s] -- Found kdl_parser: 2.6.4 (/opt/ros/humble/share/kdl_parser/cmake)
[1.423s] -- Ensuring Eigen3 include directory is part of orocos-kdl CMake target
[1.428s] -- Found moveit_msgs: 2.2.1 (/opt/ros/humble/share/moveit_msgs/cmake)
[1.519s] -- Found pluginlib: 5.1.2 (/opt/ros/humble/share/pluginlib/cmake)
[1.540s] -- Found srdfdom: 2.0.8 (/home/jone/ws_moveit/install/srdfdom/share/srdfdom/cmake)
[1.552s] -- Found tf2_eigen: 0.25.16 (/opt/ros/humble/share/tf2_eigen/cmake)
[1.616s] -- Found tf2_geometry_msgs: 0.25.16 (/opt/ros/humble/share/tf2_geometry_msgs/cmake)
[1.621s] -- Found tf2_kdl: 0.25.16 (/opt/ros/humble/share/tf2_kdl/cmake)
[1.660s] -- Found Boost: /usr/lib/x86_64-linux-gnu/cmake/Boost-1.74.0/BoostConfig.cmake (found version "1.74.0") found components: chrono date_time filesystem iostreams program_options regex serialization system thread 
[1.661s] --  *** Building MoveIt 2.5.9-Alpha ***
[1.666s] -- Performing Test COMPILER_HAS_HIDDEN_VISIBILITY
[1.767s] -- Performing Test COMPILER_HAS_HIDDEN_VISIBILITY - Success
[1.767s] -- Performing Test COMPILER_HAS_HIDDEN_INLINE_VISIBILITY
[1.865s] -- Performing Test COMPILER_HAS_HIDDEN_INLINE_VISIBILITY - Success
[1.865s] -- Performing Test COMPILER_HAS_DEPRECATED_ATTR
[1.960s] -- Performing Test COMPILER_HAS_DEPRECATED_ATTR - Success
[1.964s] -- Found ament_cmake_gtest: 1.3.12 (/opt/ros/humble/share/ament_cmake_gtest/cmake)
[1.967s] -- Found gtest sources under '/opt/ros/humble/src/gtest_vendor': C++ tests using 'Google Test' will be built
[2.003s] -- The C compiler identification is GNU 11.4.0
[2.009s] -- Detecting C compiler ABI info
[2.086s] -- Detecting C compiler ABI info - done
[2.092s] -- Check for working C compiler: /usr/bin/cc - skipped
[2.092s] -- Detecting C compile features
[2.092s] -- Detecting C compile features - done
[2.100s] -- Found ament_cmake_gmock: 1.3.12 (/opt/ros/humble/share/ament_cmake_gmock/cmake)
[2.104s] -- Found gmock sources under '/opt/ros/humble/src/gmock_vendor': C++ tests using 'Google Mock' will be built
[2.107s] -- Found ament_cmake_gtest: 1.3.12 (/opt/ros/humble/share/ament_cmake_gtest/cmake)
[2.108s] -- Found gtest sources under '/opt/ros/humble/src/gtest_vendor': C++ tests using 'Google Test' will be built
[2.115s] -- Found ament_cmake_gtest: 1.3.12 (/opt/ros/humble/share/ament_cmake_gtest/cmake)
[2.115s] -- Found gtest sources under '/opt/ros/humble/src/gtest_vendor': C++ tests using 'Google Test' will be built
[2.130s] -- Found ament_cmake_gtest: 1.3.12 (/opt/ros/humble/share/ament_cmake_gtest/cmake)
[2.130s] -- Found gtest sources under '/opt/ros/humble/src/gtest_vendor': C++ tests using 'Google Test' will be built
[2.142s] -- Found ament_lint_auto: 0.12.14 (/opt/ros/humble/share/ament_lint_auto/cmake)
[2.143s] -- Found ament_cmake_gtest: 1.3.12 (/opt/ros/humble/share/ament_cmake_gtest/cmake)
[2.143s] -- Found gtest sources under '/opt/ros/humble/src/gtest_vendor': C++ tests using 'Google Test' will be built
[2.155s] -- Found ament_cmake_gtest: 1.3.12 (/opt/ros/humble/share/ament_cmake_gtest/cmake)
[2.155s] -- Found gtest sources under '/opt/ros/humble/src/gtest_vendor': C++ tests using 'Google Test' will be built
[2.163s] -- Found ament_cmake_gtest: 1.3.12 (/opt/ros/humble/share/ament_cmake_gtest/cmake)
[2.164s] -- Found gtest sources under '/opt/ros/humble/src/gtest_vendor': C++ tests using 'Google Test' will be built
[2.170s] -- Found ament_cmake_gtest: 1.3.12 (/opt/ros/humble/share/ament_cmake_gtest/cmake)
[2.171s] -- Found gmock sources under '/opt/ros/humble/src/gmock_vendor': C++ tests using 'Google Mock' will be built
[2.171s] -- Found gtest sources under '/opt/ros/humble/src/gtest_vendor': C++ tests using 'Google Test' will be built
[2.179s] -- Found gtest sources under '/opt/ros/humble/src/gtest_vendor': C++ tests using 'Google Test' will be built
[2.189s] -- Found gtest sources under '/opt/ros/humble/src/gtest_vendor': C++ tests using 'Google Test' will be built
[2.200s] -- Found ament_cmake_gtest: 1.3.12 (/opt/ros/humble/share/ament_cmake_gtest/cmake)
[2.201s] -- Found gtest sources under '/opt/ros/humble/src/gtest_vendor': C++ tests using 'Google Test' will be built
[2.221s] -- Found gtest sources under '/opt/ros/humble/src/gtest_vendor': C++ tests using 'Google Test' will be built
[2.234s] -- Found gtest sources under '/opt/ros/humble/src/gtest_vendor': C++ tests using 'Google Test' will be built
[2.245s] -- Found gtest sources under '/opt/ros/humble/src/gtest_vendor': C++ tests using 'Google Test' will be built
[2.252s] -- Found ament_lint_auto: 0.12.14 (/opt/ros/humble/share/ament_lint_auto/cmake)
[2.290s] -- Added test 'cppcheck' to perform static code analysis on C / C++ code
[2.291s] -- Configured cppcheck include dirs: /home/jone/ws_moveit/src/moveit2/moveit_core/exceptions/include;/home/jone/ws_moveit/src/moveit2/moveit_core/collision_detection/include;/home/jone/ws_moveit/src/moveit2/moveit_core/collision_detection_fcl/include;/home/jone/ws_moveit/src/moveit2/moveit_core/collision_detection_bullet/include;/home/jone/ws_moveit/src/moveit2/moveit_core/constraint_samplers/include;/home/jone/ws_moveit/src/moveit2/moveit_core/controller_manager/include;/home/jone/ws_moveit/src/moveit2/moveit_core/distance_field/include;/home/jone/ws_moveit/src/moveit2/moveit_core/collision_distance_field/include;/home/jone/ws_moveit/src/moveit2/moveit_core/dynamics_solver/include;/home/jone/ws_moveit/src/moveit2/moveit_core/kinematics_base/include;/home/jone/ws_moveit/src/moveit2/moveit_core/kinematics_metrics/include;/home/jone/ws_moveit/src/moveit2/moveit_core/robot_model/include;/home/jone/ws_moveit/src/moveit2/moveit_core/transforms/include;/home/jone/ws_moveit/src/moveit2/moveit_core/robot_state/include;/home/jone/ws_moveit/src/moveit2/moveit_core/robot_trajectory/include;/home/jone/ws_moveit/src/moveit2/moveit_core/kinematic_constraints/include;/home/jone/ws_moveit/src/moveit2/moveit_core/macros/include;/home/jone/ws_moveit/src/moveit2/moveit_core/online_signal_smoothing/include;/home/jone/ws_moveit/src/moveit2/moveit_core/planning_interface/include;/home/jone/ws_moveit/src/moveit2/moveit_core/planning_request_adapter/include;/home/jone/ws_moveit/src/moveit2/moveit_core/planning_scene/include;/home/jone/ws_moveit/src/moveit2/moveit_core/sensor_manager/include;/home/jone/ws_moveit/src/moveit2/moveit_core/trajectory_processing/include;/home/jone/ws_moveit/src/moveit2/moveit_core/utils/include
[2.291s] -- Configured cppcheck exclude dirs and/or files: 
[2.295s] -- Added test 'pep257' to check Python code against some of the docstring style conventions in PEP 257
[2.298s] -- Added test 'xmllint' to check XML markup files
[2.301s] -- Configuring done
[2.927s] -- Generating done
[3.055s] -- Build files have been written to: /home/jone/ws_moveit/build/moveit_core
[3.121s] Invoked command in '/home/jone/ws_moveit/build/moveit_core' returned '0': AMENT_PREFIX_PATH=/home/jone/ws_moveit/install/moveit_resources_panda_moveit_config:/home/jone/ws_moveit/install/srdfdom:/home/jone/ws_moveit/install/moveit_resources_pr2_description:/home/jone/ws_moveit/install/moveit_resources_panda_description:/home/jone/ws_moveit/install/moveit_common:${AMENT_PREFIX_PATH} CMAKE_PREFIX_PATH=/home/jone/ws_moveit/install/moveit_resources_panda_moveit_config:/home/jone/ws_moveit/install/srdfdom:/home/jone/ws_moveit/install/moveit_resources_pr2_description:/home/jone/ws_moveit/install/moveit_resources_panda_description:/home/jone/ws_moveit/install/moveit_common:/opt/ros/humble LD_LIBRARY_PATH=/home/jone/ws_moveit/install/srdfdom/lib:/opt/ros/humble/opt/rviz_ogre_vendor/lib:/opt/ros/humble/lib/x86_64-linux-gnu:/opt/ros/humble/lib:/usr/lib/x86_64-linux-gnu/gazebo-11/plugins:/usr/lib/x86_64-linux-gnu/gazebo-11/plugins:/usr/lib/x86_64-linux-gnu/gazebo-11/plugins PYTHONPATH=/home/jone/ws_moveit/install/srdfdom/local/lib/python3.10/dist-packages:${PYTHONPATH} /usr/bin/cmake /home/jone/ws_moveit/src/moveit2/moveit_core -DCMAKE_BUILD_TYPE=Release -DCMAKE_INSTALL_PREFIX=/home/jone/ws_moveit/install/moveit_core
[3.123s] Invoking command in '/home/jone/ws_moveit/build/moveit_core': AMENT_PREFIX_PATH=/home/jone/ws_moveit/install/moveit_resources_panda_moveit_config:/home/jone/ws_moveit/install/srdfdom:/home/jone/ws_moveit/install/moveit_resources_pr2_description:/home/jone/ws_moveit/install/moveit_resources_panda_description:/home/jone/ws_moveit/install/moveit_common:${AMENT_PREFIX_PATH} CMAKE_PREFIX_PATH=/home/jone/ws_moveit/install/moveit_resources_panda_moveit_config:/home/jone/ws_moveit/install/srdfdom:/home/jone/ws_moveit/install/moveit_resources_pr2_description:/home/jone/ws_moveit/install/moveit_resources_panda_description:/home/jone/ws_moveit/install/moveit_common:/opt/ros/humble LD_LIBRARY_PATH=/home/jone/ws_moveit/install/srdfdom/lib:/opt/ros/humble/opt/rviz_ogre_vendor/lib:/opt/ros/humble/lib/x86_64-linux-gnu:/opt/ros/humble/lib:/usr/lib/x86_64-linux-gnu/gazebo-11/plugins:/usr/lib/x86_64-linux-gnu/gazebo-11/plugins:/usr/lib/x86_64-linux-gnu/gazebo-11/plugins PYTHONPATH=/home/jone/ws_moveit/install/srdfdom/local/lib/python3.10/dist-packages:${PYTHONPATH} /usr/bin/cmake --build /home/jone/ws_moveit/build/moveit_core -- -j16 -l16
[3.195s] [  2%] [32mBuilding CXX object gmock/CMakeFiles/gmock_main.dir/src/gmock_main.cc.o[0m
[3.197s] [  2%] [32mBuilding CXX object gtest/CMakeFiles/gtest.dir/src/gtest-all.cc.o[0m
[3.197s] [  5%] [32mBuilding CXX object utils/CMakeFiles/moveit_utils.dir/src/rclcpp_utils.cpp.o[0m
[3.197s] [  2%] [32mBuilding CXX object utils/CMakeFiles/moveit_utils.dir/src/message_checks.cpp.o[0m
[3.197s] [  2%] [32mBuilding CXX object gmock/CMakeFiles/gmock.dir/opt/ros/humble/src/gtest_vendor/src/gtest-all.cc.o[0m
[3.197s] [  8%] [32mBuilding CXX object distance_field/CMakeFiles/moveit_distance_field.dir/src/distance_field.cpp.o[0m
[3.197s] [  8%] [32mBuilding CXX object gmock/CMakeFiles/gmock.dir/src/gmock-all.cc.o[0m
[3.198s] [  8%] [34m[1mRunning `/opt/ros/humble/bin/generate_parameter_library_cpp /home/jone/ws_moveit/build/moveit_core/online_signal_smoothing/include/moveit_core/moveit_butterworth_parameters.hpp /home/jone/ws_moveit/src/moveit2/moveit_core/online_signal_smoothing/src/butterworth_parameters.yaml `[0m
[3.198s] [  8%] [32mBuilding CXX object gtest/CMakeFiles/gtest_main.dir/src/gtest_main.cc.o[0m
[3.198s] [  8%] [32mBuilding CXX object transforms/CMakeFiles/moveit_transforms.dir/src/transforms.cpp.o[0m
[3.198s] [  8%] [32mBuilding CXX object exceptions/CMakeFiles/moveit_exceptions.dir/src/exceptions.cpp.o[0m
[3.198s] [  9%] [32mBuilding CXX object kinematics_base/CMakeFiles/moveit_kinematics_base.dir/src/kinematics_base.cpp.o[0m
[3.198s] [  8%] [32mBuilding CXX object distance_field/CMakeFiles/moveit_distance_field.dir/src/find_internal_points.cpp.o[0m
[3.198s] [ 10%] [32mBuilding CXX object version/CMakeFiles/moveit_version.dir/version.cpp.o[0m
[3.198s] [ 10%] [32mBuilding CXX object online_signal_smoothing/CMakeFiles/moveit_smoothing_base.dir/src/smoothing_base_class.cpp.o[0m
[3.198s] [ 11%] [32mBuilding CXX object utils/CMakeFiles/moveit_utils.dir/src/lexical_casts.cpp.o[0m
[3.283s] [ 12%] [32m[1mLinking CXX executable moveit_version[0m
[3.418s] [ 12%] Built target moveit_version
[3.437s] [ 12%] [32mBuilding CXX object distance_field/CMakeFiles/moveit_distance_field.dir/src/propagation_distance_field.cpp.o[0m
[3.490s] [ 13%] [34m[1mCreating deprecated header file /home/jone/ws_moveit/build/moveit_core/online_signal_smoothing/include/moveit_butterworth_parameters.hpp[0m
[3.525s] [ 13%] Built target moveit_butterworth_parameters
[4.223s] [ 13%] [32m[1mLinking CXX shared library libmoveit_exceptions.so[0m
[4.415s] [ 13%] [32m[1mLinking CXX static library libgtest_main.a[0m
[4.469s] [ 13%] Built target gtest_main
[4.471s] [ 13%] Built target moveit_exceptions
[4.658s] [ 14%] [32m[1mLinking CXX static library libgmock_main.a[0m
[4.691s] [ 15%] [32m[1mLinking CXX shared library libmoveit_utils.so[0m
[4.700s] [ 15%] Built target gmock_main
[5.220s] [ 15%] Built target moveit_utils
[6.933s] [ 15%] [32m[1mLinking CXX shared library libmoveit_smoothing_base.so[0m
[7.069s] [ 15%] Built target moveit_smoothing_base
[8.314s] [ 15%] [32m[1mLinking CXX shared library libmoveit_kinematics_base.so[0m
[8.456s] [ 15%] Built target moveit_kinematics_base
[8.482s] [ 15%] [32mBuilding CXX object robot_model/CMakeFiles/moveit_robot_model.dir/src/floating_joint_model.cpp.o[0m
[8.482s] [ 15%] [32mBuilding CXX object robot_model/CMakeFiles/moveit_robot_model.dir/src/aabb.cpp.o[0m
[8.483s] [ 17%] [32mBuilding CXX object robot_model/CMakeFiles/moveit_robot_model.dir/src/fixed_joint_model.cpp.o[0m
[8.483s] [ 17%] [32mBuilding CXX object robot_model/CMakeFiles/moveit_robot_model.dir/src/link_model.cpp.o[0m
[8.483s] [ 15%] [32mBuilding CXX object robot_model/CMakeFiles/moveit_robot_model.dir/src/joint_model_group.cpp.o[0m
[8.483s] [ 18%] [32mBuilding CXX object robot_model/CMakeFiles/moveit_robot_model.dir/src/joint_model.cpp.o[0m
[8.483s] [ 19%] [32mBuilding CXX object robot_model/CMakeFiles/moveit_robot_model.dir/src/planar_joint_model.cpp.o[0m
[8.483s] [ 19%] [32mBuilding CXX object robot_model/CMakeFiles/moveit_robot_model.dir/src/prismatic_joint_model.cpp.o[0m
[8.483s] [ 20%] [32mBuilding CXX object robot_model/CMakeFiles/moveit_robot_model.dir/src/revolute_joint_model.cpp.o[0m
[8.483s] [ 20%] [32mBuilding CXX object robot_model/CMakeFiles/moveit_robot_model.dir/src/robot_model.cpp.o[0m
[11.798s] [ 21%] [32m[1mLinking CXX static library libgtest.a[0m
[11.850s] [ 22%] [32m[1mLinking CXX static library libgmock.a[0m
[11.852s] [ 22%] [32m[1mLinking CXX shared library libmoveit_transforms.so[0m
[11.867s] [ 22%] Built target gtest
[11.918s] [ 22%] Built target gmock
[12.079s] [ 22%] Built target moveit_transforms
[12.105s] [ 22%] [32mBuilding CXX object transforms/CMakeFiles/test_transforms.dir/test/test_transforms.cpp.o[0m
[12.541s] [ 23%] [32m[1mLinking CXX shared library libmoveit_distance_field.so[0m
[12.870s] [ 23%] Built target moveit_distance_field
[12.900s] [ 24%] [32mBuilding CXX object distance_field/CMakeFiles/test_voxel_grid.dir/test/test_voxel_grid.cpp.o[0m
[12.905s] [ 25%] [32mBuilding CXX object distance_field/CMakeFiles/test_distance_field.dir/test/test_distance_field.cpp.o[0m
[15.114s] [ 26%] [32m[1mLinking CXX executable test_transforms[0m
[15.255s] [ 26%] Built target test_transforms
[16.845s] [ 26%] [32m[1mLinking CXX executable test_voxel_grid[0m
[16.990s] [ 26%] Built target test_voxel_grid
[18.279s] [ 27%] [32m[1mLinking CXX shared library libmoveit_robot_model.so[0m
[18.417s] [ 27%] Built target moveit_robot_model
[18.437s] [ 28%] [32mBuilding CXX object robot_state/CMakeFiles/moveit_robot_state.dir/src/cartesian_interpolator.cpp.o[0m
[18.437s] [ 28%] [32mBuilding CXX object robot_state/CMakeFiles/moveit_robot_state.dir/src/conversions.cpp.o[0m
[18.437s] [ 29%] [32mBuilding CXX object online_signal_smoothing/CMakeFiles/moveit_butterworth_filter.dir/src/butterworth_filter.cpp.o[0m
[18.437s] [ 29%] [32mBuilding CXX object robot_state/CMakeFiles/moveit_robot_state.dir/src/attached_body.cpp.o[0m
[18.437s] [ 30%] [32mBuilding CXX object robot_state/CMakeFiles/moveit_robot_state.dir/src/robot_state.cpp.o[0m
[18.438s] [ 31%] [32mBuilding CXX object utils/CMakeFiles/moveit_test_utils.dir/src/robot_model_test_utils.cpp.o[0m
[21.083s] [ 31%] [32m[1mLinking CXX executable test_distance_field[0m
[21.368s] [ 31%] Built target test_distance_field
[24.225s] [ 31%] [32m[1mLinking CXX shared library libmoveit_butterworth_filter.so[0m
[24.377s] [ 31%] Built target moveit_butterworth_filter
[24.397s] [ 31%] [32mBuilding CXX object online_signal_smoothing/CMakeFiles/test_butterworth_filter.dir/test/test_butterworth_filter.cpp.o[0m
[26.054s] [ 32%] [32m[1mLinking CXX shared library libmoveit_test_utils.so[0m
[26.191s] [ 32%] Built target moveit_test_utils
[26.211s] [ 33%] [32mBuilding CXX object robot_model/CMakeFiles/test_robot_model.dir/test/test.cpp.o[0m
[29.906s] [ 34%] [32m[1mLinking CXX executable test_butterworth_filter[0m
[30.041s] [ 34%] Built target test_butterworth_filter
[30.877s] [ 34%] [32m[1mLinking CXX executable test_robot_model[0m
[31.082s] [ 34%] Built target test_robot_model
[36.251s] [ 35%] [32m[1mLinking CXX shared library libmoveit_robot_state.so[0m
[36.388s] [ 35%] Built target moveit_robot_state
[36.415s] [ 36%] [32mBuilding CXX object robot_state/CMakeFiles/test_aabb.dir/test/test_aabb.cpp.o[0m
[36.415s] [ 36%] [32mBuilding CXX object collision_detection/CMakeFiles/moveit_collision_detection.dir/src/allvalid/collision_env_allvalid.cpp.o[0m
[36.415s] [ 39%] [32mBuilding CXX object robot_trajectory/CMakeFiles/moveit_robot_trajectory.dir/src/robot_trajectory.cpp.o[0m
[36.415s] [ 39%] [32mBuilding CXX object collision_detection/CMakeFiles/moveit_collision_detection.dir/src/collision_octomap_filter.cpp.o[0m
[36.415s] [ 42%] [32mBuilding CXX object collision_detection/CMakeFiles/moveit_collision_detection.dir/src/collision_common.cpp.o[0m
[36.415s] [ 36%] [32mBuilding CXX object robot_state/CMakeFiles/test_robot_state_complex.dir/test/test_kinematic_complex.cpp.o[0m
[36.415s] [ 36%] [32mBuilding CXX object collision_detection/CMakeFiles/moveit_collision_detection.dir/src/collision_env.cpp.o[0m
[36.415s] [ 36%] [32mBuilding CXX object dynamics_solver/CMakeFiles/moveit_dynamics_solver.dir/src/dynamics_solver.cpp.o[0m
[36.415s] [ 36%] [32mBuilding CXX object collision_detection/CMakeFiles/moveit_collision_detection.dir/src/collision_matrix.cpp.o[0m
[36.416s] [ 36%] [32mBuilding CXX object robot_state/CMakeFiles/test_robot_state_benchmark.dir/test/robot_state_benchmark.cpp.o[0m
[36.416s] [ 43%] [32mBuilding CXX object kinematics_metrics/CMakeFiles/moveit_kinematics_metrics.dir/src/kinematics_metrics.cpp.o[0m
[36.416s] [ 43%] [32mBuilding CXX object robot_state/CMakeFiles/test_cartesian_interpolator.dir/test/test_cartesian_interpolator.cpp.o[0m
[36.416s] [ 43%] [32mBuilding CXX object robot_state/CMakeFiles/test_robot_state.dir/test/robot_state_test.cpp.o[0m
[36.416s] [ 36%] [32mBuilding CXX object collision_detection/CMakeFiles/moveit_collision_detection.dir/src/world.cpp.o[0m
[36.416s] [ 43%] [32mBuilding CXX object collision_detection/CMakeFiles/moveit_collision_detection.dir/src/collision_tools.cpp.o[0m
[36.416s] [ 43%] [32mBuilding CXX object collision_detection/CMakeFiles/moveit_collision_detection.dir/src/world_diff.cpp.o[0m
[39.820s] [ 44%] [32mBuilding CXX object collision_detection/CMakeFiles/moveit_collision_detection.dir/src/collision_plugin_cache.cpp.o[0m
[46.808s] [ 45%] [32m[1mLinking CXX shared library libmoveit_dynamics_solver.so[0m
[47.016s] [ 45%] [32m[1mLinking CXX executable test_cartesian_interpolator[0m
[47.113s] [ 45%] Built target moveit_dynamics_solver
[47.328s] [ 45%] Built target test_cartesian_interpolator
[48.070s] [ 46%] [32m[1mLinking CXX executable test_robot_state_benchmark[0m
[48.390s] [ 46%] Built target test_robot_state_benchmark
[49.034s] [ 47%] [32m[1mLinking CXX executable test_aabb[0m
[49.312s] [ 47%] Built target test_aabb
[49.472s] [ 48%] [32m[1mLinking CXX executable test_robot_state_complex[0m
[49.757s] [ 48%] Built target test_robot_state_complex
[49.839s] [ 48%] [32m[1mLinking CXX shared library libmoveit_robot_trajectory.so[0m
[50.002s] [ 48%] Built target moveit_robot_trajectory
[50.027s] [ 50%] [32mBuilding CXX object trajectory_processing/CMakeFiles/moveit_trajectory_processing.dir/src/ruckig_traj_smoothing.cpp.o[0m
[50.027s] [ 50%] [32mBuilding CXX object trajectory_processing/CMakeFiles/moveit_trajectory_processing.dir/src/trajectory_tools.cpp.o[0m
[50.027s] [ 50%] [32mBuilding CXX object trajectory_processing/CMakeFiles/moveit_trajectory_processing.dir/src/iterative_spline_parameterization.cpp.o[0m
[50.027s] [ 51%] [32mBuilding CXX object trajectory_processing/CMakeFiles/moveit_trajectory_processing.dir/src/iterative_time_parameterization.cpp.o[0m
[50.027s] [ 51%] [32mBuilding CXX object planning_interface/CMakeFiles/moveit_planning_interface.dir/src/planning_response.cpp.o[0m
[50.027s] [ 52%] [32mBuilding CXX object planning_interface/CMakeFiles/moveit_planning_interface.dir/src/planning_interface.cpp.o[0m
[50.028s] [ 53%] [32mBuilding CXX object robot_trajectory/CMakeFiles/test_robot_trajectory.dir/test/test_robot_trajectory.cpp.o[0m
[50.028s] [ 53%] [32mBuilding CXX object trajectory_processing/CMakeFiles/moveit_trajectory_processing.dir/src/time_optimal_trajectory_generation.cpp.o[0m
[51.464s] [ 54%] [32m[1mLinking CXX executable test_robot_state[0m
[51.965s] [ 54%] Built target test_robot_state
[56.267s] [ 54%] [32m[1mLinking CXX shared library libmoveit_collision_detection.so[0m
[56.629s] [ 54%] Built target moveit_collision_detection
[56.668s] [ 57%] [32mBuilding CXX object collision_detection_fcl/CMakeFiles/moveit_collision_detection_fcl.dir/src/collision_env_fcl.cpp.o[0m
[56.668s] [ 57%] [32mBuilding CXX object collision_detection/CMakeFiles/test_world.dir/test/test_world.cpp.o[0m
[56.668s] [ 57%] [32mBuilding CXX object collision_detection_bullet/CMakeFiles/moveit_collision_detection_bullet.dir/src/bullet_integration/bullet_utils.cpp.o[0m
[56.668s] [ 59%] [32mBuilding CXX object collision_detection_fcl/CMakeFiles/moveit_collision_detection_fcl.dir/src/collision_common.cpp.o[0m
[56.669s] [ 57%] [32mBuilding CXX object collision_detection/CMakeFiles/test_all_valid.dir/test/test_all_valid.cpp.o[0m
[56.669s] [ 59%] [32mBuilding CXX object collision_detection/CMakeFiles/test_world_diff.dir/test/test_world_diff.cpp.o[0m
[56.669s] [ 60%] [32mBuilding CXX object collision_detection_bullet/CMakeFiles/moveit_collision_detection_bullet.dir/src/bullet_integration/bullet_discrete_bvh_manager.cpp.o[0m
[56.669s] [ 60%] [32mBuilding CXX object collision_detection_bullet/CMakeFiles/moveit_collision_detection_bullet.dir/src/bullet_integration/bullet_cast_bvh_manager.cpp.o[0m
[58.818s] [ 61%] [32mBuilding CXX object collision_detection_bullet/CMakeFiles/moveit_collision_detection_bullet.dir/src/collision_env_bullet.cpp.o[0m
[58.908s] [ 61%] [32mBuilding CXX object collision_detection_bullet/CMakeFiles/moveit_collision_detection_bullet.dir/src/bullet_integration/bullet_bvh_manager.cpp.o[0m
[60.015s] [ 62%] [32mBuilding CXX object collision_detection_bullet/CMakeFiles/moveit_collision_detection_bullet.dir/src/bullet_integration/contact_checker_common.cpp.o[0m
[62.322s] [ 62%] [32m[1mLinking CXX executable test_robot_trajectory[0m
[63.095s] [ 62%] Built target test_robot_trajectory
[63.117s] [ 63%] [32mBuilding CXX object collision_detection_bullet/CMakeFiles/moveit_collision_detection_bullet.dir/src/bullet_integration/ros_bullet_utils.cpp.o[0m
[65.023s] [ 64%] [32m[1mLinking CXX shared library libmoveit_trajectory_processing.so[0m
[65.119s] [ 64%] [32m[1mLinking CXX shared library libmoveit_kinematics_metrics.so[0m
[65.552s] [ 64%] Built target moveit_trajectory_processing
[65.614s] [ 65%] [32mBuilding CXX object trajectory_processing/CMakeFiles/test_time_optimal_trajectory_generation.dir/test/test_time_optimal_trajectory_generation.cpp.o[0m
[65.614s] [ 65%] [32mBuilding CXX object trajectory_processing/CMakeFiles/test_time_parameterization.dir/test/test_time_parameterization.cpp.o[0m
[65.628s] [ 65%] Built target moveit_kinematics_metrics
[65.686s] [ 65%] [32m[1mLinking CXX shared library libmoveit_planning_interface.so[0m
[65.702s] [ 66%] [32mBuilding CXX object trajectory_processing/CMakeFiles/test_ruckig_traj_smoothing.dir/test/test_ruckig_traj_smoothing.cpp.o[0m
[66.080s] [ 66%] Built target moveit_planning_interface
[67.809s] [ 67%] [32m[1mLinking CXX executable test_world_diff[0m
[68.352s] [ 67%] Built target test_world_diff
[69.551s] [ 67%] [32m[1mLinking CXX executable test_all_valid[0m
[69.859s] [ 67%] [32m[1mLinking CXX executable test_world[0m
[70.027s] [ 67%] Built target test_all_valid
[70.320s] [ 67%] Built target test_world
[71.608s] [ 67%] [32m[1mLinking CXX shared library libmoveit_collision_detection_bullet.so[0m
[71.816s] [ 67%] Built target moveit_collision_detection_bullet
[71.839s] [ 69%] [32mBuilding CXX object collision_detection_bullet/CMakeFiles/test_bullet_collision_detection_panda.dir/test/test_bullet_collision_detection_panda.cpp.o[0m
[71.840s] [ 69%] [32mBuilding CXX object collision_detection_bullet/CMakeFiles/test_bullet_continuous_collision_checking.dir/test/test_bullet_continuous_collision_checking.cpp.o[0m
[71.840s] [ 69%] [32mBuilding CXX object collision_detection_bullet/CMakeFiles/test_bullet_collision_detection.dir/test/test_bullet_collision_detection_pr2.cpp.o[0m
[72.042s] [ 70%] [32m[1mLinking CXX shared library libmoveit_collision_detection_fcl.so[0m
[72.241s] [ 70%] Built target moveit_collision_detection_fcl
[72.268s] [ 70%] [32mBuilding CXX object collision_detection_fcl/CMakeFiles/test_fcl_collision_env.dir/test/test_fcl_env.cpp.o[0m
[72.268s] [ 70%] [32mBuilding CXX object kinematic_constraints/CMakeFiles/moveit_kinematic_constraints.dir/src/utils.cpp.o[0m
[72.268s] [ 71%] [32mBuilding CXX object collision_detection_fcl/CMakeFiles/test_fcl_collision_detection.dir/test/test_fcl_collision_detection_pr2.cpp.o[0m
[72.269s] [ 72%] [32mBuilding CXX object kinematic_constraints/CMakeFiles/moveit_kinematic_constraints.dir/src/kinematic_constraint.cpp.o[0m
[72.271s] [ 73%] [32mBuilding CXX object collision_detection_fcl/CMakeFiles/test_fcl_collision_detection_panda.dir/test/test_fcl_collision_detection_panda.cpp.o[0m
[75.389s] [ 74%] [32m[1mLinking CXX executable test_time_parameterization[0m
[75.932s] [ 74%] Built target test_time_parameterization
[76.890s] [ 74%] [32m[1mLinking CXX executable test_ruckig_traj_smoothing[0m
[77.431s] [ 74%] Built target test_ruckig_traj_smoothing
[77.860s] [ 75%] [32m[1mLinking CXX executable test_time_optimal_trajectory_generation[0m
[78.223s] [ 75%] Built target test_time_optimal_trajectory_generation
[82.155s] [ 76%] [32m[1mLinking CXX executable test_bullet_collision_detection_panda[0m
[82.522s] [ 76%] Built target test_bullet_collision_detection_panda
[82.782s] [ 77%] [32m[1mLinking CXX executable test_fcl_collision_env[0m
[83.127s] [ 77%] Built target test_fcl_collision_env
[83.139s] [ 78%] [32m[1mLinking CXX executable test_fcl_collision_detection_panda[0m
[83.455s] [ 78%] Built target test_fcl_collision_detection_panda
[83.695s] [ 79%] [32m[1mLinking CXX executable test_bullet_continuous_collision_checking[0m
[83.992s] [ 79%] Built target test_bullet_continuous_collision_checking
[84.310s] [ 79%] [32m[1mLinking CXX executable test_bullet_collision_detection[0m
[84.543s] [ 79%] [32m[1mLinking CXX executable test_fcl_collision_detection[0m
[84.594s] [ 79%] Built target test_bullet_collision_detection
[84.801s] [ 79%] Built target test_fcl_collision_detection
[87.599s] [ 80%] [32m[1mLinking CXX shared library libmoveit_kinematic_constraints.so[0m
[87.746s] [ 80%] Built target moveit_kinematic_constraints
[87.765s] [ 82%] [32mBuilding CXX object planning_scene/CMakeFiles/moveit_planning_scene.dir/src/planning_scene.cpp.o[0m
[87.765s] [ 82%] [32mBuilding CXX object kinematic_constraints/CMakeFiles/test_constraints.dir/test/test_constraints.cpp.o[0m
[87.765s] [ 82%] [32mBuilding CXX object kinematic_constraints/CMakeFiles/test_orientation_constraints.dir/test/test_orientation_constraints.cpp.o[0m
[96.024s] [ 82%] [32m[1mLinking CXX executable test_orientation_constraints[0m
[96.265s] [ 82%] Built target test_orientation_constraints
[97.027s] [ 83%] [32m[1mLinking CXX executable test_constraints[0m
[97.248s] [ 83%] Built target test_constraints
[101.660s] [ 84%] [32m[1mLinking CXX shared library libmoveit_planning_scene.so[0m
[101.816s] [ 84%] Built target moveit_planning_scene
[101.842s] [ 90%] [32mBuilding CXX object constraint_samplers/CMakeFiles/moveit_constraint_samplers.dir/src/default_constraint_samplers.cpp.o[0m
[101.842s] [ 90%] [32mBuilding CXX object planning_scene/CMakeFiles/test_planning_scene.dir/test/test_planning_scene.cpp.o[0m
[101.842s] [ 90%] [32mBuilding CXX object constraint_samplers/CMakeFiles/moveit_constraint_samplers.dir/src/constraint_sampler_manager.cpp.o[0m
[101.842s] [ 90%] [32mBuilding CXX object collision_distance_field/CMakeFiles/moveit_collision_distance_field.dir/src/collision_distance_field_types.cpp.o[0m
[101.843s] [ 90%] [32mBuilding CXX object collision_distance_field/CMakeFiles/moveit_collision_distance_field.dir/src/collision_env_hybrid.cpp.o[0m
[101.843s] [ 90%] [32mBuilding CXX object collision_distance_field/CMakeFiles/moveit_collision_distance_field.dir/src/collision_common_distance_field.cpp.o[0m
[101.843s] [ 90%] [32mBuilding CXX object collision_detection_fcl/CMakeFiles/collision_detector_fcl_plugin.dir/src/collision_detector_fcl_plugin_loader.cpp.o[0m
[101.843s] [ 90%] [32mBuilding CXX object planning_request_adapter/CMakeFiles/moveit_planning_request_adapter.dir/src/planning_request_adapter.cpp.o[0m
[101.843s] [ 90%] [32mBuilding CXX object planning_scene/CMakeFiles/test_collision_objects.dir/test/test_collision_objects.cpp.o[0m
[101.843s] [ 90%] [32mBuilding CXX object planning_scene/CMakeFiles/test_multi_threaded.dir/test/test_multi_threaded.cpp.o[0m
[101.843s] [ 90%] [32mBuilding CXX object collision_detection_bullet/CMakeFiles/collision_detector_bullet_plugin.dir/src/collision_detector_bullet_plugin_loader.cpp.o[0m
[101.843s] [ 90%] [32mBuilding CXX object collision_distance_field/CMakeFiles/moveit_collision_distance_field.dir/src/collision_env_distance_field.cpp.o[0m
[101.843s] [ 90%] [32mBuilding CXX object constraint_samplers/CMakeFiles/moveit_constraint_samplers.dir/src/constraint_sampler.cpp.o[0m
[101.843s] [ 91%] [32mBuilding CXX object constraint_samplers/CMakeFiles/moveit_constraint_samplers.dir/src/union_constraint_sampler.cpp.o[0m
[101.843s] [ 92%] [32mBuilding CXX object constraint_samplers/CMakeFiles/moveit_constraint_samplers.dir/src/constraint_sampler_tools.cpp.o[0m
[114.578s] [ 92%] [32m[1mLinking CXX shared library libmoveit_planning_request_adapter.so[0m
[114.983s] [ 92%] Built target moveit_planning_request_adapter
[115.626s] [ 93%] [32m[1mLinking CXX shared library libcollision_detector_bullet_plugin.so[0m
[115.936s] [ 93%] Built target collision_detector_bullet_plugin
[116.740s] [ 94%] [32m[1mLinking CXX executable test_multi_threaded[0m
[117.071s] [ 95%] [32m[1mLinking CXX shared library libcollision_detector_fcl_plugin.so[0m
[117.121s] [ 95%] Built target test_multi_threaded
[117.237s] [ 95%] Built target collision_detector_fcl_plugin
[118.240s] [ 95%] [32m[1mLinking CXX shared library libmoveit_constraint_samplers.so[0m
[118.418s] [ 95%] Built target moveit_constraint_samplers
[118.441s] [ 97%] [32mBuilding CXX object constraint_samplers/CMakeFiles/test_constraint_samplers.dir/test/pr2_arm_ik.cpp.o[0m
[118.442s] [ 97%] [32mBuilding CXX object constraint_samplers/CMakeFiles/test_constraint_samplers.dir/test/test_constraint_samplers.cpp.o[0m
[118.442s] [ 97%] [32mBuilding CXX object constraint_samplers/CMakeFiles/test_constraint_samplers.dir/test/pr2_arm_kinematics_plugin.cpp.o[0m
[119.177s] [ 97%] [32m[1mLinking CXX executable test_collision_objects[0m
[119.472s] [ 97%] Built target test_collision_objects
[122.102s] [ 98%] [32m[1mLinking CXX shared library libmoveit_collision_distance_field.so[0m
[122.313s] [ 98%] Built target moveit_collision_distance_field
[122.336s] [ 99%] [32mBuilding CXX object collision_distance_field/CMakeFiles/test_collision_distance_field.dir/test/test_collision_distance_field.cpp.o[0m
[122.818s] [ 99%] [32m[1mLinking CXX executable test_planning_scene[0m
[123.122s] [ 99%] Built target test_planning_scene
[130.298s] [100%] [32m[1mLinking CXX executable test_constraint_samplers[0m
[130.567s] [100%] Built target test_constraint_samplers
[131.072s] [100%] [32m[1mLinking CXX executable test_collision_distance_field[0m
[131.282s] [100%] Built target test_collision_distance_field
[131.295s] Invoked command in '/home/jone/ws_moveit/build/moveit_core' returned '0': AMENT_PREFIX_PATH=/home/jone/ws_moveit/install/moveit_resources_panda_moveit_config:/home/jone/ws_moveit/install/srdfdom:/home/jone/ws_moveit/install/moveit_resources_pr2_description:/home/jone/ws_moveit/install/moveit_resources_panda_description:/home/jone/ws_moveit/install/moveit_common:${AMENT_PREFIX_PATH} CMAKE_PREFIX_PATH=/home/jone/ws_moveit/install/moveit_resources_panda_moveit_config:/home/jone/ws_moveit/install/srdfdom:/home/jone/ws_moveit/install/moveit_resources_pr2_description:/home/jone/ws_moveit/install/moveit_resources_panda_description:/home/jone/ws_moveit/install/moveit_common:/opt/ros/humble LD_LIBRARY_PATH=/home/jone/ws_moveit/install/srdfdom/lib:/opt/ros/humble/opt/rviz_ogre_vendor/lib:/opt/ros/humble/lib/x86_64-linux-gnu:/opt/ros/humble/lib:/usr/lib/x86_64-linux-gnu/gazebo-11/plugins:/usr/lib/x86_64-linux-gnu/gazebo-11/plugins:/usr/lib/x86_64-linux-gnu/gazebo-11/plugins PYTHONPATH=/home/jone/ws_moveit/install/srdfdom/local/lib/python3.10/dist-packages:${PYTHONPATH} /usr/bin/cmake --build /home/jone/ws_moveit/build/moveit_core -- -j16 -l16
[131.297s] Invoking command in '/home/jone/ws_moveit/build/moveit_core': AMENT_PREFIX_PATH=/home/jone/ws_moveit/install/moveit_resources_panda_moveit_config:/home/jone/ws_moveit/install/srdfdom:/home/jone/ws_moveit/install/moveit_resources_pr2_description:/home/jone/ws_moveit/install/moveit_resources_panda_description:/home/jone/ws_moveit/install/moveit_common:${AMENT_PREFIX_PATH} CMAKE_PREFIX_PATH=/home/jone/ws_moveit/install/moveit_resources_panda_moveit_config:/home/jone/ws_moveit/install/srdfdom:/home/jone/ws_moveit/install/moveit_resources_pr2_description:/home/jone/ws_moveit/install/moveit_resources_panda_description:/home/jone/ws_moveit/install/moveit_common:/opt/ros/humble LD_LIBRARY_PATH=/home/jone/ws_moveit/install/srdfdom/lib:/opt/ros/humble/opt/rviz_ogre_vendor/lib:/opt/ros/humble/lib/x86_64-linux-gnu:/opt/ros/humble/lib:/usr/lib/x86_64-linux-gnu/gazebo-11/plugins:/usr/lib/x86_64-linux-gnu/gazebo-11/plugins:/usr/lib/x86_64-linux-gnu/gazebo-11/plugins PYTHONPATH=/home/jone/ws_moveit/install/srdfdom/local/lib/python3.10/dist-packages:${PYTHONPATH} /usr/bin/cmake --install /home/jone/ws_moveit/build/moveit_core
[131.305s] -- Install configuration: "Release"
[131.306s] -- Installing: /home/jone/ws_moveit/install/moveit_core/include/moveit/version.h
[131.306s] -- Up-to-date: /home/jone/ws_moveit/install/moveit_core/include
[131.306s] -- Up-to-date: /home/jone/ws_moveit/install/moveit_core/include/moveit
[131.306s] -- Installing: /home/jone/ws_moveit/install/moveit_core/include/moveit/collision_distance_field
[131.306s] -- Installing: /home/jone/ws_moveit/install/moveit_core/include/moveit/collision_distance_field/collision_detector_allocator_hybrid.h
[131.306s] -- Installing: /home/jone/ws_moveit/install/moveit_core/include/moveit/collision_distance_field/collision_common_distance_field.h
[131.306s] -- Installing: /home/jone/ws_moveit/install/moveit_core/include/moveit/collision_distance_field/collision_distance_field_types.h
[131.306s] -- Installing: /home/jone/ws_moveit/install/moveit_core/include/moveit/collision_distance_field/collision_detector_allocator_distance_field.h
[131.307s] -- Installing: /home/jone/ws_moveit/install/moveit_core/include/moveit/collision_distance_field/collision_env_hybrid.h
[131.307s] -- Installing: /home/jone/ws_moveit/install/moveit_core/include/moveit/collision_distance_field/collision_env_distance_field.h
[131.307s] -- Installing: /home/jone/ws_moveit/install/moveit_core/include/moveit_collision_distance_field_export.h
[131.307s] -- Up-to-date: /home/jone/ws_moveit/install/moveit_core/include
[131.308s] -- Up-to-date: /home/jone/ws_moveit/install/moveit_core/include/moveit
[131.308s] -- Installing: /home/jone/ws_moveit/install/moveit_core/include/moveit/constraint_samplers
[131.308s] -- Installing: /home/jone/ws_moveit/install/moveit_core/include/moveit/constraint_samplers/constraint_sampler_allocator.h
[131.308s] -- Installing: /home/jone/ws_moveit/install/moveit_core/include/moveit/constraint_samplers/union_constraint_sampler.h
[131.308s] -- Installing: /home/jone/ws_moveit/install/moveit_core/include/moveit/constraint_samplers/constraint_sampler_tools.h
[131.308s] -- Installing: /home/jone/ws_moveit/install/moveit_core/include/moveit/constraint_samplers/constraint_sampler_manager.h
[131.308s] -- Installing: /home/jone/ws_moveit/install/moveit_core/include/moveit/constraint_samplers/default_constraint_samplers.h
[131.308s] -- Installing: /home/jone/ws_moveit/install/moveit_core/include/moveit/constraint_samplers/constraint_sampler.h
[131.309s] -- Up-to-date: /home/jone/ws_moveit/install/moveit_core/include
[131.309s] -- Up-to-date: /home/jone/ws_moveit/install/moveit_core/include/moveit
[131.309s] -- Installing: /home/jone/ws_moveit/install/moveit_core/include/moveit/controller_manager
[131.309s] -- Installing: /home/jone/ws_moveit/install/moveit_core/include/moveit/controller_manager/controller_manager.h
[131.309s] -- Up-to-date: /home/jone/ws_moveit/install/moveit_core/include
[131.310s] -- Up-to-date: /home/jone/ws_moveit/install/moveit_core/include/moveit
[131.310s] -- Installing: /home/jone/ws_moveit/install/moveit_core/include/moveit/distance_field
[131.310s] -- Installing: /home/jone/ws_moveit/install/moveit_core/include/moveit/distance_field/voxel_grid.h
[131.310s] -- Installing: /home/jone/ws_moveit/install/moveit_core/include/moveit/distance_field/propagation_distance_field.h
[131.310s] -- Installing: /home/jone/ws_moveit/install/moveit_core/include/moveit/distance_field/distance_field.h
[131.310s] -- Installing: /home/jone/ws_moveit/install/moveit_core/include/moveit/distance_field/find_internal_points.h
[131.311s] -- Up-to-date: /home/jone/ws_moveit/install/moveit_core/include
[131.311s] -- Up-to-date: /home/jone/ws_moveit/install/moveit_core/include/moveit
[131.311s] -- Installing: /home/jone/ws_moveit/install/moveit_core/include/moveit/dynamics_solver
[131.311s] -- Installing: /home/jone/ws_moveit/install/moveit_core/include/moveit/dynamics_solver/dynamics_solver.h
[131.311s] -- Up-to-date: /home/jone/ws_moveit/install/moveit_core/include
[131.311s] -- Up-to-date: /home/jone/ws_moveit/install/moveit_core/include/moveit
[131.311s] -- Installing: /home/jone/ws_moveit/install/moveit_core/include/moveit/exceptions
[131.311s] -- Installing: /home/jone/ws_moveit/install/moveit_core/include/moveit/exceptions/exceptions.h
[131.312s] -- Up-to-date: /home/jone/ws_moveit/install/moveit_core/include
[131.312s] -- Up-to-date: /home/jone/ws_moveit/install/moveit_core/include/moveit
[131.312s] -- Installing: /home/jone/ws_moveit/install/moveit_core/include/moveit/kinematics_base
[131.312s] -- Installing: /home/jone/ws_moveit/install/moveit_core/include/moveit/kinematics_base/kinematics_base.h
[131.312s] -- Installing: /home/jone/ws_moveit/install/moveit_core/include/moveit_kinematics_base_export.h
[131.312s] -- Up-to-date: /home/jone/ws_moveit/install/moveit_core/include
[131.312s] -- Up-to-date: /home/jone/ws_moveit/install/moveit_core/include/moveit
[131.313s] -- Installing: /home/jone/ws_moveit/install/moveit_core/include/moveit/kinematic_constraints
[131.313s] -- Installing: /home/jone/ws_moveit/install/moveit_core/include/moveit/kinematic_constraints/utils.h
[131.313s] -- Installing: /home/jone/ws_moveit/install/moveit_core/include/moveit/kinematic_constraints/kinematic_constraint.h
[131.313s] -- Up-to-date: /home/jone/ws_moveit/install/moveit_core/include
[131.313s] -- Up-to-date: /home/jone/ws_moveit/install/moveit_core/include/moveit
[131.313s] -- Installing: /home/jone/ws_moveit/install/moveit_core/include/moveit/kinematics_metrics
[131.313s] -- Installing: /home/jone/ws_moveit/install/moveit_core/include/moveit/kinematics_metrics/kinematics_metrics.h
[131.314s] -- Up-to-date: /home/jone/ws_moveit/install/moveit_core/include
[131.314s] -- Up-to-date: /home/jone/ws_moveit/install/moveit_core/include/moveit
[131.314s] -- Installing: /home/jone/ws_moveit/install/moveit_core/include/moveit/macros
[131.314s] -- Installing: /home/jone/ws_moveit/install/moveit_core/include/moveit/macros/deprecation.h
[131.314s] -- Installing: /home/jone/ws_moveit/install/moveit_core/include/moveit/macros/console_colors.h
[131.314s] -- Installing: /home/jone/ws_moveit/install/moveit_core/include/moveit/macros/declare_ptr.h
[131.314s] -- Installing: /home/jone/ws_moveit/install/moveit_core/include/moveit/macros/class_forward.h
[131.315s] -- Installing: /home/jone/ws_moveit/install/moveit_core/include/moveit_core
[131.315s] -- Installing: /home/jone/ws_moveit/install/moveit_core/include/moveit_core/moveit_butterworth_parameters.hpp
[131.315s] -- Up-to-date: /home/jone/ws_moveit/install/moveit_core/include
[131.315s] -- Up-to-date: /home/jone/ws_moveit/install/moveit_core/include/moveit
[131.315s] -- Installing: /home/jone/ws_moveit/install/moveit_core/include/moveit/online_signal_smoothing
[131.315s] -- Installing: /home/jone/ws_moveit/install/moveit_core/include/moveit/online_signal_smoothing/butterworth_filter.h
[131.315s] -- Installing: /home/jone/ws_moveit/install/moveit_core/include/moveit/online_signal_smoothing/smoothing_base_class.h
[131.316s] -- Installing: /home/jone/ws_moveit/install/moveit_core/include/moveit_smoothing_base_export.h
[131.316s] -- Installing: /home/jone/ws_moveit/install/moveit_core/include/moveit_butterworth_filter_export.h
[131.316s] -- Up-to-date: /home/jone/ws_moveit/install/moveit_core/include
[131.316s] -- Up-to-date: /home/jone/ws_moveit/install/moveit_core/include/moveit
[131.316s] -- Installing: /home/jone/ws_moveit/install/moveit_core/include/moveit/planning_interface
[131.316s] -- Installing: /home/jone/ws_moveit/install/moveit_core/include/moveit/planning_interface/planning_interface.h
[131.316s] -- Installing: /home/jone/ws_moveit/install/moveit_core/include/moveit/planning_interface/planning_response.h
[131.317s] -- Installing: /home/jone/ws_moveit/install/moveit_core/include/moveit/planning_interface/planning_request.h
[131.317s] -- Up-to-date: /home/jone/ws_moveit/install/moveit_core/include
[131.317s] -- Up-to-date: /home/jone/ws_moveit/install/moveit_core/include/moveit
[131.317s] -- Installing: /home/jone/ws_moveit/install/moveit_core/include/moveit/planning_request_adapter
[131.317s] -- Installing: /home/jone/ws_moveit/install/moveit_core/include/moveit/planning_request_adapter/planning_request_adapter.h
[131.317s] -- Up-to-date: /home/jone/ws_moveit/install/moveit_core/include
[131.317s] -- Up-to-date: /home/jone/ws_moveit/install/moveit_core/include/moveit
[131.317s] -- Installing: /home/jone/ws_moveit/install/moveit_core/include/moveit/planning_scene
[131.317s] -- Installing: /home/jone/ws_moveit/install/moveit_core/include/moveit/planning_scene/planning_scene.h
[131.318s] -- Installing: /home/jone/ws_moveit/install/moveit_core/include/moveit_planning_scene_export.h
[131.318s] -- Up-to-date: /home/jone/ws_moveit/install/moveit_core/include
[131.318s] -- Up-to-date: /home/jone/ws_moveit/install/moveit_core/include/moveit
[131.318s] -- Installing: /home/jone/ws_moveit/install/moveit_core/include/moveit/robot_model
[131.318s] -- Installing: /home/jone/ws_moveit/install/moveit_core/include/moveit/robot_model/aabb.h
[131.318s] -- Installing: /home/jone/ws_moveit/install/moveit_core/include/moveit/robot_model/link_model.h
[131.318s] -- Installing: /home/jone/ws_moveit/install/moveit_core/include/moveit/robot_model/revolute_joint_model.h
[131.319s] -- Installing: /home/jone/ws_moveit/install/moveit_core/include/moveit/robot_model/planar_joint_model.h
[131.319s] -- Installing: /home/jone/ws_moveit/install/moveit_core/include/moveit/robot_model/robot_model.h
[131.319s] -- Installing: /home/jone/ws_moveit/install/moveit_core/include/moveit/robot_model/joint_model_group.h
[131.319s] -- Installing: /home/jone/ws_moveit/install/moveit_core/include/moveit/robot_model/joint_model.h
[131.319s] -- Installing: /home/jone/ws_moveit/install/moveit_core/include/moveit/robot_model/floating_joint_model.h
[131.319s] -- Installing: /home/jone/ws_moveit/install/moveit_core/include/moveit/robot_model/prismatic_joint_model.h
[131.319s] -- Installing: /home/jone/ws_moveit/install/moveit_core/include/moveit/robot_model/fixed_joint_model.h
[131.320s] -- Up-to-date: /home/jone/ws_moveit/install/moveit_core/include
[131.320s] -- Up-to-date: /home/jone/ws_moveit/install/moveit_core/include/moveit
[131.320s] -- Installing: /home/jone/ws_moveit/install/moveit_core/include/moveit/robot_state
[131.320s] -- Installing: /home/jone/ws_moveit/install/moveit_core/include/moveit/robot_state/conversions.h
[131.320s] -- Installing: /home/jone/ws_moveit/install/moveit_core/include/moveit/robot_state/cartesian_interpolator.h
[131.320s] -- Installing: /home/jone/ws_moveit/install/moveit_core/include/moveit/robot_state/attached_body.h
[131.320s] -- Installing: /home/jone/ws_moveit/install/moveit_core/include/moveit/robot_state/robot_state.h
[131.321s] -- Up-to-date: /home/jone/ws_moveit/install/moveit_core/include
[131.321s] -- Up-to-date: /home/jone/ws_moveit/install/moveit_core/include/moveit
[131.321s] -- Installing: /home/jone/ws_moveit/install/moveit_core/include/moveit/robot_trajectory
[131.321s] -- Installing: /home/jone/ws_moveit/install/moveit_core/include/moveit/robot_trajectory/robot_trajectory.h
[131.321s] -- Up-to-date: /home/jone/ws_moveit/install/moveit_core/include
[131.321s] -- Up-to-date: /home/jone/ws_moveit/install/moveit_core/include/moveit
[131.321s] -- Installing: /home/jone/ws_moveit/install/moveit_core/include/moveit/sensor_manager
[131.321s] -- Installing: /home/jone/ws_moveit/install/moveit_core/include/moveit/sensor_manager/sensor_manager.h
[131.322s] -- Up-to-date: /home/jone/ws_moveit/install/moveit_core/include
[131.322s] -- Up-to-date: /home/jone/ws_moveit/install/moveit_core/include/moveit
[131.322s] -- Installing: /home/jone/ws_moveit/install/moveit_core/include/moveit/trajectory_processing
[131.322s] -- Installing: /home/jone/ws_moveit/install/moveit_core/include/moveit/trajectory_processing/time_parameterization.h
[131.323s] -- Installing: /home/jone/ws_moveit/install/moveit_core/include/moveit/trajectory_processing/iterative_time_parameterization.h
[131.323s] -- Installing: /home/jone/ws_moveit/install/moveit_core/include/moveit/trajectory_processing/iterative_spline_parameterization.h
[131.323s] -- Installing: /home/jone/ws_moveit/install/moveit_core/include/moveit/trajectory_processing/trajectory_tools.h
[131.323s] -- Installing: /home/jone/ws_moveit/install/moveit_core/include/moveit/trajectory_processing/time_optimal_trajectory_generation.h
[131.323s] -- Installing: /home/jone/ws_moveit/install/moveit_core/include/moveit/trajectory_processing/ruckig_traj_smoothing.h
[131.323s] -- Up-to-date: /home/jone/ws_moveit/install/moveit_core/include
[131.323s] -- Up-to-date: /home/jone/ws_moveit/install/moveit_core/include/moveit
[131.323s] -- Installing: /home/jone/ws_moveit/install/moveit_core/include/moveit/transforms
[131.324s] -- Installing: /home/jone/ws_moveit/install/moveit_core/include/moveit/transforms/transforms.h
[131.324s] -- Up-to-date: /home/jone/ws_moveit/install/moveit_core/include
[131.324s] -- Up-to-date: /home/jone/ws_moveit/install/moveit_core/include/moveit
[131.324s] -- Installing: /home/jone/ws_moveit/install/moveit_core/include/moveit/utils
[131.324s] -- Installing: /home/jone/ws_moveit/install/moveit_core/include/moveit/utils/lexical_casts.h
[131.324s] -- Installing: /home/jone/ws_moveit/install/moveit_core/include/moveit/utils/moveit_error_code.h
[131.324s] -- Installing: /home/jone/ws_moveit/install/moveit_core/include/moveit/utils/message_checks.h
[131.325s] -- Installing: /home/jone/ws_moveit/install/moveit_core/include/moveit/utils/robot_model_test_utils.h
[131.325s] -- Installing: /home/jone/ws_moveit/install/moveit_core/include/moveit/utils/rclcpp_utils.h
[131.325s] -- Installing: /home/jone/ws_moveit/install/moveit_core/bin/moveit_version
[131.326s] -- Up-to-date: /home/jone/ws_moveit/install/moveit_core/include
[131.326s] -- Up-to-date: /home/jone/ws_moveit/install/moveit_core/include/moveit
[131.326s] -- Installing: /home/jone/ws_moveit/install/moveit_core/include/moveit/collision_detection
[131.326s] -- Installing: /home/jone/ws_moveit/install/moveit_core/include/moveit/collision_detection/world.h
[131.326s] -- Installing: /home/jone/ws_moveit/install/moveit_core/include/moveit/collision_detection/collision_common.h
[131.326s] -- Installing: /home/jone/ws_moveit/install/moveit_core/include/moveit/collision_detection/world_diff.h
[131.326s] -- Installing: /home/jone/ws_moveit/install/moveit_core/include/moveit/collision_detection/test_collision_common_panda.h
[131.326s] -- Installing: /home/jone/ws_moveit/install/moveit_core/include/moveit/collision_detection/allvalid
[131.326s] -- Installing: /home/jone/ws_moveit/install/moveit_core/include/moveit/collision_detection/allvalid/collision_detector_allocator_allvalid.h
[131.326s] -- Installing: /home/jone/ws_moveit/install/moveit_core/include/moveit/collision_detection/allvalid/collision_env_allvalid.h
[131.327s] -- Installing: /home/jone/ws_moveit/install/moveit_core/include/moveit/collision_detection/collision_octomap_filter.h
[131.327s] -- Installing: /home/jone/ws_moveit/install/moveit_core/include/moveit/collision_detection/collision_plugin_cache.h
[131.327s] -- Installing: /home/jone/ws_moveit/install/moveit_core/include/moveit/collision_detection/collision_tools.h
[131.327s] -- Installing: /home/jone/ws_moveit/install/moveit_core/include/moveit/collision_detection/collision_plugin.h
[131.327s] -- Installing: /home/jone/ws_moveit/install/moveit_core/include/moveit/collision_detection/collision_detector_allocator.h
[131.327s] -- Installing: /home/jone/ws_moveit/install/moveit_core/include/moveit/collision_detection/collision_env.h
[131.327s] -- Installing: /home/jone/ws_moveit/install/moveit_core/include/moveit/collision_detection/collision_matrix.h
[131.327s] -- Installing: /home/jone/ws_moveit/install/moveit_core/include/moveit/collision_detection/occupancy_map.h
[131.327s] -- Installing: /home/jone/ws_moveit/install/moveit_core/include/moveit/collision_detection/test_collision_common_pr2.h
[131.328s] -- Installing: /home/jone/ws_moveit/install/moveit_core/include/moveit_collision_detection_export.h
[131.328s] -- Up-to-date: /home/jone/ws_moveit/install/moveit_core/include
[131.328s] -- Up-to-date: /home/jone/ws_moveit/install/moveit_core/include/moveit
[131.328s] -- Installing: /home/jone/ws_moveit/install/moveit_core/include/moveit/collision_detection_bullet
[131.328s] -- Installing: /home/jone/ws_moveit/install/moveit_core/include/moveit/collision_detection_bullet/bullet_integration
[131.328s] -- Installing: /home/jone/ws_moveit/install/moveit_core/include/moveit/collision_detection_bullet/bullet_integration/contact_checker_common.h
[131.328s] -- Installing: /home/jone/ws_moveit/install/moveit_core/include/moveit/collision_detection_bullet/bullet_integration/ros_bullet_utils.h
[131.328s] -- Installing: /home/jone/ws_moveit/install/moveit_core/include/moveit/collision_detection_bullet/bullet_integration/bullet_bvh_manager.h
[131.328s] -- Installing: /home/jone/ws_moveit/install/moveit_core/include/moveit/collision_detection_bullet/bullet_integration/bullet_discrete_bvh_manager.h
[131.329s] -- Installing: /home/jone/ws_moveit/install/moveit_core/include/moveit/collision_detection_bullet/bullet_integration/bullet_utils.h
[131.329s] -- Installing: /home/jone/ws_moveit/install/moveit_core/include/moveit/collision_detection_bullet/bullet_integration/bullet_cast_bvh_manager.h
[131.329s] -- Installing: /home/jone/ws_moveit/install/moveit_core/include/moveit/collision_detection_bullet/bullet_integration/basic_types.h
[131.329s] -- Installing: /home/jone/ws_moveit/install/moveit_core/include/moveit/collision_detection_bullet/collision_detector_allocator_bullet.h
[131.329s] -- Installing: /home/jone/ws_moveit/install/moveit_core/include/moveit/collision_detection_bullet/collision_detector_bullet_plugin_loader.h
[131.329s] -- Installing: /home/jone/ws_moveit/install/moveit_core/include/moveit/collision_detection_bullet/collision_env_bullet.h
[131.329s] -- Installing: /home/jone/ws_moveit/install/moveit_core/include/moveit_collision_detection_bullet_export.h
[131.330s] -- Up-to-date: /home/jone/ws_moveit/install/moveit_core/include
[131.330s] -- Up-to-date: /home/jone/ws_moveit/install/moveit_core/include/moveit
[131.330s] -- Installing: /home/jone/ws_moveit/install/moveit_core/include/moveit/collision_detection_fcl
[131.330s] -- Installing: /home/jone/ws_moveit/install/moveit_core/include/moveit/collision_detection_fcl/collision_common.h
[131.330s] -- Installing: /home/jone/ws_moveit/install/moveit_core/include/moveit/collision_detection_fcl/collision_env_fcl.h
[131.330s] -- Installing: /home/jone/ws_moveit/install/moveit_core/include/moveit/collision_detection_fcl/collision_detector_fcl_plugin_loader.h
[131.330s] -- Installing: /home/jone/ws_moveit/install/moveit_core/include/moveit/collision_detection_fcl/collision_detector_allocator_fcl.h
[131.330s] -- Installing: /home/jone/ws_moveit/install/moveit_core/include/moveit/collision_detection_fcl/fcl_compat.h
[131.330s] -- Installing: /home/jone/ws_moveit/install/moveit_core/include/moveit_collision_detection_fcl_export.h
[131.330s] -- Installing: /home/jone/ws_moveit/install/moveit_core/lib/libcollision_detector_bullet_plugin.so.2.5.9
[131.331s] -- Set runtime path of "/home/jone/ws_moveit/install/moveit_core/lib/libcollision_detector_bullet_plugin.so.2.5.9" to ""
[131.331s] -- Installing: /home/jone/ws_moveit/install/moveit_core/lib/libcollision_detector_bullet_plugin.so
[131.331s] -- Installing: /home/jone/ws_moveit/install/moveit_core/lib/libmoveit_butterworth_filter.so.2.5.9
[131.332s] -- Set runtime path of "/home/jone/ws_moveit/install/moveit_core/lib/libmoveit_butterworth_filter.so.2.5.9" to ""
[131.332s] -- Installing: /home/jone/ws_moveit/install/moveit_core/lib/libmoveit_butterworth_filter.so
[131.332s] -- Installing: /home/jone/ws_moveit/install/moveit_core/lib/libmoveit_collision_distance_field.so.2.5.9
[131.333s] -- Set runtime path of "/home/jone/ws_moveit/install/moveit_core/lib/libmoveit_collision_distance_field.so.2.5.9" to ""
[131.333s] -- Installing: /home/jone/ws_moveit/install/moveit_core/lib/libmoveit_collision_distance_field.so
[131.333s] -- Installing: /home/jone/ws_moveit/install/moveit_core/lib/libmoveit_collision_detection.so.2.5.9
[131.334s] -- Set runtime path of "/home/jone/ws_moveit/install/moveit_core/lib/libmoveit_collision_detection.so.2.5.9" to ""
[131.334s] -- Installing: /home/jone/ws_moveit/install/moveit_core/lib/libmoveit_collision_detection.so
[131.334s] -- Installing: /home/jone/ws_moveit/install/moveit_core/lib/libmoveit_collision_detection_fcl.so.2.5.9
[131.335s] -- Set runtime path of "/home/jone/ws_moveit/install/moveit_core/lib/libmoveit_collision_detection_fcl.so.2.5.9" to ""
[131.335s] -- Installing: /home/jone/ws_moveit/install/moveit_core/lib/libmoveit_collision_detection_fcl.so
[131.335s] -- Installing: /home/jone/ws_moveit/install/moveit_core/lib/libmoveit_collision_detection_bullet.so.2.5.9
[131.335s] -- Set runtime path of "/home/jone/ws_moveit/install/moveit_core/lib/libmoveit_collision_detection_bullet.so.2.5.9" to ""
[131.335s] -- Installing: /home/jone/ws_moveit/install/moveit_core/lib/libmoveit_collision_detection_bullet.so
[131.335s] -- Installing: /home/jone/ws_moveit/install/moveit_core/lib/libmoveit_dynamics_solver.so.2.5.9
[131.336s] -- Set runtime path of "/home/jone/ws_moveit/install/moveit_core/lib/libmoveit_dynamics_solver.so.2.5.9" to ""
[131.336s] -- Installing: /home/jone/ws_moveit/install/moveit_core/lib/libmoveit_dynamics_solver.so
[131.336s] -- Installing: /home/jone/ws_moveit/install/moveit_core/lib/libmoveit_constraint_samplers.so.2.5.9
[131.336s] -- Set runtime path of "/home/jone/ws_moveit/install/moveit_core/lib/libmoveit_constraint_samplers.so.2.5.9" to ""
[131.336s] -- Installing: /home/jone/ws_moveit/install/moveit_core/lib/libmoveit_constraint_samplers.so
[131.336s] -- Installing: /home/jone/ws_moveit/install/moveit_core/lib/libmoveit_distance_field.so.2.5.9
[131.337s] -- Set runtime path of "/home/jone/ws_moveit/install/moveit_core/lib/libmoveit_distance_field.so.2.5.9" to ""
[131.337s] -- Installing: /home/jone/ws_moveit/install/moveit_core/lib/libmoveit_distance_field.so
[131.337s] -- Installing: /home/jone/ws_moveit/install/moveit_core/lib/libmoveit_exceptions.so.2.5.9
[131.338s] -- Set runtime path of "/home/jone/ws_moveit/install/moveit_core/lib/libmoveit_exceptions.so.2.5.9" to ""
[131.338s] -- Installing: /home/jone/ws_moveit/install/moveit_core/lib/libmoveit_exceptions.so
[131.338s] -- Installing: /home/jone/ws_moveit/install/moveit_core/lib/libmoveit_kinematics_base.so
[131.338s] -- Set runtime path of "/home/jone/ws_moveit/install/moveit_core/lib/libmoveit_kinematics_base.so" to ""
[131.338s] -- Installing: /home/jone/ws_moveit/install/moveit_core/lib/libmoveit_kinematic_constraints.so.2.5.9
[131.339s] -- Set runtime path of "/home/jone/ws_moveit/install/moveit_core/lib/libmoveit_kinematic_constraints.so.2.5.9" to ""
[131.339s] -- Installing: /home/jone/ws_moveit/install/moveit_core/lib/libmoveit_kinematic_constraints.so
[131.339s] -- Installing: /home/jone/ws_moveit/install/moveit_core/lib/libmoveit_kinematics_metrics.so.2.5.9
[131.339s] -- Set runtime path of "/home/jone/ws_moveit/install/moveit_core/lib/libmoveit_kinematics_metrics.so.2.5.9" to ""
[131.339s] -- Installing: /home/jone/ws_moveit/install/moveit_core/lib/libmoveit_kinematics_metrics.so
[131.339s] -- Installing: /home/jone/ws_moveit/install/moveit_core/lib/libmoveit_planning_interface.so.2.5.9
[131.340s] -- Set runtime path of "/home/jone/ws_moveit/install/moveit_core/lib/libmoveit_planning_interface.so.2.5.9" to ""
[131.340s] -- Installing: /home/jone/ws_moveit/install/moveit_core/lib/libmoveit_planning_interface.so
[131.340s] -- Installing: /home/jone/ws_moveit/install/moveit_core/lib/libmoveit_planning_scene.so.2.5.9
[131.341s] -- Set runtime path of "/home/jone/ws_moveit/install/moveit_core/lib/libmoveit_planning_scene.so.2.5.9" to ""
[131.341s] -- Installing: /home/jone/ws_moveit/install/moveit_core/lib/libmoveit_planning_scene.so
[131.341s] -- Installing: /home/jone/ws_moveit/install/moveit_core/lib/libmoveit_planning_request_adapter.so.2.5.9
[131.341s] -- Set runtime path of "/home/jone/ws_moveit/install/moveit_core/lib/libmoveit_planning_request_adapter.so.2.5.9" to ""
[131.341s] -- Installing: /home/jone/ws_moveit/install/moveit_core/lib/libmoveit_planning_request_adapter.so
[131.341s] -- Installing: /home/jone/ws_moveit/install/moveit_core/lib/libmoveit_robot_model.so.2.5.9
[131.342s] -- Set runtime path of "/home/jone/ws_moveit/install/moveit_core/lib/libmoveit_robot_model.so.2.5.9" to ""
[131.342s] -- Installing: /home/jone/ws_moveit/install/moveit_core/lib/libmoveit_robot_model.so
[131.342s] -- Installing: /home/jone/ws_moveit/install/moveit_core/lib/libmoveit_robot_state.so.2.5.9
[131.343s] -- Set runtime path of "/home/jone/ws_moveit/install/moveit_core/lib/libmoveit_robot_state.so.2.5.9" to ""
[131.344s] -- Installing: /home/jone/ws_moveit/install/moveit_core/lib/libmoveit_robot_state.so
[131.344s] -- Installing: /home/jone/ws_moveit/install/moveit_core/lib/libmoveit_robot_trajectory.so.2.5.9
[131.344s] -- Set runtime path of "/home/jone/ws_moveit/install/moveit_core/lib/libmoveit_robot_trajectory.so.2.5.9" to ""
[131.344s] -- Installing: /home/jone/ws_moveit/install/moveit_core/lib/libmoveit_robot_trajectory.so
[131.344s] -- Installing: /home/jone/ws_moveit/install/moveit_core/lib/libmoveit_smoothing_base.so.2.5.9
[131.344s] -- Set runtime path of "/home/jone/ws_moveit/install/moveit_core/lib/libmoveit_smoothing_base.so.2.5.9" to ""
[131.345s] -- Installing: /home/jone/ws_moveit/install/moveit_core/lib/libmoveit_smoothing_base.so
[131.345s] -- Installing: /home/jone/ws_moveit/install/moveit_core/lib/libmoveit_test_utils.so.2.5.9
[131.345s] -- Set runtime path of "/home/jone/ws_moveit/install/moveit_core/lib/libmoveit_test_utils.so.2.5.9" to ""
[131.345s] -- Installing: /home/jone/ws_moveit/install/moveit_core/lib/libmoveit_test_utils.so
[131.345s] -- Installing: /home/jone/ws_moveit/install/moveit_core/lib/libmoveit_trajectory_processing.so.2.5.9
[131.346s] -- Set runtime path of "/home/jone/ws_moveit/install/moveit_core/lib/libmoveit_trajectory_processing.so.2.5.9" to ""
[131.346s] -- Installing: /home/jone/ws_moveit/install/moveit_core/lib/libmoveit_trajectory_processing.so
[131.346s] -- Installing: /home/jone/ws_moveit/install/moveit_core/lib/libmoveit_transforms.so.2.5.9
[131.346s] -- Set runtime path of "/home/jone/ws_moveit/install/moveit_core/lib/libmoveit_transforms.so.2.5.9" to ""
[131.346s] -- Installing: /home/jone/ws_moveit/install/moveit_core/lib/libmoveit_transforms.so
[131.346s] -- Installing: /home/jone/ws_moveit/install/moveit_core/lib/libmoveit_utils.so.2.5.9
[131.347s] -- Set runtime path of "/home/jone/ws_moveit/install/moveit_core/lib/libmoveit_utils.so.2.5.9" to ""
[131.347s] -- Installing: /home/jone/ws_moveit/install/moveit_core/lib/libmoveit_utils.so
[131.347s] -- Installing: /home/jone/ws_moveit/install/moveit_core/share/moveit_core/environment/library_path.sh
[131.347s] -- Installing: /home/jone/ws_moveit/install/moveit_core/share/moveit_core/environment/library_path.dsv
[131.347s] -- Installing: /home/jone/ws_moveit/install/moveit_core/share/moveit_core/collision_detector_fcl_description.xml
[131.348s] -- Installing: /home/jone/ws_moveit/install/moveit_core/share/moveit_core/collision_detector_bullet_description.xml
[131.348s] -- Installing: /home/jone/ws_moveit/install/moveit_core/share/moveit_core/filter_plugin_butterworth.xml
[131.348s] -- Installing: /home/jone/ws_moveit/install/moveit_core/share/ament_index/resource_index/package_run_dependencies/moveit_core
[131.348s] -- Installing: /home/jone/ws_moveit/install/moveit_core/share/ament_index/resource_index/parent_prefix_path/moveit_core
[131.348s] -- Installing: /home/jone/ws_moveit/install/moveit_core/share/moveit_core/environment/ament_prefix_path.sh
[131.349s] -- Installing: /home/jone/ws_moveit/install/moveit_core/share/moveit_core/environment/ament_prefix_path.dsv
[131.349s] -- Installing: /home/jone/ws_moveit/install/moveit_core/share/moveit_core/environment/path.sh
[131.349s] -- Installing: /home/jone/ws_moveit/install/moveit_core/share/moveit_core/environment/path.dsv
[131.349s] -- Installing: /home/jone/ws_moveit/install/moveit_core/share/moveit_core/local_setup.bash
[131.350s] -- Installing: /home/jone/ws_moveit/install/moveit_core/share/moveit_core/local_setup.sh
[131.350s] -- Installing: /home/jone/ws_moveit/install/moveit_core/share/moveit_core/local_setup.zsh
[131.350s] -- Installing: /home/jone/ws_moveit/install/moveit_core/share/moveit_core/local_setup.dsv
[131.350s] -- Installing: /home/jone/ws_moveit/install/moveit_core/share/moveit_core/package.dsv
[131.350s] -- Installing: /home/jone/ws_moveit/install/moveit_core/share/ament_index/resource_index/packages/moveit_core
[131.350s] -- Installing: /home/jone/ws_moveit/install/moveit_core/share/ament_index/resource_index/moveit_core__pluginlib__plugin/moveit_core
[131.351s] -- Installing: /home/jone/ws_moveit/install/moveit_core/share/moveit_core/cmake/export_moveit_coreExport.cmake
[131.351s] -- Installing: /home/jone/ws_moveit/install/moveit_core/share/moveit_core/cmake/export_moveit_coreExport-release.cmake
[131.351s] -- Installing: /home/jone/ws_moveit/install/moveit_core/share/moveit_core/cmake/ConfigExtras.cmake
[131.351s] -- Installing: /home/jone/ws_moveit/install/moveit_core/share/moveit_core/cmake/ament_cmake_export_targets-extras.cmake
[131.352s] -- Installing: /home/jone/ws_moveit/install/moveit_core/share/moveit_core/cmake/ament_cmake_export_dependencies-extras.cmake
[131.352s] -- Installing: /home/jone/ws_moveit/install/moveit_core/share/moveit_core/cmake/moveit_coreConfig.cmake
[131.352s] -- Installing: /home/jone/ws_moveit/install/moveit_core/share/moveit_core/cmake/moveit_coreConfig-version.cmake
[131.352s] -- Installing: /home/jone/ws_moveit/install/moveit_core/share/moveit_core/package.xml
[131.354s] Invoked command in '/home/jone/ws_moveit/build/moveit_core' returned '0': AMENT_PREFIX_PATH=/home/jone/ws_moveit/install/moveit_resources_panda_moveit_config:/home/jone/ws_moveit/install/srdfdom:/home/jone/ws_moveit/install/moveit_resources_pr2_description:/home/jone/ws_moveit/install/moveit_resources_panda_description:/home/jone/ws_moveit/install/moveit_common:${AMENT_PREFIX_PATH} CMAKE_PREFIX_PATH=/home/jone/ws_moveit/install/moveit_resources_panda_moveit_config:/home/jone/ws_moveit/install/srdfdom:/home/jone/ws_moveit/install/moveit_resources_pr2_description:/home/jone/ws_moveit/install/moveit_resources_panda_description:/home/jone/ws_moveit/install/moveit_common:/opt/ros/humble LD_LIBRARY_PATH=/home/jone/ws_moveit/install/srdfdom/lib:/opt/ros/humble/opt/rviz_ogre_vendor/lib:/opt/ros/humble/lib/x86_64-linux-gnu:/opt/ros/humble/lib:/usr/lib/x86_64-linux-gnu/gazebo-11/plugins:/usr/lib/x86_64-linux-gnu/gazebo-11/plugins:/usr/lib/x86_64-linux-gnu/gazebo-11/plugins PYTHONPATH=/home/jone/ws_moveit/install/srdfdom/local/lib/python3.10/dist-packages:${PYTHONPATH} /usr/bin/cmake --install /home/jone/ws_moveit/build/moveit_core
