[0.169s] Invoking command in '/home/jone/ws_moveit/build/moveit_task_constructor_msgs': /usr/bin/cmake /home/jone/ws_moveit/src/moveit_task_constructor/msgs -DCMAKE_BUILD_TYPE=Release -DCMAKE_INSTALL_PREFIX=/home/jone/ws_moveit/install/moveit_task_constructor_msgs
[0.220s] -- The C compiler identification is GNU 11.4.0
[0.272s] -- The CXX compiler identification is GNU 11.4.0
[0.280s] -- Detecting C compiler ABI info
[0.342s] -- Detecting C compiler ABI info - done
[0.348s] -- Check for working C compiler: /usr/bin/cc - skipped
[0.348s] -- Detecting C compile features
[0.348s] -- Detecting C compile features - done
[0.350s] -- Detecting CXX compiler ABI info
[0.420s] -- Detecting CXX compiler ABI info - done
[0.425s] -- Check for working CXX compiler: /usr/bin/c++ - skipped
[0.426s] -- Detecting CXX compile features
[0.426s] -- Detecting CXX compile features - done
[0.437s] [31mCMake Error at CMakeLists.txt:4 (find_package):
[0.437s]   By not providing "Findament_cmake.cmake" in CMAKE_MODULE_PATH this project
[0.437s]   has asked CMake to find a package configuration file provided by
[0.437s]   "ament_cmake", but CMake did not find one.
[0.437s] 
[0.437s]   Could not find a package configuration file provided by "ament_cmake" with
[0.437s]   any of the following names:
[0.437s] 
[0.437s]     ament_cmakeConfig.cmake
[0.437s]     ament_cmake-config.cmake
[0.437s] 
[0.437s]   Add the installation prefix of "ament_cmake" to CMAKE_PREFIX_PATH or set
[0.437s]   "ament_cmake_DIR" to a directory containing one of the above files.  If
[0.437s]   "ament_cmake" provides a separate development package or SDK, be sure it
[0.437s]   has been installed.
[0.437s] 
[0.437s] [0m
[0.438s] -- Configuring incomplete, errors occurred!
[0.438s] See also "/home/jone/ws_moveit/build/moveit_task_constructor_msgs/CMakeFiles/CMakeOutput.log".
