[0.003s] Invoking command in '/home/jone/ws_moveit/build/rosparam_shortcuts': /usr/bin/cmake --build /home/jone/ws_moveit/build/rosparam_shortcuts -- -j16 -l16
[0.062s] [35m[1mConsolidate compiler generated dependencies of target gtest_main[0m
[0.062s] [35m[1mConsolidate compiler generated dependencies of target gtest[0m
[0.063s] [35m[1mConsolidate compiler generated dependencies of target rosparam_shortcuts[0m
[0.074s] [ 15%] Built target gtest_main
[0.075s] [ 30%] Built target gtest
[0.100s] [ 53%] Built target rosparam_shortcuts
[0.111s] [35m[1mConsolidate compiler generated dependencies of target rosparam_shortcuts_node_parameters_example[0m
[0.111s] [35m[1mConsolidate compiler generated dependencies of target rosparam_shortcuts_example[0m
[0.111s] [35m[1mConsolidate compiler generated dependencies of target test_node_parameters[0m
[0.127s] [100%] Built target test_node_parameters
[0.127s] [100%] Built target rosparam_shortcuts_node_parameters_example
[0.127s] [100%] Built target rosparam_shortcuts_example
[0.137s] Invoked command in '/home/jone/ws_moveit/build/rosparam_shortcuts' returned '0': /usr/bin/cmake --build /home/jone/ws_moveit/build/rosparam_shortcuts -- -j16 -l16
[0.139s] Invoking command in '/home/jone/ws_moveit/build/rosparam_shortcuts': /usr/bin/cmake --install /home/jone/ws_moveit/build/rosparam_shortcuts
[0.145s] -- Install configuration: "Release"
[0.146s] -- Up-to-date: /home/jone/ws_moveit/install/rosparam_shortcuts/lib/librosparam_shortcuts.so
[0.146s] -- Up-to-date: /home/jone/ws_moveit/install/rosparam_shortcuts/lib/rosparam_shortcuts/example
[0.147s] -- Up-to-date: /home/jone/ws_moveit/install/rosparam_shortcuts/lib/rosparam_shortcuts/node_parameters_example
[0.147s] -- Up-to-date: /home/jone/ws_moveit/install/rosparam_shortcuts/include
[0.147s] -- Up-to-date: /home/jone/ws_moveit/install/rosparam_shortcuts/include/rosparam_shortcuts
[0.147s] -- Up-to-date: /home/jone/ws_moveit/install/rosparam_shortcuts/include/rosparam_shortcuts/node_parameters.h
[0.147s] -- Up-to-date: /home/jone/ws_moveit/install/rosparam_shortcuts/include/rosparam_shortcuts/rosparam_shortcuts.h
[0.148s] -- Up-to-date: /home/jone/ws_moveit/install/rosparam_shortcuts/share/rosparam_shortcuts/launch
[0.148s] -- Up-to-date: /home/jone/ws_moveit/install/rosparam_shortcuts/share/rosparam_shortcuts/launch/example.launch.py
[0.148s] -- Up-to-date: /home/jone/ws_moveit/install/rosparam_shortcuts/share/rosparam_shortcuts/config
[0.148s] -- Up-to-date: /home/jone/ws_moveit/install/rosparam_shortcuts/share/rosparam_shortcuts/config/example.yaml
[0.148s] -- Up-to-date: /home/jone/ws_moveit/install/rosparam_shortcuts/share/rosparam_shortcuts/environment/library_path.sh
[0.148s] -- Up-to-date: /home/jone/ws_moveit/install/rosparam_shortcuts/share/rosparam_shortcuts/environment/library_path.dsv
[0.149s] -- Up-to-date: /home/jone/ws_moveit/install/rosparam_shortcuts/share/ament_index/resource_index/package_run_dependencies/rosparam_shortcuts
[0.149s] -- Up-to-date: /home/jone/ws_moveit/install/rosparam_shortcuts/share/ament_index/resource_index/parent_prefix_path/rosparam_shortcuts
[0.149s] -- Up-to-date: /home/jone/ws_moveit/install/rosparam_shortcuts/share/rosparam_shortcuts/environment/ament_prefix_path.sh
[0.149s] -- Up-to-date: /home/jone/ws_moveit/install/rosparam_shortcuts/share/rosparam_shortcuts/environment/ament_prefix_path.dsv
[0.150s] -- Up-to-date: /home/jone/ws_moveit/install/rosparam_shortcuts/share/rosparam_shortcuts/environment/path.sh
[0.150s] -- Up-to-date: /home/jone/ws_moveit/install/rosparam_shortcuts/share/rosparam_shortcuts/environment/path.dsv
[0.150s] -- Up-to-date: /home/jone/ws_moveit/install/rosparam_shortcuts/share/rosparam_shortcuts/local_setup.bash
[0.150s] -- Up-to-date: /home/jone/ws_moveit/install/rosparam_shortcuts/share/rosparam_shortcuts/local_setup.sh
[0.150s] -- Up-to-date: /home/jone/ws_moveit/install/rosparam_shortcuts/share/rosparam_shortcuts/local_setup.zsh
[0.150s] -- Up-to-date: /home/jone/ws_moveit/install/rosparam_shortcuts/share/rosparam_shortcuts/local_setup.dsv
[0.150s] -- Installing: /home/jone/ws_moveit/install/rosparam_shortcuts/share/rosparam_shortcuts/package.dsv
[0.150s] -- Up-to-date: /home/jone/ws_moveit/install/rosparam_shortcuts/share/ament_index/resource_index/packages/rosparam_shortcuts
[0.151s] -- Up-to-date: /home/jone/ws_moveit/install/rosparam_shortcuts/share/rosparam_shortcuts/cmake/export_rosparam_shortcutsExport.cmake
[0.151s] -- Up-to-date: /home/jone/ws_moveit/install/rosparam_shortcuts/share/rosparam_shortcuts/cmake/export_rosparam_shortcutsExport-release.cmake
[0.151s] -- Up-to-date: /home/jone/ws_moveit/install/rosparam_shortcuts/share/rosparam_shortcuts/cmake/ament_cmake_export_targets-extras.cmake
[0.151s] -- Up-to-date: /home/jone/ws_moveit/install/rosparam_shortcuts/share/rosparam_shortcuts/cmake/ament_cmake_export_dependencies-extras.cmake
[0.151s] -- Up-to-date: /home/jone/ws_moveit/install/rosparam_shortcuts/share/rosparam_shortcuts/cmake/rosparam_shortcutsConfig.cmake
[0.151s] -- Up-to-date: /home/jone/ws_moveit/install/rosparam_shortcuts/share/rosparam_shortcuts/cmake/rosparam_shortcutsConfig-version.cmake
[0.151s] -- Up-to-date: /home/jone/ws_moveit/install/rosparam_shortcuts/share/rosparam_shortcuts/package.xml
[0.153s] Invoked command in '/home/jone/ws_moveit/build/rosparam_shortcuts' returned '0': /usr/bin/cmake --install /home/jone/ws_moveit/build/rosparam_shortcuts
