[0.012s] Invoking command in '/home/jone/ws_moveit/build/moveit_core': AMENT_PREFIX_PATH=/home/jone/ws_moveit/install/moveit_resources_panda_moveit_config:/home/jone/ws_moveit/install/srdfdom:/home/jone/ws_moveit/install/moveit_resources_pr2_description:/home/jone/ws_moveit/install/moveit_resources_panda_description:/home/jone/ws_moveit/install/moveit_common:${AMENT_PREFIX_PATH} CMAKE_PREFIX_PATH=/home/jone/ws_moveit/install/moveit_resources_panda_moveit_config:/home/jone/ws_moveit/install/srdfdom:/home/jone/ws_moveit/install/moveit_resources_pr2_description:/home/jone/ws_moveit/install/moveit_resources_panda_description:/home/jone/ws_moveit/install/moveit_common:/opt/ros/humble LD_LIBRARY_PATH=/home/jone/ws_moveit/install/srdfdom/lib:/opt/ros/humble/opt/rviz_ogre_vendor/lib:/opt/ros/humble/lib/x86_64-linux-gnu:/opt/ros/humble/lib:/usr/lib/x86_64-linux-gnu/gazebo-11/plugins:/usr/lib/x86_64-linux-gnu/gazebo-11/plugins:/usr/lib/x86_64-linux-gnu/gazebo-11/plugins PYTHONPATH=/home/jone/ws_moveit/install/srdfdom/local/lib/python3.10/dist-packages:${PYTHONPATH} /usr/bin/cmake /home/jone/ws_moveit/src/moveit2/moveit_core -DCMAKE_BUILD_PARALLEL_LEVEL=1 -DCMAKE_INSTALL_PREFIX=/home/jone/ws_moveit/install/moveit_core
[0.022s] -- Found moveit_common: 2.5.9 (/home/jone/ws_moveit/install/moveit_common/share/moveit_common/cmake)
[0.022s] -- Found ament_cmake: 1.3.12 (/opt/ros/humble/share/ament_cmake/cmake)
[0.162s] -- Found angles: 1.15.0 (/opt/ros/humble/share/angles/cmake)
[0.182s] -- Found common_interfaces: 4.9.0 (/opt/ros/humble/share/common_interfaces/cmake)
[0.183s] -- Found eigen_stl_containers: 1.1.0 (/opt/ros/humble/share/eigen_stl_containers/cmake)
[0.185s] -- Found eigen3_cmake_module: 0.1.1 (/opt/ros/humble/share/eigen3_cmake_module/cmake)
[0.190s] -- Found generate_parameter_library: 0.5.0 (/opt/ros/humble/share/generate_parameter_library/cmake)
[0.191s] -- Found parameter_traits: 0.5.0 (/opt/ros/humble/share/parameter_traits/cmake)
[0.207s] -- Found rosidl_generator_c: 3.1.7 (/opt/ros/humble/share/rosidl_generator_c/cmake)
[0.209s] -- Found rosidl_adapter: 3.1.7 (/opt/ros/humble/share/rosidl_adapter/cmake)
[0.213s] -- Found rosidl_generator_cpp: 3.1.7 (/opt/ros/humble/share/rosidl_generator_cpp/cmake)
[0.221s] -- Using all available rosidl_typesupport_c: rosidl_typesupport_fastrtps_c;rosidl_typesupport_introspection_c
[0.230s] -- Using all available rosidl_typesupport_cpp: rosidl_typesupport_fastrtps_cpp;rosidl_typesupport_introspection_cpp
[0.253s] -- Found rmw_implementation_cmake: 6.1.2 (/opt/ros/humble/share/rmw_implementation_cmake/cmake)
[0.254s] -- Found rmw_fastrtps_cpp: 6.2.9 (/opt/ros/humble/share/rmw_fastrtps_cpp/cmake)
[0.341s] -- Using RMW implementation 'rmw_fastrtps_cpp' as default
[0.387s] -- Found rclcpp_lifecycle: 16.0.15 (/opt/ros/humble/share/rclcpp_lifecycle/cmake)
[0.403s] -- Found geometric_shapes: 2.3.2 (/opt/ros/humble/share/geometric_shapes/cmake)
[0.407s] -- Found Boost: /usr/lib/x86_64-linux-gnu/cmake/Boost-1.74.0/BoostConfig.cmake (found version "1.74.0") found components: filesystem 
[0.450s] -- library: /usr/lib/x86_64-linux-gnu/libcurl.so
[0.488s] -- Found kdl_parser: 2.6.4 (/opt/ros/humble/share/kdl_parser/cmake)
[0.492s] -- Ensuring Eigen3 include directory is part of orocos-kdl CMake target
[0.493s] -- Found moveit_msgs: 2.2.1 (/opt/ros/humble/share/moveit_msgs/cmake)
[0.566s] -- Found pluginlib: 5.1.2 (/opt/ros/humble/share/pluginlib/cmake)
[0.582s] -- Found srdfdom: 2.0.8 (/home/jone/ws_moveit/install/srdfdom/share/srdfdom/cmake)
[0.588s] -- Found tf2_eigen: 0.25.16 (/opt/ros/humble/share/tf2_eigen/cmake)
[0.629s] -- Found tf2_geometry_msgs: 0.25.16 (/opt/ros/humble/share/tf2_geometry_msgs/cmake)
[0.633s] -- Found tf2_kdl: 0.25.16 (/opt/ros/humble/share/tf2_kdl/cmake)
[0.654s] -- Found Boost: /usr/lib/x86_64-linux-gnu/cmake/Boost-1.74.0/BoostConfig.cmake (found version "1.74.0") found components: chrono date_time filesystem iostreams program_options regex serialization system thread 
[0.654s] --  *** Building MoveIt 2.5.9-Alpha ***
[0.661s] -- Found ament_cmake_gtest: 1.3.12 (/opt/ros/humble/share/ament_cmake_gtest/cmake)
[0.661s] -- Found gtest sources under '/opt/ros/humble/src/gtest_vendor': C++ tests using 'Google Test' will be built
[0.668s] -- Found ament_cmake_gmock: 1.3.12 (/opt/ros/humble/share/ament_cmake_gmock/cmake)
[0.670s] -- Found gmock sources under '/opt/ros/humble/src/gmock_vendor': C++ tests using 'Google Mock' will be built
[0.673s] -- Found ament_cmake_gtest: 1.3.12 (/opt/ros/humble/share/ament_cmake_gtest/cmake)
[0.674s] -- Found gtest sources under '/opt/ros/humble/src/gtest_vendor': C++ tests using 'Google Test' will be built
[0.680s] -- Found ament_cmake_gtest: 1.3.12 (/opt/ros/humble/share/ament_cmake_gtest/cmake)
[0.681s] -- Found gtest sources under '/opt/ros/humble/src/gtest_vendor': C++ tests using 'Google Test' will be built
[0.695s] -- Found ament_cmake_gtest: 1.3.12 (/opt/ros/humble/share/ament_cmake_gtest/cmake)
[0.696s] -- Found gtest sources under '/opt/ros/humble/src/gtest_vendor': C++ tests using 'Google Test' will be built
[0.706s] -- Found ament_lint_auto: 0.12.14 (/opt/ros/humble/share/ament_lint_auto/cmake)
[0.706s] -- Found ament_cmake_gtest: 1.3.12 (/opt/ros/humble/share/ament_cmake_gtest/cmake)
[0.707s] -- Found gtest sources under '/opt/ros/humble/src/gtest_vendor': C++ tests using 'Google Test' will be built
[0.718s] -- Found ament_cmake_gtest: 1.3.12 (/opt/ros/humble/share/ament_cmake_gtest/cmake)
[0.718s] -- Found gtest sources under '/opt/ros/humble/src/gtest_vendor': C++ tests using 'Google Test' will be built
[0.726s] -- Found ament_cmake_gtest: 1.3.12 (/opt/ros/humble/share/ament_cmake_gtest/cmake)
[0.727s] -- Found gtest sources under '/opt/ros/humble/src/gtest_vendor': C++ tests using 'Google Test' will be built
[0.732s] -- Found ament_cmake_gtest: 1.3.12 (/opt/ros/humble/share/ament_cmake_gtest/cmake)
[0.733s] -- Found gmock sources under '/opt/ros/humble/src/gmock_vendor': C++ tests using 'Google Mock' will be built
[0.734s] -- Found gtest sources under '/opt/ros/humble/src/gtest_vendor': C++ tests using 'Google Test' will be built
[0.741s] -- Found gtest sources under '/opt/ros/humble/src/gtest_vendor': C++ tests using 'Google Test' will be built
[0.749s] -- Found gtest sources under '/opt/ros/humble/src/gtest_vendor': C++ tests using 'Google Test' will be built
[0.758s] -- Found ament_cmake_gtest: 1.3.12 (/opt/ros/humble/share/ament_cmake_gtest/cmake)
[0.758s] -- Found gtest sources under '/opt/ros/humble/src/gtest_vendor': C++ tests using 'Google Test' will be built
[0.772s] -- Found gtest sources under '/opt/ros/humble/src/gtest_vendor': C++ tests using 'Google Test' will be built
[0.782s] -- Found gtest sources under '/opt/ros/humble/src/gtest_vendor': C++ tests using 'Google Test' will be built
[0.790s] -- Found gtest sources under '/opt/ros/humble/src/gtest_vendor': C++ tests using 'Google Test' will be built
[0.795s] -- Found ament_lint_auto: 0.12.14 (/opt/ros/humble/share/ament_lint_auto/cmake)
[0.831s] -- Added test 'cppcheck' to perform static code analysis on C / C++ code
[0.832s] -- Configured cppcheck include dirs: /home/jone/ws_moveit/src/moveit2/moveit_core/exceptions/include;/home/jone/ws_moveit/src/moveit2/moveit_core/collision_detection/include;/home/jone/ws_moveit/src/moveit2/moveit_core/collision_detection_fcl/include;/home/jone/ws_moveit/src/moveit2/moveit_core/collision_detection_bullet/include;/home/jone/ws_moveit/src/moveit2/moveit_core/constraint_samplers/include;/home/jone/ws_moveit/src/moveit2/moveit_core/controller_manager/include;/home/jone/ws_moveit/src/moveit2/moveit_core/distance_field/include;/home/jone/ws_moveit/src/moveit2/moveit_core/collision_distance_field/include;/home/jone/ws_moveit/src/moveit2/moveit_core/dynamics_solver/include;/home/jone/ws_moveit/src/moveit2/moveit_core/kinematics_base/include;/home/jone/ws_moveit/src/moveit2/moveit_core/kinematics_metrics/include;/home/jone/ws_moveit/src/moveit2/moveit_core/robot_model/include;/home/jone/ws_moveit/src/moveit2/moveit_core/transforms/include;/home/jone/ws_moveit/src/moveit2/moveit_core/robot_state/include;/home/jone/ws_moveit/src/moveit2/moveit_core/robot_trajectory/include;/home/jone/ws_moveit/src/moveit2/moveit_core/kinematic_constraints/include;/home/jone/ws_moveit/src/moveit2/moveit_core/macros/include;/home/jone/ws_moveit/src/moveit2/moveit_core/online_signal_smoothing/include;/home/jone/ws_moveit/src/moveit2/moveit_core/planning_interface/include;/home/jone/ws_moveit/src/moveit2/moveit_core/planning_request_adapter/include;/home/jone/ws_moveit/src/moveit2/moveit_core/planning_scene/include;/home/jone/ws_moveit/src/moveit2/moveit_core/sensor_manager/include;/home/jone/ws_moveit/src/moveit2/moveit_core/trajectory_processing/include;/home/jone/ws_moveit/src/moveit2/moveit_core/utils/include
[0.832s] -- Configured cppcheck exclude dirs and/or files: 
[0.835s] -- Added test 'pep257' to check Python code against some of the docstring style conventions in PEP 257
[0.838s] -- Added test 'xmllint' to check XML markup files
[0.840s] -- Configuring done
[1.436s] -- Generating done
[1.446s] [33mCMake Warning:
[1.446s]   Manually-specified variables were not used by the project:
[1.446s] 
[1.446s]     CMAKE_BUILD_PARALLEL_LEVEL
[1.446s] 
[1.446s] [0m
[1.560s] -- Build files have been written to: /home/jone/ws_moveit/build/moveit_core
[1.592s] Invoked command in '/home/jone/ws_moveit/build/moveit_core' returned '0': AMENT_PREFIX_PATH=/home/jone/ws_moveit/install/moveit_resources_panda_moveit_config:/home/jone/ws_moveit/install/srdfdom:/home/jone/ws_moveit/install/moveit_resources_pr2_description:/home/jone/ws_moveit/install/moveit_resources_panda_description:/home/jone/ws_moveit/install/moveit_common:${AMENT_PREFIX_PATH} CMAKE_PREFIX_PATH=/home/jone/ws_moveit/install/moveit_resources_panda_moveit_config:/home/jone/ws_moveit/install/srdfdom:/home/jone/ws_moveit/install/moveit_resources_pr2_description:/home/jone/ws_moveit/install/moveit_resources_panda_description:/home/jone/ws_moveit/install/moveit_common:/opt/ros/humble LD_LIBRARY_PATH=/home/jone/ws_moveit/install/srdfdom/lib:/opt/ros/humble/opt/rviz_ogre_vendor/lib:/opt/ros/humble/lib/x86_64-linux-gnu:/opt/ros/humble/lib:/usr/lib/x86_64-linux-gnu/gazebo-11/plugins:/usr/lib/x86_64-linux-gnu/gazebo-11/plugins:/usr/lib/x86_64-linux-gnu/gazebo-11/plugins PYTHONPATH=/home/jone/ws_moveit/install/srdfdom/local/lib/python3.10/dist-packages:${PYTHONPATH} /usr/bin/cmake /home/jone/ws_moveit/src/moveit2/moveit_core -DCMAKE_BUILD_PARALLEL_LEVEL=1 -DCMAKE_INSTALL_PREFIX=/home/jone/ws_moveit/install/moveit_core
[1.593s] Invoking command in '/home/jone/ws_moveit/build/moveit_core': AMENT_PREFIX_PATH=/home/jone/ws_moveit/install/moveit_resources_panda_moveit_config:/home/jone/ws_moveit/install/srdfdom:/home/jone/ws_moveit/install/moveit_resources_pr2_description:/home/jone/ws_moveit/install/moveit_resources_panda_description:/home/jone/ws_moveit/install/moveit_common:${AMENT_PREFIX_PATH} CMAKE_PREFIX_PATH=/home/jone/ws_moveit/install/moveit_resources_panda_moveit_config:/home/jone/ws_moveit/install/srdfdom:/home/jone/ws_moveit/install/moveit_resources_pr2_description:/home/jone/ws_moveit/install/moveit_resources_panda_description:/home/jone/ws_moveit/install/moveit_common:/opt/ros/humble LD_LIBRARY_PATH=/home/jone/ws_moveit/install/srdfdom/lib:/opt/ros/humble/opt/rviz_ogre_vendor/lib:/opt/ros/humble/lib/x86_64-linux-gnu:/opt/ros/humble/lib:/usr/lib/x86_64-linux-gnu/gazebo-11/plugins:/usr/lib/x86_64-linux-gnu/gazebo-11/plugins:/usr/lib/x86_64-linux-gnu/gazebo-11/plugins PYTHONPATH=/home/jone/ws_moveit/install/srdfdom/local/lib/python3.10/dist-packages:${PYTHONPATH} /usr/bin/cmake --build /home/jone/ws_moveit/build/moveit_core -- -j16 -l16
[1.633s] [35m[1mConsolidate compiler generated dependencies of target gtest_main[0m
[1.633s] [35m[1mConsolidate compiler generated dependencies of target gmock_main[0m
[1.634s] [35m[1mConsolidate compiler generated dependencies of target moveit_exceptions[0m
[1.634s] [35m[1mConsolidate compiler generated dependencies of target gtest[0m
[1.634s] [35m[1mConsolidate compiler generated dependencies of target moveit_kinematics_base[0m
[1.634s] [35m[1mConsolidate compiler generated dependencies of target moveit_transforms[0m
[1.635s] [35m[1mConsolidate compiler generated dependencies of target moveit_utils[0m
[1.635s] [35m[1mConsolidate compiler generated dependencies of target moveit_version[0m
[1.635s] [35m[1mConsolidate compiler generated dependencies of target gmock[0m
[1.636s] [35m[1mConsolidate compiler generated dependencies of target moveit_smoothing_base[0m
[1.637s] [35m[1mConsolidate compiler generated dependencies of target moveit_distance_field[0m
[1.648s] [  3%] Built target moveit_exceptions
[1.649s] [  3%] Built target moveit_butterworth_parameters
[1.649s] [  4%] Built target moveit_version
[1.649s] [  5%] Built target gtest_main
[1.649s] [  6%] Built target gmock_main
[1.650s] [  7%] Built target gtest
[1.652s] [  9%] Built target gmock
[1.652s] [ 13%] Built target moveit_utils
[1.652s] [ 13%] Built target moveit_smoothing_base
[1.660s] [ 15%] Built target moveit_kinematics_base
[1.660s] [ 15%] Built target moveit_transforms
[1.670s] [35m[1mConsolidate compiler generated dependencies of target test_transforms[0m
[1.676s] [ 18%] Built target moveit_distance_field
[1.678s] [35m[1mConsolidate compiler generated dependencies of target moveit_robot_model[0m
[1.685s] [ 19%] Built target test_transforms
[1.686s] [35m[1mConsolidate compiler generated dependencies of target test_voxel_grid[0m
[1.686s] [35m[1mConsolidate compiler generated dependencies of target test_distance_field[0m
[1.702s] [ 20%] Built target test_voxel_grid
[1.708s] [ 21%] Built target test_distance_field
[1.711s] [ 27%] Built target moveit_robot_model
[1.722s] [35m[1mConsolidate compiler generated dependencies of target moveit_butterworth_filter[0m
[1.722s] [35m[1mConsolidate compiler generated dependencies of target moveit_test_utils[0m
[1.725s] [35m[1mConsolidate compiler generated dependencies of target moveit_robot_state[0m
[1.744s] [ 28%] Built target moveit_butterworth_filter
[1.750s] [ 30%] Built target moveit_test_utils
[1.753s] [ 33%] Built target moveit_robot_state
[1.754s] [35m[1mConsolidate compiler generated dependencies of target test_butterworth_filter[0m
[1.762s] [35m[1mConsolidate compiler generated dependencies of target test_robot_model[0m
[1.766s] [35m[1mConsolidate compiler generated dependencies of target test_robot_state_benchmark[0m
[1.766s] [35m[1mConsolidate compiler generated dependencies of target test_robot_state_complex[0m
[1.766s] [35m[1mConsolidate compiler generated dependencies of target moveit_dynamics_solver[0m
[1.766s] [35m[1mConsolidate compiler generated dependencies of target moveit_robot_trajectory[0m
[1.767s] [35m[1mConsolidate compiler generated dependencies of target test_robot_state[0m
[1.767s] [35m[1mConsolidate compiler generated dependencies of target moveit_kinematics_metrics[0m
[1.767s] [35m[1mConsolidate compiler generated dependencies of target test_cartesian_interpolator[0m
[1.768s] [35m[1mConsolidate compiler generated dependencies of target test_aabb[0m
[1.777s] [35m[1mConsolidate compiler generated dependencies of target moveit_collision_detection[0m
[1.780s] [ 34%] Built target test_butterworth_filter
[1.784s] [ 35%] Built target test_robot_model
[1.787s] [ 37%] Built target test_robot_state_benchmark
[1.787s] [ 37%] Built target test_robot_state_complex
[1.787s] [ 38%] Built target moveit_dynamics_solver
[1.788s] [ 39%] Built target moveit_kinematics_metrics
[1.788s] [ 41%] Built target test_robot_state
[1.790s] [ 43%] Built target moveit_robot_trajectory
[1.790s] [ 43%] Built target test_aabb
[1.790s] [ 44%] Built target test_cartesian_interpolator
[1.801s] [35m[1mConsolidate compiler generated dependencies of target test_robot_trajectory[0m
[1.802s] [35m[1mConsolidate compiler generated dependencies of target moveit_planning_interface[0m
[1.805s] [35m[1mConsolidate compiler generated dependencies of target moveit_trajectory_processing[0m
[1.817s] [ 49%] Built target moveit_collision_detection
[1.820s] [ 50%] Built target test_robot_trajectory
[1.825s] [ 52%] Built target moveit_planning_interface
[1.827s] [35m[1mConsolidate compiler generated dependencies of target test_world_diff[0m
[1.827s] [35m[1mConsolidate compiler generated dependencies of target test_world[0m
[1.828s] [35m[1mConsolidate compiler generated dependencies of target test_all_valid[0m
[1.829s] [35m[1mConsolidate compiler generated dependencies of target moveit_collision_detection_fcl[0m
[1.833s] [ 55%] Built target moveit_trajectory_processing
[1.836s] [35m[1mConsolidate compiler generated dependencies of target moveit_collision_detection_bullet[0m
[1.842s] [ 58%] Built target test_world_diff
[1.842s] [ 58%] Built target test_world
[1.844s] [35m[1mConsolidate compiler generated dependencies of target test_time_parameterization[0m
[1.844s] [35m[1mConsolidate compiler generated dependencies of target test_time_optimal_trajectory_generation[0m
[1.844s] [35m[1mConsolidate compiler generated dependencies of target test_ruckig_traj_smoothing[0m
[1.847s] [ 59%] Built target test_all_valid
[1.858s] [ 61%] Built target moveit_collision_detection_fcl
[1.864s] [ 65%] Built target test_ruckig_traj_smoothing
[1.864s] [ 65%] Built target test_time_parameterization
[1.864s] [ 65%] Built target test_time_optimal_trajectory_generation
[1.870s] [35m[1mConsolidate compiler generated dependencies of target test_fcl_collision_detection[0m
[1.870s] [35m[1mConsolidate compiler generated dependencies of target test_fcl_collision_env[0m
[1.870s] [35m[1mConsolidate compiler generated dependencies of target test_fcl_collision_detection_panda[0m
[1.871s] [35m[1mConsolidate compiler generated dependencies of target moveit_kinematic_constraints[0m
[1.875s] [ 70%] Built target moveit_collision_detection_bullet
[1.887s] [35m[1mConsolidate compiler generated dependencies of target test_bullet_collision_detection[0m
[1.887s] [35m[1mConsolidate compiler generated dependencies of target test_bullet_collision_detection_panda[0m
[1.887s] [35m[1mConsolidate compiler generated dependencies of target test_bullet_continuous_collision_checking[0m
[1.894s] [ 74%] Built target test_fcl_collision_env
[1.895s] [ 74%] Built target test_fcl_collision_detection_panda
[1.895s] [ 74%] Built target test_fcl_collision_detection
[1.899s] [ 76%] Built target moveit_kinematic_constraints
[1.909s] [ 79%] Built target test_bullet_collision_detection
[1.909s] [ 79%] Built target test_bullet_continuous_collision_checking
[1.909s] [ 80%] Built target test_bullet_collision_detection_panda
[1.910s] [35m[1mConsolidate compiler generated dependencies of target test_orientation_constraints[0m
[1.911s] [35m[1mConsolidate compiler generated dependencies of target test_constraints[0m
[1.912s] [35m[1mConsolidate compiler generated dependencies of target moveit_planning_scene[0m
[1.930s] [ 82%] Built target test_orientation_constraints
[1.931s] [ 82%] Built target test_constraints
[1.937s] [ 84%] Built target moveit_planning_scene
[1.950s] [35m[1mConsolidate compiler generated dependencies of target collision_detector_bullet_plugin[0m
[1.950s] [35m[1mConsolidate compiler generated dependencies of target test_multi_threaded[0m
[1.950s] [35m[1mConsolidate compiler generated dependencies of target collision_detector_fcl_plugin[0m
[1.950s] [35m[1mConsolidate compiler generated dependencies of target test_planning_scene[0m
[1.950s] [35m[1mConsolidate compiler generated dependencies of target test_collision_objects[0m
[1.951s] [35m[1mConsolidate compiler generated dependencies of target moveit_planning_request_adapter[0m
[1.955s] [35m[1mConsolidate compiler generated dependencies of target moveit_collision_distance_field[0m
[1.957s] [35m[1mConsolidate compiler generated dependencies of target moveit_constraint_samplers[0m
[1.971s] [ 88%] Built target test_multi_threaded
[1.971s] [ 88%] Built target test_collision_objects
[1.971s] [ 88%] Built target moveit_planning_request_adapter
[1.971s] [ 88%] Built target collision_detector_bullet_plugin
[1.972s] [ 89%] Built target collision_detector_fcl_plugin
[1.972s] [ 90%] Built target test_planning_scene
[1.989s] [ 93%] Built target moveit_constraint_samplers
[1.989s] [ 96%] Built target moveit_collision_distance_field
[1.999s] [35m[1mConsolidate compiler generated dependencies of target test_collision_distance_field[0m
[2.002s] [35m[1mConsolidate compiler generated dependencies of target test_constraint_samplers[0m
[2.022s] [ 97%] Built target test_collision_distance_field
[2.031s] [100%] Built target test_constraint_samplers
[2.042s] Invoked command in '/home/jone/ws_moveit/build/moveit_core' returned '0': AMENT_PREFIX_PATH=/home/jone/ws_moveit/install/moveit_resources_panda_moveit_config:/home/jone/ws_moveit/install/srdfdom:/home/jone/ws_moveit/install/moveit_resources_pr2_description:/home/jone/ws_moveit/install/moveit_resources_panda_description:/home/jone/ws_moveit/install/moveit_common:${AMENT_PREFIX_PATH} CMAKE_PREFIX_PATH=/home/jone/ws_moveit/install/moveit_resources_panda_moveit_config:/home/jone/ws_moveit/install/srdfdom:/home/jone/ws_moveit/install/moveit_resources_pr2_description:/home/jone/ws_moveit/install/moveit_resources_panda_description:/home/jone/ws_moveit/install/moveit_common:/opt/ros/humble LD_LIBRARY_PATH=/home/jone/ws_moveit/install/srdfdom/lib:/opt/ros/humble/opt/rviz_ogre_vendor/lib:/opt/ros/humble/lib/x86_64-linux-gnu:/opt/ros/humble/lib:/usr/lib/x86_64-linux-gnu/gazebo-11/plugins:/usr/lib/x86_64-linux-gnu/gazebo-11/plugins:/usr/lib/x86_64-linux-gnu/gazebo-11/plugins PYTHONPATH=/home/jone/ws_moveit/install/srdfdom/local/lib/python3.10/dist-packages:${PYTHONPATH} /usr/bin/cmake --build /home/jone/ws_moveit/build/moveit_core -- -j16 -l16
[2.044s] Invoking command in '/home/jone/ws_moveit/build/moveit_core': AMENT_PREFIX_PATH=/home/jone/ws_moveit/install/moveit_resources_panda_moveit_config:/home/jone/ws_moveit/install/srdfdom:/home/jone/ws_moveit/install/moveit_resources_pr2_description:/home/jone/ws_moveit/install/moveit_resources_panda_description:/home/jone/ws_moveit/install/moveit_common:${AMENT_PREFIX_PATH} CMAKE_PREFIX_PATH=/home/jone/ws_moveit/install/moveit_resources_panda_moveit_config:/home/jone/ws_moveit/install/srdfdom:/home/jone/ws_moveit/install/moveit_resources_pr2_description:/home/jone/ws_moveit/install/moveit_resources_panda_description:/home/jone/ws_moveit/install/moveit_common:/opt/ros/humble LD_LIBRARY_PATH=/home/jone/ws_moveit/install/srdfdom/lib:/opt/ros/humble/opt/rviz_ogre_vendor/lib:/opt/ros/humble/lib/x86_64-linux-gnu:/opt/ros/humble/lib:/usr/lib/x86_64-linux-gnu/gazebo-11/plugins:/usr/lib/x86_64-linux-gnu/gazebo-11/plugins:/usr/lib/x86_64-linux-gnu/gazebo-11/plugins PYTHONPATH=/home/jone/ws_moveit/install/srdfdom/local/lib/python3.10/dist-packages:${PYTHONPATH} /usr/bin/cmake --install /home/jone/ws_moveit/build/moveit_core
[2.051s] -- Install configuration: "Release"
[2.051s] -- Up-to-date: /home/jone/ws_moveit/install/moveit_core/include/moveit/version.h
[2.051s] -- Up-to-date: /home/jone/ws_moveit/install/moveit_core/include
[2.051s] -- Up-to-date: /home/jone/ws_moveit/install/moveit_core/include/moveit
[2.052s] -- Up-to-date: /home/jone/ws_moveit/install/moveit_core/include/moveit/collision_distance_field
[2.052s] -- Up-to-date: /home/jone/ws_moveit/install/moveit_core/include/moveit/collision_distance_field/collision_detector_allocator_hybrid.h
[2.052s] -- Up-to-date: /home/jone/ws_moveit/install/moveit_core/include/moveit/collision_distance_field/collision_common_distance_field.h
[2.052s] -- Up-to-date: /home/jone/ws_moveit/install/moveit_core/include/moveit/collision_distance_field/collision_distance_field_types.h
[2.052s] -- Up-to-date: /home/jone/ws_moveit/install/moveit_core/include/moveit/collision_distance_field/collision_detector_allocator_distance_field.h
[2.052s] -- Up-to-date: /home/jone/ws_moveit/install/moveit_core/include/moveit/collision_distance_field/collision_env_hybrid.h
[2.052s] -- Up-to-date: /home/jone/ws_moveit/install/moveit_core/include/moveit/collision_distance_field/collision_env_distance_field.h
[2.052s] -- Up-to-date: /home/jone/ws_moveit/install/moveit_core/include/moveit_collision_distance_field_export.h
[2.052s] -- Up-to-date: /home/jone/ws_moveit/install/moveit_core/include
[2.052s] -- Up-to-date: /home/jone/ws_moveit/install/moveit_core/include/moveit
[2.052s] -- Up-to-date: /home/jone/ws_moveit/install/moveit_core/include/moveit/constraint_samplers
[2.052s] -- Up-to-date: /home/jone/ws_moveit/install/moveit_core/include/moveit/constraint_samplers/constraint_sampler_allocator.h
[2.052s] -- Up-to-date: /home/jone/ws_moveit/install/moveit_core/include/moveit/constraint_samplers/union_constraint_sampler.h
[2.052s] -- Up-to-date: /home/jone/ws_moveit/install/moveit_core/include/moveit/constraint_samplers/constraint_sampler_tools.h
[2.053s] -- Up-to-date: /home/jone/ws_moveit/install/moveit_core/include/moveit/constraint_samplers/constraint_sampler_manager.h
[2.053s] -- Up-to-date: /home/jone/ws_moveit/install/moveit_core/include/moveit/constraint_samplers/default_constraint_samplers.h
[2.053s] -- Up-to-date: /home/jone/ws_moveit/install/moveit_core/include/moveit/constraint_samplers/constraint_sampler.h
[2.053s] -- Up-to-date: /home/jone/ws_moveit/install/moveit_core/include
[2.053s] -- Up-to-date: /home/jone/ws_moveit/install/moveit_core/include/moveit
[2.053s] -- Up-to-date: /home/jone/ws_moveit/install/moveit_core/include/moveit/controller_manager
[2.053s] -- Up-to-date: /home/jone/ws_moveit/install/moveit_core/include/moveit/controller_manager/controller_manager.h
[2.053s] -- Up-to-date: /home/jone/ws_moveit/install/moveit_core/include
[2.053s] -- Up-to-date: /home/jone/ws_moveit/install/moveit_core/include/moveit
[2.053s] -- Up-to-date: /home/jone/ws_moveit/install/moveit_core/include/moveit/distance_field
[2.053s] -- Up-to-date: /home/jone/ws_moveit/install/moveit_core/include/moveit/distance_field/voxel_grid.h
[2.053s] -- Up-to-date: /home/jone/ws_moveit/install/moveit_core/include/moveit/distance_field/propagation_distance_field.h
[2.054s] -- Up-to-date: /home/jone/ws_moveit/install/moveit_core/include/moveit/distance_field/distance_field.h
[2.054s] -- Up-to-date: /home/jone/ws_moveit/install/moveit_core/include/moveit/distance_field/find_internal_points.h
[2.054s] -- Up-to-date: /home/jone/ws_moveit/install/moveit_core/include
[2.054s] -- Up-to-date: /home/jone/ws_moveit/install/moveit_core/include/moveit
[2.054s] -- Up-to-date: /home/jone/ws_moveit/install/moveit_core/include/moveit/dynamics_solver
[2.054s] -- Up-to-date: /home/jone/ws_moveit/install/moveit_core/include/moveit/dynamics_solver/dynamics_solver.h
[2.054s] -- Up-to-date: /home/jone/ws_moveit/install/moveit_core/include
[2.054s] -- Up-to-date: /home/jone/ws_moveit/install/moveit_core/include/moveit
[2.054s] -- Up-to-date: /home/jone/ws_moveit/install/moveit_core/include/moveit/exceptions
[2.054s] -- Up-to-date: /home/jone/ws_moveit/install/moveit_core/include/moveit/exceptions/exceptions.h
[2.054s] -- Up-to-date: /home/jone/ws_moveit/install/moveit_core/include
[2.054s] -- Up-to-date: /home/jone/ws_moveit/install/moveit_core/include/moveit
[2.054s] -- Up-to-date: /home/jone/ws_moveit/install/moveit_core/include/moveit/kinematics_base
[2.054s] -- Up-to-date: /home/jone/ws_moveit/install/moveit_core/include/moveit/kinematics_base/kinematics_base.h
[2.054s] -- Up-to-date: /home/jone/ws_moveit/install/moveit_core/include/moveit_kinematics_base_export.h
[2.055s] -- Up-to-date: /home/jone/ws_moveit/install/moveit_core/include
[2.055s] -- Up-to-date: /home/jone/ws_moveit/install/moveit_core/include/moveit
[2.055s] -- Up-to-date: /home/jone/ws_moveit/install/moveit_core/include/moveit/kinematic_constraints
[2.055s] -- Up-to-date: /home/jone/ws_moveit/install/moveit_core/include/moveit/kinematic_constraints/utils.h
[2.055s] -- Up-to-date: /home/jone/ws_moveit/install/moveit_core/include/moveit/kinematic_constraints/kinematic_constraint.h
[2.055s] -- Up-to-date: /home/jone/ws_moveit/install/moveit_core/include
[2.055s] -- Up-to-date: /home/jone/ws_moveit/install/moveit_core/include/moveit
[2.055s] -- Up-to-date: /home/jone/ws_moveit/install/moveit_core/include/moveit/kinematics_metrics
[2.055s] -- Up-to-date: /home/jone/ws_moveit/install/moveit_core/include/moveit/kinematics_metrics/kinematics_metrics.h
[2.055s] -- Up-to-date: /home/jone/ws_moveit/install/moveit_core/include
[2.055s] -- Up-to-date: /home/jone/ws_moveit/install/moveit_core/include/moveit
[2.055s] -- Up-to-date: /home/jone/ws_moveit/install/moveit_core/include/moveit/macros
[2.056s] -- Up-to-date: /home/jone/ws_moveit/install/moveit_core/include/moveit/macros/deprecation.h
[2.056s] -- Up-to-date: /home/jone/ws_moveit/install/moveit_core/include/moveit/macros/console_colors.h
[2.056s] -- Up-to-date: /home/jone/ws_moveit/install/moveit_core/include/moveit/macros/declare_ptr.h
[2.056s] -- Up-to-date: /home/jone/ws_moveit/install/moveit_core/include/moveit/macros/class_forward.h
[2.056s] -- Up-to-date: /home/jone/ws_moveit/install/moveit_core/include/moveit_core
[2.056s] -- Up-to-date: /home/jone/ws_moveit/install/moveit_core/include/moveit_core/moveit_butterworth_parameters.hpp
[2.056s] -- Up-to-date: /home/jone/ws_moveit/install/moveit_core/include
[2.056s] -- Up-to-date: /home/jone/ws_moveit/install/moveit_core/include/moveit
[2.056s] -- Up-to-date: /home/jone/ws_moveit/install/moveit_core/include/moveit/online_signal_smoothing
[2.056s] -- Up-to-date: /home/jone/ws_moveit/install/moveit_core/include/moveit/online_signal_smoothing/butterworth_filter.h
[2.056s] -- Up-to-date: /home/jone/ws_moveit/install/moveit_core/include/moveit/online_signal_smoothing/smoothing_base_class.h
[2.057s] -- Up-to-date: /home/jone/ws_moveit/install/moveit_core/include/moveit_smoothing_base_export.h
[2.057s] -- Up-to-date: /home/jone/ws_moveit/install/moveit_core/include/moveit_butterworth_filter_export.h
[2.057s] -- Up-to-date: /home/jone/ws_moveit/install/moveit_core/include
[2.057s] -- Up-to-date: /home/jone/ws_moveit/install/moveit_core/include/moveit
[2.057s] -- Up-to-date: /home/jone/ws_moveit/install/moveit_core/include/moveit/planning_interface
[2.057s] -- Up-to-date: /home/jone/ws_moveit/install/moveit_core/include/moveit/planning_interface/planning_interface.h
[2.057s] -- Up-to-date: /home/jone/ws_moveit/install/moveit_core/include/moveit/planning_interface/planning_response.h
[2.057s] -- Up-to-date: /home/jone/ws_moveit/install/moveit_core/include/moveit/planning_interface/planning_request.h
[2.057s] -- Up-to-date: /home/jone/ws_moveit/install/moveit_core/include
[2.057s] -- Up-to-date: /home/jone/ws_moveit/install/moveit_core/include/moveit
[2.057s] -- Up-to-date: /home/jone/ws_moveit/install/moveit_core/include/moveit/planning_request_adapter
[2.057s] -- Up-to-date: /home/jone/ws_moveit/install/moveit_core/include/moveit/planning_request_adapter/planning_request_adapter.h
[2.057s] -- Up-to-date: /home/jone/ws_moveit/install/moveit_core/include
[2.057s] -- Up-to-date: /home/jone/ws_moveit/install/moveit_core/include/moveit
[2.057s] -- Up-to-date: /home/jone/ws_moveit/install/moveit_core/include/moveit/planning_scene
[2.057s] -- Up-to-date: /home/jone/ws_moveit/install/moveit_core/include/moveit/planning_scene/planning_scene.h
[2.058s] -- Up-to-date: /home/jone/ws_moveit/install/moveit_core/include/moveit_planning_scene_export.h
[2.058s] -- Up-to-date: /home/jone/ws_moveit/install/moveit_core/include
[2.058s] -- Up-to-date: /home/jone/ws_moveit/install/moveit_core/include/moveit
[2.058s] -- Up-to-date: /home/jone/ws_moveit/install/moveit_core/include/moveit/robot_model
[2.058s] -- Up-to-date: /home/jone/ws_moveit/install/moveit_core/include/moveit/robot_model/aabb.h
[2.058s] -- Up-to-date: /home/jone/ws_moveit/install/moveit_core/include/moveit/robot_model/link_model.h
[2.058s] -- Up-to-date: /home/jone/ws_moveit/install/moveit_core/include/moveit/robot_model/revolute_joint_model.h
[2.058s] -- Up-to-date: /home/jone/ws_moveit/install/moveit_core/include/moveit/robot_model/planar_joint_model.h
[2.058s] -- Up-to-date: /home/jone/ws_moveit/install/moveit_core/include/moveit/robot_model/robot_model.h
[2.058s] -- Up-to-date: /home/jone/ws_moveit/install/moveit_core/include/moveit/robot_model/joint_model_group.h
[2.058s] -- Up-to-date: /home/jone/ws_moveit/install/moveit_core/include/moveit/robot_model/joint_model.h
[2.058s] -- Up-to-date: /home/jone/ws_moveit/install/moveit_core/include/moveit/robot_model/floating_joint_model.h
[2.058s] -- Up-to-date: /home/jone/ws_moveit/install/moveit_core/include/moveit/robot_model/prismatic_joint_model.h
[2.058s] -- Up-to-date: /home/jone/ws_moveit/install/moveit_core/include/moveit/robot_model/fixed_joint_model.h
[2.058s] -- Up-to-date: /home/jone/ws_moveit/install/moveit_core/include
[2.058s] -- Up-to-date: /home/jone/ws_moveit/install/moveit_core/include/moveit
[2.059s] -- Up-to-date: /home/jone/ws_moveit/install/moveit_core/include/moveit/robot_state
[2.059s] -- Up-to-date: /home/jone/ws_moveit/install/moveit_core/include/moveit/robot_state/conversions.h
[2.059s] -- Up-to-date: /home/jone/ws_moveit/install/moveit_core/include/moveit/robot_state/cartesian_interpolator.h
[2.059s] -- Up-to-date: /home/jone/ws_moveit/install/moveit_core/include/moveit/robot_state/attached_body.h
[2.059s] -- Up-to-date: /home/jone/ws_moveit/install/moveit_core/include/moveit/robot_state/robot_state.h
[2.059s] -- Up-to-date: /home/jone/ws_moveit/install/moveit_core/include
[2.059s] -- Up-to-date: /home/jone/ws_moveit/install/moveit_core/include/moveit
[2.059s] -- Up-to-date: /home/jone/ws_moveit/install/moveit_core/include/moveit/robot_trajectory
[2.059s] -- Up-to-date: /home/jone/ws_moveit/install/moveit_core/include/moveit/robot_trajectory/robot_trajectory.h
[2.059s] -- Up-to-date: /home/jone/ws_moveit/install/moveit_core/include
[2.059s] -- Up-to-date: /home/jone/ws_moveit/install/moveit_core/include/moveit
[2.059s] -- Up-to-date: /home/jone/ws_moveit/install/moveit_core/include/moveit/sensor_manager
[2.059s] -- Up-to-date: /home/jone/ws_moveit/install/moveit_core/include/moveit/sensor_manager/sensor_manager.h
[2.059s] -- Up-to-date: /home/jone/ws_moveit/install/moveit_core/include
[2.059s] -- Up-to-date: /home/jone/ws_moveit/install/moveit_core/include/moveit
[2.059s] -- Up-to-date: /home/jone/ws_moveit/install/moveit_core/include/moveit/trajectory_processing
[2.060s] -- Up-to-date: /home/jone/ws_moveit/install/moveit_core/include/moveit/trajectory_processing/time_parameterization.h
[2.060s] -- Up-to-date: /home/jone/ws_moveit/install/moveit_core/include/moveit/trajectory_processing/iterative_time_parameterization.h
[2.060s] -- Up-to-date: /home/jone/ws_moveit/install/moveit_core/include/moveit/trajectory_processing/iterative_spline_parameterization.h
[2.060s] -- Up-to-date: /home/jone/ws_moveit/install/moveit_core/include/moveit/trajectory_processing/trajectory_tools.h
[2.060s] -- Up-to-date: /home/jone/ws_moveit/install/moveit_core/include/moveit/trajectory_processing/time_optimal_trajectory_generation.h
[2.060s] -- Up-to-date: /home/jone/ws_moveit/install/moveit_core/include/moveit/trajectory_processing/ruckig_traj_smoothing.h
[2.060s] -- Up-to-date: /home/jone/ws_moveit/install/moveit_core/include
[2.060s] -- Up-to-date: /home/jone/ws_moveit/install/moveit_core/include/moveit
[2.060s] -- Up-to-date: /home/jone/ws_moveit/install/moveit_core/include/moveit/transforms
[2.060s] -- Up-to-date: /home/jone/ws_moveit/install/moveit_core/include/moveit/transforms/transforms.h
[2.060s] -- Up-to-date: /home/jone/ws_moveit/install/moveit_core/include
[2.060s] -- Up-to-date: /home/jone/ws_moveit/install/moveit_core/include/moveit
[2.060s] -- Up-to-date: /home/jone/ws_moveit/install/moveit_core/include/moveit/utils
[2.060s] -- Up-to-date: /home/jone/ws_moveit/install/moveit_core/include/moveit/utils/lexical_casts.h
[2.060s] -- Up-to-date: /home/jone/ws_moveit/install/moveit_core/include/moveit/utils/moveit_error_code.h
[2.060s] -- Up-to-date: /home/jone/ws_moveit/install/moveit_core/include/moveit/utils/message_checks.h
[2.060s] -- Up-to-date: /home/jone/ws_moveit/install/moveit_core/include/moveit/utils/robot_model_test_utils.h
[2.060s] -- Up-to-date: /home/jone/ws_moveit/install/moveit_core/include/moveit/utils/rclcpp_utils.h
[2.061s] -- Up-to-date: /home/jone/ws_moveit/install/moveit_core/bin/moveit_version
[2.061s] -- Up-to-date: /home/jone/ws_moveit/install/moveit_core/include
[2.061s] -- Up-to-date: /home/jone/ws_moveit/install/moveit_core/include/moveit
[2.061s] -- Up-to-date: /home/jone/ws_moveit/install/moveit_core/include/moveit/collision_detection
[2.061s] -- Up-to-date: /home/jone/ws_moveit/install/moveit_core/include/moveit/collision_detection/world.h
[2.061s] -- Up-to-date: /home/jone/ws_moveit/install/moveit_core/include/moveit/collision_detection/collision_common.h
[2.061s] -- Up-to-date: /home/jone/ws_moveit/install/moveit_core/include/moveit/collision_detection/world_diff.h
[2.061s] -- Up-to-date: /home/jone/ws_moveit/install/moveit_core/include/moveit/collision_detection/test_collision_common_panda.h
[2.061s] -- Up-to-date: /home/jone/ws_moveit/install/moveit_core/include/moveit/collision_detection/allvalid
[2.061s] -- Up-to-date: /home/jone/ws_moveit/install/moveit_core/include/moveit/collision_detection/allvalid/collision_detector_allocator_allvalid.h
[2.062s] -- Up-to-date: /home/jone/ws_moveit/install/moveit_core/include/moveit/collision_detection/allvalid/collision_env_allvalid.h
[2.062s] -- Up-to-date: /home/jone/ws_moveit/install/moveit_core/include/moveit/collision_detection/collision_octomap_filter.h
[2.062s] -- Up-to-date: /home/jone/ws_moveit/install/moveit_core/include/moveit/collision_detection/collision_plugin_cache.h
[2.062s] -- Up-to-date: /home/jone/ws_moveit/install/moveit_core/include/moveit/collision_detection/collision_tools.h
[2.062s] -- Up-to-date: /home/jone/ws_moveit/install/moveit_core/include/moveit/collision_detection/collision_plugin.h
[2.062s] -- Up-to-date: /home/jone/ws_moveit/install/moveit_core/include/moveit/collision_detection/collision_detector_allocator.h
[2.062s] -- Up-to-date: /home/jone/ws_moveit/install/moveit_core/include/moveit/collision_detection/collision_env.h
[2.062s] -- Up-to-date: /home/jone/ws_moveit/install/moveit_core/include/moveit/collision_detection/collision_matrix.h
[2.062s] -- Up-to-date: /home/jone/ws_moveit/install/moveit_core/include/moveit/collision_detection/occupancy_map.h
[2.062s] -- Up-to-date: /home/jone/ws_moveit/install/moveit_core/include/moveit/collision_detection/test_collision_common_pr2.h
[2.062s] -- Up-to-date: /home/jone/ws_moveit/install/moveit_core/include/moveit_collision_detection_export.h
[2.062s] -- Up-to-date: /home/jone/ws_moveit/install/moveit_core/include
[2.062s] -- Up-to-date: /home/jone/ws_moveit/install/moveit_core/include/moveit
[2.062s] -- Up-to-date: /home/jone/ws_moveit/install/moveit_core/include/moveit/collision_detection_bullet
[2.062s] -- Up-to-date: /home/jone/ws_moveit/install/moveit_core/include/moveit/collision_detection_bullet/bullet_integration
[2.062s] -- Up-to-date: /home/jone/ws_moveit/install/moveit_core/include/moveit/collision_detection_bullet/bullet_integration/contact_checker_common.h
[2.063s] -- Up-to-date: /home/jone/ws_moveit/install/moveit_core/include/moveit/collision_detection_bullet/bullet_integration/ros_bullet_utils.h
[2.063s] -- Up-to-date: /home/jone/ws_moveit/install/moveit_core/include/moveit/collision_detection_bullet/bullet_integration/bullet_bvh_manager.h
[2.063s] -- Up-to-date: /home/jone/ws_moveit/install/moveit_core/include/moveit/collision_detection_bullet/bullet_integration/bullet_discrete_bvh_manager.h
[2.063s] -- Up-to-date: /home/jone/ws_moveit/install/moveit_core/include/moveit/collision_detection_bullet/bullet_integration/bullet_utils.h
[2.063s] -- Up-to-date: /home/jone/ws_moveit/install/moveit_core/include/moveit/collision_detection_bullet/bullet_integration/bullet_cast_bvh_manager.h
[2.063s] -- Up-to-date: /home/jone/ws_moveit/install/moveit_core/include/moveit/collision_detection_bullet/bullet_integration/basic_types.h
[2.063s] -- Up-to-date: /home/jone/ws_moveit/install/moveit_core/include/moveit/collision_detection_bullet/collision_detector_allocator_bullet.h
[2.063s] -- Up-to-date: /home/jone/ws_moveit/install/moveit_core/include/moveit/collision_detection_bullet/collision_detector_bullet_plugin_loader.h
[2.063s] -- Up-to-date: /home/jone/ws_moveit/install/moveit_core/include/moveit/collision_detection_bullet/collision_env_bullet.h
[2.063s] -- Up-to-date: /home/jone/ws_moveit/install/moveit_core/include/moveit_collision_detection_bullet_export.h
[2.063s] -- Up-to-date: /home/jone/ws_moveit/install/moveit_core/include
[2.063s] -- Up-to-date: /home/jone/ws_moveit/install/moveit_core/include/moveit
[2.063s] -- Up-to-date: /home/jone/ws_moveit/install/moveit_core/include/moveit/collision_detection_fcl
[2.063s] -- Up-to-date: /home/jone/ws_moveit/install/moveit_core/include/moveit/collision_detection_fcl/collision_common.h
[2.063s] -- Up-to-date: /home/jone/ws_moveit/install/moveit_core/include/moveit/collision_detection_fcl/collision_env_fcl.h
[2.063s] -- Up-to-date: /home/jone/ws_moveit/install/moveit_core/include/moveit/collision_detection_fcl/collision_detector_fcl_plugin_loader.h
[2.063s] -- Up-to-date: /home/jone/ws_moveit/install/moveit_core/include/moveit/collision_detection_fcl/collision_detector_allocator_fcl.h
[2.063s] -- Up-to-date: /home/jone/ws_moveit/install/moveit_core/include/moveit/collision_detection_fcl/fcl_compat.h
[2.063s] -- Up-to-date: /home/jone/ws_moveit/install/moveit_core/include/moveit_collision_detection_fcl_export.h
[2.064s] -- Up-to-date: /home/jone/ws_moveit/install/moveit_core/lib/libcollision_detector_bullet_plugin.so.2.5.9
[2.064s] -- Up-to-date: /home/jone/ws_moveit/install/moveit_core/lib/libcollision_detector_bullet_plugin.so
[2.064s] -- Up-to-date: /home/jone/ws_moveit/install/moveit_core/lib/libmoveit_butterworth_filter.so.2.5.9
[2.065s] -- Up-to-date: /home/jone/ws_moveit/install/moveit_core/lib/libmoveit_butterworth_filter.so
[2.065s] -- Up-to-date: /home/jone/ws_moveit/install/moveit_core/lib/libmoveit_collision_distance_field.so.2.5.9
[2.065s] -- Up-to-date: /home/jone/ws_moveit/install/moveit_core/lib/libmoveit_collision_distance_field.so
[2.066s] -- Up-to-date: /home/jone/ws_moveit/install/moveit_core/lib/libmoveit_collision_detection.so.2.5.9
[2.066s] -- Up-to-date: /home/jone/ws_moveit/install/moveit_core/lib/libmoveit_collision_detection.so
[2.067s] -- Up-to-date: /home/jone/ws_moveit/install/moveit_core/lib/libmoveit_collision_detection_fcl.so.2.5.9
[2.067s] -- Up-to-date: /home/jone/ws_moveit/install/moveit_core/lib/libmoveit_collision_detection_fcl.so
[2.068s] -- Up-to-date: /home/jone/ws_moveit/install/moveit_core/lib/libmoveit_collision_detection_bullet.so.2.5.9
[2.068s] -- Up-to-date: /home/jone/ws_moveit/install/moveit_core/lib/libmoveit_collision_detection_bullet.so
[2.069s] -- Up-to-date: /home/jone/ws_moveit/install/moveit_core/lib/libmoveit_dynamics_solver.so.2.5.9
[2.069s] -- Up-to-date: /home/jone/ws_moveit/install/moveit_core/lib/libmoveit_dynamics_solver.so
[2.070s] -- Up-to-date: /home/jone/ws_moveit/install/moveit_core/lib/libmoveit_constraint_samplers.so.2.5.9
[2.070s] -- Up-to-date: /home/jone/ws_moveit/install/moveit_core/lib/libmoveit_constraint_samplers.so
[2.070s] -- Up-to-date: /home/jone/ws_moveit/install/moveit_core/lib/libmoveit_distance_field.so.2.5.9
[2.070s] -- Up-to-date: /home/jone/ws_moveit/install/moveit_core/lib/libmoveit_distance_field.so
[2.071s] -- Up-to-date: /home/jone/ws_moveit/install/moveit_core/lib/libmoveit_exceptions.so.2.5.9
[2.071s] -- Up-to-date: /home/jone/ws_moveit/install/moveit_core/lib/libmoveit_exceptions.so
[2.071s] -- Up-to-date: /home/jone/ws_moveit/install/moveit_core/lib/libmoveit_kinematics_base.so
[2.072s] -- Up-to-date: /home/jone/ws_moveit/install/moveit_core/lib/libmoveit_kinematic_constraints.so.2.5.9
[2.072s] -- Up-to-date: /home/jone/ws_moveit/install/moveit_core/lib/libmoveit_kinematic_constraints.so
[2.073s] -- Up-to-date: /home/jone/ws_moveit/install/moveit_core/lib/libmoveit_kinematics_metrics.so.2.5.9
[2.073s] -- Up-to-date: /home/jone/ws_moveit/install/moveit_core/lib/libmoveit_kinematics_metrics.so
[2.074s] -- Up-to-date: /home/jone/ws_moveit/install/moveit_core/lib/libmoveit_planning_interface.so.2.5.9
[2.074s] -- Up-to-date: /home/jone/ws_moveit/install/moveit_core/lib/libmoveit_planning_interface.so
[2.075s] -- Up-to-date: /home/jone/ws_moveit/install/moveit_core/lib/libmoveit_planning_scene.so.2.5.9
[2.075s] -- Up-to-date: /home/jone/ws_moveit/install/moveit_core/lib/libmoveit_planning_scene.so
[2.076s] -- Up-to-date: /home/jone/ws_moveit/install/moveit_core/lib/libmoveit_planning_request_adapter.so.2.5.9
[2.076s] -- Up-to-date: /home/jone/ws_moveit/install/moveit_core/lib/libmoveit_planning_request_adapter.so
[2.077s] -- Up-to-date: /home/jone/ws_moveit/install/moveit_core/lib/libmoveit_robot_model.so.2.5.9
[2.077s] -- Up-to-date: /home/jone/ws_moveit/install/moveit_core/lib/libmoveit_robot_model.so
[2.077s] -- Up-to-date: /home/jone/ws_moveit/install/moveit_core/lib/libmoveit_robot_state.so.2.5.9
[2.077s] -- Up-to-date: /home/jone/ws_moveit/install/moveit_core/lib/libmoveit_robot_state.so
[2.078s] -- Up-to-date: /home/jone/ws_moveit/install/moveit_core/lib/libmoveit_robot_trajectory.so.2.5.9
[2.078s] -- Up-to-date: /home/jone/ws_moveit/install/moveit_core/lib/libmoveit_robot_trajectory.so
[2.079s] -- Up-to-date: /home/jone/ws_moveit/install/moveit_core/lib/libmoveit_smoothing_base.so.2.5.9
[2.079s] -- Up-to-date: /home/jone/ws_moveit/install/moveit_core/lib/libmoveit_smoothing_base.so
[2.080s] -- Up-to-date: /home/jone/ws_moveit/install/moveit_core/lib/libmoveit_test_utils.so.2.5.9
[2.080s] -- Up-to-date: /home/jone/ws_moveit/install/moveit_core/lib/libmoveit_test_utils.so
[2.081s] -- Up-to-date: /home/jone/ws_moveit/install/moveit_core/lib/libmoveit_trajectory_processing.so.2.5.9
[2.081s] -- Up-to-date: /home/jone/ws_moveit/install/moveit_core/lib/libmoveit_trajectory_processing.so
[2.082s] -- Up-to-date: /home/jone/ws_moveit/install/moveit_core/lib/libmoveit_transforms.so.2.5.9
[2.082s] -- Up-to-date: /home/jone/ws_moveit/install/moveit_core/lib/libmoveit_transforms.so
[2.082s] -- Up-to-date: /home/jone/ws_moveit/install/moveit_core/lib/libmoveit_utils.so.2.5.9
[2.082s] -- Up-to-date: /home/jone/ws_moveit/install/moveit_core/lib/libmoveit_utils.so
[2.083s] -- Up-to-date: /home/jone/ws_moveit/install/moveit_core/share/moveit_core/environment/library_path.sh
[2.083s] -- Installing: /home/jone/ws_moveit/install/moveit_core/share/moveit_core/environment/library_path.dsv
[2.083s] -- Up-to-date: /home/jone/ws_moveit/install/moveit_core/share/moveit_core/collision_detector_fcl_description.xml
[2.083s] -- Up-to-date: /home/jone/ws_moveit/install/moveit_core/share/moveit_core/collision_detector_bullet_description.xml
[2.083s] -- Up-to-date: /home/jone/ws_moveit/install/moveit_core/share/moveit_core/filter_plugin_butterworth.xml
[2.083s] -- Up-to-date: /home/jone/ws_moveit/install/moveit_core/share/ament_index/resource_index/package_run_dependencies/moveit_core
[2.083s] -- Up-to-date: /home/jone/ws_moveit/install/moveit_core/share/ament_index/resource_index/parent_prefix_path/moveit_core
[2.084s] -- Up-to-date: /home/jone/ws_moveit/install/moveit_core/share/moveit_core/environment/ament_prefix_path.sh
[2.084s] -- Installing: /home/jone/ws_moveit/install/moveit_core/share/moveit_core/environment/ament_prefix_path.dsv
[2.084s] -- Up-to-date: /home/jone/ws_moveit/install/moveit_core/share/moveit_core/environment/path.sh
[2.084s] -- Installing: /home/jone/ws_moveit/install/moveit_core/share/moveit_core/environment/path.dsv
[2.084s] -- Up-to-date: /home/jone/ws_moveit/install/moveit_core/share/moveit_core/local_setup.bash
[2.084s] -- Up-to-date: /home/jone/ws_moveit/install/moveit_core/share/moveit_core/local_setup.sh
[2.084s] -- Up-to-date: /home/jone/ws_moveit/install/moveit_core/share/moveit_core/local_setup.zsh
[2.084s] -- Installing: /home/jone/ws_moveit/install/moveit_core/share/moveit_core/local_setup.dsv
[2.084s] -- Installing: /home/jone/ws_moveit/install/moveit_core/share/moveit_core/package.dsv
[2.084s] -- Up-to-date: /home/jone/ws_moveit/install/moveit_core/share/ament_index/resource_index/packages/moveit_core
[2.085s] -- Up-to-date: /home/jone/ws_moveit/install/moveit_core/share/ament_index/resource_index/moveit_core__pluginlib__plugin/moveit_core
[2.085s] -- Up-to-date: /home/jone/ws_moveit/install/moveit_core/share/moveit_core/cmake/export_moveit_coreExport.cmake
[2.085s] -- Up-to-date: /home/jone/ws_moveit/install/moveit_core/share/moveit_core/cmake/export_moveit_coreExport-release.cmake
[2.085s] -- Up-to-date: /home/jone/ws_moveit/install/moveit_core/share/moveit_core/cmake/ConfigExtras.cmake
[2.085s] -- Up-to-date: /home/jone/ws_moveit/install/moveit_core/share/moveit_core/cmake/ament_cmake_export_targets-extras.cmake
[2.085s] -- Up-to-date: /home/jone/ws_moveit/install/moveit_core/share/moveit_core/cmake/ament_cmake_export_dependencies-extras.cmake
[2.085s] -- Up-to-date: /home/jone/ws_moveit/install/moveit_core/share/moveit_core/cmake/moveit_coreConfig.cmake
[2.085s] -- Up-to-date: /home/jone/ws_moveit/install/moveit_core/share/moveit_core/cmake/moveit_coreConfig-version.cmake
[2.085s] -- Up-to-date: /home/jone/ws_moveit/install/moveit_core/share/moveit_core/package.xml
[2.088s] Invoked command in '/home/jone/ws_moveit/build/moveit_core' returned '0': AMENT_PREFIX_PATH=/home/jone/ws_moveit/install/moveit_resources_panda_moveit_config:/home/jone/ws_moveit/install/srdfdom:/home/jone/ws_moveit/install/moveit_resources_pr2_description:/home/jone/ws_moveit/install/moveit_resources_panda_description:/home/jone/ws_moveit/install/moveit_common:${AMENT_PREFIX_PATH} CMAKE_PREFIX_PATH=/home/jone/ws_moveit/install/moveit_resources_panda_moveit_config:/home/jone/ws_moveit/install/srdfdom:/home/jone/ws_moveit/install/moveit_resources_pr2_description:/home/jone/ws_moveit/install/moveit_resources_panda_description:/home/jone/ws_moveit/install/moveit_common:/opt/ros/humble LD_LIBRARY_PATH=/home/jone/ws_moveit/install/srdfdom/lib:/opt/ros/humble/opt/rviz_ogre_vendor/lib:/opt/ros/humble/lib/x86_64-linux-gnu:/opt/ros/humble/lib:/usr/lib/x86_64-linux-gnu/gazebo-11/plugins:/usr/lib/x86_64-linux-gnu/gazebo-11/plugins:/usr/lib/x86_64-linux-gnu/gazebo-11/plugins PYTHONPATH=/home/jone/ws_moveit/install/srdfdom/local/lib/python3.10/dist-packages:${PYTHONPATH} /usr/bin/cmake --install /home/jone/ws_moveit/build/moveit_core
