[0.023s] Invoking command in '/home/jone/ws_moveit/build/srdfdom': CMAKE_PREFIX_PATH=/opt/ros/humble /usr/bin/cmake /home/jone/ws_moveit/src/srdfdom -DCMAKE_BUILD_TYPE=Release -DCMAKE_INSTALL_PREFIX=/home/jone/ws_moveit/install/srdfdom
[0.244s] -- Found ament_cmake: 1.3.12 (/opt/ros/humble/share/ament_cmake/cmake)
[0.244s] -- Found Python3: /usr/bin/python3 (found version "3.10.12") found components: Interpreter 
[0.251s] -- Found urdf: 2.6.1 (/opt/ros/humble/share/urdf/cmake)
[0.317s] -- Found TinyXML2 via Config file: TinyXML2_DIR-NOTFOUND
[0.417s] -- Found ament_cmake_gtest: 1.3.12 (/opt/ros/humble/share/ament_cmake_gtest/cmake)
[0.422s] -- Found ament_cmake_pytest: 1.3.12 (/opt/ros/humble/share/ament_cmake_pytest/cmake)
[0.845s] -- Found gtest sources under '/opt/ros/humble/src/gtest_vendor': C++ tests using 'Google Test' will be built
[0.882s] -- The C compiler identification is GNU 11.4.0
[0.888s] -- Detecting C compiler ABI info
[0.953s] -- Detecting C compiler ABI info - done
[0.958s] -- Check for working C compiler: /usr/bin/cc - skipped
[0.958s] -- Detecting C compile features
[0.958s] -- Detecting C compile features - done
[0.961s] -- Looking for C++ include pthread.h
[1.047s] -- Looking for C++ include pthread.h - found
[1.047s] -- Performing Test CMAKE_HAVE_LIBC_PTHREAD
[1.125s] -- Performing Test CMAKE_HAVE_LIBC_PTHREAD - Success
[1.126s] -- Found Threads: TRUE  
[1.129s] -- Found ament_lint_auto: 0.12.14 (/opt/ros/humble/share/ament_lint_auto/cmake)
[1.146s] -- Configuring done
[1.158s] -- Generating done
[1.162s] -- Build files have been written to: /home/jone/ws_moveit/build/srdfdom
