[0.055s] Invoking command in '/home/jone/turtlebot3_ws/build/dynamixel_sdk_examples': CMAKE_PREFIX_PATH=/home/jone/turtlebot3_ws/install/dynamixel_sdk_custom_interfaces:/home/jone/turtlebot3_ws/install/dynamixel_sdk:/home/jone/turtlebot3_ws/install/turtlebot3:/home/jone/turtlebot3_ws/install/turtlebot3_simulations:/home/jone/turtlebot3_ws/install/turtlebot3_bringup:/home/jone/turtlebot3_ws/install/turtlebot3_node:/home/jone/turtlebot3_ws/install/turtlebot3_navigation2:/home/jone/turtlebot3_ws/install/turtlebot3_fake_node:/home/jone/turtlebot3_ws/install/turtlebot3_msgs:/home/jone/turtlebot3_ws/install/turtlebot3_manipulation_gazebo:/home/jone/turtlebot3_ws/install/turtlebot3_gazebo:/home/jone/turtlebot3_ws/install/turtlebot3_description:/home/jone/turtlebot3_ws/install/turtlebot3_cartographer:/home/jone/turtlebot3_ws/install/dynamixel_sdk_examples:/home/jone/turtlebot3_ws/install/turtlebot3_teleop:/home/jone/turtlebot3_ws/install/turtlebot3_example:/opt/ros/humble LD_LIBRARY_PATH=/home/jone/turtlebot3_ws/install/dynamixel_sdk_custom_interfaces/lib:/home/jone/turtlebot3_ws/install/dynamixel_sdk/lib:/home/jone/turtlebot3_ws/install/turtlebot3_msgs/lib:/usr/lib/x86_64-linux-gnu/gazebo-11/plugins:/opt/ros/humble/opt/rviz_ogre_vendor/lib:/opt/ros/humble/lib/x86_64-linux-gnu:/opt/ros/humble/lib:/usr/lib/x86_64-linux-gnu/gazebo-11/plugins /usr/bin/cmake --build /home/jone/turtlebot3_ws/build/dynamixel_sdk_examples -- -j16 -l16
[0.180s] -- Found ament_cmake: 1.3.12 (/opt/ros/humble/share/ament_cmake/cmake)
[0.557s] -- Override CMake install command with custom implementation using symlinks instead of copying resources
[0.586s] -- Found dynamixel_sdk: 3.8.4 (/home/jone/turtlebot3_ws/install/dynamixel_sdk/share/dynamixel_sdk/cmake)
[0.597s] -- Found dynamixel_sdk_custom_interfaces: 3.8.4 (/home/jone/turtlebot3_ws/install/dynamixel_sdk_custom_interfaces/share/dynamixel_sdk_custom_interfaces/cmake)
[0.676s] -- Found rosidl_generator_c: 3.1.7 (/opt/ros/humble/share/rosidl_generator_c/cmake)
[0.686s] -- Found rosidl_adapter: 3.1.7 (/opt/ros/humble/share/rosidl_adapter/cmake)
[0.702s] -- Found rosidl_generator_cpp: 3.1.7 (/opt/ros/humble/share/rosidl_generator_cpp/cmake)
[0.737s] -- Using all available rosidl_typesupport_c: rosidl_typesupport_fastrtps_c;rosidl_typesupport_introspection_c
[0.773s] -- Using all available rosidl_typesupport_cpp: rosidl_typesupport_fastrtps_cpp;rosidl_typesupport_introspection_cpp
[0.827s] -- Found rclcpp: 16.0.15 (/opt/ros/humble/share/rclcpp/cmake)
[0.884s] -- Found rmw_implementation_cmake: 6.1.2 (/opt/ros/humble/share/rmw_implementation_cmake/cmake)
[0.887s] -- Found rmw_fastrtps_cpp: 6.2.9 (/opt/ros/humble/share/rmw_fastrtps_cpp/cmake)
[1.142s] -- Using RMW implementation 'rmw_fastrtps_cpp' as default
[1.225s] -- Found rclpy: 3.3.17 (/opt/ros/humble/share/rclpy/cmake)
[1.226s] -- Found ament_lint_auto: 0.12.14 (/opt/ros/humble/share/ament_lint_auto/cmake)
[1.351s] -- Added test 'copyright' to check source files copyright and LICENSE
[1.352s] -- Added test 'cppcheck' to perform static code analysis on C / C++ code
[1.352s] -- Configured cppcheck include dirs: /home/jone/turtlebot3_ws/src/DynamixelSDK/ros/dynamixel_sdk_examples/include
[1.353s] -- Configured cppcheck exclude dirs and/or files: 
[1.353s] -- Added test 'cpplint' to check C / C++ code against the Google style
[1.353s] -- Configured cpplint exclude dirs and/or files: 
[1.354s] -- Added test 'flake8' to check Python code syntax and style conventions
[1.354s] -- Added test 'lint_cmake' to check CMake code style
[1.355s] -- Added test 'pep257' to check Python code against some of the docstring style conventions in PEP 257
[1.355s] -- Added test 'uncrustify' to check C / C++ code style
[1.356s] -- Configured uncrustify additional arguments: 
[1.356s] -- Added test 'xmllint' to check XML markup files
[1.358s] -- Configuring done
[1.371s] -- Generating done
[1.376s] -- Build files have been written to: /home/jone/turtlebot3_ws/build/dynamixel_sdk_examples
[1.419s] [35m[1mConsolidate compiler generated dependencies of target read_write_node[0m
[1.443s] [ 50%] [32mBuilding CXX object CMakeFiles/read_write_node.dir/src/read_write_node.cpp.o[0m
[15.383s] [100%] [32m[1mLinking CXX executable read_write_node[0m
[15.981s] [100%] Built target read_write_node
[16.046s] Invoked command in '/home/jone/turtlebot3_ws/build/dynamixel_sdk_examples' returned '0': CMAKE_PREFIX_PATH=/home/jone/turtlebot3_ws/install/dynamixel_sdk_custom_interfaces:/home/jone/turtlebot3_ws/install/dynamixel_sdk:/home/jone/turtlebot3_ws/install/turtlebot3:/home/jone/turtlebot3_ws/install/turtlebot3_simulations:/home/jone/turtlebot3_ws/install/turtlebot3_bringup:/home/jone/turtlebot3_ws/install/turtlebot3_node:/home/jone/turtlebot3_ws/install/turtlebot3_navigation2:/home/jone/turtlebot3_ws/install/turtlebot3_fake_node:/home/jone/turtlebot3_ws/install/turtlebot3_msgs:/home/jone/turtlebot3_ws/install/turtlebot3_manipulation_gazebo:/home/jone/turtlebot3_ws/install/turtlebot3_gazebo:/home/jone/turtlebot3_ws/install/turtlebot3_description:/home/jone/turtlebot3_ws/install/turtlebot3_cartographer:/home/jone/turtlebot3_ws/install/dynamixel_sdk_examples:/home/jone/turtlebot3_ws/install/turtlebot3_teleop:/home/jone/turtlebot3_ws/install/turtlebot3_example:/opt/ros/humble LD_LIBRARY_PATH=/home/jone/turtlebot3_ws/install/dynamixel_sdk_custom_interfaces/lib:/home/jone/turtlebot3_ws/install/dynamixel_sdk/lib:/home/jone/turtlebot3_ws/install/turtlebot3_msgs/lib:/usr/lib/x86_64-linux-gnu/gazebo-11/plugins:/opt/ros/humble/opt/rviz_ogre_vendor/lib:/opt/ros/humble/lib/x86_64-linux-gnu:/opt/ros/humble/lib:/usr/lib/x86_64-linux-gnu/gazebo-11/plugins /usr/bin/cmake --build /home/jone/turtlebot3_ws/build/dynamixel_sdk_examples -- -j16 -l16
[16.084s] Invoking command in '/home/jone/turtlebot3_ws/build/dynamixel_sdk_examples': CMAKE_PREFIX_PATH=/home/jone/turtlebot3_ws/install/dynamixel_sdk_custom_interfaces:/home/jone/turtlebot3_ws/install/dynamixel_sdk:/home/jone/turtlebot3_ws/install/turtlebot3:/home/jone/turtlebot3_ws/install/turtlebot3_simulations:/home/jone/turtlebot3_ws/install/turtlebot3_bringup:/home/jone/turtlebot3_ws/install/turtlebot3_node:/home/jone/turtlebot3_ws/install/turtlebot3_navigation2:/home/jone/turtlebot3_ws/install/turtlebot3_fake_node:/home/jone/turtlebot3_ws/install/turtlebot3_msgs:/home/jone/turtlebot3_ws/install/turtlebot3_manipulation_gazebo:/home/jone/turtlebot3_ws/install/turtlebot3_gazebo:/home/jone/turtlebot3_ws/install/turtlebot3_description:/home/jone/turtlebot3_ws/install/turtlebot3_cartographer:/home/jone/turtlebot3_ws/install/dynamixel_sdk_examples:/home/jone/turtlebot3_ws/install/turtlebot3_teleop:/home/jone/turtlebot3_ws/install/turtlebot3_example:/opt/ros/humble LD_LIBRARY_PATH=/home/jone/turtlebot3_ws/install/dynamixel_sdk_custom_interfaces/lib:/home/jone/turtlebot3_ws/install/dynamixel_sdk/lib:/home/jone/turtlebot3_ws/install/turtlebot3_msgs/lib:/usr/lib/x86_64-linux-gnu/gazebo-11/plugins:/opt/ros/humble/opt/rviz_ogre_vendor/lib:/opt/ros/humble/lib/x86_64-linux-gnu:/opt/ros/humble/lib:/usr/lib/x86_64-linux-gnu/gazebo-11/plugins /usr/bin/cmake --install /home/jone/turtlebot3_ws/build/dynamixel_sdk_examples
[16.095s] -- Install configuration: ""
[16.096s] -- Execute custom install script
[16.097s] -- Up-to-date symlink: /home/jone/turtlebot3_ws/install/dynamixel_sdk_examples/lib/dynamixel_sdk_examples/read_write_node
[16.098s] -- Up-to-date symlink: /home/jone/turtlebot3_ws/install/dynamixel_sdk_examples/lib/dynamixel_sdk_examples/read_write_node.py
[16.098s] -- Up-to-date symlink: /home/jone/turtlebot3_ws/install/dynamixel_sdk_examples/share/ament_index/resource_index/package_run_dependencies/dynamixel_sdk_examples
[16.099s] -- Up-to-date symlink: /home/jone/turtlebot3_ws/install/dynamixel_sdk_examples/share/ament_index/resource_index/parent_prefix_path/dynamixel_sdk_examples
[16.099s] -- Up-to-date symlink: /home/jone/turtlebot3_ws/install/dynamixel_sdk_examples/share/dynamixel_sdk_examples/environment/ament_prefix_path.sh
[16.100s] -- Up-to-date symlink: /home/jone/turtlebot3_ws/install/dynamixel_sdk_examples/share/dynamixel_sdk_examples/environment/ament_prefix_path.dsv
[16.100s] -- Up-to-date symlink: /home/jone/turtlebot3_ws/install/dynamixel_sdk_examples/share/dynamixel_sdk_examples/environment/path.sh
[16.100s] -- Up-to-date symlink: /home/jone/turtlebot3_ws/install/dynamixel_sdk_examples/share/dynamixel_sdk_examples/environment/path.dsv
[16.100s] -- Up-to-date symlink: /home/jone/turtlebot3_ws/install/dynamixel_sdk_examples/share/dynamixel_sdk_examples/local_setup.bash
[16.101s] -- Up-to-date symlink: /home/jone/turtlebot3_ws/install/dynamixel_sdk_examples/share/dynamixel_sdk_examples/local_setup.sh
[16.101s] -- Up-to-date symlink: /home/jone/turtlebot3_ws/install/dynamixel_sdk_examples/share/dynamixel_sdk_examples/local_setup.zsh
[16.101s] -- Up-to-date symlink: /home/jone/turtlebot3_ws/install/dynamixel_sdk_examples/share/dynamixel_sdk_examples/local_setup.dsv
[16.101s] -- Symlinking: /home/jone/turtlebot3_ws/install/dynamixel_sdk_examples/share/dynamixel_sdk_examples/package.dsv
[16.117s] -- Up-to-date symlink: /home/jone/turtlebot3_ws/install/dynamixel_sdk_examples/share/ament_index/resource_index/packages/dynamixel_sdk_examples
[16.117s] -- Up-to-date symlink: /home/jone/turtlebot3_ws/install/dynamixel_sdk_examples/share/dynamixel_sdk_examples/cmake/dynamixel_sdk_examplesConfig.cmake
[16.117s] -- Up-to-date symlink: /home/jone/turtlebot3_ws/install/dynamixel_sdk_examples/share/dynamixel_sdk_examples/cmake/dynamixel_sdk_examplesConfig-version.cmake
[16.118s] -- Up-to-date symlink: /home/jone/turtlebot3_ws/install/dynamixel_sdk_examples/share/dynamixel_sdk_examples/package.xml
[16.134s] Invoked command in '/home/jone/turtlebot3_ws/build/dynamixel_sdk_examples' returned '0': CMAKE_PREFIX_PATH=/home/jone/turtlebot3_ws/install/dynamixel_sdk_custom_interfaces:/home/jone/turtlebot3_ws/install/dynamixel_sdk:/home/jone/turtlebot3_ws/install/turtlebot3:/home/jone/turtlebot3_ws/install/turtlebot3_simulations:/home/jone/turtlebot3_ws/install/turtlebot3_bringup:/home/jone/turtlebot3_ws/install/turtlebot3_node:/home/jone/turtlebot3_ws/install/turtlebot3_navigation2:/home/jone/turtlebot3_ws/install/turtlebot3_fake_node:/home/jone/turtlebot3_ws/install/turtlebot3_msgs:/home/jone/turtlebot3_ws/install/turtlebot3_manipulation_gazebo:/home/jone/turtlebot3_ws/install/turtlebot3_gazebo:/home/jone/turtlebot3_ws/install/turtlebot3_description:/home/jone/turtlebot3_ws/install/turtlebot3_cartographer:/home/jone/turtlebot3_ws/install/dynamixel_sdk_examples:/home/jone/turtlebot3_ws/install/turtlebot3_teleop:/home/jone/turtlebot3_ws/install/turtlebot3_example:/opt/ros/humble LD_LIBRARY_PATH=/home/jone/turtlebot3_ws/install/dynamixel_sdk_custom_interfaces/lib:/home/jone/turtlebot3_ws/install/dynamixel_sdk/lib:/home/jone/turtlebot3_ws/install/turtlebot3_msgs/lib:/usr/lib/x86_64-linux-gnu/gazebo-11/plugins:/opt/ros/humble/opt/rviz_ogre_vendor/lib:/opt/ros/humble/lib/x86_64-linux-gnu:/opt/ros/humble/lib:/usr/lib/x86_64-linux-gnu/gazebo-11/plugins /usr/bin/cmake --install /home/jone/turtlebot3_ws/build/dynamixel_sdk_examples
