[0.011s] Invoking command in '/home/jone/ws_moveit/build/srdfdom': CMAKE_PREFIX_PATH=${CMAKE_PREFIX_PATH}:/home/jone/ws_moveit/install/moveit_configs_utils:/home/jone/ws_moveit/install/launch_param_builder:/opt/ros/humble /usr/bin/cmake --build /home/jone/ws_moveit/build/srdfdom
[0.066s] [35m[1mConsolidate compiler generated dependencies of target gtest_main[0m
[0.066s] [35m[1mConsolidate compiler generated dependencies of target gtest[0m
[0.066s] [35m[1mConsolidate compiler generated dependencies of target srdfdom[0m
[0.083s] [ 18%] Built target gtest_main
[0.083s] [ 36%] Built target gtest
[0.086s] [ 63%] Built target srdfdom
[0.092s] [ 63%] Built target ament_cmake_python_copy_srdfdom
[0.117s] [ 81%] [32mBuilding CXX object CMakeFiles/test_cpp_C.dir/test/test_parser.cpp.o[0m
[0.117s] [ 81%] [32mBuilding CXX object CMakeFiles/test_cpp_nl_NL.UTF-8.dir/test/test_parser.cpp.o[0m
[0.295s] running egg_info
[0.295s] writing srdfdom.egg-info/PKG-INFO
[0.295s] writing dependency_links to srdfdom.egg-info/dependency_links.txt
[0.295s] writing top-level names to srdfdom.egg-info/top_level.txt
[0.297s] reading manifest file 'srdfdom.egg-info/SOURCES.txt'
[0.297s] writing manifest file 'srdfdom.egg-info/SOURCES.txt'
[0.327s] [ 81%] Built target ament_cmake_python_build_srdfdom_egg
[1.515s] [ 90%] [32m[1mLinking CXX executable test_cpp_nl_NL.UTF-8[0m
[1.517s] [100%] [32m[1mLinking CXX executable test_cpp_C[0m
[1.670s] [100%] Built target test_cpp_nl_NL.UTF-8
[1.673s] [100%] Built target test_cpp_C
[1.686s] Invoked command in '/home/jone/ws_moveit/build/srdfdom' returned '0': CMAKE_PREFIX_PATH=${CMAKE_PREFIX_PATH}:/home/jone/ws_moveit/install/moveit_configs_utils:/home/jone/ws_moveit/install/launch_param_builder:/opt/ros/humble /usr/bin/cmake --build /home/jone/ws_moveit/build/srdfdom
[1.688s] Invoking command in '/home/jone/ws_moveit/build/srdfdom': CMAKE_PREFIX_PATH=${CMAKE_PREFIX_PATH}:/home/jone/ws_moveit/install/moveit_configs_utils:/home/jone/ws_moveit/install/launch_param_builder:/opt/ros/humble /usr/bin/cmake --install /home/jone/ws_moveit/build/srdfdom
[1.697s] -- Install configuration: "Debug"
[1.698s] -- Installing: /home/jone/ws_moveit/install/srdfdom/lib/libsrdfdom.so.2.0.8
[1.700s] -- Set runtime path of "/home/jone/ws_moveit/install/srdfdom/lib/libsrdfdom.so.2.0.8" to ""
[1.701s] -- Up-to-date: /home/jone/ws_moveit/install/srdfdom/lib/libsrdfdom.so
[1.701s] -- Up-to-date: /home/jone/ws_moveit/install/srdfdom/include/srdfdom
[1.701s] -- Up-to-date: /home/jone/ws_moveit/install/srdfdom/include/srdfdom/srdfdom
[1.701s] -- Up-to-date: /home/jone/ws_moveit/install/srdfdom/include/srdfdom/srdfdom/srdf_writer.h
[1.701s] -- Up-to-date: /home/jone/ws_moveit/install/srdfdom/include/srdfdom/srdfdom/model.h
[1.701s] -- Up-to-date: /home/jone/ws_moveit/install/srdfdom/include/srdfdom/srdfdom/visibility_control.h
[1.701s] -- Up-to-date: /home/jone/ws_moveit/install/srdfdom/lib/srdfdom/display_srdf
[1.701s] -- Up-to-date: /home/jone/ws_moveit/install/srdfdom/share/srdfdom/environment/pythonpath.sh
[1.701s] -- Installing: /home/jone/ws_moveit/install/srdfdom/share/srdfdom/environment/pythonpath.dsv
[1.701s] -- Up-to-date: /home/jone/ws_moveit/install/srdfdom/local/lib/python3.10/dist-packages/srdfdom-2.0.8-py3.10.egg-info
[1.701s] -- Installing: /home/jone/ws_moveit/install/srdfdom/local/lib/python3.10/dist-packages/srdfdom-2.0.8-py3.10.egg-info/SOURCES.txt
[1.702s] -- Installing: /home/jone/ws_moveit/install/srdfdom/local/lib/python3.10/dist-packages/srdfdom-2.0.8-py3.10.egg-info/top_level.txt
[1.702s] -- Installing: /home/jone/ws_moveit/install/srdfdom/local/lib/python3.10/dist-packages/srdfdom-2.0.8-py3.10.egg-info/dependency_links.txt
[1.702s] -- Installing: /home/jone/ws_moveit/install/srdfdom/local/lib/python3.10/dist-packages/srdfdom-2.0.8-py3.10.egg-info/PKG-INFO
[1.702s] -- Up-to-date: /home/jone/ws_moveit/install/srdfdom/local/lib/python3.10/dist-packages/srdfdom
[1.702s] -- Up-to-date: /home/jone/ws_moveit/install/srdfdom/local/lib/python3.10/dist-packages/srdfdom/__init__.py
[1.702s] -- Up-to-date: /home/jone/ws_moveit/install/srdfdom/local/lib/python3.10/dist-packages/srdfdom/srdf.py
[1.727s] Listing '/home/jone/ws_moveit/install/srdfdom/local/lib/python3.10/dist-packages/srdfdom'...
[1.730s] -- Up-to-date: /home/jone/ws_moveit/install/srdfdom/share/srdfdom/environment/library_path.sh
[1.730s] -- Installing: /home/jone/ws_moveit/install/srdfdom/share/srdfdom/environment/library_path.dsv
[1.730s] -- Up-to-date: /home/jone/ws_moveit/install/srdfdom/share/ament_index/resource_index/package_run_dependencies/srdfdom
[1.731s] -- Installing: /home/jone/ws_moveit/install/srdfdom/share/ament_index/resource_index/parent_prefix_path/srdfdom
[1.731s] -- Up-to-date: /home/jone/ws_moveit/install/srdfdom/share/srdfdom/environment/ament_prefix_path.sh
[1.731s] -- Installing: /home/jone/ws_moveit/install/srdfdom/share/srdfdom/environment/ament_prefix_path.dsv
[1.731s] -- Up-to-date: /home/jone/ws_moveit/install/srdfdom/share/srdfdom/environment/path.sh
[1.731s] -- Installing: /home/jone/ws_moveit/install/srdfdom/share/srdfdom/environment/path.dsv
[1.731s] -- Up-to-date: /home/jone/ws_moveit/install/srdfdom/share/srdfdom/local_setup.bash
[1.731s] -- Up-to-date: /home/jone/ws_moveit/install/srdfdom/share/srdfdom/local_setup.sh
[1.731s] -- Up-to-date: /home/jone/ws_moveit/install/srdfdom/share/srdfdom/local_setup.zsh
[1.731s] -- Installing: /home/jone/ws_moveit/install/srdfdom/share/srdfdom/local_setup.dsv
[1.731s] -- Installing: /home/jone/ws_moveit/install/srdfdom/share/srdfdom/package.dsv
[1.732s] -- Up-to-date: /home/jone/ws_moveit/install/srdfdom/share/ament_index/resource_index/packages/srdfdom
[1.732s] -- Up-to-date: /home/jone/ws_moveit/install/srdfdom/share/srdfdom/cmake/srdfdomTargetsExport.cmake
[1.732s] -- Installing: /home/jone/ws_moveit/install/srdfdom/share/srdfdom/cmake/srdfdomTargetsExport-debug.cmake
[1.732s] -- Up-to-date: /home/jone/ws_moveit/install/srdfdom/share/srdfdom/cmake/ament_cmake_export_targets-extras.cmake
[1.732s] -- Up-to-date: /home/jone/ws_moveit/install/srdfdom/share/srdfdom/cmake/ament_cmake_export_dependencies-extras.cmake
[1.732s] -- Up-to-date: /home/jone/ws_moveit/install/srdfdom/share/srdfdom/cmake/srdfdomConfig.cmake
[1.732s] -- Up-to-date: /home/jone/ws_moveit/install/srdfdom/share/srdfdom/cmake/srdfdomConfig-version.cmake
[1.732s] -- Up-to-date: /home/jone/ws_moveit/install/srdfdom/share/srdfdom/package.xml
[1.734s] Invoked command in '/home/jone/ws_moveit/build/srdfdom' returned '0': CMAKE_PREFIX_PATH=${CMAKE_PREFIX_PATH}:/home/jone/ws_moveit/install/moveit_configs_utils:/home/jone/ws_moveit/install/launch_param_builder:/opt/ros/humble /usr/bin/cmake --install /home/jone/ws_moveit/build/srdfdom
