[0.935s] Invoking command in '/home/jone/turtlebot3_ws/build/turtlebot3_example': CMAKE_PREFIX_PATH=/home/jone/turtlebot3_ws/install/turtlebot3_msgs:/home/jone/turtlebot3_ws/install/turtlebot3:/home/jone/turtlebot3_ws/install/turtlebot3_simulations:/home/jone/turtlebot3_ws/install/turtlebot3_bringup:/home/jone/turtlebot3_ws/install/turtlebot3_node:/home/jone/turtlebot3_ws/install/turtlebot3_navigation2:/home/jone/turtlebot3_ws/install/turtlebot3_fake_node:/home/jone/turtlebot3_ws/install/turtlebot3_manipulation_gazebo:/home/jone/turtlebot3_ws/install/turtlebot3_gazebo:/home/jone/turtlebot3_ws/install/turtlebot3_description:/home/jone/turtlebot3_ws/install/turtlebot3_cartographer:/home/jone/turtlebot3_ws/install/dynamixel_sdk_examples:/home/jone/turtlebot3_ws/install/dynamixel_sdk_custom_interfaces:/home/jone/turtlebot3_ws/install/dynamixel_sdk LD_LIBRARY_PATH=/home/jone/turtlebot3_ws/install/turtlebot3_msgs/lib:/home/jone/turtlebot3_ws/install/dynamixel_sdk_custom_interfaces/lib:/home/jone/turtlebot3_ws/install/dynamixel_sdk/lib:/usr/lib/x86_64-linux-gnu/gazebo-11/plugins:/opt/ros/humble/opt/rviz_ogre_vendor/lib:/opt/ros/humble/lib/x86_64-linux-gnu:/opt/ros/humble/lib:/usr/lib/x86_64-linux-gnu/gazebo-11/plugins PYTHONPATH=/home/jone/turtlebot3_ws/build/turtlebot3_example/prefix_override:/usr/lib/python3/dist-packages/colcon_core/task/python/colcon_distutils_commands:/home/jone/turtlebot3_ws/install/turtlebot3_example/lib/python3.10/site-packages:${PYTHONPATH} /usr/bin/python3 -W ignore:setup.py install is deprecated -W ignore:easy_install command is deprecated setup.py develop --editable --build-directory /home/jone/turtlebot3_ws/build/turtlebot3_example/build --no-deps symlink_data
[1.364s] running develop
[1.854s] running egg_info
[1.855s] writing turtlebot3_example.egg-info/PKG-INFO
[1.855s] writing dependency_links to turtlebot3_example.egg-info/dependency_links.txt
[1.855s] writing entry points to turtlebot3_example.egg-info/entry_points.txt
[1.855s] writing requirements to turtlebot3_example.egg-info/requires.txt
[1.855s] writing top-level names to turtlebot3_example.egg-info/top_level.txt
[1.860s] reading manifest file 'turtlebot3_example.egg-info/SOURCES.txt'
[1.863s] writing manifest file 'turtlebot3_example.egg-info/SOURCES.txt'
[1.870s] running build_ext
[1.871s] Creating /home/jone/turtlebot3_ws/install/turtlebot3_example/lib/python3.10/site-packages/turtlebot3-example.egg-link (link to .)
[1.876s] Installing turtlebot3_absolute_move script to /home/jone/turtlebot3_ws/install/turtlebot3_example/lib/turtlebot3_example
[1.877s] Installing turtlebot3_interactive_marker script to /home/jone/turtlebot3_ws/install/turtlebot3_example/lib/turtlebot3_example
[1.877s] Installing turtlebot3_obstacle_detection script to /home/jone/turtlebot3_ws/install/turtlebot3_example/lib/turtlebot3_example
[1.877s] Installing turtlebot3_patrol_client script to /home/jone/turtlebot3_ws/install/turtlebot3_example/lib/turtlebot3_example
[1.878s] Installing turtlebot3_patrol_server script to /home/jone/turtlebot3_ws/install/turtlebot3_example/lib/turtlebot3_example
[1.878s] Installing turtlebot3_relative_move script to /home/jone/turtlebot3_ws/install/turtlebot3_example/lib/turtlebot3_example
[1.878s] 
[1.879s] Installed /home/jone/turtlebot3_ws/build/turtlebot3_example
[1.879s] running symlink_data
[2.031s] Invoked command in '/home/jone/turtlebot3_ws/build/turtlebot3_example' returned '0': CMAKE_PREFIX_PATH=/home/jone/turtlebot3_ws/install/turtlebot3_msgs:/home/jone/turtlebot3_ws/install/turtlebot3:/home/jone/turtlebot3_ws/install/turtlebot3_simulations:/home/jone/turtlebot3_ws/install/turtlebot3_bringup:/home/jone/turtlebot3_ws/install/turtlebot3_node:/home/jone/turtlebot3_ws/install/turtlebot3_navigation2:/home/jone/turtlebot3_ws/install/turtlebot3_fake_node:/home/jone/turtlebot3_ws/install/turtlebot3_manipulation_gazebo:/home/jone/turtlebot3_ws/install/turtlebot3_gazebo:/home/jone/turtlebot3_ws/install/turtlebot3_description:/home/jone/turtlebot3_ws/install/turtlebot3_cartographer:/home/jone/turtlebot3_ws/install/dynamixel_sdk_examples:/home/jone/turtlebot3_ws/install/dynamixel_sdk_custom_interfaces:/home/jone/turtlebot3_ws/install/dynamixel_sdk LD_LIBRARY_PATH=/home/jone/turtlebot3_ws/install/turtlebot3_msgs/lib:/home/jone/turtlebot3_ws/install/dynamixel_sdk_custom_interfaces/lib:/home/jone/turtlebot3_ws/install/dynamixel_sdk/lib:/usr/lib/x86_64-linux-gnu/gazebo-11/plugins:/opt/ros/humble/opt/rviz_ogre_vendor/lib:/opt/ros/humble/lib/x86_64-linux-gnu:/opt/ros/humble/lib:/usr/lib/x86_64-linux-gnu/gazebo-11/plugins PYTHONPATH=/home/jone/turtlebot3_ws/build/turtlebot3_example/prefix_override:/usr/lib/python3/dist-packages/colcon_core/task/python/colcon_distutils_commands:/home/jone/turtlebot3_ws/install/turtlebot3_example/lib/python3.10/site-packages:${PYTHONPATH} /usr/bin/python3 -W ignore:setup.py install is deprecated -W ignore:easy_install command is deprecated setup.py develop --editable --build-directory /home/jone/turtlebot3_ws/build/turtlebot3_example/build --no-deps symlink_data
