[0.011s] Invoking command in '/home/jone/ws_moveit/build/srdfdom': CMAKE_PREFIX_PATH=${CMAKE_PREFIX_PATH}:/home/jone/ws_moveit/install/moveit_configs_utils:/home/jone/ws_moveit/install/launch_param_builder:/opt/ros/humble /usr/bin/cmake --build /home/jone/ws_moveit/build/srdfdom
[0.080s] [ 36%] Built target gtest
[0.081s] [ 36%] Built target gtest_main
[0.081s] [ 63%] Built target srdfdom
[0.091s] [ 63%] Built target ament_cmake_python_copy_srdfdom
[0.112s] [ 81%] Built target test_cpp_C
[0.112s] [100%] Built target test_cpp_nl_NL.UTF-8
[0.283s] running egg_info
[0.283s] writing srdfdom.egg-info/PKG-INFO
[0.284s] writing dependency_links to srdfdom.egg-info/dependency_links.txt
[0.284s] writing top-level names to srdfdom.egg-info/top_level.txt
[0.285s] reading manifest file 'srdfdom.egg-info/SOURCES.txt'
[0.286s] writing manifest file 'srdfdom.egg-info/SOURCES.txt'
[0.313s] [100%] Built target ament_cmake_python_build_srdfdom_egg
[0.327s] Invoked command in '/home/jone/ws_moveit/build/srdfdom' returned '0': CMAKE_PREFIX_PATH=${CMAKE_PREFIX_PATH}:/home/jone/ws_moveit/install/moveit_configs_utils:/home/jone/ws_moveit/install/launch_param_builder:/opt/ros/humble /usr/bin/cmake --build /home/jone/ws_moveit/build/srdfdom
[0.328s] Invoking command in '/home/jone/ws_moveit/build/srdfdom': CMAKE_PREFIX_PATH=${CMAKE_PREFIX_PATH}:/home/jone/ws_moveit/install/moveit_configs_utils:/home/jone/ws_moveit/install/launch_param_builder:/opt/ros/humble /usr/bin/cmake --install /home/jone/ws_moveit/build/srdfdom
[0.338s] -- Install configuration: "Debug"
[0.339s] -- Up-to-date: /home/jone/ws_moveit/install/srdfdom/lib/libsrdfdom.so.2.0.8
[0.339s] -- Up-to-date: /home/jone/ws_moveit/install/srdfdom/lib/libsrdfdom.so
[0.339s] -- Up-to-date: /home/jone/ws_moveit/install/srdfdom/include/srdfdom
[0.339s] -- Up-to-date: /home/jone/ws_moveit/install/srdfdom/include/srdfdom/srdfdom
[0.339s] -- Up-to-date: /home/jone/ws_moveit/install/srdfdom/include/srdfdom/srdfdom/srdf_writer.h
[0.339s] -- Up-to-date: /home/jone/ws_moveit/install/srdfdom/include/srdfdom/srdfdom/model.h
[0.339s] -- Up-to-date: /home/jone/ws_moveit/install/srdfdom/include/srdfdom/srdfdom/visibility_control.h
[0.339s] -- Up-to-date: /home/jone/ws_moveit/install/srdfdom/lib/srdfdom/display_srdf
[0.339s] -- Up-to-date: /home/jone/ws_moveit/install/srdfdom/share/srdfdom/environment/pythonpath.sh
[0.339s] -- Up-to-date: /home/jone/ws_moveit/install/srdfdom/share/srdfdom/environment/pythonpath.dsv
[0.339s] -- Up-to-date: /home/jone/ws_moveit/install/srdfdom/local/lib/python3.10/dist-packages/srdfdom-2.0.8-py3.10.egg-info
[0.339s] -- Installing: /home/jone/ws_moveit/install/srdfdom/local/lib/python3.10/dist-packages/srdfdom-2.0.8-py3.10.egg-info/SOURCES.txt
[0.340s] -- Installing: /home/jone/ws_moveit/install/srdfdom/local/lib/python3.10/dist-packages/srdfdom-2.0.8-py3.10.egg-info/top_level.txt
[0.340s] -- Installing: /home/jone/ws_moveit/install/srdfdom/local/lib/python3.10/dist-packages/srdfdom-2.0.8-py3.10.egg-info/dependency_links.txt
[0.340s] -- Installing: /home/jone/ws_moveit/install/srdfdom/local/lib/python3.10/dist-packages/srdfdom-2.0.8-py3.10.egg-info/PKG-INFO
[0.340s] -- Up-to-date: /home/jone/ws_moveit/install/srdfdom/local/lib/python3.10/dist-packages/srdfdom
[0.340s] -- Up-to-date: /home/jone/ws_moveit/install/srdfdom/local/lib/python3.10/dist-packages/srdfdom/__init__.py
[0.340s] -- Up-to-date: /home/jone/ws_moveit/install/srdfdom/local/lib/python3.10/dist-packages/srdfdom/srdf.py
[0.365s] Listing '/home/jone/ws_moveit/install/srdfdom/local/lib/python3.10/dist-packages/srdfdom'...
[0.369s] -- Up-to-date: /home/jone/ws_moveit/install/srdfdom/share/srdfdom/environment/library_path.sh
[0.369s] -- Up-to-date: /home/jone/ws_moveit/install/srdfdom/share/srdfdom/environment/library_path.dsv
[0.369s] -- Up-to-date: /home/jone/ws_moveit/install/srdfdom/share/ament_index/resource_index/package_run_dependencies/srdfdom
[0.369s] -- Up-to-date: /home/jone/ws_moveit/install/srdfdom/share/ament_index/resource_index/parent_prefix_path/srdfdom
[0.369s] -- Up-to-date: /home/jone/ws_moveit/install/srdfdom/share/srdfdom/environment/ament_prefix_path.sh
[0.369s] -- Up-to-date: /home/jone/ws_moveit/install/srdfdom/share/srdfdom/environment/ament_prefix_path.dsv
[0.369s] -- Up-to-date: /home/jone/ws_moveit/install/srdfdom/share/srdfdom/environment/path.sh
[0.369s] -- Up-to-date: /home/jone/ws_moveit/install/srdfdom/share/srdfdom/environment/path.dsv
[0.369s] -- Up-to-date: /home/jone/ws_moveit/install/srdfdom/share/srdfdom/local_setup.bash
[0.369s] -- Up-to-date: /home/jone/ws_moveit/install/srdfdom/share/srdfdom/local_setup.sh
[0.369s] -- Up-to-date: /home/jone/ws_moveit/install/srdfdom/share/srdfdom/local_setup.zsh
[0.369s] -- Up-to-date: /home/jone/ws_moveit/install/srdfdom/share/srdfdom/local_setup.dsv
[0.369s] -- Installing: /home/jone/ws_moveit/install/srdfdom/share/srdfdom/package.dsv
[0.370s] -- Up-to-date: /home/jone/ws_moveit/install/srdfdom/share/ament_index/resource_index/packages/srdfdom
[0.370s] -- Up-to-date: /home/jone/ws_moveit/install/srdfdom/share/srdfdom/cmake/srdfdomTargetsExport.cmake
[0.370s] -- Up-to-date: /home/jone/ws_moveit/install/srdfdom/share/srdfdom/cmake/srdfdomTargetsExport-debug.cmake
[0.370s] -- Up-to-date: /home/jone/ws_moveit/install/srdfdom/share/srdfdom/cmake/ament_cmake_export_targets-extras.cmake
[0.370s] -- Up-to-date: /home/jone/ws_moveit/install/srdfdom/share/srdfdom/cmake/ament_cmake_export_dependencies-extras.cmake
[0.370s] -- Up-to-date: /home/jone/ws_moveit/install/srdfdom/share/srdfdom/cmake/srdfdomConfig.cmake
[0.370s] -- Up-to-date: /home/jone/ws_moveit/install/srdfdom/share/srdfdom/cmake/srdfdomConfig-version.cmake
[0.370s] -- Up-to-date: /home/jone/ws_moveit/install/srdfdom/share/srdfdom/package.xml
[0.371s] Invoked command in '/home/jone/ws_moveit/build/srdfdom' returned '0': CMAKE_PREFIX_PATH=${CMAKE_PREFIX_PATH}:/home/jone/ws_moveit/install/moveit_configs_utils:/home/jone/ws_moveit/install/launch_param_builder:/opt/ros/humble /usr/bin/cmake --install /home/jone/ws_moveit/build/srdfdom
