[0.021s] Invoking command in '/home/jone/ws_moveit/build/moveit_ros_benchmarks': AMENT_PREFIX_PATH=/home/jone/ws_moveit/install/moveit_ros_warehouse:/home/jone/ws_moveit/install/moveit_ros_planning:/home/jone/ws_moveit/install/moveit_ros_occupancy_map_monitor:/home/jone/ws_moveit/install/moveit_core:/home/jone/ws_moveit/install/moveit_resources_panda_moveit_config:/home/jone/ws_moveit/install/moveit_configs_utils:/home/jone/ws_moveit/install/srdfdom:/home/jone/ws_moveit/install/moveit_resources_pr2_description:/home/jone/ws_moveit/install/moveit_resources_panda_description:/home/jone/ws_moveit/install/moveit_common:/home/jone/ws_moveit/install/launch_param_builder:${AMENT_PREFIX_PATH} CMAKE_PREFIX_PATH=/home/jone/ws_moveit/install/moveit_ros_warehouse:/home/jone/ws_moveit/install/moveit_ros_planning:/home/jone/ws_moveit/install/moveit_ros_occupancy_map_monitor:/home/jone/ws_moveit/install/moveit_core:/home/jone/ws_moveit/install/moveit_resources_panda_moveit_config:/home/jone/ws_moveit/install/srdfdom:/home/jone/ws_moveit/install/moveit_resources_pr2_description:/home/jone/ws_moveit/install/moveit_resources_panda_description:/home/jone/ws_moveit/install/moveit_common:/opt/ros/humble LD_LIBRARY_PATH=/home/jone/ws_moveit/install/moveit_ros_warehouse/lib:/home/jone/ws_moveit/install/moveit_ros_planning/lib:/home/jone/ws_moveit/install/moveit_ros_occupancy_map_monitor/lib:/home/jone/ws_moveit/install/moveit_core/lib:/home/jone/ws_moveit/install/srdfdom/lib:/opt/ros/humble/opt/rviz_ogre_vendor/lib:/opt/ros/humble/lib/x86_64-linux-gnu:/opt/ros/humble/lib:/usr/lib/x86_64-linux-gnu/gazebo-11/plugins:/usr/lib/x86_64-linux-gnu/gazebo-11/plugins:/usr/lib/x86_64-linux-gnu/gazebo-11/plugins PATH=/home/jone/ws_moveit/install/moveit_core/bin:${PATH} PYTHONPATH=/home/jone/ws_moveit/install/moveit_configs_utils/lib/python3.10/site-packages:/home/jone/ws_moveit/install/srdfdom/local/lib/python3.10/dist-packages:/home/jone/ws_moveit/install/launch_param_builder/lib/python3.10/site-packages:${PYTHONPATH} /usr/bin/cmake --build /home/jone/ws_moveit/build/moveit_ros_benchmarks
[0.089s] [ 42%] Built target moveit_ros_benchmarks
[0.124s] [ 71%] Built target moveit_run_benchmark
[0.157s] [100%] Built target moveit_combine_predefined_poses_benchmark
[0.167s] Invoked command in '/home/jone/ws_moveit/build/moveit_ros_benchmarks' returned '0': AMENT_PREFIX_PATH=/home/jone/ws_moveit/install/moveit_ros_warehouse:/home/jone/ws_moveit/install/moveit_ros_planning:/home/jone/ws_moveit/install/moveit_ros_occupancy_map_monitor:/home/jone/ws_moveit/install/moveit_core:/home/jone/ws_moveit/install/moveit_resources_panda_moveit_config:/home/jone/ws_moveit/install/moveit_configs_utils:/home/jone/ws_moveit/install/srdfdom:/home/jone/ws_moveit/install/moveit_resources_pr2_description:/home/jone/ws_moveit/install/moveit_resources_panda_description:/home/jone/ws_moveit/install/moveit_common:/home/jone/ws_moveit/install/launch_param_builder:${AMENT_PREFIX_PATH} CMAKE_PREFIX_PATH=/home/jone/ws_moveit/install/moveit_ros_warehouse:/home/jone/ws_moveit/install/moveit_ros_planning:/home/jone/ws_moveit/install/moveit_ros_occupancy_map_monitor:/home/jone/ws_moveit/install/moveit_core:/home/jone/ws_moveit/install/moveit_resources_panda_moveit_config:/home/jone/ws_moveit/install/srdfdom:/home/jone/ws_moveit/install/moveit_resources_pr2_description:/home/jone/ws_moveit/install/moveit_resources_panda_description:/home/jone/ws_moveit/install/moveit_common:/opt/ros/humble LD_LIBRARY_PATH=/home/jone/ws_moveit/install/moveit_ros_warehouse/lib:/home/jone/ws_moveit/install/moveit_ros_planning/lib:/home/jone/ws_moveit/install/moveit_ros_occupancy_map_monitor/lib:/home/jone/ws_moveit/install/moveit_core/lib:/home/jone/ws_moveit/install/srdfdom/lib:/opt/ros/humble/opt/rviz_ogre_vendor/lib:/opt/ros/humble/lib/x86_64-linux-gnu:/opt/ros/humble/lib:/usr/lib/x86_64-linux-gnu/gazebo-11/plugins:/usr/lib/x86_64-linux-gnu/gazebo-11/plugins:/usr/lib/x86_64-linux-gnu/gazebo-11/plugins PATH=/home/jone/ws_moveit/install/moveit_core/bin:${PATH} PYTHONPATH=/home/jone/ws_moveit/install/moveit_configs_utils/lib/python3.10/site-packages:/home/jone/ws_moveit/install/srdfdom/local/lib/python3.10/dist-packages:/home/jone/ws_moveit/install/launch_param_builder/lib/python3.10/site-packages:${PYTHONPATH} /usr/bin/cmake --build /home/jone/ws_moveit/build/moveit_ros_benchmarks
[0.168s] Invoking command in '/home/jone/ws_moveit/build/moveit_ros_benchmarks': AMENT_PREFIX_PATH=/home/jone/ws_moveit/install/moveit_ros_warehouse:/home/jone/ws_moveit/install/moveit_ros_planning:/home/jone/ws_moveit/install/moveit_ros_occupancy_map_monitor:/home/jone/ws_moveit/install/moveit_core:/home/jone/ws_moveit/install/moveit_resources_panda_moveit_config:/home/jone/ws_moveit/install/moveit_configs_utils:/home/jone/ws_moveit/install/srdfdom:/home/jone/ws_moveit/install/moveit_resources_pr2_description:/home/jone/ws_moveit/install/moveit_resources_panda_description:/home/jone/ws_moveit/install/moveit_common:/home/jone/ws_moveit/install/launch_param_builder:${AMENT_PREFIX_PATH} CMAKE_PREFIX_PATH=/home/jone/ws_moveit/install/moveit_ros_warehouse:/home/jone/ws_moveit/install/moveit_ros_planning:/home/jone/ws_moveit/install/moveit_ros_occupancy_map_monitor:/home/jone/ws_moveit/install/moveit_core:/home/jone/ws_moveit/install/moveit_resources_panda_moveit_config:/home/jone/ws_moveit/install/srdfdom:/home/jone/ws_moveit/install/moveit_resources_pr2_description:/home/jone/ws_moveit/install/moveit_resources_panda_description:/home/jone/ws_moveit/install/moveit_common:/opt/ros/humble LD_LIBRARY_PATH=/home/jone/ws_moveit/install/moveit_ros_warehouse/lib:/home/jone/ws_moveit/install/moveit_ros_planning/lib:/home/jone/ws_moveit/install/moveit_ros_occupancy_map_monitor/lib:/home/jone/ws_moveit/install/moveit_core/lib:/home/jone/ws_moveit/install/srdfdom/lib:/opt/ros/humble/opt/rviz_ogre_vendor/lib:/opt/ros/humble/lib/x86_64-linux-gnu:/opt/ros/humble/lib:/usr/lib/x86_64-linux-gnu/gazebo-11/plugins:/usr/lib/x86_64-linux-gnu/gazebo-11/plugins:/usr/lib/x86_64-linux-gnu/gazebo-11/plugins PATH=/home/jone/ws_moveit/install/moveit_core/bin:${PATH} PYTHONPATH=/home/jone/ws_moveit/install/moveit_configs_utils/lib/python3.10/site-packages:/home/jone/ws_moveit/install/srdfdom/local/lib/python3.10/dist-packages:/home/jone/ws_moveit/install/launch_param_builder/lib/python3.10/site-packages:${PYTHONPATH} /usr/bin/cmake --install /home/jone/ws_moveit/build/moveit_ros_benchmarks
[0.175s] -- Install configuration: "Release"
[0.176s] -- Up-to-date: /home/jone/ws_moveit/install/moveit_ros_benchmarks/lib/libmoveit_ros_benchmarks.so.2.5.9
[0.176s] -- Up-to-date: /home/jone/ws_moveit/install/moveit_ros_benchmarks/lib/libmoveit_ros_benchmarks.so
[0.176s] -- Up-to-date: /home/jone/ws_moveit/install/moveit_ros_benchmarks/share/moveit_ros_benchmarks/environment/library_path.sh
[0.176s] -- Up-to-date: /home/jone/ws_moveit/install/moveit_ros_benchmarks/share/moveit_ros_benchmarks/environment/library_path.dsv
[0.177s] -- Up-to-date: /home/jone/ws_moveit/install/moveit_ros_benchmarks/lib/moveit_ros_benchmarks/moveit_run_benchmark
[0.178s] -- Up-to-date: /home/jone/ws_moveit/install/moveit_ros_benchmarks/lib/moveit_ros_benchmarks/moveit_combine_predefined_poses_benchmark
[0.178s] -- Up-to-date: /home/jone/ws_moveit/install/moveit_ros_benchmarks/include
[0.178s] -- Up-to-date: /home/jone/ws_moveit/install/moveit_ros_benchmarks/include/moveit
[0.178s] -- Up-to-date: /home/jone/ws_moveit/install/moveit_ros_benchmarks/include/moveit/benchmarks
[0.178s] -- Up-to-date: /home/jone/ws_moveit/install/moveit_ros_benchmarks/include/moveit/benchmarks/BenchmarkExecutor.h
[0.178s] -- Up-to-date: /home/jone/ws_moveit/install/moveit_ros_benchmarks/include/moveit/benchmarks/BenchmarkOptions.h
[0.178s] -- Up-to-date: /home/jone/ws_moveit/install/moveit_ros_benchmarks/lib/moveit_ros_benchmarks/moveit_benchmark_statistics.py
[0.178s] -- Up-to-date: /home/jone/ws_moveit/install/moveit_ros_benchmarks/share/moveit_ros_benchmarks
[0.179s] -- Up-to-date: /home/jone/ws_moveit/install/moveit_ros_benchmarks/share/moveit_ros_benchmarks/demo_panda_predefined_poses.launch.py
[0.179s] -- Up-to-date: /home/jone/ws_moveit/install/moveit_ros_benchmarks/share/moveit_ros_benchmarks/demo_fanuc.launch
[0.179s] -- Up-to-date: /home/jone/ws_moveit/install/moveit_ros_benchmarks/share/moveit_ros_benchmarks/demo_panda_predefined_poses.yaml
[0.179s] -- Up-to-date: /home/jone/ws_moveit/install/moveit_ros_benchmarks/share/moveit_ros_benchmarks/demo_obstacles.yaml
[0.179s] -- Up-to-date: /home/jone/ws_moveit/install/moveit_ros_benchmarks/share/moveit_ros_benchmarks/demo_panda_all_planners_obstacles.launch
[0.179s] -- Up-to-date: /home/jone/ws_moveit/install/moveit_ros_benchmarks/share/moveit_ros_benchmarks/demo2.yaml
[0.179s] -- Up-to-date: /home/jone/ws_moveit/install/moveit_ros_benchmarks/share/moveit_ros_benchmarks/demo_panda_all_planners.yaml
[0.179s] -- Up-to-date: /home/jone/ws_moveit/install/moveit_ros_benchmarks/share/moveit_ros_benchmarks/demo1.yaml
[0.179s] -- Up-to-date: /home/jone/ws_moveit/install/moveit_ros_benchmarks/share/moveit_ros_benchmarks/demo_panda_all_planners.launch
[0.179s] -- Up-to-date: /home/jone/ws_moveit/install/moveit_ros_benchmarks/share/moveit_ros_benchmarks/demo_panda.launch.py
[0.179s] -- Up-to-date: /home/jone/ws_moveit/install/moveit_ros_benchmarks/share/ament_index/resource_index/package_run_dependencies/moveit_ros_benchmarks
[0.179s] -- Up-to-date: /home/jone/ws_moveit/install/moveit_ros_benchmarks/share/ament_index/resource_index/parent_prefix_path/moveit_ros_benchmarks
[0.179s] -- Up-to-date: /home/jone/ws_moveit/install/moveit_ros_benchmarks/share/moveit_ros_benchmarks/environment/ament_prefix_path.sh
[0.180s] -- Up-to-date: /home/jone/ws_moveit/install/moveit_ros_benchmarks/share/moveit_ros_benchmarks/environment/ament_prefix_path.dsv
[0.180s] -- Up-to-date: /home/jone/ws_moveit/install/moveit_ros_benchmarks/share/moveit_ros_benchmarks/environment/path.sh
[0.180s] -- Up-to-date: /home/jone/ws_moveit/install/moveit_ros_benchmarks/share/moveit_ros_benchmarks/environment/path.dsv
[0.180s] -- Up-to-date: /home/jone/ws_moveit/install/moveit_ros_benchmarks/share/moveit_ros_benchmarks/local_setup.bash
[0.180s] -- Up-to-date: /home/jone/ws_moveit/install/moveit_ros_benchmarks/share/moveit_ros_benchmarks/local_setup.sh
[0.180s] -- Up-to-date: /home/jone/ws_moveit/install/moveit_ros_benchmarks/share/moveit_ros_benchmarks/local_setup.zsh
[0.180s] -- Up-to-date: /home/jone/ws_moveit/install/moveit_ros_benchmarks/share/moveit_ros_benchmarks/local_setup.dsv
[0.180s] -- Installing: /home/jone/ws_moveit/install/moveit_ros_benchmarks/share/moveit_ros_benchmarks/package.dsv
[0.180s] -- Up-to-date: /home/jone/ws_moveit/install/moveit_ros_benchmarks/share/ament_index/resource_index/packages/moveit_ros_benchmarks
[0.181s] -- Up-to-date: /home/jone/ws_moveit/install/moveit_ros_benchmarks/share/moveit_ros_benchmarks/cmake/export_moveit_ros_benchmarksExport.cmake
[0.181s] -- Up-to-date: /home/jone/ws_moveit/install/moveit_ros_benchmarks/share/moveit_ros_benchmarks/cmake/export_moveit_ros_benchmarksExport-release.cmake
[0.181s] -- Up-to-date: /home/jone/ws_moveit/install/moveit_ros_benchmarks/share/moveit_ros_benchmarks/cmake/ConfigExtras.cmake
[0.181s] -- Up-to-date: /home/jone/ws_moveit/install/moveit_ros_benchmarks/share/moveit_ros_benchmarks/cmake/ament_cmake_export_targets-extras.cmake
[0.181s] -- Up-to-date: /home/jone/ws_moveit/install/moveit_ros_benchmarks/share/moveit_ros_benchmarks/cmake/ament_cmake_export_dependencies-extras.cmake
[0.181s] -- Up-to-date: /home/jone/ws_moveit/install/moveit_ros_benchmarks/share/moveit_ros_benchmarks/cmake/moveit_ros_benchmarksConfig.cmake
[0.181s] -- Up-to-date: /home/jone/ws_moveit/install/moveit_ros_benchmarks/share/moveit_ros_benchmarks/cmake/moveit_ros_benchmarksConfig-version.cmake
[0.181s] -- Up-to-date: /home/jone/ws_moveit/install/moveit_ros_benchmarks/share/moveit_ros_benchmarks/package.xml
[0.183s] Invoked command in '/home/jone/ws_moveit/build/moveit_ros_benchmarks' returned '0': AMENT_PREFIX_PATH=/home/jone/ws_moveit/install/moveit_ros_warehouse:/home/jone/ws_moveit/install/moveit_ros_planning:/home/jone/ws_moveit/install/moveit_ros_occupancy_map_monitor:/home/jone/ws_moveit/install/moveit_core:/home/jone/ws_moveit/install/moveit_resources_panda_moveit_config:/home/jone/ws_moveit/install/moveit_configs_utils:/home/jone/ws_moveit/install/srdfdom:/home/jone/ws_moveit/install/moveit_resources_pr2_description:/home/jone/ws_moveit/install/moveit_resources_panda_description:/home/jone/ws_moveit/install/moveit_common:/home/jone/ws_moveit/install/launch_param_builder:${AMENT_PREFIX_PATH} CMAKE_PREFIX_PATH=/home/jone/ws_moveit/install/moveit_ros_warehouse:/home/jone/ws_moveit/install/moveit_ros_planning:/home/jone/ws_moveit/install/moveit_ros_occupancy_map_monitor:/home/jone/ws_moveit/install/moveit_core:/home/jone/ws_moveit/install/moveit_resources_panda_moveit_config:/home/jone/ws_moveit/install/srdfdom:/home/jone/ws_moveit/install/moveit_resources_pr2_description:/home/jone/ws_moveit/install/moveit_resources_panda_description:/home/jone/ws_moveit/install/moveit_common:/opt/ros/humble LD_LIBRARY_PATH=/home/jone/ws_moveit/install/moveit_ros_warehouse/lib:/home/jone/ws_moveit/install/moveit_ros_planning/lib:/home/jone/ws_moveit/install/moveit_ros_occupancy_map_monitor/lib:/home/jone/ws_moveit/install/moveit_core/lib:/home/jone/ws_moveit/install/srdfdom/lib:/opt/ros/humble/opt/rviz_ogre_vendor/lib:/opt/ros/humble/lib/x86_64-linux-gnu:/opt/ros/humble/lib:/usr/lib/x86_64-linux-gnu/gazebo-11/plugins:/usr/lib/x86_64-linux-gnu/gazebo-11/plugins:/usr/lib/x86_64-linux-gnu/gazebo-11/plugins PATH=/home/jone/ws_moveit/install/moveit_core/bin:${PATH} PYTHONPATH=/home/jone/ws_moveit/install/moveit_configs_utils/lib/python3.10/site-packages:/home/jone/ws_moveit/install/srdfdom/local/lib/python3.10/dist-packages:/home/jone/ws_moveit/install/launch_param_builder/lib/python3.10/site-packages:${PYTHONPATH} /usr/bin/cmake --install /home/jone/ws_moveit/build/moveit_ros_benchmarks
