[0.509s] Invoking command in '/home/jone/turtlebot3_ws/build/turtlebot3_example': AMENT_PREFIX_PATH=/home/jone/turtlebot3_ws/install/turtlebot3_msgs:${AMENT_PREFIX_PATH} CMAKE_PREFIX_PATH=/home/jone/turtlebot3_ws/install/turtlebot3_msgs LD_LIBRARY_PATH=/home/jone/turtlebot3_ws/install/turtlebot3_msgs/lib:${LD_LIBRARY_PATH} PYTHONPATH=/home/jone/turtlebot3_ws/build/turtlebot3_example/prefix_override:/usr/lib/python3/dist-packages/colcon_core/task/python/colcon_distutils_commands:/home/jone/turtlebot3_ws/install/turtlebot3_example/lib/python3.10/site-packages:/home/jone/turtlebot3_ws/install/turtlebot3_msgs/local/lib/python3.10/dist-packages:${PYTHONPATH} /usr/bin/python3 -W ignore:setup.py install is deprecated -W ignore:easy_install command is deprecated setup.py develop --editable --build-directory /home/jone/turtlebot3_ws/build/turtlebot3_example/build --no-deps symlink_data
[0.715s] running develop
[0.846s] running egg_info
[0.846s] creating turtlebot3_example.egg-info
[0.846s] writing turtlebot3_example.egg-info/PKG-INFO
[0.846s] writing dependency_links to turtlebot3_example.egg-info/dependency_links.txt
[0.846s] writing entry points to turtlebot3_example.egg-info/entry_points.txt
[0.846s] writing requirements to turtlebot3_example.egg-info/requires.txt
[0.847s] writing top-level names to turtlebot3_example.egg-info/top_level.txt
[0.847s] writing manifest file 'turtlebot3_example.egg-info/SOURCES.txt'
[0.848s] reading manifest file 'turtlebot3_example.egg-info/SOURCES.txt'
[0.849s] writing manifest file 'turtlebot3_example.egg-info/SOURCES.txt'
[0.850s] running build_ext
[0.850s] Creating /home/jone/turtlebot3_ws/install/turtlebot3_example/lib/python3.10/site-packages/turtlebot3-example.egg-link (link to .)
[0.851s] Installing turtlebot3_absolute_move script to /home/jone/turtlebot3_ws/install/turtlebot3_example/lib/turtlebot3_example
[0.851s] Installing turtlebot3_interactive_marker script to /home/jone/turtlebot3_ws/install/turtlebot3_example/lib/turtlebot3_example
[0.851s] Installing turtlebot3_obstacle_detection script to /home/jone/turtlebot3_ws/install/turtlebot3_example/lib/turtlebot3_example
[0.851s] Installing turtlebot3_patrol_client script to /home/jone/turtlebot3_ws/install/turtlebot3_example/lib/turtlebot3_example
[0.851s] Installing turtlebot3_patrol_server script to /home/jone/turtlebot3_ws/install/turtlebot3_example/lib/turtlebot3_example
[0.851s] Installing turtlebot3_relative_move script to /home/jone/turtlebot3_ws/install/turtlebot3_example/lib/turtlebot3_example
[0.851s] 
[0.851s] Installed /home/jone/turtlebot3_ws/build/turtlebot3_example
[0.852s] running symlink_data
[0.852s] creating /home/jone/turtlebot3_ws/install/turtlebot3_example/share/ament_index
[0.852s] creating /home/jone/turtlebot3_ws/install/turtlebot3_example/share/ament_index/resource_index
[0.852s] creating /home/jone/turtlebot3_ws/install/turtlebot3_example/share/ament_index/resource_index/packages
[0.852s] symbolically linking /home/jone/turtlebot3_ws/build/turtlebot3_example/resource/turtlebot3_example -> /home/jone/turtlebot3_ws/install/turtlebot3_example/share/ament_index/resource_index/packages
[0.852s] symbolically linking /home/jone/turtlebot3_ws/build/turtlebot3_example/package.xml -> /home/jone/turtlebot3_ws/install/turtlebot3_example/share/turtlebot3_example
[0.879s] Invoked command in '/home/jone/turtlebot3_ws/build/turtlebot3_example' returned '0': AMENT_PREFIX_PATH=/home/jone/turtlebot3_ws/install/turtlebot3_msgs:${AMENT_PREFIX_PATH} CMAKE_PREFIX_PATH=/home/jone/turtlebot3_ws/install/turtlebot3_msgs LD_LIBRARY_PATH=/home/jone/turtlebot3_ws/install/turtlebot3_msgs/lib:${LD_LIBRARY_PATH} PYTHONPATH=/home/jone/turtlebot3_ws/build/turtlebot3_example/prefix_override:/usr/lib/python3/dist-packages/colcon_core/task/python/colcon_distutils_commands:/home/jone/turtlebot3_ws/install/turtlebot3_example/lib/python3.10/site-packages:/home/jone/turtlebot3_ws/install/turtlebot3_msgs/local/lib/python3.10/dist-packages:${PYTHONPATH} /usr/bin/python3 -W ignore:setup.py install is deprecated -W ignore:easy_install command is deprecated setup.py develop --editable --build-directory /home/jone/turtlebot3_ws/build/turtlebot3_example/build --no-deps symlink_data
