[0.019s] Invoking command in '/home/jone/ws_moveit/build/moveit_ros_perception': AMENT_PREFIX_PATH=/home/jone/ws_moveit/install/moveit_ros_planning:/home/jone/ws_moveit/install/moveit_ros_occupancy_map_monitor:/home/jone/ws_moveit/install/moveit_core:/home/jone/ws_moveit/install/moveit_resources_panda_moveit_config:/home/jone/ws_moveit/install/moveit_configs_utils:/home/jone/ws_moveit/install/srdfdom:/home/jone/ws_moveit/install/moveit_resources_pr2_description:/home/jone/ws_moveit/install/moveit_resources_panda_description:/home/jone/ws_moveit/install/moveit_common:/home/jone/ws_moveit/install/launch_param_builder:${AMENT_PREFIX_PATH} CMAKE_PREFIX_PATH=/home/jone/ws_moveit/install/moveit_ros_planning:/home/jone/ws_moveit/install/moveit_ros_occupancy_map_monitor:/home/jone/ws_moveit/install/moveit_core:/home/jone/ws_moveit/install/moveit_resources_panda_moveit_config:/home/jone/ws_moveit/install/srdfdom:/home/jone/ws_moveit/install/moveit_resources_pr2_description:/home/jone/ws_moveit/install/moveit_resources_panda_description:/home/jone/ws_moveit/install/moveit_common:/opt/ros/humble LD_LIBRARY_PATH=/home/jone/ws_moveit/install/moveit_ros_planning/lib:/home/jone/ws_moveit/install/moveit_ros_occupancy_map_monitor/lib:/home/jone/ws_moveit/install/moveit_core/lib:/home/jone/ws_moveit/install/srdfdom/lib:/opt/ros/humble/opt/rviz_ogre_vendor/lib:/opt/ros/humble/lib/x86_64-linux-gnu:/opt/ros/humble/lib:/usr/lib/x86_64-linux-gnu/gazebo-11/plugins:/usr/lib/x86_64-linux-gnu/gazebo-11/plugins:/usr/lib/x86_64-linux-gnu/gazebo-11/plugins PATH=/home/jone/ws_moveit/install/moveit_core/bin:${PATH} PYTHONPATH=/home/jone/ws_moveit/install/moveit_configs_utils/lib/python3.10/site-packages:/home/jone/ws_moveit/install/srdfdom/local/lib/python3.10/dist-packages:/home/jone/ws_moveit/install/launch_param_builder/lib/python3.10/site-packages:${PYTHONPATH} /usr/bin/cmake /home/jone/ws_moveit/src/moveit2/moveit_ros/perception -DCMAKE_INSTALL_PREFIX=/home/jone/ws_moveit/install/moveit_ros_perception
[0.030s] -- Found moveit_common: 2.5.9 (/home/jone/ws_moveit/install/moveit_common/share/moveit_common/cmake)
[0.030s] -- Found ament_cmake: 1.3.12 (/opt/ros/humble/share/ament_cmake/cmake)
[0.241s] -- Checking for module 'glut'
[0.244s] --   No package 'glut' found
[0.245s] -- Found cv_bridge: 3.2.1 (/opt/ros/humble/share/cv_bridge/cmake)
[0.267s] -- Found rosidl_generator_c: 3.1.7 (/opt/ros/humble/share/rosidl_generator_c/cmake)
[0.269s] -- Found rosidl_adapter: 3.1.7 (/opt/ros/humble/share/rosidl_adapter/cmake)
[0.273s] -- Found rosidl_generator_cpp: 3.1.7 (/opt/ros/humble/share/rosidl_generator_cpp/cmake)
[0.289s] -- Using all available rosidl_typesupport_c: rosidl_typesupport_fastrtps_c;rosidl_typesupport_introspection_c
[0.298s] -- Using all available rosidl_typesupport_cpp: rosidl_typesupport_fastrtps_cpp;rosidl_typesupport_introspection_cpp
[0.348s] -- Found moveit_core: 2.5.9 (/home/jone/ws_moveit/install/moveit_core/share/moveit_core/cmake)
[0.359s] -- Found Boost: /usr/lib/x86_64-linux-gnu/cmake/Boost-1.74.0/BoostConfig.cmake (found version "1.74.0") found components: chrono date_time filesystem iostreams program_options regex serialization system thread 
[0.376s] -- Found parameter_traits: 0.5.0 (/opt/ros/humble/share/parameter_traits/cmake)
[0.394s] -- Found rmw_implementation_cmake: 6.1.2 (/opt/ros/humble/share/rmw_implementation_cmake/cmake)
[0.395s] -- Found rmw_fastrtps_cpp: 6.2.9 (/opt/ros/humble/share/rmw_fastrtps_cpp/cmake)
[0.487s] -- Using RMW implementation 'rmw_fastrtps_cpp' as default
[0.517s] -- Found rclcpp_lifecycle: 16.0.15 (/opt/ros/humble/share/rclcpp_lifecycle/cmake)
[0.532s] -- Found Boost: /usr/lib/x86_64-linux-gnu/cmake/Boost-1.74.0/BoostConfig.cmake (found version "1.74.0") found components: filesystem 
[0.561s] -- library: /usr/lib/x86_64-linux-gnu/libcurl.so
[0.593s] -- Ensuring Eigen3 include directory is part of orocos-kdl CMake target
[0.757s] -- Found image_transport: 3.1.12 (/opt/ros/humble/share/image_transport/cmake)
[0.760s] -- Found moveit_ros_occupancy_map_monitor: 2.5.9 (/home/jone/ws_moveit/install/moveit_ros_occupancy_map_monitor/share/moveit_ros_occupancy_map_monitor/cmake)
[0.776s] -- Found Boost: /usr/lib/x86_64-linux-gnu/cmake/Boost-1.74.0/BoostConfig.cmake (found version "1.74.0") found components: thread 
[0.816s] -- Found ament_lint_auto: 0.12.14 (/opt/ros/humble/share/ament_lint_auto/cmake)
[0.830s] -- Added test 'cppcheck' to perform static code analysis on C / C++ code
[0.830s] -- Configured cppcheck include dirs: /home/jone/ws_moveit/src/moveit2/moveit_ros/perception/depth_image_octomap_updater/include;/home/jone/ws_moveit/src/moveit2/moveit_ros/perception/lazy_free_space_updater/include;/home/jone/ws_moveit/src/moveit2/moveit_ros/perception/mesh_filter/include;/home/jone/ws_moveit/src/moveit2/moveit_ros/perception/point_containment_filter/include;/home/jone/ws_moveit/src/moveit2/moveit_ros/perception/pointcloud_octomap_updater/include;/home/jone/ws_moveit/src/moveit2/moveit_ros/perception/semantic_world/include
[0.830s] -- Configured cppcheck exclude dirs and/or files: 
[0.832s] -- Added test 'lint_cmake' to check CMake code style
[0.833s] -- Added test 'xmllint' to check XML markup files
[0.835s] -- Configuring done
[0.972s] -- Generating done
[0.996s] -- Build files have been written to: /home/jone/ws_moveit/build/moveit_ros_perception
[1.013s] Invoked command in '/home/jone/ws_moveit/build/moveit_ros_perception' returned '0': AMENT_PREFIX_PATH=/home/jone/ws_moveit/install/moveit_ros_planning:/home/jone/ws_moveit/install/moveit_ros_occupancy_map_monitor:/home/jone/ws_moveit/install/moveit_core:/home/jone/ws_moveit/install/moveit_resources_panda_moveit_config:/home/jone/ws_moveit/install/moveit_configs_utils:/home/jone/ws_moveit/install/srdfdom:/home/jone/ws_moveit/install/moveit_resources_pr2_description:/home/jone/ws_moveit/install/moveit_resources_panda_description:/home/jone/ws_moveit/install/moveit_common:/home/jone/ws_moveit/install/launch_param_builder:${AMENT_PREFIX_PATH} CMAKE_PREFIX_PATH=/home/jone/ws_moveit/install/moveit_ros_planning:/home/jone/ws_moveit/install/moveit_ros_occupancy_map_monitor:/home/jone/ws_moveit/install/moveit_core:/home/jone/ws_moveit/install/moveit_resources_panda_moveit_config:/home/jone/ws_moveit/install/srdfdom:/home/jone/ws_moveit/install/moveit_resources_pr2_description:/home/jone/ws_moveit/install/moveit_resources_panda_description:/home/jone/ws_moveit/install/moveit_common:/opt/ros/humble LD_LIBRARY_PATH=/home/jone/ws_moveit/install/moveit_ros_planning/lib:/home/jone/ws_moveit/install/moveit_ros_occupancy_map_monitor/lib:/home/jone/ws_moveit/install/moveit_core/lib:/home/jone/ws_moveit/install/srdfdom/lib:/opt/ros/humble/opt/rviz_ogre_vendor/lib:/opt/ros/humble/lib/x86_64-linux-gnu:/opt/ros/humble/lib:/usr/lib/x86_64-linux-gnu/gazebo-11/plugins:/usr/lib/x86_64-linux-gnu/gazebo-11/plugins:/usr/lib/x86_64-linux-gnu/gazebo-11/plugins PATH=/home/jone/ws_moveit/install/moveit_core/bin:${PATH} PYTHONPATH=/home/jone/ws_moveit/install/moveit_configs_utils/lib/python3.10/site-packages:/home/jone/ws_moveit/install/srdfdom/local/lib/python3.10/dist-packages:/home/jone/ws_moveit/install/launch_param_builder/lib/python3.10/site-packages:${PYTHONPATH} /usr/bin/cmake /home/jone/ws_moveit/src/moveit2/moveit_ros/perception -DCMAKE_INSTALL_PREFIX=/home/jone/ws_moveit/install/moveit_ros_perception
[1.014s] Invoking command in '/home/jone/ws_moveit/build/moveit_ros_perception': AMENT_PREFIX_PATH=/home/jone/ws_moveit/install/moveit_ros_planning:/home/jone/ws_moveit/install/moveit_ros_occupancy_map_monitor:/home/jone/ws_moveit/install/moveit_core:/home/jone/ws_moveit/install/moveit_resources_panda_moveit_config:/home/jone/ws_moveit/install/moveit_configs_utils:/home/jone/ws_moveit/install/srdfdom:/home/jone/ws_moveit/install/moveit_resources_pr2_description:/home/jone/ws_moveit/install/moveit_resources_panda_description:/home/jone/ws_moveit/install/moveit_common:/home/jone/ws_moveit/install/launch_param_builder:${AMENT_PREFIX_PATH} CMAKE_PREFIX_PATH=/home/jone/ws_moveit/install/moveit_ros_planning:/home/jone/ws_moveit/install/moveit_ros_occupancy_map_monitor:/home/jone/ws_moveit/install/moveit_core:/home/jone/ws_moveit/install/moveit_resources_panda_moveit_config:/home/jone/ws_moveit/install/srdfdom:/home/jone/ws_moveit/install/moveit_resources_pr2_description:/home/jone/ws_moveit/install/moveit_resources_panda_description:/home/jone/ws_moveit/install/moveit_common:/opt/ros/humble LD_LIBRARY_PATH=/home/jone/ws_moveit/install/moveit_ros_planning/lib:/home/jone/ws_moveit/install/moveit_ros_occupancy_map_monitor/lib:/home/jone/ws_moveit/install/moveit_core/lib:/home/jone/ws_moveit/install/srdfdom/lib:/opt/ros/humble/opt/rviz_ogre_vendor/lib:/opt/ros/humble/lib/x86_64-linux-gnu:/opt/ros/humble/lib:/usr/lib/x86_64-linux-gnu/gazebo-11/plugins:/usr/lib/x86_64-linux-gnu/gazebo-11/plugins:/usr/lib/x86_64-linux-gnu/gazebo-11/plugins PATH=/home/jone/ws_moveit/install/moveit_core/bin:${PATH} PYTHONPATH=/home/jone/ws_moveit/install/moveit_configs_utils/lib/python3.10/site-packages:/home/jone/ws_moveit/install/srdfdom/local/lib/python3.10/dist-packages:/home/jone/ws_moveit/install/launch_param_builder/lib/python3.10/site-packages:${PYTHONPATH} /usr/bin/cmake --build /home/jone/ws_moveit/build/moveit_ros_perception -- -j16 -l16
[1.067s] [35m[1mConsolidate compiler generated dependencies of target moveit_lazy_free_space_updater[0m
[1.068s] [35m[1mConsolidate compiler generated dependencies of target moveit_point_containment_filter[0m
[1.068s] [35m[1mConsolidate compiler generated dependencies of target moveit_semantic_world[0m
[1.071s] [35m[1mConsolidate compiler generated dependencies of target moveit_mesh_filter[0m
[1.082s] [ 10%] Built target moveit_lazy_free_space_updater
[1.088s] [ 20%] Built target moveit_point_containment_filter
[1.093s] [ 30%] Built target moveit_semantic_world
[1.095s] [ 60%] Built target moveit_mesh_filter
[1.099s] [35m[1mConsolidate compiler generated dependencies of target moveit_pointcloud_octomap_updater_core[0m
[1.106s] [35m[1mConsolidate compiler generated dependencies of target moveit_depth_image_octomap_updater_core[0m
[1.119s] [ 70%] Built target moveit_pointcloud_octomap_updater_core
[1.129s] [ 80%] Built target moveit_depth_image_octomap_updater_core
[1.130s] [35m[1mConsolidate compiler generated dependencies of target moveit_pointcloud_octomap_updater[0m
[1.139s] [35m[1mConsolidate compiler generated dependencies of target moveit_depth_image_octomap_updater[0m
[1.150s] [ 90%] Built target moveit_pointcloud_octomap_updater
[1.157s] [100%] Built target moveit_depth_image_octomap_updater
[1.167s] Invoked command in '/home/jone/ws_moveit/build/moveit_ros_perception' returned '0': AMENT_PREFIX_PATH=/home/jone/ws_moveit/install/moveit_ros_planning:/home/jone/ws_moveit/install/moveit_ros_occupancy_map_monitor:/home/jone/ws_moveit/install/moveit_core:/home/jone/ws_moveit/install/moveit_resources_panda_moveit_config:/home/jone/ws_moveit/install/moveit_configs_utils:/home/jone/ws_moveit/install/srdfdom:/home/jone/ws_moveit/install/moveit_resources_pr2_description:/home/jone/ws_moveit/install/moveit_resources_panda_description:/home/jone/ws_moveit/install/moveit_common:/home/jone/ws_moveit/install/launch_param_builder:${AMENT_PREFIX_PATH} CMAKE_PREFIX_PATH=/home/jone/ws_moveit/install/moveit_ros_planning:/home/jone/ws_moveit/install/moveit_ros_occupancy_map_monitor:/home/jone/ws_moveit/install/moveit_core:/home/jone/ws_moveit/install/moveit_resources_panda_moveit_config:/home/jone/ws_moveit/install/srdfdom:/home/jone/ws_moveit/install/moveit_resources_pr2_description:/home/jone/ws_moveit/install/moveit_resources_panda_description:/home/jone/ws_moveit/install/moveit_common:/opt/ros/humble LD_LIBRARY_PATH=/home/jone/ws_moveit/install/moveit_ros_planning/lib:/home/jone/ws_moveit/install/moveit_ros_occupancy_map_monitor/lib:/home/jone/ws_moveit/install/moveit_core/lib:/home/jone/ws_moveit/install/srdfdom/lib:/opt/ros/humble/opt/rviz_ogre_vendor/lib:/opt/ros/humble/lib/x86_64-linux-gnu:/opt/ros/humble/lib:/usr/lib/x86_64-linux-gnu/gazebo-11/plugins:/usr/lib/x86_64-linux-gnu/gazebo-11/plugins:/usr/lib/x86_64-linux-gnu/gazebo-11/plugins PATH=/home/jone/ws_moveit/install/moveit_core/bin:${PATH} PYTHONPATH=/home/jone/ws_moveit/install/moveit_configs_utils/lib/python3.10/site-packages:/home/jone/ws_moveit/install/srdfdom/local/lib/python3.10/dist-packages:/home/jone/ws_moveit/install/launch_param_builder/lib/python3.10/site-packages:${PYTHONPATH} /usr/bin/cmake --build /home/jone/ws_moveit/build/moveit_ros_perception -- -j16 -l16
[1.169s] Invoking command in '/home/jone/ws_moveit/build/moveit_ros_perception': AMENT_PREFIX_PATH=/home/jone/ws_moveit/install/moveit_ros_planning:/home/jone/ws_moveit/install/moveit_ros_occupancy_map_monitor:/home/jone/ws_moveit/install/moveit_core:/home/jone/ws_moveit/install/moveit_resources_panda_moveit_config:/home/jone/ws_moveit/install/moveit_configs_utils:/home/jone/ws_moveit/install/srdfdom:/home/jone/ws_moveit/install/moveit_resources_pr2_description:/home/jone/ws_moveit/install/moveit_resources_panda_description:/home/jone/ws_moveit/install/moveit_common:/home/jone/ws_moveit/install/launch_param_builder:${AMENT_PREFIX_PATH} CMAKE_PREFIX_PATH=/home/jone/ws_moveit/install/moveit_ros_planning:/home/jone/ws_moveit/install/moveit_ros_occupancy_map_monitor:/home/jone/ws_moveit/install/moveit_core:/home/jone/ws_moveit/install/moveit_resources_panda_moveit_config:/home/jone/ws_moveit/install/srdfdom:/home/jone/ws_moveit/install/moveit_resources_pr2_description:/home/jone/ws_moveit/install/moveit_resources_panda_description:/home/jone/ws_moveit/install/moveit_common:/opt/ros/humble LD_LIBRARY_PATH=/home/jone/ws_moveit/install/moveit_ros_planning/lib:/home/jone/ws_moveit/install/moveit_ros_occupancy_map_monitor/lib:/home/jone/ws_moveit/install/moveit_core/lib:/home/jone/ws_moveit/install/srdfdom/lib:/opt/ros/humble/opt/rviz_ogre_vendor/lib:/opt/ros/humble/lib/x86_64-linux-gnu:/opt/ros/humble/lib:/usr/lib/x86_64-linux-gnu/gazebo-11/plugins:/usr/lib/x86_64-linux-gnu/gazebo-11/plugins:/usr/lib/x86_64-linux-gnu/gazebo-11/plugins PATH=/home/jone/ws_moveit/install/moveit_core/bin:${PATH} PYTHONPATH=/home/jone/ws_moveit/install/moveit_configs_utils/lib/python3.10/site-packages:/home/jone/ws_moveit/install/srdfdom/local/lib/python3.10/dist-packages:/home/jone/ws_moveit/install/launch_param_builder/lib/python3.10/site-packages:${PYTHONPATH} /usr/bin/cmake --install /home/jone/ws_moveit/build/moveit_ros_perception
[1.176s] -- Install configuration: "Release"
[1.177s] -- Up-to-date: /home/jone/ws_moveit/install/moveit_ros_perception/include
[1.177s] -- Up-to-date: /home/jone/ws_moveit/install/moveit_ros_perception/include/moveit
[1.177s] -- Up-to-date: /home/jone/ws_moveit/install/moveit_ros_perception/include/moveit/lazy_free_space_updater
[1.177s] -- Up-to-date: /home/jone/ws_moveit/install/moveit_ros_perception/include/moveit/lazy_free_space_updater/lazy_free_space_updater.h
[1.177s] -- Up-to-date: /home/jone/ws_moveit/install/moveit_ros_perception/include
[1.177s] -- Up-to-date: /home/jone/ws_moveit/install/moveit_ros_perception/include/moveit
[1.177s] -- Up-to-date: /home/jone/ws_moveit/install/moveit_ros_perception/include/moveit/point_containment_filter
[1.178s] -- Up-to-date: /home/jone/ws_moveit/install/moveit_ros_perception/include/moveit/point_containment_filter/shape_mask.h
[1.178s] -- Up-to-date: /home/jone/ws_moveit/install/moveit_ros_perception/include
[1.178s] -- Up-to-date: /home/jone/ws_moveit/install/moveit_ros_perception/include/moveit
[1.178s] -- Up-to-date: /home/jone/ws_moveit/install/moveit_ros_perception/include/moveit/pointcloud_octomap_updater
[1.178s] -- Up-to-date: /home/jone/ws_moveit/install/moveit_ros_perception/include/moveit/pointcloud_octomap_updater/pointcloud_octomap_updater.h
[1.178s] -- Up-to-date: /home/jone/ws_moveit/install/moveit_ros_perception/include
[1.178s] -- Up-to-date: /home/jone/ws_moveit/install/moveit_ros_perception/include/moveit
[1.178s] -- Up-to-date: /home/jone/ws_moveit/install/moveit_ros_perception/include/moveit/mesh_filter
[1.178s] -- Up-to-date: /home/jone/ws_moveit/install/moveit_ros_perception/include/moveit/mesh_filter/filter_job.h
[1.178s] -- Up-to-date: /home/jone/ws_moveit/install/moveit_ros_perception/include/moveit/mesh_filter/stereo_camera_model.h
[1.178s] -- Up-to-date: /home/jone/ws_moveit/install/moveit_ros_perception/include/moveit/mesh_filter/mesh_filter.h
[1.178s] -- Up-to-date: /home/jone/ws_moveit/install/moveit_ros_perception/include/moveit/mesh_filter/gl_renderer.h
[1.178s] -- Up-to-date: /home/jone/ws_moveit/install/moveit_ros_perception/include/moveit/mesh_filter/sensor_model.h
[1.179s] -- Up-to-date: /home/jone/ws_moveit/install/moveit_ros_perception/include/moveit/mesh_filter/depth_self_filter_nodelet.h
[1.179s] -- Up-to-date: /home/jone/ws_moveit/install/moveit_ros_perception/include/moveit/mesh_filter/transform_provider.h
[1.179s] -- Up-to-date: /home/jone/ws_moveit/install/moveit_ros_perception/include/moveit/mesh_filter/mesh_filter_base.h
[1.179s] -- Up-to-date: /home/jone/ws_moveit/install/moveit_ros_perception/include/moveit/mesh_filter/gl_mesh.h
[1.179s] -- Up-to-date: /home/jone/ws_moveit/install/moveit_ros_perception/include/moveit_mesh_filter_export.h
[1.179s] -- Up-to-date: /home/jone/ws_moveit/install/moveit_ros_perception/include
[1.179s] -- Up-to-date: /home/jone/ws_moveit/install/moveit_ros_perception/include/moveit
[1.179s] -- Up-to-date: /home/jone/ws_moveit/install/moveit_ros_perception/include/moveit/depth_image_octomap_updater
[1.179s] -- Up-to-date: /home/jone/ws_moveit/install/moveit_ros_perception/include/moveit/depth_image_octomap_updater/depth_image_octomap_updater.h
[1.179s] -- Up-to-date: /home/jone/ws_moveit/install/moveit_ros_perception/include
[1.179s] -- Up-to-date: /home/jone/ws_moveit/install/moveit_ros_perception/include/moveit
[1.179s] -- Up-to-date: /home/jone/ws_moveit/install/moveit_ros_perception/include/moveit/semantic_world
[1.179s] -- Up-to-date: /home/jone/ws_moveit/install/moveit_ros_perception/include/moveit/semantic_world/semantic_world.h
[1.180s] -- Up-to-date: /home/jone/ws_moveit/install/moveit_ros_perception/lib/libmoveit_depth_image_octomap_updater.so.2.5.9
[1.180s] -- Up-to-date: /home/jone/ws_moveit/install/moveit_ros_perception/lib/libmoveit_depth_image_octomap_updater.so
[1.181s] -- Up-to-date: /home/jone/ws_moveit/install/moveit_ros_perception/lib/libmoveit_depth_image_octomap_updater_core.so.2.5.9
[1.181s] -- Up-to-date: /home/jone/ws_moveit/install/moveit_ros_perception/lib/libmoveit_depth_image_octomap_updater_core.so
[1.182s] -- Up-to-date: /home/jone/ws_moveit/install/moveit_ros_perception/lib/libmoveit_lazy_free_space_updater.so.2.5.9
[1.182s] -- Up-to-date: /home/jone/ws_moveit/install/moveit_ros_perception/lib/libmoveit_lazy_free_space_updater.so
[1.183s] -- Up-to-date: /home/jone/ws_moveit/install/moveit_ros_perception/lib/libmoveit_mesh_filter.so.2.5.9
[1.183s] -- Up-to-date: /home/jone/ws_moveit/install/moveit_ros_perception/lib/libmoveit_mesh_filter.so
[1.184s] -- Up-to-date: /home/jone/ws_moveit/install/moveit_ros_perception/lib/libmoveit_point_containment_filter.so.2.5.9
[1.184s] -- Up-to-date: /home/jone/ws_moveit/install/moveit_ros_perception/lib/libmoveit_point_containment_filter.so
[1.185s] -- Up-to-date: /home/jone/ws_moveit/install/moveit_ros_perception/lib/libmoveit_pointcloud_octomap_updater.so.2.5.9
[1.185s] -- Up-to-date: /home/jone/ws_moveit/install/moveit_ros_perception/lib/libmoveit_pointcloud_octomap_updater.so
[1.186s] -- Up-to-date: /home/jone/ws_moveit/install/moveit_ros_perception/lib/libmoveit_pointcloud_octomap_updater_core.so.2.5.9
[1.186s] -- Up-to-date: /home/jone/ws_moveit/install/moveit_ros_perception/lib/libmoveit_pointcloud_octomap_updater_core.so
[1.187s] -- Up-to-date: /home/jone/ws_moveit/install/moveit_ros_perception/lib/libmoveit_semantic_world.so.2.5.9
[1.187s] -- Up-to-date: /home/jone/ws_moveit/install/moveit_ros_perception/lib/libmoveit_semantic_world.so
[1.187s] -- Up-to-date: /home/jone/ws_moveit/install/moveit_ros_perception/share/moveit_ros_perception/environment/library_path.sh
[1.187s] -- Installing: /home/jone/ws_moveit/install/moveit_ros_perception/share/moveit_ros_perception/environment/library_path.dsv
[1.187s] -- Up-to-date: /home/jone/ws_moveit/install/moveit_ros_perception/share/moveit_ros_perception/pointcloud_octomap_updater_plugin_description.xml
[1.188s] -- Up-to-date: /home/jone/ws_moveit/install/moveit_ros_perception/share/moveit_ros_perception/depth_image_octomap_updater_plugin_description.xml
[1.188s] -- Up-to-date: /home/jone/ws_moveit/install/moveit_ros_perception/share/ament_index/resource_index/package_run_dependencies/moveit_ros_perception
[1.188s] -- Up-to-date: /home/jone/ws_moveit/install/moveit_ros_perception/share/ament_index/resource_index/parent_prefix_path/moveit_ros_perception
[1.188s] -- Up-to-date: /home/jone/ws_moveit/install/moveit_ros_perception/share/moveit_ros_perception/environment/ament_prefix_path.sh
[1.188s] -- Installing: /home/jone/ws_moveit/install/moveit_ros_perception/share/moveit_ros_perception/environment/ament_prefix_path.dsv
[1.188s] -- Up-to-date: /home/jone/ws_moveit/install/moveit_ros_perception/share/moveit_ros_perception/environment/path.sh
[1.188s] -- Installing: /home/jone/ws_moveit/install/moveit_ros_perception/share/moveit_ros_perception/environment/path.dsv
[1.188s] -- Up-to-date: /home/jone/ws_moveit/install/moveit_ros_perception/share/moveit_ros_perception/local_setup.bash
[1.188s] -- Up-to-date: /home/jone/ws_moveit/install/moveit_ros_perception/share/moveit_ros_perception/local_setup.sh
[1.188s] -- Up-to-date: /home/jone/ws_moveit/install/moveit_ros_perception/share/moveit_ros_perception/local_setup.zsh
[1.189s] -- Installing: /home/jone/ws_moveit/install/moveit_ros_perception/share/moveit_ros_perception/local_setup.dsv
[1.189s] -- Installing: /home/jone/ws_moveit/install/moveit_ros_perception/share/moveit_ros_perception/package.dsv
[1.189s] -- Up-to-date: /home/jone/ws_moveit/install/moveit_ros_perception/share/ament_index/resource_index/packages/moveit_ros_perception
[1.189s] -- Up-to-date: /home/jone/ws_moveit/install/moveit_ros_perception/share/ament_index/resource_index/moveit_ros_occupancy_map_monitor__pluginlib__plugin/moveit_ros_perception
[1.189s] -- Up-to-date: /home/jone/ws_moveit/install/moveit_ros_perception/share/moveit_ros_perception/cmake/export_moveit_ros_perceptionExport.cmake
[1.190s] -- Up-to-date: /home/jone/ws_moveit/install/moveit_ros_perception/share/moveit_ros_perception/cmake/export_moveit_ros_perceptionExport-release.cmake
[1.190s] -- Up-to-date: /home/jone/ws_moveit/install/moveit_ros_perception/share/moveit_ros_perception/cmake/ConfigExtras.cmake
[1.190s] -- Up-to-date: /home/jone/ws_moveit/install/moveit_ros_perception/share/moveit_ros_perception/cmake/ament_cmake_export_targets-extras.cmake
[1.190s] -- Up-to-date: /home/jone/ws_moveit/install/moveit_ros_perception/share/moveit_ros_perception/cmake/ament_cmake_export_dependencies-extras.cmake
[1.190s] -- Up-to-date: /home/jone/ws_moveit/install/moveit_ros_perception/share/moveit_ros_perception/cmake/moveit_ros_perceptionConfig.cmake
[1.190s] -- Up-to-date: /home/jone/ws_moveit/install/moveit_ros_perception/share/moveit_ros_perception/cmake/moveit_ros_perceptionConfig-version.cmake
[1.190s] -- Up-to-date: /home/jone/ws_moveit/install/moveit_ros_perception/share/moveit_ros_perception/package.xml
[1.192s] Invoked command in '/home/jone/ws_moveit/build/moveit_ros_perception' returned '0': AMENT_PREFIX_PATH=/home/jone/ws_moveit/install/moveit_ros_planning:/home/jone/ws_moveit/install/moveit_ros_occupancy_map_monitor:/home/jone/ws_moveit/install/moveit_core:/home/jone/ws_moveit/install/moveit_resources_panda_moveit_config:/home/jone/ws_moveit/install/moveit_configs_utils:/home/jone/ws_moveit/install/srdfdom:/home/jone/ws_moveit/install/moveit_resources_pr2_description:/home/jone/ws_moveit/install/moveit_resources_panda_description:/home/jone/ws_moveit/install/moveit_common:/home/jone/ws_moveit/install/launch_param_builder:${AMENT_PREFIX_PATH} CMAKE_PREFIX_PATH=/home/jone/ws_moveit/install/moveit_ros_planning:/home/jone/ws_moveit/install/moveit_ros_occupancy_map_monitor:/home/jone/ws_moveit/install/moveit_core:/home/jone/ws_moveit/install/moveit_resources_panda_moveit_config:/home/jone/ws_moveit/install/srdfdom:/home/jone/ws_moveit/install/moveit_resources_pr2_description:/home/jone/ws_moveit/install/moveit_resources_panda_description:/home/jone/ws_moveit/install/moveit_common:/opt/ros/humble LD_LIBRARY_PATH=/home/jone/ws_moveit/install/moveit_ros_planning/lib:/home/jone/ws_moveit/install/moveit_ros_occupancy_map_monitor/lib:/home/jone/ws_moveit/install/moveit_core/lib:/home/jone/ws_moveit/install/srdfdom/lib:/opt/ros/humble/opt/rviz_ogre_vendor/lib:/opt/ros/humble/lib/x86_64-linux-gnu:/opt/ros/humble/lib:/usr/lib/x86_64-linux-gnu/gazebo-11/plugins:/usr/lib/x86_64-linux-gnu/gazebo-11/plugins:/usr/lib/x86_64-linux-gnu/gazebo-11/plugins PATH=/home/jone/ws_moveit/install/moveit_core/bin:${PATH} PYTHONPATH=/home/jone/ws_moveit/install/moveit_configs_utils/lib/python3.10/site-packages:/home/jone/ws_moveit/install/srdfdom/local/lib/python3.10/dist-packages:/home/jone/ws_moveit/install/launch_param_builder/lib/python3.10/site-packages:${PYTHONPATH} /usr/bin/cmake --install /home/jone/ws_moveit/build/moveit_ros_perception
