[0.018s] Invoking command in '/home/jone/ws_moveit/build/moveit_resources_panda_description': /usr/bin/cmake /home/jone/ws_moveit/src/moveit_resources/panda_description -DCMAKE_BUILD_TYPE=Release -DCMAKE_INSTALL_PREFIX=/home/jone/ws_moveit/install/moveit_resources_panda_description
[0.187s] -- The C compiler identification is GNU 11.4.0
[0.187s] -- The CXX compiler identification is GNU 11.4.0
[0.187s] -- Detecting C compiler ABI info
[0.245s] -- Detecting C compiler ABI info - done
[0.250s] -- Check for working C compiler: /usr/bin/cc - skipped
[0.250s] -- Detecting C compile features
[0.251s] -- Detecting C compile features - done
[0.253s] -- Detecting CXX compiler ABI info
[0.332s] -- Detecting CXX compiler ABI info - done
[0.338s] -- Check for working CXX compiler: /usr/bin/c++ - skipped
[0.338s] -- Detecting CXX compile features
[0.338s] -- Detecting CXX compile features - done
[0.350s] [31mCMake Error at CMakeLists.txt:3 (find_package):
[0.350s]   By not providing "Findament_cmake.cmake" in CMAKE_MODULE_PATH this project
[0.350s]   has asked CMake to find a package configuration file provided by
[0.350s]   "ament_cmake", but CMake did not find one.
[0.350s] 
[0.350s]   Could not find a package configuration file provided by "ament_cmake" with
[0.350s]   any of the following names:
[0.351s] 
[0.351s]     ament_cmakeConfig.cmake
[0.351s]     ament_cmake-config.cmake
[0.351s] 
[0.351s]   Add the installation prefix of "ament_cmake" to CMAKE_PREFIX_PATH or set
[0.351s]   "ament_cmake_DIR" to a directory containing one of the above files.  If
[0.351s]   "ament_cmake" provides a separate development package or SDK, be sure it
[0.351s]   has been installed.
[0.351s] 
[0.351s] [0m
[0.351s] -- Configuring incomplete, errors occurred!
[0.351s] See also "/home/jone/ws_moveit/build/moveit_resources_panda_description/CMakeFiles/CMakeOutput.log".
