[0.007s] Invoking command in '/home/jone/ws_moveit/build/rviz_marker_tools': AMENT_PREFIX_PATH=/home/jone/ws_moveit/install/moveit_common:${AMENT_PREFIX_PATH} CMAKE_PREFIX_PATH=/home/jone/ws_moveit/install/moveit_common:/opt/ros/humble /usr/bin/cmake /home/jone/ws_moveit/src/moveit_task_constructor/rviz_marker_tools -DCMAKE_INSTALL_PREFIX=/home/jone/ws_moveit/install/rviz_marker_tools
[0.018s] -- Found ament_cmake: 1.3.12 (/opt/ros/humble/share/ament_cmake/cmake)
[0.128s] -- Found moveit_common: 2.5.9 (/home/jone/ws_moveit/install/moveit_common/share/moveit_common/cmake)
[0.178s] -- Found eigen3_cmake_module: 0.1.1 (/opt/ros/humble/share/eigen3_cmake_module/cmake)
[0.179s] -- Found geometry_msgs: 4.9.0 (/opt/ros/humble/share/geometry_msgs/cmake)
[0.198s] -- Found rosidl_generator_c: 3.1.7 (/opt/ros/humble/share/rosidl_generator_c/cmake)
[0.200s] -- Found rosidl_adapter: 3.1.7 (/opt/ros/humble/share/rosidl_adapter/cmake)
[0.204s] -- Found rosidl_generator_cpp: 3.1.7 (/opt/ros/humble/share/rosidl_generator_cpp/cmake)
[0.224s] -- Using all available rosidl_typesupport_c: rosidl_typesupport_fastrtps_c;rosidl_typesupport_introspection_c
[0.234s] -- Using all available rosidl_typesupport_cpp: rosidl_typesupport_fastrtps_cpp;rosidl_typesupport_introspection_cpp
[0.260s] -- Found rclcpp: 16.0.15 (/opt/ros/humble/share/rclcpp/cmake)
[0.279s] -- Found rmw_implementation_cmake: 6.1.2 (/opt/ros/humble/share/rmw_implementation_cmake/cmake)
[0.280s] -- Found rmw_fastrtps_cpp: 6.2.9 (/opt/ros/humble/share/rmw_fastrtps_cpp/cmake)
[0.385s] -- Using RMW implementation 'rmw_fastrtps_cpp' as default
[0.412s] -- Found tf2_eigen: 0.25.16 (/opt/ros/humble/share/tf2_eigen/cmake)
[0.487s] -- Found visualization_msgs: 4.9.0 (/opt/ros/humble/share/visualization_msgs/cmake)
[0.529s] -- Configuring done
[0.541s] -- Generating done
[0.546s] -- Build files have been written to: /home/jone/ws_moveit/build/rviz_marker_tools
[0.553s] Invoked command in '/home/jone/ws_moveit/build/rviz_marker_tools' returned '0': AMENT_PREFIX_PATH=/home/jone/ws_moveit/install/moveit_common:${AMENT_PREFIX_PATH} CMAKE_PREFIX_PATH=/home/jone/ws_moveit/install/moveit_common:/opt/ros/humble /usr/bin/cmake /home/jone/ws_moveit/src/moveit_task_constructor/rviz_marker_tools -DCMAKE_INSTALL_PREFIX=/home/jone/ws_moveit/install/rviz_marker_tools
[0.554s] Invoking command in '/home/jone/ws_moveit/build/rviz_marker_tools': AMENT_PREFIX_PATH=/home/jone/ws_moveit/install/moveit_common:${AMENT_PREFIX_PATH} CMAKE_PREFIX_PATH=/home/jone/ws_moveit/install/moveit_common:/opt/ros/humble /usr/bin/cmake --build /home/jone/ws_moveit/build/rviz_marker_tools -- -j16 -l16
[0.604s] [35m[1mConsolidate compiler generated dependencies of target rviz_marker_tools[0m
[0.624s] [100%] Built target rviz_marker_tools
[0.635s] Invoked command in '/home/jone/ws_moveit/build/rviz_marker_tools' returned '0': AMENT_PREFIX_PATH=/home/jone/ws_moveit/install/moveit_common:${AMENT_PREFIX_PATH} CMAKE_PREFIX_PATH=/home/jone/ws_moveit/install/moveit_common:/opt/ros/humble /usr/bin/cmake --build /home/jone/ws_moveit/build/rviz_marker_tools -- -j16 -l16
[0.637s] Invoking command in '/home/jone/ws_moveit/build/rviz_marker_tools': AMENT_PREFIX_PATH=/home/jone/ws_moveit/install/moveit_common:${AMENT_PREFIX_PATH} CMAKE_PREFIX_PATH=/home/jone/ws_moveit/install/moveit_common:/opt/ros/humble /usr/bin/cmake --install /home/jone/ws_moveit/build/rviz_marker_tools
[0.643s] -- Install configuration: "Release"
[0.643s] -- Up-to-date: /home/jone/ws_moveit/install/rviz_marker_tools/include
[0.643s] -- Up-to-date: /home/jone/ws_moveit/install/rviz_marker_tools/include/rviz_marker_tools
[0.644s] -- Up-to-date: /home/jone/ws_moveit/install/rviz_marker_tools/include/rviz_marker_tools/marker_creation.h
[0.644s] -- Up-to-date: /home/jone/ws_moveit/install/rviz_marker_tools/lib/librviz_marker_tools.so
[0.645s] -- Up-to-date: /home/jone/ws_moveit/install/rviz_marker_tools/share/rviz_marker_tools/environment/library_path.sh
[0.645s] -- Installing: /home/jone/ws_moveit/install/rviz_marker_tools/share/rviz_marker_tools/environment/library_path.dsv
[0.645s] -- Up-to-date: /home/jone/ws_moveit/install/rviz_marker_tools/share/ament_index/resource_index/package_run_dependencies/rviz_marker_tools
[0.645s] -- Up-to-date: /home/jone/ws_moveit/install/rviz_marker_tools/share/ament_index/resource_index/parent_prefix_path/rviz_marker_tools
[0.646s] -- Up-to-date: /home/jone/ws_moveit/install/rviz_marker_tools/share/rviz_marker_tools/environment/ament_prefix_path.sh
[0.646s] -- Installing: /home/jone/ws_moveit/install/rviz_marker_tools/share/rviz_marker_tools/environment/ament_prefix_path.dsv
[0.646s] -- Up-to-date: /home/jone/ws_moveit/install/rviz_marker_tools/share/rviz_marker_tools/environment/path.sh
[0.646s] -- Installing: /home/jone/ws_moveit/install/rviz_marker_tools/share/rviz_marker_tools/environment/path.dsv
[0.646s] -- Up-to-date: /home/jone/ws_moveit/install/rviz_marker_tools/share/rviz_marker_tools/local_setup.bash
[0.646s] -- Up-to-date: /home/jone/ws_moveit/install/rviz_marker_tools/share/rviz_marker_tools/local_setup.sh
[0.646s] -- Up-to-date: /home/jone/ws_moveit/install/rviz_marker_tools/share/rviz_marker_tools/local_setup.zsh
[0.646s] -- Installing: /home/jone/ws_moveit/install/rviz_marker_tools/share/rviz_marker_tools/local_setup.dsv
[0.646s] -- Installing: /home/jone/ws_moveit/install/rviz_marker_tools/share/rviz_marker_tools/package.dsv
[0.646s] -- Up-to-date: /home/jone/ws_moveit/install/rviz_marker_tools/share/ament_index/resource_index/packages/rviz_marker_tools
[0.647s] -- Up-to-date: /home/jone/ws_moveit/install/rviz_marker_tools/share/rviz_marker_tools/cmake/rviz_marker_toolsTargetsExport.cmake
[0.647s] -- Up-to-date: /home/jone/ws_moveit/install/rviz_marker_tools/share/rviz_marker_tools/cmake/rviz_marker_toolsTargetsExport-release.cmake
[0.647s] -- Up-to-date: /home/jone/ws_moveit/install/rviz_marker_tools/share/rviz_marker_tools/cmake/ament_cmake_export_targets-extras.cmake
[0.647s] -- Up-to-date: /home/jone/ws_moveit/install/rviz_marker_tools/share/rviz_marker_tools/cmake/ament_cmake_export_dependencies-extras.cmake
[0.647s] -- Up-to-date: /home/jone/ws_moveit/install/rviz_marker_tools/share/rviz_marker_tools/cmake/rviz_marker_toolsConfig.cmake
[0.647s] -- Up-to-date: /home/jone/ws_moveit/install/rviz_marker_tools/share/rviz_marker_tools/cmake/rviz_marker_toolsConfig-version.cmake
[0.647s] -- Up-to-date: /home/jone/ws_moveit/install/rviz_marker_tools/share/rviz_marker_tools/package.xml
[0.649s] Invoked command in '/home/jone/ws_moveit/build/rviz_marker_tools' returned '0': AMENT_PREFIX_PATH=/home/jone/ws_moveit/install/moveit_common:${AMENT_PREFIX_PATH} CMAKE_PREFIX_PATH=/home/jone/ws_moveit/install/moveit_common:/opt/ros/humble /usr/bin/cmake --install /home/jone/ws_moveit/build/rviz_marker_tools
