[0.169s] Invoking command in '/home/jone/ws_moveit/build/moveit_resources_prbt_support': /usr/bin/cmake /home/jone/ws_moveit/src/moveit2/moveit_planners/test_configs/prbt_support -DCMAKE_BUILD_TYPE=Release -DCMAKE_INSTALL_PREFIX=/home/jone/ws_moveit/install/moveit_resources_prbt_support
[0.224s] -- The C compiler identification is GNU 11.4.0
[0.275s] -- The CXX compiler identification is GNU 11.4.0
[0.281s] -- Detecting C compiler ABI info
[0.344s] -- Detecting C compiler ABI info - done
[0.349s] -- Check for working C compiler: /usr/bin/cc - skipped
[0.349s] -- Detecting C compile features
[0.350s] -- Detecting C compile features - done
[0.352s] -- Detecting CXX compiler ABI info
[0.424s] -- Detecting CXX compiler ABI info - done
[0.430s] -- Check for working CXX compiler: /usr/bin/c++ - skipped
[0.430s] -- Detecting CXX compile features
[0.430s] -- Detecting CXX compile features - done
[0.441s] [31mCMake Error at CMakeLists.txt:4 (find_package):
[0.441s]   By not providing "Findament_cmake.cmake" in CMAKE_MODULE_PATH this project
[0.441s]   has asked CMake to find a package configuration file provided by
[0.441s]   "ament_cmake", but CMake did not find one.
[0.442s] 
[0.442s]   Could not find a package configuration file provided by "ament_cmake" with
[0.442s]   any of the following names:
[0.442s] 
[0.442s]     ament_cmakeConfig.cmake
[0.442s]     ament_cmake-config.cmake
[0.442s] 
[0.442s]   Add the installation prefix of "ament_cmake" to CMAKE_PREFIX_PATH or set
[0.442s]   "ament_cmake_DIR" to a directory containing one of the above files.  If
[0.442s]   "ament_cmake" provides a separate development package or SDK, be sure it
[0.442s]   has been installed.
[0.442s] 
[0.442s] [0m
[0.442s] -- Configuring incomplete, errors occurred!
[0.442s] See also "/home/jone/ws_moveit/build/moveit_resources_prbt_support/CMakeFiles/CMakeOutput.log".
