[0.006s] Invoking command in '/home/jone/ws_moveit/build/moveit_common': CMAKE_PREFIX_PATH=/opt/ros/humble /usr/bin/cmake /home/jone/ws_moveit/src/moveit2/moveit_common -DCMAKE_INSTALL_PREFIX=/home/jone/ws_moveit/install/moveit_common
[0.013s] -- Found ament_cmake: 1.3.12 (/opt/ros/humble/share/ament_cmake/cmake)
[0.120s] -- Found ament_lint_auto: 0.12.14 (/opt/ros/humble/share/ament_lint_auto/cmake)
[0.178s] -- Added test 'copyright' to check source files copyright and LICENSE
[0.180s] -- Added test 'lint_cmake' to check CMake code style
[0.181s] -- Added test 'xmllint' to check XML markup files
[0.183s] -- Configuring done
[0.187s] -- Generating done
[0.188s] -- Build files have been written to: /home/jone/ws_moveit/build/moveit_common
[0.190s] Invoked command in '/home/jone/ws_moveit/build/moveit_common' returned '0': CMAKE_PREFIX_PATH=/opt/ros/humble /usr/bin/cmake /home/jone/ws_moveit/src/moveit2/moveit_common -DCMAKE_INSTALL_PREFIX=/home/jone/ws_moveit/install/moveit_common
[0.192s] Invoking command in '/home/jone/ws_moveit/build/moveit_common': CMAKE_PREFIX_PATH=/opt/ros/humble /usr/bin/cmake --build /home/jone/ws_moveit/build/moveit_common -- -j16 -l16
[0.225s] Invoked command in '/home/jone/ws_moveit/build/moveit_common' returned '0': CMAKE_PREFIX_PATH=/opt/ros/humble /usr/bin/cmake --build /home/jone/ws_moveit/build/moveit_common -- -j16 -l16
[0.234s] Invoking command in '/home/jone/ws_moveit/build/moveit_common': CMAKE_PREFIX_PATH=/opt/ros/humble /usr/bin/cmake --install /home/jone/ws_moveit/build/moveit_common
[0.240s] -- Install configuration: "Release"
[0.240s] -- Up-to-date: /home/jone/ws_moveit/install/moveit_common/share/ament_index/resource_index/package_run_dependencies/moveit_common
[0.240s] -- Up-to-date: /home/jone/ws_moveit/install/moveit_common/share/ament_index/resource_index/parent_prefix_path/moveit_common
[0.240s] -- Up-to-date: /home/jone/ws_moveit/install/moveit_common/share/moveit_common/environment/ament_prefix_path.sh
[0.240s] -- Installing: /home/jone/ws_moveit/install/moveit_common/share/moveit_common/environment/ament_prefix_path.dsv
[0.240s] -- Up-to-date: /home/jone/ws_moveit/install/moveit_common/share/moveit_common/environment/path.sh
[0.240s] -- Installing: /home/jone/ws_moveit/install/moveit_common/share/moveit_common/environment/path.dsv
[0.240s] -- Up-to-date: /home/jone/ws_moveit/install/moveit_common/share/moveit_common/local_setup.bash
[0.241s] -- Up-to-date: /home/jone/ws_moveit/install/moveit_common/share/moveit_common/local_setup.sh
[0.241s] -- Up-to-date: /home/jone/ws_moveit/install/moveit_common/share/moveit_common/local_setup.zsh
[0.241s] -- Installing: /home/jone/ws_moveit/install/moveit_common/share/moveit_common/local_setup.dsv
[0.241s] -- Installing: /home/jone/ws_moveit/install/moveit_common/share/moveit_common/package.dsv
[0.241s] -- Up-to-date: /home/jone/ws_moveit/install/moveit_common/share/ament_index/resource_index/packages/moveit_common
[0.241s] -- Up-to-date: /home/jone/ws_moveit/install/moveit_common/share/moveit_common/cmake/moveit_common-extras.cmake
[0.241s] -- Up-to-date: /home/jone/ws_moveit/install/moveit_common/share/moveit_common/cmake/moveit_commonConfig.cmake
[0.241s] -- Up-to-date: /home/jone/ws_moveit/install/moveit_common/share/moveit_common/cmake/moveit_commonConfig-version.cmake
[0.241s] -- Up-to-date: /home/jone/ws_moveit/install/moveit_common/share/moveit_common/package.xml
[0.241s] -- Up-to-date: /home/jone/ws_moveit/install/moveit_common/share/moveit_common/cmake
[0.241s] -- Up-to-date: /home/jone/ws_moveit/install/moveit_common/share/moveit_common/cmake/moveit_package.cmake
[0.243s] Invoked command in '/home/jone/ws_moveit/build/moveit_common' returned '0': CMAKE_PREFIX_PATH=/opt/ros/humble /usr/bin/cmake --install /home/jone/ws_moveit/build/moveit_common
