[0.038s] Invoking command in '/home/jone/ws_moveit/build/moveit_ros_perception': AMENT_PREFIX_PATH=/home/jone/ws_moveit/install/moveit_ros_planning:/home/jone/ws_moveit/install/moveit_ros_occupancy_map_monitor:/home/jone/ws_moveit/install/moveit_core:/home/jone/ws_moveit/install/moveit_resources_panda_moveit_config:/home/jone/ws_moveit/install/moveit_configs_utils:/home/jone/ws_moveit/install/srdfdom:/home/jone/ws_moveit/install/moveit_resources_pr2_description:/home/jone/ws_moveit/install/moveit_resources_panda_description:/home/jone/ws_moveit/install/moveit_common:/home/jone/ws_moveit/install/launch_param_builder CMAKE_PREFIX_PATH=/home/jone/ws_moveit/install/moveit_ros_planning:/home/jone/ws_moveit/install/moveit_ros_occupancy_map_monitor:/home/jone/ws_moveit/install/moveit_core:/home/jone/ws_moveit/install/moveit_resources_panda_moveit_config:/home/jone/ws_moveit/install/srdfdom:/home/jone/ws_moveit/install/moveit_resources_pr2_description:/home/jone/ws_moveit/install/moveit_resources_panda_description:/home/jone/ws_moveit/install/moveit_common LD_LIBRARY_PATH=/home/jone/ws_moveit/install/moveit_ros_planning/lib:/home/jone/ws_moveit/install/moveit_ros_occupancy_map_monitor/lib:/home/jone/ws_moveit/install/moveit_core/lib:/home/jone/ws_moveit/install/srdfdom/lib:/usr/lib/x86_64-linux-gnu/gazebo-11/plugins:/usr/lib/x86_64-linux-gnu/gazebo-11/plugins:/usr/lib/x86_64-linux-gnu/gazebo-11/plugins PATH=/home/jone/ws_moveit/install/moveit_core/bin:${PATH} PYTHONPATH=/home/jone/ws_moveit/install/moveit_configs_utils/lib/python3.10/site-packages:/home/jone/ws_moveit/install/srdfdom/local/lib/python3.10/dist-packages:/home/jone/ws_moveit/install/launch_param_builder/lib/python3.10/site-packages /usr/bin/cmake --build /home/jone/ws_moveit/build/moveit_ros_perception -- -j16 -l16
[0.150s] [35m[1mConsolidate compiler generated dependencies of target moveit_mesh_filter[0m
[0.157s] [ 15%] [32mBuilding CXX object point_containment_filter/CMakeFiles/moveit_point_containment_filter.dir/src/shape_mask.cpp.o[0m
[0.157s] [ 15%] [32mBuilding CXX object lazy_free_space_updater/CMakeFiles/moveit_lazy_free_space_updater.dir/src/lazy_free_space_updater.cpp.o[0m
[0.158s] [ 15%] [32mBuilding CXX object semantic_world/CMakeFiles/moveit_semantic_world.dir/src/semantic_world.cpp.o[0m
[0.167s] [ 20%] [32mBuilding CXX object mesh_filter/CMakeFiles/moveit_mesh_filter.dir/src/mesh_filter_base.cpp.o[0m
[1.808s] [ 25%] [32m[1mLinking CXX shared library libmoveit_lazy_free_space_updater.so[0m
[2.001s] [ 25%] Built target moveit_lazy_free_space_updater
[2.616s] [ 30%] [32m[1mLinking CXX shared library libmoveit_point_containment_filter.so[0m
[2.727s] [ 30%] Built target moveit_point_containment_filter
[2.749s] [ 35%] [32mBuilding CXX object pointcloud_octomap_updater/CMakeFiles/moveit_pointcloud_octomap_updater_core.dir/src/pointcloud_octomap_updater.cpp.o[0m
[3.152s] [ 40%] [32m[1mLinking CXX shared library libmoveit_mesh_filter.so[0m
[3.368s] [ 60%] Built target moveit_mesh_filter
[3.389s] [ 65%] [32mBuilding CXX object depth_image_octomap_updater/CMakeFiles/moveit_depth_image_octomap_updater_core.dir/src/depth_image_octomap_updater.cpp.o[0m
[8.826s] [ 70%] [32m[1mLinking CXX shared library libmoveit_depth_image_octomap_updater_core.so[0m
[8.992s] [ 70%] Built target moveit_depth_image_octomap_updater_core
[9.013s] [ 75%] [32mBuilding CXX object depth_image_octomap_updater/CMakeFiles/moveit_depth_image_octomap_updater.dir/src/updater_plugin.cpp.o[0m
[12.671s] [ 80%] [32m[1mLinking CXX shared library libmoveit_depth_image_octomap_updater.so[0m
[12.811s] [ 80%] Built target moveit_depth_image_octomap_updater
[14.597s] [ 85%] [32m[1mLinking CXX shared library libmoveit_pointcloud_octomap_updater_core.so[0m
[14.805s] [ 85%] Built target moveit_pointcloud_octomap_updater_core
[14.826s] [ 90%] [32mBuilding CXX object pointcloud_octomap_updater/CMakeFiles/moveit_pointcloud_octomap_updater.dir/src/plugin_init.cpp.o[0m
[16.316s] [ 95%] [32m[1mLinking CXX shared library libmoveit_semantic_world.so[0m
[16.588s] [ 95%] Built target moveit_semantic_world
[18.474s] [100%] [32m[1mLinking CXX shared library libmoveit_pointcloud_octomap_updater.so[0m
[18.610s] [100%] Built target moveit_pointcloud_octomap_updater
[18.620s] Invoked command in '/home/jone/ws_moveit/build/moveit_ros_perception' returned '0': AMENT_PREFIX_PATH=/home/jone/ws_moveit/install/moveit_ros_planning:/home/jone/ws_moveit/install/moveit_ros_occupancy_map_monitor:/home/jone/ws_moveit/install/moveit_core:/home/jone/ws_moveit/install/moveit_resources_panda_moveit_config:/home/jone/ws_moveit/install/moveit_configs_utils:/home/jone/ws_moveit/install/srdfdom:/home/jone/ws_moveit/install/moveit_resources_pr2_description:/home/jone/ws_moveit/install/moveit_resources_panda_description:/home/jone/ws_moveit/install/moveit_common:/home/jone/ws_moveit/install/launch_param_builder CMAKE_PREFIX_PATH=/home/jone/ws_moveit/install/moveit_ros_planning:/home/jone/ws_moveit/install/moveit_ros_occupancy_map_monitor:/home/jone/ws_moveit/install/moveit_core:/home/jone/ws_moveit/install/moveit_resources_panda_moveit_config:/home/jone/ws_moveit/install/srdfdom:/home/jone/ws_moveit/install/moveit_resources_pr2_description:/home/jone/ws_moveit/install/moveit_resources_panda_description:/home/jone/ws_moveit/install/moveit_common LD_LIBRARY_PATH=/home/jone/ws_moveit/install/moveit_ros_planning/lib:/home/jone/ws_moveit/install/moveit_ros_occupancy_map_monitor/lib:/home/jone/ws_moveit/install/moveit_core/lib:/home/jone/ws_moveit/install/srdfdom/lib:/usr/lib/x86_64-linux-gnu/gazebo-11/plugins:/usr/lib/x86_64-linux-gnu/gazebo-11/plugins:/usr/lib/x86_64-linux-gnu/gazebo-11/plugins PATH=/home/jone/ws_moveit/install/moveit_core/bin:${PATH} PYTHONPATH=/home/jone/ws_moveit/install/moveit_configs_utils/lib/python3.10/site-packages:/home/jone/ws_moveit/install/srdfdom/local/lib/python3.10/dist-packages:/home/jone/ws_moveit/install/launch_param_builder/lib/python3.10/site-packages /usr/bin/cmake --build /home/jone/ws_moveit/build/moveit_ros_perception -- -j16 -l16
[18.622s] Invoking command in '/home/jone/ws_moveit/build/moveit_ros_perception': AMENT_PREFIX_PATH=/home/jone/ws_moveit/install/moveit_ros_planning:/home/jone/ws_moveit/install/moveit_ros_occupancy_map_monitor:/home/jone/ws_moveit/install/moveit_core:/home/jone/ws_moveit/install/moveit_resources_panda_moveit_config:/home/jone/ws_moveit/install/moveit_configs_utils:/home/jone/ws_moveit/install/srdfdom:/home/jone/ws_moveit/install/moveit_resources_pr2_description:/home/jone/ws_moveit/install/moveit_resources_panda_description:/home/jone/ws_moveit/install/moveit_common:/home/jone/ws_moveit/install/launch_param_builder CMAKE_PREFIX_PATH=/home/jone/ws_moveit/install/moveit_ros_planning:/home/jone/ws_moveit/install/moveit_ros_occupancy_map_monitor:/home/jone/ws_moveit/install/moveit_core:/home/jone/ws_moveit/install/moveit_resources_panda_moveit_config:/home/jone/ws_moveit/install/srdfdom:/home/jone/ws_moveit/install/moveit_resources_pr2_description:/home/jone/ws_moveit/install/moveit_resources_panda_description:/home/jone/ws_moveit/install/moveit_common LD_LIBRARY_PATH=/home/jone/ws_moveit/install/moveit_ros_planning/lib:/home/jone/ws_moveit/install/moveit_ros_occupancy_map_monitor/lib:/home/jone/ws_moveit/install/moveit_core/lib:/home/jone/ws_moveit/install/srdfdom/lib:/usr/lib/x86_64-linux-gnu/gazebo-11/plugins:/usr/lib/x86_64-linux-gnu/gazebo-11/plugins:/usr/lib/x86_64-linux-gnu/gazebo-11/plugins PATH=/home/jone/ws_moveit/install/moveit_core/bin:${PATH} PYTHONPATH=/home/jone/ws_moveit/install/moveit_configs_utils/lib/python3.10/site-packages:/home/jone/ws_moveit/install/srdfdom/local/lib/python3.10/dist-packages:/home/jone/ws_moveit/install/launch_param_builder/lib/python3.10/site-packages /usr/bin/cmake --install /home/jone/ws_moveit/build/moveit_ros_perception
[18.628s] -- Install configuration: "Release"
[18.628s] -- Installing: /home/jone/ws_moveit/install/moveit_ros_perception/include
[18.629s] -- Installing: /home/jone/ws_moveit/install/moveit_ros_perception/include/moveit
[18.629s] -- Installing: /home/jone/ws_moveit/install/moveit_ros_perception/include/moveit/lazy_free_space_updater
[18.629s] -- Installing: /home/jone/ws_moveit/install/moveit_ros_perception/include/moveit/lazy_free_space_updater/lazy_free_space_updater.h
[18.629s] -- Up-to-date: /home/jone/ws_moveit/install/moveit_ros_perception/include
[18.629s] -- Up-to-date: /home/jone/ws_moveit/install/moveit_ros_perception/include/moveit
[18.629s] -- Installing: /home/jone/ws_moveit/install/moveit_ros_perception/include/moveit/point_containment_filter
[18.629s] -- Installing: /home/jone/ws_moveit/install/moveit_ros_perception/include/moveit/point_containment_filter/shape_mask.h
[18.629s] -- Up-to-date: /home/jone/ws_moveit/install/moveit_ros_perception/include
[18.629s] -- Up-to-date: /home/jone/ws_moveit/install/moveit_ros_perception/include/moveit
[18.629s] -- Installing: /home/jone/ws_moveit/install/moveit_ros_perception/include/moveit/pointcloud_octomap_updater
[18.630s] -- Installing: /home/jone/ws_moveit/install/moveit_ros_perception/include/moveit/pointcloud_octomap_updater/pointcloud_octomap_updater.h
[18.630s] -- Up-to-date: /home/jone/ws_moveit/install/moveit_ros_perception/include
[18.630s] -- Up-to-date: /home/jone/ws_moveit/install/moveit_ros_perception/include/moveit
[18.630s] -- Installing: /home/jone/ws_moveit/install/moveit_ros_perception/include/moveit/mesh_filter
[18.630s] -- Installing: /home/jone/ws_moveit/install/moveit_ros_perception/include/moveit/mesh_filter/filter_job.h
[18.630s] -- Installing: /home/jone/ws_moveit/install/moveit_ros_perception/include/moveit/mesh_filter/stereo_camera_model.h
[18.630s] -- Installing: /home/jone/ws_moveit/install/moveit_ros_perception/include/moveit/mesh_filter/mesh_filter.h
[18.630s] -- Installing: /home/jone/ws_moveit/install/moveit_ros_perception/include/moveit/mesh_filter/gl_renderer.h
[18.630s] -- Installing: /home/jone/ws_moveit/install/moveit_ros_perception/include/moveit/mesh_filter/sensor_model.h
[18.630s] -- Installing: /home/jone/ws_moveit/install/moveit_ros_perception/include/moveit/mesh_filter/depth_self_filter_nodelet.h
[18.631s] -- Installing: /home/jone/ws_moveit/install/moveit_ros_perception/include/moveit/mesh_filter/transform_provider.h
[18.631s] -- Installing: /home/jone/ws_moveit/install/moveit_ros_perception/include/moveit/mesh_filter/mesh_filter_base.h
[18.631s] -- Installing: /home/jone/ws_moveit/install/moveit_ros_perception/include/moveit/mesh_filter/gl_mesh.h
[18.631s] -- Installing: /home/jone/ws_moveit/install/moveit_ros_perception/include/moveit_mesh_filter_export.h
[18.631s] -- Up-to-date: /home/jone/ws_moveit/install/moveit_ros_perception/include
[18.631s] -- Up-to-date: /home/jone/ws_moveit/install/moveit_ros_perception/include/moveit
[18.632s] -- Installing: /home/jone/ws_moveit/install/moveit_ros_perception/include/moveit/depth_image_octomap_updater
[18.632s] -- Installing: /home/jone/ws_moveit/install/moveit_ros_perception/include/moveit/depth_image_octomap_updater/depth_image_octomap_updater.h
[18.632s] -- Up-to-date: /home/jone/ws_moveit/install/moveit_ros_perception/include
[18.632s] -- Up-to-date: /home/jone/ws_moveit/install/moveit_ros_perception/include/moveit
[18.632s] -- Installing: /home/jone/ws_moveit/install/moveit_ros_perception/include/moveit/semantic_world
[18.632s] -- Installing: /home/jone/ws_moveit/install/moveit_ros_perception/include/moveit/semantic_world/semantic_world.h
[18.632s] -- Installing: /home/jone/ws_moveit/install/moveit_ros_perception/lib/libmoveit_depth_image_octomap_updater.so.2.5.9
[18.632s] -- Set runtime path of "/home/jone/ws_moveit/install/moveit_ros_perception/lib/libmoveit_depth_image_octomap_updater.so.2.5.9" to ""
[18.633s] -- Installing: /home/jone/ws_moveit/install/moveit_ros_perception/lib/libmoveit_depth_image_octomap_updater.so
[18.633s] -- Installing: /home/jone/ws_moveit/install/moveit_ros_perception/lib/libmoveit_depth_image_octomap_updater_core.so.2.5.9
[18.633s] -- Set runtime path of "/home/jone/ws_moveit/install/moveit_ros_perception/lib/libmoveit_depth_image_octomap_updater_core.so.2.5.9" to ""
[18.633s] -- Installing: /home/jone/ws_moveit/install/moveit_ros_perception/lib/libmoveit_depth_image_octomap_updater_core.so
[18.633s] -- Installing: /home/jone/ws_moveit/install/moveit_ros_perception/lib/libmoveit_lazy_free_space_updater.so.2.5.9
[18.633s] -- Set runtime path of "/home/jone/ws_moveit/install/moveit_ros_perception/lib/libmoveit_lazy_free_space_updater.so.2.5.9" to ""
[18.634s] -- Installing: /home/jone/ws_moveit/install/moveit_ros_perception/lib/libmoveit_lazy_free_space_updater.so
[18.634s] -- Installing: /home/jone/ws_moveit/install/moveit_ros_perception/lib/libmoveit_mesh_filter.so.2.5.9
[18.634s] -- Set runtime path of "/home/jone/ws_moveit/install/moveit_ros_perception/lib/libmoveit_mesh_filter.so.2.5.9" to ""
[18.634s] -- Installing: /home/jone/ws_moveit/install/moveit_ros_perception/lib/libmoveit_mesh_filter.so
[18.634s] -- Installing: /home/jone/ws_moveit/install/moveit_ros_perception/lib/libmoveit_point_containment_filter.so.2.5.9
[18.634s] -- Set runtime path of "/home/jone/ws_moveit/install/moveit_ros_perception/lib/libmoveit_point_containment_filter.so.2.5.9" to ""
[18.635s] -- Installing: /home/jone/ws_moveit/install/moveit_ros_perception/lib/libmoveit_point_containment_filter.so
[18.635s] -- Installing: /home/jone/ws_moveit/install/moveit_ros_perception/lib/libmoveit_pointcloud_octomap_updater.so.2.5.9
[18.635s] -- Set runtime path of "/home/jone/ws_moveit/install/moveit_ros_perception/lib/libmoveit_pointcloud_octomap_updater.so.2.5.9" to ""
[18.635s] -- Installing: /home/jone/ws_moveit/install/moveit_ros_perception/lib/libmoveit_pointcloud_octomap_updater.so
[18.635s] -- Installing: /home/jone/ws_moveit/install/moveit_ros_perception/lib/libmoveit_pointcloud_octomap_updater_core.so.2.5.9
[18.636s] -- Set runtime path of "/home/jone/ws_moveit/install/moveit_ros_perception/lib/libmoveit_pointcloud_octomap_updater_core.so.2.5.9" to ""
[18.636s] -- Installing: /home/jone/ws_moveit/install/moveit_ros_perception/lib/libmoveit_pointcloud_octomap_updater_core.so
[18.636s] -- Installing: /home/jone/ws_moveit/install/moveit_ros_perception/lib/libmoveit_semantic_world.so.2.5.9
[18.638s] -- Set runtime path of "/home/jone/ws_moveit/install/moveit_ros_perception/lib/libmoveit_semantic_world.so.2.5.9" to ""
[18.638s] -- Installing: /home/jone/ws_moveit/install/moveit_ros_perception/lib/libmoveit_semantic_world.so
[18.638s] -- Installing: /home/jone/ws_moveit/install/moveit_ros_perception/share/moveit_ros_perception/environment/library_path.sh
[18.638s] -- Installing: /home/jone/ws_moveit/install/moveit_ros_perception/share/moveit_ros_perception/environment/library_path.dsv
[18.638s] -- Installing: /home/jone/ws_moveit/install/moveit_ros_perception/share/moveit_ros_perception/pointcloud_octomap_updater_plugin_description.xml
[18.639s] -- Installing: /home/jone/ws_moveit/install/moveit_ros_perception/share/moveit_ros_perception/depth_image_octomap_updater_plugin_description.xml
[18.639s] -- Installing: /home/jone/ws_moveit/install/moveit_ros_perception/share/ament_index/resource_index/package_run_dependencies/moveit_ros_perception
[18.639s] -- Installing: /home/jone/ws_moveit/install/moveit_ros_perception/share/ament_index/resource_index/parent_prefix_path/moveit_ros_perception
[18.639s] -- Installing: /home/jone/ws_moveit/install/moveit_ros_perception/share/moveit_ros_perception/environment/ament_prefix_path.sh
[18.640s] -- Installing: /home/jone/ws_moveit/install/moveit_ros_perception/share/moveit_ros_perception/environment/ament_prefix_path.dsv
[18.640s] -- Installing: /home/jone/ws_moveit/install/moveit_ros_perception/share/moveit_ros_perception/environment/path.sh
[18.640s] -- Installing: /home/jone/ws_moveit/install/moveit_ros_perception/share/moveit_ros_perception/environment/path.dsv
[18.640s] -- Installing: /home/jone/ws_moveit/install/moveit_ros_perception/share/moveit_ros_perception/local_setup.bash
[18.640s] -- Installing: /home/jone/ws_moveit/install/moveit_ros_perception/share/moveit_ros_perception/local_setup.sh
[18.640s] -- Installing: /home/jone/ws_moveit/install/moveit_ros_perception/share/moveit_ros_perception/local_setup.zsh
[18.641s] -- Installing: /home/jone/ws_moveit/install/moveit_ros_perception/share/moveit_ros_perception/local_setup.dsv
[18.641s] -- Installing: /home/jone/ws_moveit/install/moveit_ros_perception/share/moveit_ros_perception/package.dsv
[18.641s] -- Installing: /home/jone/ws_moveit/install/moveit_ros_perception/share/ament_index/resource_index/packages/moveit_ros_perception
[18.641s] -- Installing: /home/jone/ws_moveit/install/moveit_ros_perception/share/ament_index/resource_index/moveit_ros_occupancy_map_monitor__pluginlib__plugin/moveit_ros_perception
[18.642s] -- Installing: /home/jone/ws_moveit/install/moveit_ros_perception/share/moveit_ros_perception/cmake/export_moveit_ros_perceptionExport.cmake
[18.642s] -- Installing: /home/jone/ws_moveit/install/moveit_ros_perception/share/moveit_ros_perception/cmake/export_moveit_ros_perceptionExport-release.cmake
[18.642s] -- Installing: /home/jone/ws_moveit/install/moveit_ros_perception/share/moveit_ros_perception/cmake/ConfigExtras.cmake
[18.642s] -- Installing: /home/jone/ws_moveit/install/moveit_ros_perception/share/moveit_ros_perception/cmake/ament_cmake_export_targets-extras.cmake
[18.643s] -- Installing: /home/jone/ws_moveit/install/moveit_ros_perception/share/moveit_ros_perception/cmake/ament_cmake_export_dependencies-extras.cmake
[18.643s] -- Installing: /home/jone/ws_moveit/install/moveit_ros_perception/share/moveit_ros_perception/cmake/moveit_ros_perceptionConfig.cmake
[18.643s] -- Installing: /home/jone/ws_moveit/install/moveit_ros_perception/share/moveit_ros_perception/cmake/moveit_ros_perceptionConfig-version.cmake
[18.643s] -- Installing: /home/jone/ws_moveit/install/moveit_ros_perception/share/moveit_ros_perception/package.xml
[18.645s] Invoked command in '/home/jone/ws_moveit/build/moveit_ros_perception' returned '0': AMENT_PREFIX_PATH=/home/jone/ws_moveit/install/moveit_ros_planning:/home/jone/ws_moveit/install/moveit_ros_occupancy_map_monitor:/home/jone/ws_moveit/install/moveit_core:/home/jone/ws_moveit/install/moveit_resources_panda_moveit_config:/home/jone/ws_moveit/install/moveit_configs_utils:/home/jone/ws_moveit/install/srdfdom:/home/jone/ws_moveit/install/moveit_resources_pr2_description:/home/jone/ws_moveit/install/moveit_resources_panda_description:/home/jone/ws_moveit/install/moveit_common:/home/jone/ws_moveit/install/launch_param_builder CMAKE_PREFIX_PATH=/home/jone/ws_moveit/install/moveit_ros_planning:/home/jone/ws_moveit/install/moveit_ros_occupancy_map_monitor:/home/jone/ws_moveit/install/moveit_core:/home/jone/ws_moveit/install/moveit_resources_panda_moveit_config:/home/jone/ws_moveit/install/srdfdom:/home/jone/ws_moveit/install/moveit_resources_pr2_description:/home/jone/ws_moveit/install/moveit_resources_panda_description:/home/jone/ws_moveit/install/moveit_common LD_LIBRARY_PATH=/home/jone/ws_moveit/install/moveit_ros_planning/lib:/home/jone/ws_moveit/install/moveit_ros_occupancy_map_monitor/lib:/home/jone/ws_moveit/install/moveit_core/lib:/home/jone/ws_moveit/install/srdfdom/lib:/usr/lib/x86_64-linux-gnu/gazebo-11/plugins:/usr/lib/x86_64-linux-gnu/gazebo-11/plugins:/usr/lib/x86_64-linux-gnu/gazebo-11/plugins PATH=/home/jone/ws_moveit/install/moveit_core/bin:${PATH} PYTHONPATH=/home/jone/ws_moveit/install/moveit_configs_utils/lib/python3.10/site-packages:/home/jone/ws_moveit/install/srdfdom/local/lib/python3.10/dist-packages:/home/jone/ws_moveit/install/launch_param_builder/lib/python3.10/site-packages /usr/bin/cmake --install /home/jone/ws_moveit/build/moveit_ros_perception
