[0.014s] Invoking command in '/home/jone/ws_moveit/build/moveit_ros_planning': AMENT_PREFIX_PATH=/home/jone/ws_moveit/install/moveit_ros_occupancy_map_monitor:/home/jone/ws_moveit/install/moveit_core:/home/jone/ws_moveit/install/moveit_resources_panda_moveit_config:/home/jone/ws_moveit/install/moveit_configs_utils:/home/jone/ws_moveit/install/srdfdom:/home/jone/ws_moveit/install/moveit_resources_pr2_description:/home/jone/ws_moveit/install/moveit_resources_panda_description:/home/jone/ws_moveit/install/moveit_common:/home/jone/ws_moveit/install/launch_param_builder CMAKE_PREFIX_PATH=/home/jone/ws_moveit/install/moveit_ros_occupancy_map_monitor:/home/jone/ws_moveit/install/moveit_core:/home/jone/ws_moveit/install/moveit_resources_panda_moveit_config:/home/jone/ws_moveit/install/srdfdom:/home/jone/ws_moveit/install/moveit_resources_pr2_description:/home/jone/ws_moveit/install/moveit_resources_panda_description:/home/jone/ws_moveit/install/moveit_common LD_LIBRARY_PATH=/home/jone/ws_moveit/install/moveit_ros_occupancy_map_monitor/lib:/home/jone/ws_moveit/install/moveit_core/lib:/home/jone/ws_moveit/install/srdfdom/lib:/usr/lib/x86_64-linux-gnu/gazebo-11/plugins:/usr/lib/x86_64-linux-gnu/gazebo-11/plugins:/usr/lib/x86_64-linux-gnu/gazebo-11/plugins PATH=/home/jone/ws_moveit/install/moveit_core/bin:${PATH} PYTHONPATH=/home/jone/ws_moveit/install/moveit_configs_utils/lib/python3.10/site-packages:/home/jone/ws_moveit/install/srdfdom/local/lib/python3.10/dist-packages:/home/jone/ws_moveit/install/launch_param_builder/lib/python3.10/site-packages /usr/bin/cmake --build /home/jone/ws_moveit/build/moveit_ros_planning -- -j16 -l16
[0.059s] [35m[1mConsolidate compiler generated dependencies of target gtest_main[0m
[0.059s] [35m[1mConsolidate compiler generated dependencies of target gmock_main[0m
[0.059s] [35m[1mConsolidate compiler generated dependencies of target gtest[0m
[0.060s] [35m[1mConsolidate compiler generated dependencies of target moveit_list_request_adapter_plugins[0m
[0.060s] [35m[1mConsolidate compiler generated dependencies of target moveit_collision_plugin_loader[0m
[0.060s] [35m[1mConsolidate compiler generated dependencies of target moveit_rdf_loader[0m
[0.061s] [35m[1mConsolidate compiler generated dependencies of target moveit_planning_pipeline[0m
[0.061s] [35m[1mConsolidate compiler generated dependencies of target gmock[0m
[0.072s] [  2%] Built target gtest_main
[0.072s] [  5%] Built target gmock_main
[0.072s] [  8%] Built target gtest
[0.074s] [35m[1mConsolidate compiler generated dependencies of target moveit_default_planning_request_adapter_plugins[0m
[0.075s] [ 13%] Built target gmock
[0.080s] [ 19%] Built target moveit_list_request_adapter_plugins
[0.080s] [ 20%] Built target moveit_rdf_loader
[0.080s] [ 23%] Built target moveit_collision_plugin_loader
[0.084s] [ 26%] Built target moveit_planning_pipeline
[0.090s] [35m[1mConsolidate compiler generated dependencies of target moveit_kinematics_plugin_loader[0m
[0.091s] [35m[1mConsolidate compiler generated dependencies of target moveit_constraint_sampler_manager_loader[0m
[0.110s] [ 29%] Built target moveit_kinematics_plugin_loader
[0.111s] [ 32%] Built target moveit_constraint_sampler_manager_loader
[0.121s] [35m[1mConsolidate compiler generated dependencies of target moveit_robot_model_loader[0m
[0.126s] [ 48%] Built target moveit_default_planning_request_adapter_plugins
[0.139s] [ 51%] Built target moveit_robot_model_loader
[0.150s] [35m[1mConsolidate compiler generated dependencies of target moveit_print_planning_model_info[0m
[0.156s] [35m[1mConsolidate compiler generated dependencies of target moveit_planning_scene_monitor[0m
[0.168s] [ 54%] Built target moveit_print_planning_model_info
[0.198s] [ 63%] Built target moveit_planning_scene_monitor
[0.211s] [35m[1mConsolidate compiler generated dependencies of target moveit_print_planning_scene_info[0m
[0.211s] [35m[1mConsolidate compiler generated dependencies of target planning_scene_monitor_test[0m
[0.212s] [35m[1mConsolidate compiler generated dependencies of target moveit_display_random_state[0m
[0.212s] [35m[1mConsolidate compiler generated dependencies of target trajectory_monitor_tests[0m
[0.212s] [35m[1mConsolidate compiler generated dependencies of target current_state_monitor_tests[0m
[0.212s] [35m[1mConsolidate compiler generated dependencies of target moveit_visualize_robot_collision_volume[0m
[0.212s] [35m[1mConsolidate compiler generated dependencies of target moveit_evaluate_collision_checking_speed[0m
[0.213s] [35m[1mConsolidate compiler generated dependencies of target moveit_trajectory_execution_manager[0m
[0.213s] [35m[1mConsolidate compiler generated dependencies of target demo_scene[0m
[0.213s] [35m[1mConsolidate compiler generated dependencies of target moveit_publish_scene_from_text[0m
[0.239s] [ 73%] Built target moveit_print_planning_scene_info
[0.240s] [ 73%] Built target planning_scene_monitor_test
[0.240s] [ 75%] Built target trajectory_monitor_tests
[0.240s] [ 75%] Built target moveit_display_random_state
[0.240s] [ 77%] Built target current_state_monitor_tests
[0.240s] [ 80%] Built target moveit_trajectory_execution_manager
[0.241s] [ 83%] Built target moveit_visualize_robot_collision_volume
[0.242s] [ 86%] Built target moveit_publish_scene_from_text
[0.244s] [ 89%] Built target moveit_evaluate_collision_checking_speed
[0.245s] [ 92%] Built target demo_scene
[0.251s] [35m[1mConsolidate compiler generated dependencies of target moveit_plan_execution[0m
[0.253s] [35m[1mConsolidate compiler generated dependencies of target moveit_cpp[0m
[0.277s] [ 95%] Built target moveit_plan_execution
[0.282s] [100%] Built target moveit_cpp
[0.292s] Invoked command in '/home/jone/ws_moveit/build/moveit_ros_planning' returned '0': AMENT_PREFIX_PATH=/home/jone/ws_moveit/install/moveit_ros_occupancy_map_monitor:/home/jone/ws_moveit/install/moveit_core:/home/jone/ws_moveit/install/moveit_resources_panda_moveit_config:/home/jone/ws_moveit/install/moveit_configs_utils:/home/jone/ws_moveit/install/srdfdom:/home/jone/ws_moveit/install/moveit_resources_pr2_description:/home/jone/ws_moveit/install/moveit_resources_panda_description:/home/jone/ws_moveit/install/moveit_common:/home/jone/ws_moveit/install/launch_param_builder CMAKE_PREFIX_PATH=/home/jone/ws_moveit/install/moveit_ros_occupancy_map_monitor:/home/jone/ws_moveit/install/moveit_core:/home/jone/ws_moveit/install/moveit_resources_panda_moveit_config:/home/jone/ws_moveit/install/srdfdom:/home/jone/ws_moveit/install/moveit_resources_pr2_description:/home/jone/ws_moveit/install/moveit_resources_panda_description:/home/jone/ws_moveit/install/moveit_common LD_LIBRARY_PATH=/home/jone/ws_moveit/install/moveit_ros_occupancy_map_monitor/lib:/home/jone/ws_moveit/install/moveit_core/lib:/home/jone/ws_moveit/install/srdfdom/lib:/usr/lib/x86_64-linux-gnu/gazebo-11/plugins:/usr/lib/x86_64-linux-gnu/gazebo-11/plugins:/usr/lib/x86_64-linux-gnu/gazebo-11/plugins PATH=/home/jone/ws_moveit/install/moveit_core/bin:${PATH} PYTHONPATH=/home/jone/ws_moveit/install/moveit_configs_utils/lib/python3.10/site-packages:/home/jone/ws_moveit/install/srdfdom/local/lib/python3.10/dist-packages:/home/jone/ws_moveit/install/launch_param_builder/lib/python3.10/site-packages /usr/bin/cmake --build /home/jone/ws_moveit/build/moveit_ros_planning -- -j16 -l16
[0.294s] Invoking command in '/home/jone/ws_moveit/build/moveit_ros_planning': AMENT_PREFIX_PATH=/home/jone/ws_moveit/install/moveit_ros_occupancy_map_monitor:/home/jone/ws_moveit/install/moveit_core:/home/jone/ws_moveit/install/moveit_resources_panda_moveit_config:/home/jone/ws_moveit/install/moveit_configs_utils:/home/jone/ws_moveit/install/srdfdom:/home/jone/ws_moveit/install/moveit_resources_pr2_description:/home/jone/ws_moveit/install/moveit_resources_panda_description:/home/jone/ws_moveit/install/moveit_common:/home/jone/ws_moveit/install/launch_param_builder CMAKE_PREFIX_PATH=/home/jone/ws_moveit/install/moveit_ros_occupancy_map_monitor:/home/jone/ws_moveit/install/moveit_core:/home/jone/ws_moveit/install/moveit_resources_panda_moveit_config:/home/jone/ws_moveit/install/srdfdom:/home/jone/ws_moveit/install/moveit_resources_pr2_description:/home/jone/ws_moveit/install/moveit_resources_panda_description:/home/jone/ws_moveit/install/moveit_common LD_LIBRARY_PATH=/home/jone/ws_moveit/install/moveit_ros_occupancy_map_monitor/lib:/home/jone/ws_moveit/install/moveit_core/lib:/home/jone/ws_moveit/install/srdfdom/lib:/usr/lib/x86_64-linux-gnu/gazebo-11/plugins:/usr/lib/x86_64-linux-gnu/gazebo-11/plugins:/usr/lib/x86_64-linux-gnu/gazebo-11/plugins PATH=/home/jone/ws_moveit/install/moveit_core/bin:${PATH} PYTHONPATH=/home/jone/ws_moveit/install/moveit_configs_utils/lib/python3.10/site-packages:/home/jone/ws_moveit/install/srdfdom/local/lib/python3.10/dist-packages:/home/jone/ws_moveit/install/launch_param_builder/lib/python3.10/site-packages /usr/bin/cmake --install /home/jone/ws_moveit/build/moveit_ros_planning
[0.301s] -- Install configuration: "Release"
[0.301s] -- Up-to-date: /home/jone/ws_moveit/install/moveit_ros_planning/include
[0.301s] -- Up-to-date: /home/jone/ws_moveit/install/moveit_ros_planning/include/moveit
[0.301s] -- Up-to-date: /home/jone/ws_moveit/install/moveit_ros_planning/include/moveit/rdf_loader
[0.301s] -- Up-to-date: /home/jone/ws_moveit/install/moveit_ros_planning/include/moveit/rdf_loader/rdf_loader.h
[0.301s] -- Up-to-date: /home/jone/ws_moveit/install/moveit_ros_planning/include/moveit/rdf_loader/synchronized_string_parameter.h
[0.302s] -- Up-to-date: /home/jone/ws_moveit/install/moveit_ros_planning/share/moveit_ros_planning/rdf_loader/test/data
[0.302s] -- Up-to-date: /home/jone/ws_moveit/install/moveit_ros_planning/share/moveit_ros_planning/rdf_loader/test/data/kermit.srdf
[0.302s] -- Up-to-date: /home/jone/ws_moveit/install/moveit_ros_planning/share/moveit_ros_planning/rdf_loader/test/data/gonzo.srdf
[0.302s] -- Up-to-date: /home/jone/ws_moveit/install/moveit_ros_planning/share/moveit_ros_planning/rdf_loader/test/data/gonzo.urdf
[0.302s] -- Up-to-date: /home/jone/ws_moveit/install/moveit_ros_planning/share/moveit_ros_planning/rdf_loader/test/data/kermit.urdf
[0.302s] -- Up-to-date: /home/jone/ws_moveit/install/moveit_ros_planning/share/moveit_ros_planning/rdf_loader/test/data/robin.srdf.xacro
[0.302s] -- Up-to-date: /home/jone/ws_moveit/install/moveit_ros_planning/share/moveit_ros_planning/rdf_loader/test/launch
[0.302s] -- Up-to-date: /home/jone/ws_moveit/install/moveit_ros_planning/share/moveit_ros_planning/rdf_loader/test/launch/test_rdf_integration.test.py
[0.302s] -- Up-to-date: /home/jone/ws_moveit/install/moveit_ros_planning/include
[0.302s] -- Up-to-date: /home/jone/ws_moveit/install/moveit_ros_planning/include/moveit
[0.302s] -- Up-to-date: /home/jone/ws_moveit/install/moveit_ros_planning/include/moveit/collision_plugin_loader
[0.302s] -- Up-to-date: /home/jone/ws_moveit/install/moveit_ros_planning/include/moveit/collision_plugin_loader/collision_plugin_loader.h
[0.303s] -- Up-to-date: /home/jone/ws_moveit/install/moveit_ros_planning/include
[0.303s] -- Up-to-date: /home/jone/ws_moveit/install/moveit_ros_planning/include/moveit
[0.303s] -- Up-to-date: /home/jone/ws_moveit/install/moveit_ros_planning/include/moveit/kinematics_plugin_loader
[0.303s] -- Up-to-date: /home/jone/ws_moveit/install/moveit_ros_planning/include/moveit/kinematics_plugin_loader/kinematics_plugin_loader.h
[0.303s] -- Up-to-date: /home/jone/ws_moveit/install/moveit_ros_planning/include
[0.303s] -- Up-to-date: /home/jone/ws_moveit/install/moveit_ros_planning/include/moveit
[0.303s] -- Up-to-date: /home/jone/ws_moveit/install/moveit_ros_planning/include/moveit/robot_model_loader
[0.303s] -- Up-to-date: /home/jone/ws_moveit/install/moveit_ros_planning/include/moveit/robot_model_loader/robot_model_loader.h
[0.303s] -- Up-to-date: /home/jone/ws_moveit/install/moveit_ros_planning/include
[0.303s] -- Up-to-date: /home/jone/ws_moveit/install/moveit_ros_planning/include/moveit
[0.303s] -- Up-to-date: /home/jone/ws_moveit/install/moveit_ros_planning/include/moveit/constraint_sampler_manager_loader
[0.303s] -- Up-to-date: /home/jone/ws_moveit/install/moveit_ros_planning/include/moveit/constraint_sampler_manager_loader/constraint_sampler_manager_loader.h
[0.304s] -- Up-to-date: /home/jone/ws_moveit/install/moveit_ros_planning/include
[0.304s] -- Up-to-date: /home/jone/ws_moveit/install/moveit_ros_planning/include/moveit
[0.304s] -- Up-to-date: /home/jone/ws_moveit/install/moveit_ros_planning/include/moveit/planning_pipeline
[0.304s] -- Up-to-date: /home/jone/ws_moveit/install/moveit_ros_planning/include/moveit/planning_pipeline/planning_pipeline.h
[0.304s] -- Up-to-date: /home/jone/ws_moveit/install/moveit_ros_planning/include/moveit_planning_pipeline_export.h
[0.305s] -- Up-to-date: /home/jone/ws_moveit/install/moveit_ros_planning/lib/moveit_ros_planning/moveit_list_request_adapter_plugins
[0.305s] -- Up-to-date: /home/jone/ws_moveit/install/moveit_ros_planning/lib/moveit_ros_planning/demo_scene
[0.306s] -- Up-to-date: /home/jone/ws_moveit/install/moveit_ros_planning/include
[0.306s] -- Up-to-date: /home/jone/ws_moveit/install/moveit_ros_planning/include/moveit
[0.306s] -- Up-to-date: /home/jone/ws_moveit/install/moveit_ros_planning/include/moveit/planning_scene_monitor
[0.306s] -- Up-to-date: /home/jone/ws_moveit/install/moveit_ros_planning/include/moveit/planning_scene_monitor/current_state_monitor.h
[0.306s] -- Up-to-date: /home/jone/ws_moveit/install/moveit_ros_planning/include/moveit/planning_scene_monitor/trajectory_monitor.h
[0.306s] -- Up-to-date: /home/jone/ws_moveit/install/moveit_ros_planning/include/moveit/planning_scene_monitor/trajectory_monitor_middleware_handle.hpp
[0.306s] -- Up-to-date: /home/jone/ws_moveit/install/moveit_ros_planning/include/moveit/planning_scene_monitor/planning_scene_monitor.h
[0.306s] -- Up-to-date: /home/jone/ws_moveit/install/moveit_ros_planning/include/moveit/planning_scene_monitor/current_state_monitor_middleware_handle.hpp
[0.306s] -- Up-to-date: /home/jone/ws_moveit/install/moveit_ros_planning/include/moveit_planning_scene_monitor_export.h
[0.307s] -- Up-to-date: /home/jone/ws_moveit/install/moveit_ros_planning/lib/moveit_ros_planning/moveit_print_planning_model_info
[0.307s] -- Up-to-date: /home/jone/ws_moveit/install/moveit_ros_planning/lib/moveit_ros_planning/moveit_print_planning_scene_info
[0.308s] -- Up-to-date: /home/jone/ws_moveit/install/moveit_ros_planning/lib/moveit_ros_planning/moveit_display_random_state
[0.309s] -- Up-to-date: /home/jone/ws_moveit/install/moveit_ros_planning/lib/moveit_ros_planning/moveit_visualize_robot_collision_volume
[0.309s] -- Up-to-date: /home/jone/ws_moveit/install/moveit_ros_planning/lib/moveit_ros_planning/moveit_evaluate_collision_checking_speed
[0.310s] -- Up-to-date: /home/jone/ws_moveit/install/moveit_ros_planning/lib/moveit_ros_planning/moveit_publish_scene_from_text
[0.310s] -- Up-to-date: /home/jone/ws_moveit/install/moveit_ros_planning/include
[0.310s] -- Up-to-date: /home/jone/ws_moveit/install/moveit_ros_planning/include/moveit
[0.310s] -- Up-to-date: /home/jone/ws_moveit/install/moveit_ros_planning/include/moveit/trajectory_execution_manager
[0.310s] -- Up-to-date: /home/jone/ws_moveit/install/moveit_ros_planning/include/moveit/trajectory_execution_manager/trajectory_execution_manager.h
[0.310s] -- Up-to-date: /home/jone/ws_moveit/install/moveit_ros_planning/include/moveit_trajectory_execution_manager_export.h
[0.311s] -- Up-to-date: /home/jone/ws_moveit/install/moveit_ros_planning/include
[0.311s] -- Up-to-date: /home/jone/ws_moveit/install/moveit_ros_planning/include/moveit
[0.311s] -- Up-to-date: /home/jone/ws_moveit/install/moveit_ros_planning/include/moveit/plan_execution
[0.311s] -- Up-to-date: /home/jone/ws_moveit/install/moveit_ros_planning/include/moveit/plan_execution/plan_representation.h
[0.311s] -- Up-to-date: /home/jone/ws_moveit/install/moveit_ros_planning/include/moveit/plan_execution/plan_execution.h
[0.311s] -- Up-to-date: /home/jone/ws_moveit/install/moveit_ros_planning/include
[0.311s] -- Up-to-date: /home/jone/ws_moveit/install/moveit_ros_planning/include/moveit
[0.311s] -- Up-to-date: /home/jone/ws_moveit/install/moveit_ros_planning/include/moveit/moveit_cpp
[0.311s] -- Up-to-date: /home/jone/ws_moveit/install/moveit_ros_planning/include/moveit/moveit_cpp/planning_component.h
[0.311s] -- Up-to-date: /home/jone/ws_moveit/install/moveit_ros_planning/include/moveit/moveit_cpp/moveit_cpp.h
[0.312s] -- Up-to-date: /home/jone/ws_moveit/install/moveit_ros_planning/lib/libmoveit_rdf_loader.so.2.5.9
[0.312s] -- Up-to-date: /home/jone/ws_moveit/install/moveit_ros_planning/lib/libmoveit_rdf_loader.so
[0.312s] -- Up-to-date: /home/jone/ws_moveit/install/moveit_ros_planning/lib/libmoveit_kinematics_plugin_loader.so.2.5.9
[0.312s] -- Up-to-date: /home/jone/ws_moveit/install/moveit_ros_planning/lib/libmoveit_kinematics_plugin_loader.so
[0.313s] -- Up-to-date: /home/jone/ws_moveit/install/moveit_ros_planning/lib/libmoveit_robot_model_loader.so.2.5.9
[0.313s] -- Up-to-date: /home/jone/ws_moveit/install/moveit_ros_planning/lib/libmoveit_robot_model_loader.so
[0.313s] -- Up-to-date: /home/jone/ws_moveit/install/moveit_ros_planning/lib/libmoveit_constraint_sampler_manager_loader.so.2.5.9
[0.314s] -- Up-to-date: /home/jone/ws_moveit/install/moveit_ros_planning/lib/libmoveit_constraint_sampler_manager_loader.so
[0.314s] -- Up-to-date: /home/jone/ws_moveit/install/moveit_ros_planning/lib/libmoveit_planning_pipeline.so.2.5.9
[0.314s] -- Up-to-date: /home/jone/ws_moveit/install/moveit_ros_planning/lib/libmoveit_planning_pipeline.so
[0.315s] -- Up-to-date: /home/jone/ws_moveit/install/moveit_ros_planning/lib/libmoveit_trajectory_execution_manager.so.2.5.9
[0.315s] -- Up-to-date: /home/jone/ws_moveit/install/moveit_ros_planning/lib/libmoveit_trajectory_execution_manager.so
[0.315s] -- Up-to-date: /home/jone/ws_moveit/install/moveit_ros_planning/lib/libmoveit_plan_execution.so.2.5.9
[0.315s] -- Up-to-date: /home/jone/ws_moveit/install/moveit_ros_planning/lib/libmoveit_plan_execution.so
[0.316s] -- Up-to-date: /home/jone/ws_moveit/install/moveit_ros_planning/lib/libmoveit_planning_scene_monitor.so.2.5.9
[0.316s] -- Up-to-date: /home/jone/ws_moveit/install/moveit_ros_planning/lib/libmoveit_planning_scene_monitor.so
[0.316s] -- Up-to-date: /home/jone/ws_moveit/install/moveit_ros_planning/lib/libmoveit_collision_plugin_loader.so.2.5.9
[0.317s] -- Up-to-date: /home/jone/ws_moveit/install/moveit_ros_planning/lib/libmoveit_collision_plugin_loader.so
[0.317s] -- Up-to-date: /home/jone/ws_moveit/install/moveit_ros_planning/lib/libmoveit_default_planning_request_adapter_plugins.so.2.5.9
[0.317s] -- Up-to-date: /home/jone/ws_moveit/install/moveit_ros_planning/lib/libmoveit_default_planning_request_adapter_plugins.so
[0.318s] -- Up-to-date: /home/jone/ws_moveit/install/moveit_ros_planning/lib/libmoveit_cpp.so.2.5.9
[0.318s] -- Up-to-date: /home/jone/ws_moveit/install/moveit_ros_planning/lib/libmoveit_cpp.so
[0.318s] -- Up-to-date: /home/jone/ws_moveit/install/moveit_ros_planning/share/moveit_ros_planning/environment/library_path.sh
[0.318s] -- Up-to-date: /home/jone/ws_moveit/install/moveit_ros_planning/share/moveit_ros_planning/environment/library_path.dsv
[0.318s] -- Up-to-date: /home/jone/ws_moveit/install/moveit_ros_planning/share/moveit_ros_planning/planning_request_adapters_plugin_description.xml
[0.318s] -- Up-to-date: /home/jone/ws_moveit/install/moveit_ros_planning/share/ament_index/resource_index/package_run_dependencies/moveit_ros_planning
[0.318s] -- Up-to-date: /home/jone/ws_moveit/install/moveit_ros_planning/share/ament_index/resource_index/parent_prefix_path/moveit_ros_planning
[0.318s] -- Up-to-date: /home/jone/ws_moveit/install/moveit_ros_planning/share/moveit_ros_planning/environment/ament_prefix_path.sh
[0.318s] -- Up-to-date: /home/jone/ws_moveit/install/moveit_ros_planning/share/moveit_ros_planning/environment/ament_prefix_path.dsv
[0.319s] -- Up-to-date: /home/jone/ws_moveit/install/moveit_ros_planning/share/moveit_ros_planning/environment/path.sh
[0.319s] -- Up-to-date: /home/jone/ws_moveit/install/moveit_ros_planning/share/moveit_ros_planning/environment/path.dsv
[0.319s] -- Up-to-date: /home/jone/ws_moveit/install/moveit_ros_planning/share/moveit_ros_planning/local_setup.bash
[0.319s] -- Up-to-date: /home/jone/ws_moveit/install/moveit_ros_planning/share/moveit_ros_planning/local_setup.sh
[0.319s] -- Up-to-date: /home/jone/ws_moveit/install/moveit_ros_planning/share/moveit_ros_planning/local_setup.zsh
[0.319s] -- Up-to-date: /home/jone/ws_moveit/install/moveit_ros_planning/share/moveit_ros_planning/local_setup.dsv
[0.319s] -- Installing: /home/jone/ws_moveit/install/moveit_ros_planning/share/moveit_ros_planning/package.dsv
[0.319s] -- Up-to-date: /home/jone/ws_moveit/install/moveit_ros_planning/share/ament_index/resource_index/packages/moveit_ros_planning
[0.319s] -- Up-to-date: /home/jone/ws_moveit/install/moveit_ros_planning/share/ament_index/resource_index/moveit_core__pluginlib__plugin/moveit_ros_planning
[0.320s] -- Up-to-date: /home/jone/ws_moveit/install/moveit_ros_planning/share/moveit_ros_planning/cmake/export_moveit_ros_planningExport.cmake
[0.320s] -- Up-to-date: /home/jone/ws_moveit/install/moveit_ros_planning/share/moveit_ros_planning/cmake/export_moveit_ros_planningExport-release.cmake
[0.320s] -- Up-to-date: /home/jone/ws_moveit/install/moveit_ros_planning/share/moveit_ros_planning/cmake/ConfigExtras.cmake
[0.320s] -- Up-to-date: /home/jone/ws_moveit/install/moveit_ros_planning/share/moveit_ros_planning/cmake/ament_cmake_export_targets-extras.cmake
[0.320s] -- Up-to-date: /home/jone/ws_moveit/install/moveit_ros_planning/share/moveit_ros_planning/cmake/ament_cmake_export_dependencies-extras.cmake
[0.320s] -- Up-to-date: /home/jone/ws_moveit/install/moveit_ros_planning/share/moveit_ros_planning/cmake/moveit_ros_planningConfig.cmake
[0.320s] -- Up-to-date: /home/jone/ws_moveit/install/moveit_ros_planning/share/moveit_ros_planning/cmake/moveit_ros_planningConfig-version.cmake
[0.320s] -- Up-to-date: /home/jone/ws_moveit/install/moveit_ros_planning/share/moveit_ros_planning/package.xml
[0.322s] Invoked command in '/home/jone/ws_moveit/build/moveit_ros_planning' returned '0': AMENT_PREFIX_PATH=/home/jone/ws_moveit/install/moveit_ros_occupancy_map_monitor:/home/jone/ws_moveit/install/moveit_core:/home/jone/ws_moveit/install/moveit_resources_panda_moveit_config:/home/jone/ws_moveit/install/moveit_configs_utils:/home/jone/ws_moveit/install/srdfdom:/home/jone/ws_moveit/install/moveit_resources_pr2_description:/home/jone/ws_moveit/install/moveit_resources_panda_description:/home/jone/ws_moveit/install/moveit_common:/home/jone/ws_moveit/install/launch_param_builder CMAKE_PREFIX_PATH=/home/jone/ws_moveit/install/moveit_ros_occupancy_map_monitor:/home/jone/ws_moveit/install/moveit_core:/home/jone/ws_moveit/install/moveit_resources_panda_moveit_config:/home/jone/ws_moveit/install/srdfdom:/home/jone/ws_moveit/install/moveit_resources_pr2_description:/home/jone/ws_moveit/install/moveit_resources_panda_description:/home/jone/ws_moveit/install/moveit_common LD_LIBRARY_PATH=/home/jone/ws_moveit/install/moveit_ros_occupancy_map_monitor/lib:/home/jone/ws_moveit/install/moveit_core/lib:/home/jone/ws_moveit/install/srdfdom/lib:/usr/lib/x86_64-linux-gnu/gazebo-11/plugins:/usr/lib/x86_64-linux-gnu/gazebo-11/plugins:/usr/lib/x86_64-linux-gnu/gazebo-11/plugins PATH=/home/jone/ws_moveit/install/moveit_core/bin:${PATH} PYTHONPATH=/home/jone/ws_moveit/install/moveit_configs_utils/lib/python3.10/site-packages:/home/jone/ws_moveit/install/srdfdom/local/lib/python3.10/dist-packages:/home/jone/ws_moveit/install/launch_param_builder/lib/python3.10/site-packages /usr/bin/cmake --install /home/jone/ws_moveit/build/moveit_ros_planning
