[0.004s] Invoking command in '/home/jone/ws_moveit/build/moveit_resources_fanuc_description': /usr/bin/cmake --build /home/jone/ws_moveit/build/moveit_resources_fanuc_description -- -j16 -l16
[0.038s] Invoked command in '/home/jone/ws_moveit/build/moveit_resources_fanuc_description' returned '0': /usr/bin/cmake --build /home/jone/ws_moveit/build/moveit_resources_fanuc_description -- -j16 -l16
[0.040s] Invoking command in '/home/jone/ws_moveit/build/moveit_resources_fanuc_description': /usr/bin/cmake --install /home/jone/ws_moveit/build/moveit_resources_fanuc_description
[0.046s] -- Install configuration: "Release"
[0.046s] -- Up-to-date: /home/jone/ws_moveit/install/moveit_resources_fanuc_description/share/ament_index/resource_index/package_run_dependencies/moveit_resources_fanuc_description
[0.046s] -- Up-to-date: /home/jone/ws_moveit/install/moveit_resources_fanuc_description/share/ament_index/resource_index/parent_prefix_path/moveit_resources_fanuc_description
[0.046s] -- Up-to-date: /home/jone/ws_moveit/install/moveit_resources_fanuc_description/share/moveit_resources_fanuc_description/environment/ament_prefix_path.sh
[0.046s] -- Up-to-date: /home/jone/ws_moveit/install/moveit_resources_fanuc_description/share/moveit_resources_fanuc_description/environment/ament_prefix_path.dsv
[0.046s] -- Up-to-date: /home/jone/ws_moveit/install/moveit_resources_fanuc_description/share/moveit_resources_fanuc_description/environment/path.sh
[0.047s] -- Up-to-date: /home/jone/ws_moveit/install/moveit_resources_fanuc_description/share/moveit_resources_fanuc_description/environment/path.dsv
[0.047s] -- Up-to-date: /home/jone/ws_moveit/install/moveit_resources_fanuc_description/share/moveit_resources_fanuc_description/local_setup.bash
[0.047s] -- Up-to-date: /home/jone/ws_moveit/install/moveit_resources_fanuc_description/share/moveit_resources_fanuc_description/local_setup.sh
[0.047s] -- Up-to-date: /home/jone/ws_moveit/install/moveit_resources_fanuc_description/share/moveit_resources_fanuc_description/local_setup.zsh
[0.047s] -- Up-to-date: /home/jone/ws_moveit/install/moveit_resources_fanuc_description/share/moveit_resources_fanuc_description/local_setup.dsv
[0.047s] -- Installing: /home/jone/ws_moveit/install/moveit_resources_fanuc_description/share/moveit_resources_fanuc_description/package.dsv
[0.047s] -- Up-to-date: /home/jone/ws_moveit/install/moveit_resources_fanuc_description/share/ament_index/resource_index/packages/moveit_resources_fanuc_description
[0.047s] -- Up-to-date: /home/jone/ws_moveit/install/moveit_resources_fanuc_description/share/moveit_resources_fanuc_description/cmake/moveit_resources_fanuc_descriptionConfig.cmake
[0.047s] -- Up-to-date: /home/jone/ws_moveit/install/moveit_resources_fanuc_description/share/moveit_resources_fanuc_description/cmake/moveit_resources_fanuc_descriptionConfig-version.cmake
[0.047s] -- Up-to-date: /home/jone/ws_moveit/install/moveit_resources_fanuc_description/share/moveit_resources_fanuc_description/package.xml
[0.047s] -- Up-to-date: /home/jone/ws_moveit/install/moveit_resources_fanuc_description/share/moveit_resources_fanuc_description/meshes
[0.047s] -- Up-to-date: /home/jone/ws_moveit/install/moveit_resources_fanuc_description/share/moveit_resources_fanuc_description/meshes/visual
[0.047s] -- Up-to-date: /home/jone/ws_moveit/install/moveit_resources_fanuc_description/share/moveit_resources_fanuc_description/meshes/visual/link_4.stl
[0.047s] -- Up-to-date: /home/jone/ws_moveit/install/moveit_resources_fanuc_description/share/moveit_resources_fanuc_description/meshes/visual/link_2.stl
[0.048s] -- Up-to-date: /home/jone/ws_moveit/install/moveit_resources_fanuc_description/share/moveit_resources_fanuc_description/meshes/visual/base_link.stl
[0.048s] -- Up-to-date: /home/jone/ws_moveit/install/moveit_resources_fanuc_description/share/moveit_resources_fanuc_description/meshes/visual/link_6.stl
[0.048s] -- Up-to-date: /home/jone/ws_moveit/install/moveit_resources_fanuc_description/share/moveit_resources_fanuc_description/meshes/visual/link_1.stl
[0.048s] -- Up-to-date: /home/jone/ws_moveit/install/moveit_resources_fanuc_description/share/moveit_resources_fanuc_description/meshes/visual/link_5.stl
[0.048s] -- Up-to-date: /home/jone/ws_moveit/install/moveit_resources_fanuc_description/share/moveit_resources_fanuc_description/meshes/visual/link_3.stl
[0.048s] -- Up-to-date: /home/jone/ws_moveit/install/moveit_resources_fanuc_description/share/moveit_resources_fanuc_description/meshes/collision
[0.048s] -- Up-to-date: /home/jone/ws_moveit/install/moveit_resources_fanuc_description/share/moveit_resources_fanuc_description/meshes/collision/link_4.stl
[0.048s] -- Up-to-date: /home/jone/ws_moveit/install/moveit_resources_fanuc_description/share/moveit_resources_fanuc_description/meshes/collision/link_2.stl
[0.048s] -- Up-to-date: /home/jone/ws_moveit/install/moveit_resources_fanuc_description/share/moveit_resources_fanuc_description/meshes/collision/base_link.stl
[0.048s] -- Up-to-date: /home/jone/ws_moveit/install/moveit_resources_fanuc_description/share/moveit_resources_fanuc_description/meshes/collision/link_6.stl
[0.048s] -- Up-to-date: /home/jone/ws_moveit/install/moveit_resources_fanuc_description/share/moveit_resources_fanuc_description/meshes/collision/link_1.stl
[0.048s] -- Up-to-date: /home/jone/ws_moveit/install/moveit_resources_fanuc_description/share/moveit_resources_fanuc_description/meshes/collision/link_5.stl
[0.048s] -- Up-to-date: /home/jone/ws_moveit/install/moveit_resources_fanuc_description/share/moveit_resources_fanuc_description/meshes/collision/link_3.stl
[0.048s] -- Up-to-date: /home/jone/ws_moveit/install/moveit_resources_fanuc_description/share/moveit_resources_fanuc_description/urdf
[0.048s] -- Up-to-date: /home/jone/ws_moveit/install/moveit_resources_fanuc_description/share/moveit_resources_fanuc_description/urdf/fanuc.urdf
[0.050s] Invoked command in '/home/jone/ws_moveit/build/moveit_resources_fanuc_description' returned '0': /usr/bin/cmake --install /home/jone/ws_moveit/build/moveit_resources_fanuc_description
