[0.081s] Invoking command in '/home/jone/ws_moveit/build/rviz_marker_tools': AMENT_PREFIX_PATH=/home/jone/ws_moveit/install/moveit_common:${AMENT_PREFIX_PATH} CMAKE_PREFIX_PATH=/home/jone/ws_moveit/install/moveit_common:/opt/ros/humble /usr/bin/cmake --build /home/jone/ws_moveit/build/rviz_marker_tools -- -j16 -l16
[0.141s] [ 50%] [32mBuilding CXX object CMakeFiles/rviz_marker_tools.dir/src/marker_creation.cpp.o[0m
[8.286s] [100%] [32m[1mLinking CXX shared library librviz_marker_tools.so[0m
[8.704s] [100%] Built target rviz_marker_tools
[8.719s] Invoked command in '/home/jone/ws_moveit/build/rviz_marker_tools' returned '0': AMENT_PREFIX_PATH=/home/jone/ws_moveit/install/moveit_common:${AMENT_PREFIX_PATH} CMAKE_PREFIX_PATH=/home/jone/ws_moveit/install/moveit_common:/opt/ros/humble /usr/bin/cmake --build /home/jone/ws_moveit/build/rviz_marker_tools -- -j16 -l16
[8.721s] Invoking command in '/home/jone/ws_moveit/build/rviz_marker_tools': AMENT_PREFIX_PATH=/home/jone/ws_moveit/install/moveit_common:${AMENT_PREFIX_PATH} CMAKE_PREFIX_PATH=/home/jone/ws_moveit/install/moveit_common:/opt/ros/humble /usr/bin/cmake --install /home/jone/ws_moveit/build/rviz_marker_tools
[8.731s] -- Install configuration: "Release"
[8.732s] -- Installing: /home/jone/ws_moveit/install/rviz_marker_tools/include
[8.732s] -- Installing: /home/jone/ws_moveit/install/rviz_marker_tools/include/rviz_marker_tools
[8.732s] -- Installing: /home/jone/ws_moveit/install/rviz_marker_tools/include/rviz_marker_tools/marker_creation.h
[8.732s] -- Installing: /home/jone/ws_moveit/install/rviz_marker_tools/lib/librviz_marker_tools.so
[8.732s] -- Set runtime path of "/home/jone/ws_moveit/install/rviz_marker_tools/lib/librviz_marker_tools.so" to ""
[8.732s] -- Installing: /home/jone/ws_moveit/install/rviz_marker_tools/share/rviz_marker_tools/environment/library_path.sh
[8.732s] -- Installing: /home/jone/ws_moveit/install/rviz_marker_tools/share/rviz_marker_tools/environment/library_path.dsv
[8.732s] -- Installing: /home/jone/ws_moveit/install/rviz_marker_tools/share/ament_index/resource_index/package_run_dependencies/rviz_marker_tools
[8.733s] -- Installing: /home/jone/ws_moveit/install/rviz_marker_tools/share/ament_index/resource_index/parent_prefix_path/rviz_marker_tools
[8.733s] -- Installing: /home/jone/ws_moveit/install/rviz_marker_tools/share/rviz_marker_tools/environment/ament_prefix_path.sh
[8.733s] -- Installing: /home/jone/ws_moveit/install/rviz_marker_tools/share/rviz_marker_tools/environment/ament_prefix_path.dsv
[8.733s] -- Installing: /home/jone/ws_moveit/install/rviz_marker_tools/share/rviz_marker_tools/environment/path.sh
[8.733s] -- Installing: /home/jone/ws_moveit/install/rviz_marker_tools/share/rviz_marker_tools/environment/path.dsv
[8.733s] -- Installing: /home/jone/ws_moveit/install/rviz_marker_tools/share/rviz_marker_tools/local_setup.bash
[8.734s] -- Installing: /home/jone/ws_moveit/install/rviz_marker_tools/share/rviz_marker_tools/local_setup.sh
[8.734s] -- Installing: /home/jone/ws_moveit/install/rviz_marker_tools/share/rviz_marker_tools/local_setup.zsh
[8.734s] -- Installing: /home/jone/ws_moveit/install/rviz_marker_tools/share/rviz_marker_tools/local_setup.dsv
[8.734s] -- Installing: /home/jone/ws_moveit/install/rviz_marker_tools/share/rviz_marker_tools/package.dsv
[8.734s] -- Installing: /home/jone/ws_moveit/install/rviz_marker_tools/share/ament_index/resource_index/packages/rviz_marker_tools
[8.735s] -- Installing: /home/jone/ws_moveit/install/rviz_marker_tools/share/rviz_marker_tools/cmake/rviz_marker_toolsTargetsExport.cmake
[8.735s] -- Installing: /home/jone/ws_moveit/install/rviz_marker_tools/share/rviz_marker_tools/cmake/rviz_marker_toolsTargetsExport-release.cmake
[8.735s] -- Installing: /home/jone/ws_moveit/install/rviz_marker_tools/share/rviz_marker_tools/cmake/ament_cmake_export_targets-extras.cmake
[8.735s] -- Installing: /home/jone/ws_moveit/install/rviz_marker_tools/share/rviz_marker_tools/cmake/ament_cmake_export_dependencies-extras.cmake
[8.735s] -- Installing: /home/jone/ws_moveit/install/rviz_marker_tools/share/rviz_marker_tools/cmake/rviz_marker_toolsConfig.cmake
[8.735s] -- Installing: /home/jone/ws_moveit/install/rviz_marker_tools/share/rviz_marker_tools/cmake/rviz_marker_toolsConfig-version.cmake
[8.735s] -- Installing: /home/jone/ws_moveit/install/rviz_marker_tools/share/rviz_marker_tools/package.xml
[8.739s] Invoked command in '/home/jone/ws_moveit/build/rviz_marker_tools' returned '0': AMENT_PREFIX_PATH=/home/jone/ws_moveit/install/moveit_common:${AMENT_PREFIX_PATH} CMAKE_PREFIX_PATH=/home/jone/ws_moveit/install/moveit_common:/opt/ros/humble /usr/bin/cmake --install /home/jone/ws_moveit/build/rviz_marker_tools
