[0.231s] Invoking command in '/home/jone/ws_moveit/build/moveit_task_constructor_msgs': CMAKE_PREFIX_PATH=/opt/ros/humble /usr/bin/cmake /home/jone/ws_moveit/src/moveit_task_constructor/msgs -DCMAKE_BUILD_TYPE=Release -DCMAKE_INSTALL_PREFIX=/home/jone/ws_moveit/install/moveit_task_constructor_msgs
[0.241s] -- Found ament_cmake: 1.3.12 (/opt/ros/humble/share/ament_cmake/cmake)
[0.410s] -- Found Python3: /usr/bin/python3 (found version "3.10.12") found components: Interpreter 
[0.502s] -- Found builtin_interfaces: 1.2.2 (/opt/ros/humble/share/builtin_interfaces/cmake)
[0.547s] -- Found rosidl_generator_c: 3.1.7 (/opt/ros/humble/share/rosidl_generator_c/cmake)
[0.553s] -- Found rosidl_adapter: 3.1.7 (/opt/ros/humble/share/rosidl_adapter/cmake)
[0.563s] -- Found rosidl_generator_cpp: 3.1.7 (/opt/ros/humble/share/rosidl_generator_cpp/cmake)
[0.578s] -- Using all available rosidl_typesupport_c: rosidl_typesupport_fastrtps_c;rosidl_typesupport_introspection_c
[0.596s] -- Using all available rosidl_typesupport_cpp: rosidl_typesupport_fastrtps_cpp;rosidl_typesupport_introspection_cpp
[0.624s] [31mCMake Error at CMakeLists.txt:6 (find_package):
[0.624s]   By not providing "Findmoveit_msgs.cmake" in CMAKE_MODULE_PATH this project
[0.625s]   has asked CMake to find a package configuration file provided by
[0.625s]   "moveit_msgs", but CMake did not find one.
[0.625s] 
[0.625s]   Could not find a package configuration file provided by "moveit_msgs" with
[0.625s]   any of the following names:
[0.625s] 
[0.625s]     moveit_msgsConfig.cmake
[0.625s]     moveit_msgs-config.cmake
[0.625s] 
[0.625s]   Add the installation prefix of "moveit_msgs" to CMAKE_PREFIX_PATH or set
[0.625s]   "moveit_msgs_DIR" to a directory containing one of the above files.  If
[0.625s]   "moveit_msgs" provides a separate development package or SDK, be sure it
[0.625s]   has been installed.
[0.625s] 
[0.625s] -- Configuring incomplete, errors occurred!
[0.626s] See also "/home/jone/ws_moveit/build/moveit_task_constructor_msgs/CMakeFiles/CMakeOutput.log".
[0.626s] [0m
[0.633s] Invoked command in '/home/jone/ws_moveit/build/moveit_task_constructor_msgs' returned '1': CMAKE_PREFIX_PATH=/opt/ros/humble /usr/bin/cmake /home/jone/ws_moveit/src/moveit_task_constructor/msgs -DCMAKE_BUILD_TYPE=Release -DCMAKE_INSTALL_PREFIX=/home/jone/ws_moveit/install/moveit_task_constructor_msgs
