[0.017s] Invoking command in '/home/jone/ws_moveit/build/moveit_ros_planning': AMENT_PREFIX_PATH=/home/jone/ws_moveit/install/moveit_ros_occupancy_map_monitor:/home/jone/ws_moveit/install/moveit_core:/home/jone/ws_moveit/install/moveit_resources_panda_moveit_config:/home/jone/ws_moveit/install/moveit_configs_utils:/home/jone/ws_moveit/install/srdfdom:/home/jone/ws_moveit/install/moveit_resources_pr2_description:/home/jone/ws_moveit/install/moveit_resources_panda_description:/home/jone/ws_moveit/install/moveit_common:/home/jone/ws_moveit/install/launch_param_builder:${AMENT_PREFIX_PATH} CMAKE_PREFIX_PATH=/home/jone/ws_moveit/install/moveit_ros_occupancy_map_monitor:/home/jone/ws_moveit/install/moveit_core:/home/jone/ws_moveit/install/moveit_resources_panda_moveit_config:/home/jone/ws_moveit/install/srdfdom:/home/jone/ws_moveit/install/moveit_resources_pr2_description:/home/jone/ws_moveit/install/moveit_resources_panda_description:/home/jone/ws_moveit/install/moveit_common:/opt/ros/humble LD_LIBRARY_PATH=/home/jone/ws_moveit/install/moveit_ros_occupancy_map_monitor/lib:/home/jone/ws_moveit/install/moveit_core/lib:/home/jone/ws_moveit/install/srdfdom/lib:/opt/ros/humble/opt/rviz_ogre_vendor/lib:/opt/ros/humble/lib/x86_64-linux-gnu:/opt/ros/humble/lib:/usr/lib/x86_64-linux-gnu/gazebo-11/plugins:/usr/lib/x86_64-linux-gnu/gazebo-11/plugins:/usr/lib/x86_64-linux-gnu/gazebo-11/plugins PATH=/home/jone/ws_moveit/install/moveit_core/bin:${PATH} PYTHONPATH=/home/jone/ws_moveit/install/moveit_configs_utils/lib/python3.10/site-packages:/home/jone/ws_moveit/install/srdfdom/local/lib/python3.10/dist-packages:/home/jone/ws_moveit/install/launch_param_builder/lib/python3.10/site-packages:${PYTHONPATH} /usr/bin/cmake /home/jone/ws_moveit/src/moveit2/moveit_ros/planning -DCMAKE_INSTALL_PREFIX=/home/jone/ws_moveit/install/moveit_ros_planning
[0.029s] -- Found moveit_common: 2.5.9 (/home/jone/ws_moveit/install/moveit_common/share/moveit_common/cmake)
[0.029s] -- Found ament_cmake: 1.3.12 (/opt/ros/humble/share/ament_cmake/cmake)
[0.196s] -- Found moveit_msgs: 2.2.1 (/opt/ros/humble/share/moveit_msgs/cmake)
[0.216s] -- Found rosidl_generator_c: 3.1.7 (/opt/ros/humble/share/rosidl_generator_c/cmake)
[0.217s] -- Found rosidl_adapter: 3.1.7 (/opt/ros/humble/share/rosidl_adapter/cmake)
[0.222s] -- Found rosidl_generator_cpp: 3.1.7 (/opt/ros/humble/share/rosidl_generator_cpp/cmake)
[0.236s] -- Using all available rosidl_typesupport_c: rosidl_typesupport_fastrtps_c;rosidl_typesupport_introspection_c
[0.245s] -- Using all available rosidl_typesupport_cpp: rosidl_typesupport_fastrtps_cpp;rosidl_typesupport_introspection_cpp
[0.363s] -- Found pluginlib: 5.1.2 (/opt/ros/humble/share/pluginlib/cmake)
[0.394s] -- Found rclcpp: 16.0.15 (/opt/ros/humble/share/rclcpp/cmake)
[0.414s] -- Found rmw_implementation_cmake: 6.1.2 (/opt/ros/humble/share/rmw_implementation_cmake/cmake)
[0.415s] -- Found rmw_fastrtps_cpp: 6.2.9 (/opt/ros/humble/share/rmw_fastrtps_cpp/cmake)
[0.428s] -- Found TinyXML2 via Config file: TinyXML2_DIR-NOTFOUND
[0.436s] -- Found TinyXML2 via Config file: TinyXML2_DIR-NOTFOUND
[0.449s] -- Found TinyXML2 via Config file: TinyXML2_DIR-NOTFOUND
[0.455s] -- Found TinyXML2 via Config file: TinyXML2_DIR-NOTFOUND
[0.464s] -- Using RMW implementation 'rmw_fastrtps_cpp' as default
[0.490s] -- Found message_filters: 4.3.11 (/opt/ros/humble/share/message_filters/cmake)
[0.492s] -- Found srdfdom: 2.0.8 (/home/jone/ws_moveit/install/srdfdom/share/srdfdom/cmake)
[0.497s] -- Found tf2: 0.25.16 (/opt/ros/humble/share/tf2/cmake)
[0.499s] -- Found tf2_geometry_msgs: 0.25.16 (/opt/ros/humble/share/tf2_geometry_msgs/cmake)
[0.501s] -- Found eigen3_cmake_module: 0.1.1 (/opt/ros/humble/share/eigen3_cmake_module/cmake)
[0.502s] -- Ensuring Eigen3 include directory is part of orocos-kdl CMake target
[0.539s] -- Found tf2_eigen: 0.25.16 (/opt/ros/humble/share/tf2_eigen/cmake)
[0.542s] -- Found moveit_core: 2.5.9 (/home/jone/ws_moveit/install/moveit_core/share/moveit_core/cmake)
[0.552s] -- Found Boost: /usr/lib/x86_64-linux-gnu/cmake/Boost-1.74.0/BoostConfig.cmake (found version "1.74.0") found components: chrono date_time filesystem iostreams program_options regex serialization system thread 
[0.569s] -- Found parameter_traits: 0.5.0 (/opt/ros/humble/share/parameter_traits/cmake)
[0.574s] -- Found rclcpp_lifecycle: 16.0.15 (/opt/ros/humble/share/rclcpp_lifecycle/cmake)
[0.589s] -- Found Boost: /usr/lib/x86_64-linux-gnu/cmake/Boost-1.74.0/BoostConfig.cmake (found version "1.74.0") found components: filesystem 
[0.618s] -- library: /usr/lib/x86_64-linux-gnu/libcurl.so
[0.651s] -- Found moveit_ros_occupancy_map_monitor: 2.5.9 (/home/jone/ws_moveit/install/moveit_ros_occupancy_map_monitor/share/moveit_ros_occupancy_map_monitor/cmake)
[0.662s] -- Found Boost: /usr/lib/x86_64-linux-gnu/cmake/Boost-1.74.0/BoostConfig.cmake (found version "1.74.0") found components: system filesystem date_time program_options thread chrono 
[0.705s] -- Found ament_cmake_gtest: 1.3.12 (/opt/ros/humble/share/ament_cmake_gtest/cmake)
[0.705s] -- Found ament_cmake_gmock: 1.3.12 (/opt/ros/humble/share/ament_cmake_gmock/cmake)
[0.706s] -- Found ros_testing: 0.4.0 (/opt/ros/humble/share/ros_testing/cmake)
[0.706s] -- Found launch_testing_ament_cmake: 1.0.11 (/opt/ros/humble/share/launch_testing_ament_cmake/cmake)
[0.706s] -- Found python_cmake_module: 0.10.0 (/opt/ros/humble/share/python_cmake_module/cmake)
[0.725s] -- Using PYTHON_EXECUTABLE: /usr/bin/python3
[0.725s] -- Using PYTHON_INCLUDE_DIRS: /usr/include/python3.10
[0.725s] -- Using PYTHON_LIBRARIES: /usr/lib/x86_64-linux-gnu/libpython3.10.so
[0.726s] -- Found gmock sources under '/opt/ros/humble/src/gmock_vendor': C++ tests using 'Google Mock' will be built
[0.738s] -- Found gtest sources under '/opt/ros/humble/src/gtest_vendor': C++ tests using 'Google Test' will be built
[0.765s] -- Found ament_lint_auto: 0.12.14 (/opt/ros/humble/share/ament_lint_auto/cmake)
[0.780s] -- Found launch_testing_ament_cmake: 1.0.11 (/opt/ros/humble/share/launch_testing_ament_cmake/cmake)
[0.781s] -- Found python_cmake_module: 0.10.0 (/opt/ros/humble/share/python_cmake_module/cmake)
[0.799s] -- Using PYTHON_EXECUTABLE: /usr/bin/python3
[0.799s] -- Using PYTHON_INCLUDE_DIRS: /usr/include/python3.10
[0.799s] -- Using PYTHON_LIBRARIES: /usr/lib/x86_64-linux-gnu/libpython3.10.so
[0.827s] -- Added test 'cppcheck' to perform static code analysis on C / C++ code
[0.828s] -- Configured cppcheck include dirs: /home/jone/ws_moveit/src/moveit2/moveit_ros/planning/rdf_loader/include;/home/jone/ws_moveit/src/moveit2/moveit_ros/planning/kinematics_plugin_loader/include;/home/jone/ws_moveit/src/moveit2/moveit_ros/planning/robot_model_loader/include;/home/jone/ws_moveit/src/moveit2/moveit_ros/planning/constraint_sampler_manager_loader/include;/home/jone/ws_moveit/src/moveit2/moveit_ros/planning/planning_pipeline/include;/home/jone/ws_moveit/src/moveit2/moveit_ros/planning/planning_scene_monitor/include;/home/jone/ws_moveit/src/moveit2/moveit_ros/planning/trajectory_execution_manager/include;/home/jone/ws_moveit/src/moveit2/moveit_ros/planning/plan_execution/include;/home/jone/ws_moveit/src/moveit2/moveit_ros/planning/collision_plugin_loader/include;/home/jone/ws_moveit/src/moveit2/moveit_ros/planning/moveit_cpp/include
[0.828s] -- Configured cppcheck exclude dirs and/or files: 
[0.830s] -- Added test 'lint_cmake' to check CMake code style
[0.831s] -- Added test 'pep257' to check Python code against some of the docstring style conventions in PEP 257
[0.832s] -- Added test 'xmllint' to check XML markup files
[0.835s] -- Configuring done
[1.134s] -- Generating done
[1.198s] -- Build files have been written to: /home/jone/ws_moveit/build/moveit_ros_planning
[1.216s] Invoked command in '/home/jone/ws_moveit/build/moveit_ros_planning' returned '0': AMENT_PREFIX_PATH=/home/jone/ws_moveit/install/moveit_ros_occupancy_map_monitor:/home/jone/ws_moveit/install/moveit_core:/home/jone/ws_moveit/install/moveit_resources_panda_moveit_config:/home/jone/ws_moveit/install/moveit_configs_utils:/home/jone/ws_moveit/install/srdfdom:/home/jone/ws_moveit/install/moveit_resources_pr2_description:/home/jone/ws_moveit/install/moveit_resources_panda_description:/home/jone/ws_moveit/install/moveit_common:/home/jone/ws_moveit/install/launch_param_builder:${AMENT_PREFIX_PATH} CMAKE_PREFIX_PATH=/home/jone/ws_moveit/install/moveit_ros_occupancy_map_monitor:/home/jone/ws_moveit/install/moveit_core:/home/jone/ws_moveit/install/moveit_resources_panda_moveit_config:/home/jone/ws_moveit/install/srdfdom:/home/jone/ws_moveit/install/moveit_resources_pr2_description:/home/jone/ws_moveit/install/moveit_resources_panda_description:/home/jone/ws_moveit/install/moveit_common:/opt/ros/humble LD_LIBRARY_PATH=/home/jone/ws_moveit/install/moveit_ros_occupancy_map_monitor/lib:/home/jone/ws_moveit/install/moveit_core/lib:/home/jone/ws_moveit/install/srdfdom/lib:/opt/ros/humble/opt/rviz_ogre_vendor/lib:/opt/ros/humble/lib/x86_64-linux-gnu:/opt/ros/humble/lib:/usr/lib/x86_64-linux-gnu/gazebo-11/plugins:/usr/lib/x86_64-linux-gnu/gazebo-11/plugins:/usr/lib/x86_64-linux-gnu/gazebo-11/plugins PATH=/home/jone/ws_moveit/install/moveit_core/bin:${PATH} PYTHONPATH=/home/jone/ws_moveit/install/moveit_configs_utils/lib/python3.10/site-packages:/home/jone/ws_moveit/install/srdfdom/local/lib/python3.10/dist-packages:/home/jone/ws_moveit/install/launch_param_builder/lib/python3.10/site-packages:${PYTHONPATH} /usr/bin/cmake /home/jone/ws_moveit/src/moveit2/moveit_ros/planning -DCMAKE_INSTALL_PREFIX=/home/jone/ws_moveit/install/moveit_ros_planning
[1.218s] Invoking command in '/home/jone/ws_moveit/build/moveit_ros_planning': AMENT_PREFIX_PATH=/home/jone/ws_moveit/install/moveit_ros_occupancy_map_monitor:/home/jone/ws_moveit/install/moveit_core:/home/jone/ws_moveit/install/moveit_resources_panda_moveit_config:/home/jone/ws_moveit/install/moveit_configs_utils:/home/jone/ws_moveit/install/srdfdom:/home/jone/ws_moveit/install/moveit_resources_pr2_description:/home/jone/ws_moveit/install/moveit_resources_panda_description:/home/jone/ws_moveit/install/moveit_common:/home/jone/ws_moveit/install/launch_param_builder:${AMENT_PREFIX_PATH} CMAKE_PREFIX_PATH=/home/jone/ws_moveit/install/moveit_ros_occupancy_map_monitor:/home/jone/ws_moveit/install/moveit_core:/home/jone/ws_moveit/install/moveit_resources_panda_moveit_config:/home/jone/ws_moveit/install/srdfdom:/home/jone/ws_moveit/install/moveit_resources_pr2_description:/home/jone/ws_moveit/install/moveit_resources_panda_description:/home/jone/ws_moveit/install/moveit_common:/opt/ros/humble LD_LIBRARY_PATH=/home/jone/ws_moveit/install/moveit_ros_occupancy_map_monitor/lib:/home/jone/ws_moveit/install/moveit_core/lib:/home/jone/ws_moveit/install/srdfdom/lib:/opt/ros/humble/opt/rviz_ogre_vendor/lib:/opt/ros/humble/lib/x86_64-linux-gnu:/opt/ros/humble/lib:/usr/lib/x86_64-linux-gnu/gazebo-11/plugins:/usr/lib/x86_64-linux-gnu/gazebo-11/plugins:/usr/lib/x86_64-linux-gnu/gazebo-11/plugins PATH=/home/jone/ws_moveit/install/moveit_core/bin:${PATH} PYTHONPATH=/home/jone/ws_moveit/install/moveit_configs_utils/lib/python3.10/site-packages:/home/jone/ws_moveit/install/srdfdom/local/lib/python3.10/dist-packages:/home/jone/ws_moveit/install/launch_param_builder/lib/python3.10/site-packages:${PYTHONPATH} /usr/bin/cmake --build /home/jone/ws_moveit/build/moveit_ros_planning -- -j16 -l16
[1.271s] [35m[1mConsolidate compiler generated dependencies of target gtest_main[0m
[1.271s] [35m[1mConsolidate compiler generated dependencies of target gmock_main[0m
[1.272s] [35m[1mConsolidate compiler generated dependencies of target gtest[0m
[1.273s] [35m[1mConsolidate compiler generated dependencies of target moveit_list_request_adapter_plugins[0m
[1.273s] [35m[1mConsolidate compiler generated dependencies of target gmock[0m
[1.273s] [35m[1mConsolidate compiler generated dependencies of target moveit_rdf_loader[0m
[1.273s] [35m[1mConsolidate compiler generated dependencies of target moveit_collision_plugin_loader[0m
[1.273s] [35m[1mConsolidate compiler generated dependencies of target moveit_planning_pipeline[0m
[1.284s] [  8%] Built target gtest_main
[1.284s] [  8%] Built target gmock_main
[1.284s] [  8%] Built target gtest
[1.287s] [ 13%] Built target gmock
[1.289s] [35m[1mConsolidate compiler generated dependencies of target moveit_default_planning_request_adapter_plugins[0m
[1.292s] [ 17%] Built target moveit_rdf_loader
[1.292s] [ 20%] Built target moveit_collision_plugin_loader
[1.292s] [ 23%] Built target moveit_list_request_adapter_plugins
[1.298s] [ 26%] Built target moveit_planning_pipeline
[1.303s] [35m[1mConsolidate compiler generated dependencies of target moveit_kinematics_plugin_loader[0m
[1.303s] [35m[1mConsolidate compiler generated dependencies of target moveit_constraint_sampler_manager_loader[0m
[1.323s] [ 32%] Built target moveit_kinematics_plugin_loader
[1.323s] [ 32%] Built target moveit_constraint_sampler_manager_loader
[1.355s] [35m[1mConsolidate compiler generated dependencies of target moveit_robot_model_loader[0m
[1.369s] [ 48%] Built target moveit_default_planning_request_adapter_plugins
[1.377s] [ 51%] Built target moveit_robot_model_loader
[1.387s] [35m[1mConsolidate compiler generated dependencies of target moveit_print_planning_model_info[0m
[1.394s] [35m[1mConsolidate compiler generated dependencies of target moveit_planning_scene_monitor[0m
[1.405s] [ 54%] Built target moveit_print_planning_model_info
[1.436s] [ 63%] Built target moveit_planning_scene_monitor
[1.464s] [35m[1mConsolidate compiler generated dependencies of target moveit_print_planning_scene_info[0m
[1.464s] [35m[1mConsolidate compiler generated dependencies of target trajectory_monitor_tests[0m
[1.464s] [35m[1mConsolidate compiler generated dependencies of target moveit_visualize_robot_collision_volume[0m
[1.465s] [35m[1mConsolidate compiler generated dependencies of target moveit_evaluate_collision_checking_speed[0m
[1.465s] [35m[1mConsolidate compiler generated dependencies of target current_state_monitor_tests[0m
[1.465s] [35m[1mConsolidate compiler generated dependencies of target moveit_display_random_state[0m
[1.465s] [35m[1mConsolidate compiler generated dependencies of target planning_scene_monitor_test[0m
[1.465s] [35m[1mConsolidate compiler generated dependencies of target demo_scene[0m
[1.466s] [35m[1mConsolidate compiler generated dependencies of target moveit_publish_scene_from_text[0m
[1.466s] [35m[1mConsolidate compiler generated dependencies of target moveit_trajectory_execution_manager[0m
[1.491s] [ 72%] Built target trajectory_monitor_tests
[1.491s] [ 72%] Built target current_state_monitor_tests
[1.491s] [ 72%] Built target moveit_display_random_state
[1.492s] [ 77%] Built target moveit_print_planning_scene_info
[1.492s] [ 77%] Built target planning_scene_monitor_test
[1.494s] [ 80%] Built target moveit_publish_scene_from_text
[1.494s] [ 83%] Built target demo_scene
[1.495s] [ 86%] Built target moveit_visualize_robot_collision_volume
[1.495s] [ 89%] Built target moveit_trajectory_execution_manager
[1.527s] [35m[1mConsolidate compiler generated dependencies of target moveit_plan_execution[0m
[1.529s] [35m[1mConsolidate compiler generated dependencies of target moveit_cpp[0m
[1.536s] [ 92%] Built target moveit_evaluate_collision_checking_speed
[1.556s] [ 95%] Built target moveit_plan_execution
[1.562s] [100%] Built target moveit_cpp
[1.573s] Invoked command in '/home/jone/ws_moveit/build/moveit_ros_planning' returned '0': AMENT_PREFIX_PATH=/home/jone/ws_moveit/install/moveit_ros_occupancy_map_monitor:/home/jone/ws_moveit/install/moveit_core:/home/jone/ws_moveit/install/moveit_resources_panda_moveit_config:/home/jone/ws_moveit/install/moveit_configs_utils:/home/jone/ws_moveit/install/srdfdom:/home/jone/ws_moveit/install/moveit_resources_pr2_description:/home/jone/ws_moveit/install/moveit_resources_panda_description:/home/jone/ws_moveit/install/moveit_common:/home/jone/ws_moveit/install/launch_param_builder:${AMENT_PREFIX_PATH} CMAKE_PREFIX_PATH=/home/jone/ws_moveit/install/moveit_ros_occupancy_map_monitor:/home/jone/ws_moveit/install/moveit_core:/home/jone/ws_moveit/install/moveit_resources_panda_moveit_config:/home/jone/ws_moveit/install/srdfdom:/home/jone/ws_moveit/install/moveit_resources_pr2_description:/home/jone/ws_moveit/install/moveit_resources_panda_description:/home/jone/ws_moveit/install/moveit_common:/opt/ros/humble LD_LIBRARY_PATH=/home/jone/ws_moveit/install/moveit_ros_occupancy_map_monitor/lib:/home/jone/ws_moveit/install/moveit_core/lib:/home/jone/ws_moveit/install/srdfdom/lib:/opt/ros/humble/opt/rviz_ogre_vendor/lib:/opt/ros/humble/lib/x86_64-linux-gnu:/opt/ros/humble/lib:/usr/lib/x86_64-linux-gnu/gazebo-11/plugins:/usr/lib/x86_64-linux-gnu/gazebo-11/plugins:/usr/lib/x86_64-linux-gnu/gazebo-11/plugins PATH=/home/jone/ws_moveit/install/moveit_core/bin:${PATH} PYTHONPATH=/home/jone/ws_moveit/install/moveit_configs_utils/lib/python3.10/site-packages:/home/jone/ws_moveit/install/srdfdom/local/lib/python3.10/dist-packages:/home/jone/ws_moveit/install/launch_param_builder/lib/python3.10/site-packages:${PYTHONPATH} /usr/bin/cmake --build /home/jone/ws_moveit/build/moveit_ros_planning -- -j16 -l16
[1.588s] Invoking command in '/home/jone/ws_moveit/build/moveit_ros_planning': AMENT_PREFIX_PATH=/home/jone/ws_moveit/install/moveit_ros_occupancy_map_monitor:/home/jone/ws_moveit/install/moveit_core:/home/jone/ws_moveit/install/moveit_resources_panda_moveit_config:/home/jone/ws_moveit/install/moveit_configs_utils:/home/jone/ws_moveit/install/srdfdom:/home/jone/ws_moveit/install/moveit_resources_pr2_description:/home/jone/ws_moveit/install/moveit_resources_panda_description:/home/jone/ws_moveit/install/moveit_common:/home/jone/ws_moveit/install/launch_param_builder:${AMENT_PREFIX_PATH} CMAKE_PREFIX_PATH=/home/jone/ws_moveit/install/moveit_ros_occupancy_map_monitor:/home/jone/ws_moveit/install/moveit_core:/home/jone/ws_moveit/install/moveit_resources_panda_moveit_config:/home/jone/ws_moveit/install/srdfdom:/home/jone/ws_moveit/install/moveit_resources_pr2_description:/home/jone/ws_moveit/install/moveit_resources_panda_description:/home/jone/ws_moveit/install/moveit_common:/opt/ros/humble LD_LIBRARY_PATH=/home/jone/ws_moveit/install/moveit_ros_occupancy_map_monitor/lib:/home/jone/ws_moveit/install/moveit_core/lib:/home/jone/ws_moveit/install/srdfdom/lib:/opt/ros/humble/opt/rviz_ogre_vendor/lib:/opt/ros/humble/lib/x86_64-linux-gnu:/opt/ros/humble/lib:/usr/lib/x86_64-linux-gnu/gazebo-11/plugins:/usr/lib/x86_64-linux-gnu/gazebo-11/plugins:/usr/lib/x86_64-linux-gnu/gazebo-11/plugins PATH=/home/jone/ws_moveit/install/moveit_core/bin:${PATH} PYTHONPATH=/home/jone/ws_moveit/install/moveit_configs_utils/lib/python3.10/site-packages:/home/jone/ws_moveit/install/srdfdom/local/lib/python3.10/dist-packages:/home/jone/ws_moveit/install/launch_param_builder/lib/python3.10/site-packages:${PYTHONPATH} /usr/bin/cmake --install /home/jone/ws_moveit/build/moveit_ros_planning
[1.597s] -- Install configuration: "Release"
[1.597s] -- Up-to-date: /home/jone/ws_moveit/install/moveit_ros_planning/include
[1.597s] -- Up-to-date: /home/jone/ws_moveit/install/moveit_ros_planning/include/moveit
[1.597s] -- Up-to-date: /home/jone/ws_moveit/install/moveit_ros_planning/include/moveit/rdf_loader
[1.598s] -- Up-to-date: /home/jone/ws_moveit/install/moveit_ros_planning/include/moveit/rdf_loader/rdf_loader.h
[1.598s] -- Up-to-date: /home/jone/ws_moveit/install/moveit_ros_planning/include/moveit/rdf_loader/synchronized_string_parameter.h
[1.598s] -- Up-to-date: /home/jone/ws_moveit/install/moveit_ros_planning/share/moveit_ros_planning/rdf_loader/test/data
[1.598s] -- Up-to-date: /home/jone/ws_moveit/install/moveit_ros_planning/share/moveit_ros_planning/rdf_loader/test/data/kermit.srdf
[1.598s] -- Up-to-date: /home/jone/ws_moveit/install/moveit_ros_planning/share/moveit_ros_planning/rdf_loader/test/data/gonzo.srdf
[1.598s] -- Up-to-date: /home/jone/ws_moveit/install/moveit_ros_planning/share/moveit_ros_planning/rdf_loader/test/data/gonzo.urdf
[1.598s] -- Up-to-date: /home/jone/ws_moveit/install/moveit_ros_planning/share/moveit_ros_planning/rdf_loader/test/data/kermit.urdf
[1.598s] -- Up-to-date: /home/jone/ws_moveit/install/moveit_ros_planning/share/moveit_ros_planning/rdf_loader/test/data/robin.srdf.xacro
[1.598s] -- Up-to-date: /home/jone/ws_moveit/install/moveit_ros_planning/share/moveit_ros_planning/rdf_loader/test/launch
[1.598s] -- Up-to-date: /home/jone/ws_moveit/install/moveit_ros_planning/share/moveit_ros_planning/rdf_loader/test/launch/test_rdf_integration.test.py
[1.598s] -- Up-to-date: /home/jone/ws_moveit/install/moveit_ros_planning/include
[1.598s] -- Up-to-date: /home/jone/ws_moveit/install/moveit_ros_planning/include/moveit
[1.598s] -- Up-to-date: /home/jone/ws_moveit/install/moveit_ros_planning/include/moveit/collision_plugin_loader
[1.598s] -- Up-to-date: /home/jone/ws_moveit/install/moveit_ros_planning/include/moveit/collision_plugin_loader/collision_plugin_loader.h
[1.598s] -- Up-to-date: /home/jone/ws_moveit/install/moveit_ros_planning/include
[1.598s] -- Up-to-date: /home/jone/ws_moveit/install/moveit_ros_planning/include/moveit
[1.599s] -- Up-to-date: /home/jone/ws_moveit/install/moveit_ros_planning/include/moveit/kinematics_plugin_loader
[1.599s] -- Up-to-date: /home/jone/ws_moveit/install/moveit_ros_planning/include/moveit/kinematics_plugin_loader/kinematics_plugin_loader.h
[1.599s] -- Up-to-date: /home/jone/ws_moveit/install/moveit_ros_planning/include
[1.599s] -- Up-to-date: /home/jone/ws_moveit/install/moveit_ros_planning/include/moveit
[1.599s] -- Up-to-date: /home/jone/ws_moveit/install/moveit_ros_planning/include/moveit/robot_model_loader
[1.599s] -- Up-to-date: /home/jone/ws_moveit/install/moveit_ros_planning/include/moveit/robot_model_loader/robot_model_loader.h
[1.599s] -- Up-to-date: /home/jone/ws_moveit/install/moveit_ros_planning/include
[1.599s] -- Up-to-date: /home/jone/ws_moveit/install/moveit_ros_planning/include/moveit
[1.599s] -- Up-to-date: /home/jone/ws_moveit/install/moveit_ros_planning/include/moveit/constraint_sampler_manager_loader
[1.599s] -- Up-to-date: /home/jone/ws_moveit/install/moveit_ros_planning/include/moveit/constraint_sampler_manager_loader/constraint_sampler_manager_loader.h
[1.599s] -- Up-to-date: /home/jone/ws_moveit/install/moveit_ros_planning/include
[1.599s] -- Up-to-date: /home/jone/ws_moveit/install/moveit_ros_planning/include/moveit
[1.599s] -- Up-to-date: /home/jone/ws_moveit/install/moveit_ros_planning/include/moveit/planning_pipeline
[1.599s] -- Up-to-date: /home/jone/ws_moveit/install/moveit_ros_planning/include/moveit/planning_pipeline/planning_pipeline.h
[1.599s] -- Up-to-date: /home/jone/ws_moveit/install/moveit_ros_planning/include/moveit_planning_pipeline_export.h
[1.600s] -- Up-to-date: /home/jone/ws_moveit/install/moveit_ros_planning/lib/moveit_ros_planning/moveit_list_request_adapter_plugins
[1.601s] -- Up-to-date: /home/jone/ws_moveit/install/moveit_ros_planning/lib/moveit_ros_planning/demo_scene
[1.601s] -- Up-to-date: /home/jone/ws_moveit/install/moveit_ros_planning/include
[1.601s] -- Up-to-date: /home/jone/ws_moveit/install/moveit_ros_planning/include/moveit
[1.601s] -- Up-to-date: /home/jone/ws_moveit/install/moveit_ros_planning/include/moveit/planning_scene_monitor
[1.601s] -- Up-to-date: /home/jone/ws_moveit/install/moveit_ros_planning/include/moveit/planning_scene_monitor/current_state_monitor.h
[1.601s] -- Up-to-date: /home/jone/ws_moveit/install/moveit_ros_planning/include/moveit/planning_scene_monitor/trajectory_monitor.h
[1.601s] -- Up-to-date: /home/jone/ws_moveit/install/moveit_ros_planning/include/moveit/planning_scene_monitor/trajectory_monitor_middleware_handle.hpp
[1.601s] -- Up-to-date: /home/jone/ws_moveit/install/moveit_ros_planning/include/moveit/planning_scene_monitor/planning_scene_monitor.h
[1.601s] -- Up-to-date: /home/jone/ws_moveit/install/moveit_ros_planning/include/moveit/planning_scene_monitor/current_state_monitor_middleware_handle.hpp
[1.602s] -- Up-to-date: /home/jone/ws_moveit/install/moveit_ros_planning/include/moveit_planning_scene_monitor_export.h
[1.602s] -- Up-to-date: /home/jone/ws_moveit/install/moveit_ros_planning/lib/moveit_ros_planning/moveit_print_planning_model_info
[1.603s] -- Up-to-date: /home/jone/ws_moveit/install/moveit_ros_planning/lib/moveit_ros_planning/moveit_print_planning_scene_info
[1.603s] -- Up-to-date: /home/jone/ws_moveit/install/moveit_ros_planning/lib/moveit_ros_planning/moveit_display_random_state
[1.604s] -- Up-to-date: /home/jone/ws_moveit/install/moveit_ros_planning/lib/moveit_ros_planning/moveit_visualize_robot_collision_volume
[1.605s] -- Up-to-date: /home/jone/ws_moveit/install/moveit_ros_planning/lib/moveit_ros_planning/moveit_evaluate_collision_checking_speed
[1.606s] -- Up-to-date: /home/jone/ws_moveit/install/moveit_ros_planning/lib/moveit_ros_planning/moveit_publish_scene_from_text
[1.606s] -- Up-to-date: /home/jone/ws_moveit/install/moveit_ros_planning/include
[1.606s] -- Up-to-date: /home/jone/ws_moveit/install/moveit_ros_planning/include/moveit
[1.606s] -- Up-to-date: /home/jone/ws_moveit/install/moveit_ros_planning/include/moveit/trajectory_execution_manager
[1.606s] -- Up-to-date: /home/jone/ws_moveit/install/moveit_ros_planning/include/moveit/trajectory_execution_manager/trajectory_execution_manager.h
[1.606s] -- Up-to-date: /home/jone/ws_moveit/install/moveit_ros_planning/include/moveit_trajectory_execution_manager_export.h
[1.606s] -- Up-to-date: /home/jone/ws_moveit/install/moveit_ros_planning/include
[1.606s] -- Up-to-date: /home/jone/ws_moveit/install/moveit_ros_planning/include/moveit
[1.606s] -- Up-to-date: /home/jone/ws_moveit/install/moveit_ros_planning/include/moveit/plan_execution
[1.606s] -- Up-to-date: /home/jone/ws_moveit/install/moveit_ros_planning/include/moveit/plan_execution/plan_representation.h
[1.606s] -- Up-to-date: /home/jone/ws_moveit/install/moveit_ros_planning/include/moveit/plan_execution/plan_execution.h
[1.607s] -- Up-to-date: /home/jone/ws_moveit/install/moveit_ros_planning/include
[1.607s] -- Up-to-date: /home/jone/ws_moveit/install/moveit_ros_planning/include/moveit
[1.607s] -- Up-to-date: /home/jone/ws_moveit/install/moveit_ros_planning/include/moveit/moveit_cpp
[1.607s] -- Up-to-date: /home/jone/ws_moveit/install/moveit_ros_planning/include/moveit/moveit_cpp/planning_component.h
[1.607s] -- Up-to-date: /home/jone/ws_moveit/install/moveit_ros_planning/include/moveit/moveit_cpp/moveit_cpp.h
[1.607s] -- Up-to-date: /home/jone/ws_moveit/install/moveit_ros_planning/lib/libmoveit_rdf_loader.so.2.5.9
[1.608s] -- Up-to-date: /home/jone/ws_moveit/install/moveit_ros_planning/lib/libmoveit_rdf_loader.so
[1.608s] -- Up-to-date: /home/jone/ws_moveit/install/moveit_ros_planning/lib/libmoveit_kinematics_plugin_loader.so.2.5.9
[1.608s] -- Up-to-date: /home/jone/ws_moveit/install/moveit_ros_planning/lib/libmoveit_kinematics_plugin_loader.so
[1.609s] -- Up-to-date: /home/jone/ws_moveit/install/moveit_ros_planning/lib/libmoveit_robot_model_loader.so.2.5.9
[1.609s] -- Up-to-date: /home/jone/ws_moveit/install/moveit_ros_planning/lib/libmoveit_robot_model_loader.so
[1.610s] -- Up-to-date: /home/jone/ws_moveit/install/moveit_ros_planning/lib/libmoveit_constraint_sampler_manager_loader.so.2.5.9
[1.610s] -- Up-to-date: /home/jone/ws_moveit/install/moveit_ros_planning/lib/libmoveit_constraint_sampler_manager_loader.so
[1.611s] -- Up-to-date: /home/jone/ws_moveit/install/moveit_ros_planning/lib/libmoveit_planning_pipeline.so.2.5.9
[1.611s] -- Up-to-date: /home/jone/ws_moveit/install/moveit_ros_planning/lib/libmoveit_planning_pipeline.so
[1.612s] -- Up-to-date: /home/jone/ws_moveit/install/moveit_ros_planning/lib/libmoveit_trajectory_execution_manager.so.2.5.9
[1.612s] -- Up-to-date: /home/jone/ws_moveit/install/moveit_ros_planning/lib/libmoveit_trajectory_execution_manager.so
[1.613s] -- Up-to-date: /home/jone/ws_moveit/install/moveit_ros_planning/lib/libmoveit_plan_execution.so.2.5.9
[1.613s] -- Up-to-date: /home/jone/ws_moveit/install/moveit_ros_planning/lib/libmoveit_plan_execution.so
[1.614s] -- Up-to-date: /home/jone/ws_moveit/install/moveit_ros_planning/lib/libmoveit_planning_scene_monitor.so.2.5.9
[1.614s] -- Up-to-date: /home/jone/ws_moveit/install/moveit_ros_planning/lib/libmoveit_planning_scene_monitor.so
[1.614s] -- Up-to-date: /home/jone/ws_moveit/install/moveit_ros_planning/lib/libmoveit_collision_plugin_loader.so.2.5.9
[1.615s] -- Up-to-date: /home/jone/ws_moveit/install/moveit_ros_planning/lib/libmoveit_collision_plugin_loader.so
[1.615s] -- Up-to-date: /home/jone/ws_moveit/install/moveit_ros_planning/lib/libmoveit_default_planning_request_adapter_plugins.so.2.5.9
[1.615s] -- Up-to-date: /home/jone/ws_moveit/install/moveit_ros_planning/lib/libmoveit_default_planning_request_adapter_plugins.so
[1.616s] -- Up-to-date: /home/jone/ws_moveit/install/moveit_ros_planning/lib/libmoveit_cpp.so.2.5.9
[1.616s] -- Up-to-date: /home/jone/ws_moveit/install/moveit_ros_planning/lib/libmoveit_cpp.so
[1.616s] -- Up-to-date: /home/jone/ws_moveit/install/moveit_ros_planning/share/moveit_ros_planning/environment/library_path.sh
[1.616s] -- Installing: /home/jone/ws_moveit/install/moveit_ros_planning/share/moveit_ros_planning/environment/library_path.dsv
[1.616s] -- Up-to-date: /home/jone/ws_moveit/install/moveit_ros_planning/share/moveit_ros_planning/planning_request_adapters_plugin_description.xml
[1.617s] -- Up-to-date: /home/jone/ws_moveit/install/moveit_ros_planning/share/ament_index/resource_index/package_run_dependencies/moveit_ros_planning
[1.617s] -- Up-to-date: /home/jone/ws_moveit/install/moveit_ros_planning/share/ament_index/resource_index/parent_prefix_path/moveit_ros_planning
[1.617s] -- Up-to-date: /home/jone/ws_moveit/install/moveit_ros_planning/share/moveit_ros_planning/environment/ament_prefix_path.sh
[1.617s] -- Installing: /home/jone/ws_moveit/install/moveit_ros_planning/share/moveit_ros_planning/environment/ament_prefix_path.dsv
[1.617s] -- Up-to-date: /home/jone/ws_moveit/install/moveit_ros_planning/share/moveit_ros_planning/environment/path.sh
[1.617s] -- Installing: /home/jone/ws_moveit/install/moveit_ros_planning/share/moveit_ros_planning/environment/path.dsv
[1.617s] -- Up-to-date: /home/jone/ws_moveit/install/moveit_ros_planning/share/moveit_ros_planning/local_setup.bash
[1.617s] -- Up-to-date: /home/jone/ws_moveit/install/moveit_ros_planning/share/moveit_ros_planning/local_setup.sh
[1.617s] -- Up-to-date: /home/jone/ws_moveit/install/moveit_ros_planning/share/moveit_ros_planning/local_setup.zsh
[1.617s] -- Installing: /home/jone/ws_moveit/install/moveit_ros_planning/share/moveit_ros_planning/local_setup.dsv
[1.617s] -- Installing: /home/jone/ws_moveit/install/moveit_ros_planning/share/moveit_ros_planning/package.dsv
[1.618s] -- Up-to-date: /home/jone/ws_moveit/install/moveit_ros_planning/share/ament_index/resource_index/packages/moveit_ros_planning
[1.618s] -- Up-to-date: /home/jone/ws_moveit/install/moveit_ros_planning/share/ament_index/resource_index/moveit_core__pluginlib__plugin/moveit_ros_planning
[1.618s] -- Up-to-date: /home/jone/ws_moveit/install/moveit_ros_planning/share/moveit_ros_planning/cmake/export_moveit_ros_planningExport.cmake
[1.618s] -- Up-to-date: /home/jone/ws_moveit/install/moveit_ros_planning/share/moveit_ros_planning/cmake/export_moveit_ros_planningExport-release.cmake
[1.618s] -- Up-to-date: /home/jone/ws_moveit/install/moveit_ros_planning/share/moveit_ros_planning/cmake/ConfigExtras.cmake
[1.618s] -- Up-to-date: /home/jone/ws_moveit/install/moveit_ros_planning/share/moveit_ros_planning/cmake/ament_cmake_export_targets-extras.cmake
[1.618s] -- Up-to-date: /home/jone/ws_moveit/install/moveit_ros_planning/share/moveit_ros_planning/cmake/ament_cmake_export_dependencies-extras.cmake
[1.619s] -- Up-to-date: /home/jone/ws_moveit/install/moveit_ros_planning/share/moveit_ros_planning/cmake/moveit_ros_planningConfig.cmake
[1.619s] -- Up-to-date: /home/jone/ws_moveit/install/moveit_ros_planning/share/moveit_ros_planning/cmake/moveit_ros_planningConfig-version.cmake
[1.619s] -- Up-to-date: /home/jone/ws_moveit/install/moveit_ros_planning/share/moveit_ros_planning/package.xml
[1.620s] Invoked command in '/home/jone/ws_moveit/build/moveit_ros_planning' returned '0': AMENT_PREFIX_PATH=/home/jone/ws_moveit/install/moveit_ros_occupancy_map_monitor:/home/jone/ws_moveit/install/moveit_core:/home/jone/ws_moveit/install/moveit_resources_panda_moveit_config:/home/jone/ws_moveit/install/moveit_configs_utils:/home/jone/ws_moveit/install/srdfdom:/home/jone/ws_moveit/install/moveit_resources_pr2_description:/home/jone/ws_moveit/install/moveit_resources_panda_description:/home/jone/ws_moveit/install/moveit_common:/home/jone/ws_moveit/install/launch_param_builder:${AMENT_PREFIX_PATH} CMAKE_PREFIX_PATH=/home/jone/ws_moveit/install/moveit_ros_occupancy_map_monitor:/home/jone/ws_moveit/install/moveit_core:/home/jone/ws_moveit/install/moveit_resources_panda_moveit_config:/home/jone/ws_moveit/install/srdfdom:/home/jone/ws_moveit/install/moveit_resources_pr2_description:/home/jone/ws_moveit/install/moveit_resources_panda_description:/home/jone/ws_moveit/install/moveit_common:/opt/ros/humble LD_LIBRARY_PATH=/home/jone/ws_moveit/install/moveit_ros_occupancy_map_monitor/lib:/home/jone/ws_moveit/install/moveit_core/lib:/home/jone/ws_moveit/install/srdfdom/lib:/opt/ros/humble/opt/rviz_ogre_vendor/lib:/opt/ros/humble/lib/x86_64-linux-gnu:/opt/ros/humble/lib:/usr/lib/x86_64-linux-gnu/gazebo-11/plugins:/usr/lib/x86_64-linux-gnu/gazebo-11/plugins:/usr/lib/x86_64-linux-gnu/gazebo-11/plugins PATH=/home/jone/ws_moveit/install/moveit_core/bin:${PATH} PYTHONPATH=/home/jone/ws_moveit/install/moveit_configs_utils/lib/python3.10/site-packages:/home/jone/ws_moveit/install/srdfdom/local/lib/python3.10/dist-packages:/home/jone/ws_moveit/install/launch_param_builder/lib/python3.10/site-packages:${PYTHONPATH} /usr/bin/cmake --install /home/jone/ws_moveit/build/moveit_ros_planning
