[0.012s] Invoking command in '/home/jone/turtlebot3_ws/build/turtlebot3_bringup': AMENT_PREFIX_PATH=/home/jone/turtlebot3_ws/install/turtlebot3_node:/home/jone/turtlebot3_ws/install/turtlebot3_msgs:/home/jone/turtlebot3_ws/install/turtlebot3_description:/home/jone/turtlebot3_ws/install/dynamixel_sdk:${AMENT_PREFIX_PATH} CMAKE_PREFIX_PATH=/home/jone/turtlebot3_ws/install/turtlebot3_node:/home/jone/turtlebot3_ws/install/turtlebot3_msgs:/home/jone/turtlebot3_ws/install/turtlebot3_description:/home/jone/turtlebot3_ws/install/dynamixel_sdk:/opt/ros/humble LD_LIBRARY_PATH=/home/jone/turtlebot3_ws/install/turtlebot3_msgs/lib:/home/jone/turtlebot3_ws/install/dynamixel_sdk/lib:${LD_LIBRARY_PATH} PYTHONPATH=/home/jone/turtlebot3_ws/install/turtlebot3_msgs/local/lib/python3.10/dist-packages:/home/jone/turtlebot3_ws/install/dynamixel_sdk/local/lib/python3.10/dist-packages:${PYTHONPATH} /usr/bin/cmake /home/jone/turtlebot3_ws/src/turtlebot3/turtlebot3_bringup -DAMENT_CMAKE_SYMLINK_INSTALL=1 -DCMAKE_INSTALL_PREFIX=/home/jone/turtlebot3_ws/install/turtlebot3_bringup
[0.059s] -- The C compiler identification is GNU 11.4.0
[0.107s] -- The CXX compiler identification is GNU 11.4.0
[0.113s] -- Detecting C compiler ABI info
[0.179s] -- Detecting C compiler ABI info - done
[0.184s] -- Check for working C compiler: /usr/bin/cc - skipped
[0.184s] -- Detecting C compile features
[0.184s] -- Detecting C compile features - done
[0.186s] -- Detecting CXX compiler ABI info
[0.256s] -- Detecting CXX compiler ABI info - done
[0.261s] -- Check for working CXX compiler: /usr/bin/c++ - skipped
[0.261s] -- Detecting CXX compile features
[0.262s] -- Detecting CXX compile features - done
[0.264s] -- Found ament_cmake: 1.3.12 (/opt/ros/humble/share/ament_cmake/cmake)
[0.382s] -- Found Python3: /usr/bin/python3 (found version "3.10.12") found components: Interpreter 
[0.431s] -- Override CMake install command with custom implementation using symlinks instead of copying resources
[0.507s] -- Configuring done
[0.509s] -- Generating done
[0.511s] -- Build files have been written to: /home/jone/turtlebot3_ws/build/turtlebot3_bringup
[0.514s] Invoked command in '/home/jone/turtlebot3_ws/build/turtlebot3_bringup' returned '0': AMENT_PREFIX_PATH=/home/jone/turtlebot3_ws/install/turtlebot3_node:/home/jone/turtlebot3_ws/install/turtlebot3_msgs:/home/jone/turtlebot3_ws/install/turtlebot3_description:/home/jone/turtlebot3_ws/install/dynamixel_sdk:${AMENT_PREFIX_PATH} CMAKE_PREFIX_PATH=/home/jone/turtlebot3_ws/install/turtlebot3_node:/home/jone/turtlebot3_ws/install/turtlebot3_msgs:/home/jone/turtlebot3_ws/install/turtlebot3_description:/home/jone/turtlebot3_ws/install/dynamixel_sdk:/opt/ros/humble LD_LIBRARY_PATH=/home/jone/turtlebot3_ws/install/turtlebot3_msgs/lib:/home/jone/turtlebot3_ws/install/dynamixel_sdk/lib:${LD_LIBRARY_PATH} PYTHONPATH=/home/jone/turtlebot3_ws/install/turtlebot3_msgs/local/lib/python3.10/dist-packages:/home/jone/turtlebot3_ws/install/dynamixel_sdk/local/lib/python3.10/dist-packages:${PYTHONPATH} /usr/bin/cmake /home/jone/turtlebot3_ws/src/turtlebot3/turtlebot3_bringup -DAMENT_CMAKE_SYMLINK_INSTALL=1 -DCMAKE_INSTALL_PREFIX=/home/jone/turtlebot3_ws/install/turtlebot3_bringup
[0.516s] Invoking command in '/home/jone/turtlebot3_ws/build/turtlebot3_bringup': AMENT_PREFIX_PATH=/home/jone/turtlebot3_ws/install/turtlebot3_node:/home/jone/turtlebot3_ws/install/turtlebot3_msgs:/home/jone/turtlebot3_ws/install/turtlebot3_description:/home/jone/turtlebot3_ws/install/dynamixel_sdk:${AMENT_PREFIX_PATH} CMAKE_PREFIX_PATH=/home/jone/turtlebot3_ws/install/turtlebot3_node:/home/jone/turtlebot3_ws/install/turtlebot3_msgs:/home/jone/turtlebot3_ws/install/turtlebot3_description:/home/jone/turtlebot3_ws/install/dynamixel_sdk:/opt/ros/humble LD_LIBRARY_PATH=/home/jone/turtlebot3_ws/install/turtlebot3_msgs/lib:/home/jone/turtlebot3_ws/install/dynamixel_sdk/lib:${LD_LIBRARY_PATH} PYTHONPATH=/home/jone/turtlebot3_ws/install/turtlebot3_msgs/local/lib/python3.10/dist-packages:/home/jone/turtlebot3_ws/install/dynamixel_sdk/local/lib/python3.10/dist-packages:${PYTHONPATH} /usr/bin/cmake --build /home/jone/turtlebot3_ws/build/turtlebot3_bringup -- -j16 -l16
[0.550s] Invoked command in '/home/jone/turtlebot3_ws/build/turtlebot3_bringup' returned '0': AMENT_PREFIX_PATH=/home/jone/turtlebot3_ws/install/turtlebot3_node:/home/jone/turtlebot3_ws/install/turtlebot3_msgs:/home/jone/turtlebot3_ws/install/turtlebot3_description:/home/jone/turtlebot3_ws/install/dynamixel_sdk:${AMENT_PREFIX_PATH} CMAKE_PREFIX_PATH=/home/jone/turtlebot3_ws/install/turtlebot3_node:/home/jone/turtlebot3_ws/install/turtlebot3_msgs:/home/jone/turtlebot3_ws/install/turtlebot3_description:/home/jone/turtlebot3_ws/install/dynamixel_sdk:/opt/ros/humble LD_LIBRARY_PATH=/home/jone/turtlebot3_ws/install/turtlebot3_msgs/lib:/home/jone/turtlebot3_ws/install/dynamixel_sdk/lib:${LD_LIBRARY_PATH} PYTHONPATH=/home/jone/turtlebot3_ws/install/turtlebot3_msgs/local/lib/python3.10/dist-packages:/home/jone/turtlebot3_ws/install/dynamixel_sdk/local/lib/python3.10/dist-packages:${PYTHONPATH} /usr/bin/cmake --build /home/jone/turtlebot3_ws/build/turtlebot3_bringup -- -j16 -l16
[0.551s] Invoking command in '/home/jone/turtlebot3_ws/build/turtlebot3_bringup': AMENT_PREFIX_PATH=/home/jone/turtlebot3_ws/install/turtlebot3_node:/home/jone/turtlebot3_ws/install/turtlebot3_msgs:/home/jone/turtlebot3_ws/install/turtlebot3_description:/home/jone/turtlebot3_ws/install/dynamixel_sdk:${AMENT_PREFIX_PATH} CMAKE_PREFIX_PATH=/home/jone/turtlebot3_ws/install/turtlebot3_node:/home/jone/turtlebot3_ws/install/turtlebot3_msgs:/home/jone/turtlebot3_ws/install/turtlebot3_description:/home/jone/turtlebot3_ws/install/dynamixel_sdk:/opt/ros/humble LD_LIBRARY_PATH=/home/jone/turtlebot3_ws/install/turtlebot3_msgs/lib:/home/jone/turtlebot3_ws/install/dynamixel_sdk/lib:${LD_LIBRARY_PATH} PYTHONPATH=/home/jone/turtlebot3_ws/install/turtlebot3_msgs/local/lib/python3.10/dist-packages:/home/jone/turtlebot3_ws/install/dynamixel_sdk/local/lib/python3.10/dist-packages:${PYTHONPATH} /usr/bin/cmake --install /home/jone/turtlebot3_ws/build/turtlebot3_bringup
[0.558s] -- Install configuration: ""
[0.559s] -- Execute custom install script
[0.559s] -- Symlinking: /home/jone/turtlebot3_ws/install/turtlebot3_bringup/share/turtlebot3_bringup/launch/camera.launch.py
[0.567s] -- Symlinking: /home/jone/turtlebot3_ws/install/turtlebot3_bringup/share/turtlebot3_bringup/launch/robot.launch.py
[0.575s] -- Symlinking: /home/jone/turtlebot3_ws/install/turtlebot3_bringup/share/turtlebot3_bringup/launch/rviz2.launch.py
[0.583s] -- Symlinking: /home/jone/turtlebot3_ws/install/turtlebot3_bringup/share/turtlebot3_bringup/launch/turtlebot3_state_publisher.launch.py
[0.592s] -- Symlinking: /home/jone/turtlebot3_ws/install/turtlebot3_bringup/share/turtlebot3_bringup/param/burger.yaml
[0.600s] -- Symlinking: /home/jone/turtlebot3_ws/install/turtlebot3_bringup/share/turtlebot3_bringup/param/humble/burger.yaml
[0.608s] -- Symlinking: /home/jone/turtlebot3_ws/install/turtlebot3_bringup/share/turtlebot3_bringup/param/humble/waffle.yaml
[0.617s] -- Symlinking: /home/jone/turtlebot3_ws/install/turtlebot3_bringup/share/turtlebot3_bringup/param/humble/waffle_pi.yaml
[0.626s] -- Symlinking: /home/jone/turtlebot3_ws/install/turtlebot3_bringup/share/turtlebot3_bringup/param/waffle.yaml
[0.635s] -- Symlinking: /home/jone/turtlebot3_ws/install/turtlebot3_bringup/share/turtlebot3_bringup/param/waffle_pi.yaml
[0.643s] -- Symlinking: /home/jone/turtlebot3_ws/install/turtlebot3_bringup/share/turtlebot3_bringup/script/99-turtlebot3-cdc.rules
[0.651s] -- Symlinking: /home/jone/turtlebot3_ws/install/turtlebot3_bringup/share/turtlebot3_bringup/script/create_udev_rules
[0.660s] -- Symlinking: /home/jone/turtlebot3_ws/install/turtlebot3_bringup/share/ament_index/resource_index/package_run_dependencies/turtlebot3_bringup
[0.668s] -- Symlinking: /home/jone/turtlebot3_ws/install/turtlebot3_bringup/share/ament_index/resource_index/parent_prefix_path/turtlebot3_bringup
[0.676s] -- Symlinking: /home/jone/turtlebot3_ws/install/turtlebot3_bringup/share/turtlebot3_bringup/environment/ament_prefix_path.sh
[0.685s] -- Symlinking: /home/jone/turtlebot3_ws/install/turtlebot3_bringup/share/turtlebot3_bringup/environment/ament_prefix_path.dsv
[0.691s] -- Symlinking: /home/jone/turtlebot3_ws/install/turtlebot3_bringup/share/turtlebot3_bringup/environment/path.sh
[0.699s] -- Symlinking: /home/jone/turtlebot3_ws/install/turtlebot3_bringup/share/turtlebot3_bringup/environment/path.dsv
[0.708s] -- Symlinking: /home/jone/turtlebot3_ws/install/turtlebot3_bringup/share/turtlebot3_bringup/local_setup.bash
[0.716s] -- Symlinking: /home/jone/turtlebot3_ws/install/turtlebot3_bringup/share/turtlebot3_bringup/local_setup.sh
[0.723s] -- Symlinking: /home/jone/turtlebot3_ws/install/turtlebot3_bringup/share/turtlebot3_bringup/local_setup.zsh
[0.731s] -- Symlinking: /home/jone/turtlebot3_ws/install/turtlebot3_bringup/share/turtlebot3_bringup/local_setup.dsv
[0.738s] -- Symlinking: /home/jone/turtlebot3_ws/install/turtlebot3_bringup/share/turtlebot3_bringup/package.dsv
[0.746s] -- Symlinking: /home/jone/turtlebot3_ws/install/turtlebot3_bringup/share/ament_index/resource_index/packages/turtlebot3_bringup
[0.754s] -- Symlinking: /home/jone/turtlebot3_ws/install/turtlebot3_bringup/share/turtlebot3_bringup/cmake/turtlebot3_bringupConfig.cmake
[0.762s] -- Symlinking: /home/jone/turtlebot3_ws/install/turtlebot3_bringup/share/turtlebot3_bringup/cmake/turtlebot3_bringupConfig-version.cmake
[0.770s] -- Symlinking: /home/jone/turtlebot3_ws/install/turtlebot3_bringup/share/turtlebot3_bringup/package.xml
[0.780s] Invoked command in '/home/jone/turtlebot3_ws/build/turtlebot3_bringup' returned '0': AMENT_PREFIX_PATH=/home/jone/turtlebot3_ws/install/turtlebot3_node:/home/jone/turtlebot3_ws/install/turtlebot3_msgs:/home/jone/turtlebot3_ws/install/turtlebot3_description:/home/jone/turtlebot3_ws/install/dynamixel_sdk:${AMENT_PREFIX_PATH} CMAKE_PREFIX_PATH=/home/jone/turtlebot3_ws/install/turtlebot3_node:/home/jone/turtlebot3_ws/install/turtlebot3_msgs:/home/jone/turtlebot3_ws/install/turtlebot3_description:/home/jone/turtlebot3_ws/install/dynamixel_sdk:/opt/ros/humble LD_LIBRARY_PATH=/home/jone/turtlebot3_ws/install/turtlebot3_msgs/lib:/home/jone/turtlebot3_ws/install/dynamixel_sdk/lib:${LD_LIBRARY_PATH} PYTHONPATH=/home/jone/turtlebot3_ws/install/turtlebot3_msgs/local/lib/python3.10/dist-packages:/home/jone/turtlebot3_ws/install/dynamixel_sdk/local/lib/python3.10/dist-packages:${PYTHONPATH} /usr/bin/cmake --install /home/jone/turtlebot3_ws/build/turtlebot3_bringup
