[0.738s] Invoking command in '/home/jone/ws_moveit/src/moveit2/moveit_configs_utils': AMENT_PREFIX_PATH=/home/jone/ws_moveit/install/srdfdom:/home/jone/ws_moveit/install/launch_param_builder:${AMENT_PREFIX_PATH} CMAKE_PREFIX_PATH=/home/jone/ws_moveit/install/srdfdom LD_LIBRARY_PATH=/home/jone/ws_moveit/install/srdfdom/lib:/opt/ros/humble/opt/rviz_ogre_vendor/lib:/opt/ros/humble/lib/x86_64-linux-gnu:/opt/ros/humble/lib:/usr/lib/x86_64-linux-gnu/gazebo-11/plugins:/usr/lib/x86_64-linux-gnu/gazebo-11/plugins:/usr/lib/x86_64-linux-gnu/gazebo-11/plugins PYTHONPATH=/home/jone/ws_moveit/build/moveit_configs_utils/prefix_override:/usr/lib/python3/dist-packages/colcon_core/task/python/colcon_distutils_commands:/home/jone/ws_moveit/install/moveit_configs_utils/lib/python3.10/site-packages:/home/jone/ws_moveit/install/srdfdom/local/lib/python3.10/dist-packages:/home/jone/ws_moveit/install/launch_param_builder/lib/python3.10/site-packages:${PYTHONPATH} /usr/bin/python3 -W ignore:setup.py install is deprecated -W ignore:easy_install command is deprecated setup.py egg_info --egg-base ../../../build/moveit_configs_utils build --build-base /home/jone/ws_moveit/build/moveit_configs_utils/build install --record /home/jone/ws_moveit/build/moveit_configs_utils/install.log --single-version-externally-managed install_data
[0.949s] running egg_info
[0.949s] creating ../../../build/moveit_configs_utils/moveit_configs_utils.egg-info
[0.949s] writing ../../../build/moveit_configs_utils/moveit_configs_utils.egg-info/PKG-INFO
[0.949s] writing dependency_links to ../../../build/moveit_configs_utils/moveit_configs_utils.egg-info/dependency_links.txt
[0.950s] writing entry points to ../../../build/moveit_configs_utils/moveit_configs_utils.egg-info/entry_points.txt
[0.950s] writing requirements to ../../../build/moveit_configs_utils/moveit_configs_utils.egg-info/requires.txt
[0.950s] writing top-level names to ../../../build/moveit_configs_utils/moveit_configs_utils.egg-info/top_level.txt
[0.950s] writing manifest file '../../../build/moveit_configs_utils/moveit_configs_utils.egg-info/SOURCES.txt'
[0.951s] reading manifest file '../../../build/moveit_configs_utils/moveit_configs_utils.egg-info/SOURCES.txt'
[0.952s] writing manifest file '../../../build/moveit_configs_utils/moveit_configs_utils.egg-info/SOURCES.txt'
[0.952s] running build
[0.952s] running build_py
[0.952s] creating /home/jone/ws_moveit/build/moveit_configs_utils/build
[0.952s] creating /home/jone/ws_moveit/build/moveit_configs_utils/build/lib
[0.952s] creating /home/jone/ws_moveit/build/moveit_configs_utils/build/lib/moveit_configs_utils
[0.952s] copying moveit_configs_utils/launches.py -> /home/jone/ws_moveit/build/moveit_configs_utils/build/lib/moveit_configs_utils
[0.952s] copying moveit_configs_utils/launch_utils.py -> /home/jone/ws_moveit/build/moveit_configs_utils/build/lib/moveit_configs_utils
[0.953s] copying moveit_configs_utils/__init__.py -> /home/jone/ws_moveit/build/moveit_configs_utils/build/lib/moveit_configs_utils
[0.953s] copying moveit_configs_utils/moveit_configs_builder.py -> /home/jone/ws_moveit/build/moveit_configs_utils/build/lib/moveit_configs_utils
[0.953s] creating /home/jone/ws_moveit/build/moveit_configs_utils/build/lib/moveit_configs_utils/substitutions
[0.953s] copying moveit_configs_utils/substitutions/__init__.py -> /home/jone/ws_moveit/build/moveit_configs_utils/build/lib/moveit_configs_utils/substitutions
[0.953s] copying moveit_configs_utils/substitutions/xacro.py -> /home/jone/ws_moveit/build/moveit_configs_utils/build/lib/moveit_configs_utils/substitutions
[0.953s] running install
[0.953s] running install_lib
[0.954s] creating /home/jone/ws_moveit/install/moveit_configs_utils/lib/python3.10/site-packages/moveit_configs_utils
[0.954s] copying /home/jone/ws_moveit/build/moveit_configs_utils/build/lib/moveit_configs_utils/launches.py -> /home/jone/ws_moveit/install/moveit_configs_utils/lib/python3.10/site-packages/moveit_configs_utils
[0.954s] copying /home/jone/ws_moveit/build/moveit_configs_utils/build/lib/moveit_configs_utils/launch_utils.py -> /home/jone/ws_moveit/install/moveit_configs_utils/lib/python3.10/site-packages/moveit_configs_utils
[0.954s] creating /home/jone/ws_moveit/install/moveit_configs_utils/lib/python3.10/site-packages/moveit_configs_utils/substitutions
[0.954s] copying /home/jone/ws_moveit/build/moveit_configs_utils/build/lib/moveit_configs_utils/substitutions/__init__.py -> /home/jone/ws_moveit/install/moveit_configs_utils/lib/python3.10/site-packages/moveit_configs_utils/substitutions
[0.955s] copying /home/jone/ws_moveit/build/moveit_configs_utils/build/lib/moveit_configs_utils/substitutions/xacro.py -> /home/jone/ws_moveit/install/moveit_configs_utils/lib/python3.10/site-packages/moveit_configs_utils/substitutions
[0.955s] copying /home/jone/ws_moveit/build/moveit_configs_utils/build/lib/moveit_configs_utils/__init__.py -> /home/jone/ws_moveit/install/moveit_configs_utils/lib/python3.10/site-packages/moveit_configs_utils
[0.955s] copying /home/jone/ws_moveit/build/moveit_configs_utils/build/lib/moveit_configs_utils/moveit_configs_builder.py -> /home/jone/ws_moveit/install/moveit_configs_utils/lib/python3.10/site-packages/moveit_configs_utils
[0.955s] byte-compiling /home/jone/ws_moveit/install/moveit_configs_utils/lib/python3.10/site-packages/moveit_configs_utils/launches.py to launches.cpython-310.pyc
[0.956s] byte-compiling /home/jone/ws_moveit/install/moveit_configs_utils/lib/python3.10/site-packages/moveit_configs_utils/launch_utils.py to launch_utils.cpython-310.pyc
[0.957s] byte-compiling /home/jone/ws_moveit/install/moveit_configs_utils/lib/python3.10/site-packages/moveit_configs_utils/substitutions/__init__.py to __init__.cpython-310.pyc
[0.957s] byte-compiling /home/jone/ws_moveit/install/moveit_configs_utils/lib/python3.10/site-packages/moveit_configs_utils/substitutions/xacro.py to xacro.cpython-310.pyc
[0.957s] byte-compiling /home/jone/ws_moveit/install/moveit_configs_utils/lib/python3.10/site-packages/moveit_configs_utils/__init__.py to __init__.cpython-310.pyc
[0.958s] byte-compiling /home/jone/ws_moveit/install/moveit_configs_utils/lib/python3.10/site-packages/moveit_configs_utils/moveit_configs_builder.py to moveit_configs_builder.cpython-310.pyc
[0.959s] running install_data
[0.960s] creating /home/jone/ws_moveit/install/moveit_configs_utils/share/ament_index
[0.960s] creating /home/jone/ws_moveit/install/moveit_configs_utils/share/ament_index/resource_index
[0.960s] creating /home/jone/ws_moveit/install/moveit_configs_utils/share/ament_index/resource_index/packages
[0.960s] copying resource/moveit_configs_utils -> /home/jone/ws_moveit/install/moveit_configs_utils/share/ament_index/resource_index/packages
[0.960s] copying package.xml -> /home/jone/ws_moveit/install/moveit_configs_utils/share/moveit_configs_utils
[0.960s] creating /home/jone/ws_moveit/install/moveit_configs_utils/share/moveit_configs_utils/default_configs
[0.960s] copying default_configs/chomp_planning.yaml -> /home/jone/ws_moveit/install/moveit_configs_utils/share/moveit_configs_utils/default_configs
[0.960s] copying default_configs/ompl_planning.yaml -> /home/jone/ws_moveit/install/moveit_configs_utils/share/moveit_configs_utils/default_configs
[0.960s] copying default_configs/pilz_industrial_motion_planner_planning.yaml -> /home/jone/ws_moveit/install/moveit_configs_utils/share/moveit_configs_utils/default_configs
[0.960s] copying default_configs/ompl_defaults.yaml -> /home/jone/ws_moveit/install/moveit_configs_utils/share/moveit_configs_utils/default_configs
[0.960s] running install_egg_info
[0.963s] Copying ../../../build/moveit_configs_utils/moveit_configs_utils.egg-info to /home/jone/ws_moveit/install/moveit_configs_utils/lib/python3.10/site-packages/moveit_configs_utils-2.5.9-py3.10.egg-info
[0.964s] running install_scripts
[0.981s] writing list of installed files to '/home/jone/ws_moveit/build/moveit_configs_utils/install.log'
[1.014s] Invoked command in '/home/jone/ws_moveit/src/moveit2/moveit_configs_utils' returned '0': AMENT_PREFIX_PATH=/home/jone/ws_moveit/install/srdfdom:/home/jone/ws_moveit/install/launch_param_builder:${AMENT_PREFIX_PATH} CMAKE_PREFIX_PATH=/home/jone/ws_moveit/install/srdfdom LD_LIBRARY_PATH=/home/jone/ws_moveit/install/srdfdom/lib:/opt/ros/humble/opt/rviz_ogre_vendor/lib:/opt/ros/humble/lib/x86_64-linux-gnu:/opt/ros/humble/lib:/usr/lib/x86_64-linux-gnu/gazebo-11/plugins:/usr/lib/x86_64-linux-gnu/gazebo-11/plugins:/usr/lib/x86_64-linux-gnu/gazebo-11/plugins PYTHONPATH=/home/jone/ws_moveit/build/moveit_configs_utils/prefix_override:/usr/lib/python3/dist-packages/colcon_core/task/python/colcon_distutils_commands:/home/jone/ws_moveit/install/moveit_configs_utils/lib/python3.10/site-packages:/home/jone/ws_moveit/install/srdfdom/local/lib/python3.10/dist-packages:/home/jone/ws_moveit/install/launch_param_builder/lib/python3.10/site-packages:${PYTHONPATH} /usr/bin/python3 -W ignore:setup.py install is deprecated -W ignore:easy_install command is deprecated setup.py egg_info --egg-base ../../../build/moveit_configs_utils build --build-base /home/jone/ws_moveit/build/moveit_configs_utils/build install --record /home/jone/ws_moveit/build/moveit_configs_utils/install.log --single-version-externally-managed install_data
