[0.019s] Invoking command in '/home/jone/ws_moveit/build/moveit_core': CMAKE_PREFIX_PATH=/home/jone/ws_moveit/install/moveit_resources_panda_moveit_config:/home/jone/ws_moveit/install/srdfdom:/home/jone/ws_moveit/install/moveit_resources_pr2_description:/home/jone/ws_moveit/install/moveit_resources_panda_description:/home/jone/ws_moveit/install/moveit_common:/home/jone/ws_moveit/install/pilz_industrial_motion_planner_testutils:/home/jone/ws_moveit/install/moveit_runtime:/home/jone/ws_moveit/install/moveit2_tutorials:/home/jone/ws_moveit/install/moveit:/home/jone/ws_moveit/install/moveit_planners:/home/jone/ws_moveit/install/pilz_industrial_motion_planner:/home/jone/ws_moveit/install/moveit_visual_tools:/home/jone/ws_moveit/install/moveit_task_constructor_visualization:/home/jone/ws_moveit/install/moveit_task_constructor_demo:/home/jone/ws_moveit/install/moveit_task_constructor_capabilities:/home/jone/ws_moveit/install/moveit_task_constructor_core:/home/jone/ws_moveit/install/moveit_ros_control_interface:/home/jone/ws_moveit/install/moveit_plugins:/home/jone/ws_moveit/install/moveit_simple_controller_manager:/home/jone/ws_moveit/install/moveit_setup_assistant:/home/jone/ws_moveit/install/moveit_setup_srdf_plugins:/home/jone/ws_moveit/install/moveit_setup_core_plugins:/home/jone/ws_moveit/install/moveit_setup_controllers:/home/jone/ws_moveit/install/moveit_setup_app_plugins:/home/jone/ws_moveit/install/moveit_setup_framework:/home/jone/ws_moveit/install/moveit_servo:/home/jone/ws_moveit/install/moveit_ros:/home/jone/ws_moveit/install/moveit_ros_visualization:/home/jone/ws_moveit/install/moveit_hybrid_planning:/home/jone/ws_moveit/install/moveit_ros_planning_interface:/home/jone/ws_moveit/install/moveit_ros_benchmarks:/home/jone/ws_moveit/install/moveit_ros_warehouse:/home/jone/ws_moveit/install/moveit_ros_robot_interaction:/home/jone/ws_moveit/install/moveit_ros_perception:/home/jone/ws_moveit/install/moveit_resources_prbt_pg70_support:/home/jone/ws_moveit/install/moveit_resources_prbt_moveit_config:/home/jone/ws_moveit/install/moveit_ros_move_group:/home/jone/ws_moveit/install/moveit_planners_ompl:/home/jone/ws_moveit/install/moveit_ros_planning:/home/jone/ws_moveit/install/moveit_ros_occupancy_map_monitor:/home/jone/ws_moveit/install/moveit_resources_prbt_ikfast_manipulator_plugin:/home/jone/ws_moveit/install/moveit_planners_chomp:/home/jone/ws_moveit/install/moveit_kinematics:/home/jone/ws_moveit/install/moveit_chomp_optimizer_adapter:/home/jone/ws_moveit/install/chomp_motion_planner:/home/jone/ws_moveit/install/moveit_core:/home/jone/ws_moveit/install/rviz_marker_tools:/home/jone/ws_moveit/install/rosparam_shortcuts:/home/jone/ws_moveit/install/moveit_task_constructor_msgs:/home/jone/ws_moveit/install/moveit_resources_prbt_support:/home/jone/ws_moveit/install/moveit_resources:/home/jone/ws_moveit/install/moveit_resources_fanuc_moveit_config:/home/jone/ws_moveit/install/moveit_resources_fanuc_description:/home/jone/ws_moveit/install/moveit_configs_utils:/home/jone/ws_moveit/install/launch_param_builder:/opt/ros/humble LD_LIBRARY_PATH=/home/jone/ws_moveit/install/srdfdom/lib:/home/jone/ws_moveit/install/pilz_industrial_motion_planner_testutils/lib:/home/jone/ws_moveit/install/pilz_industrial_motion_planner/lib:/home/jone/ws_moveit/install/moveit_visual_tools/lib:/home/jone/ws_moveit/install/moveit_task_constructor_visualization/lib:/home/jone/ws_moveit/install/moveit_task_constructor_demo/lib:/home/jone/ws_moveit/install/moveit_task_constructor_capabilities/lib:/home/jone/ws_moveit/install/moveit_task_constructor_core/lib:/home/jone/ws_moveit/install/moveit_ros_control_interface/lib:/home/jone/ws_moveit/install/moveit_simple_controller_manager/lib:/home/jone/ws_moveit/install/moveit_setup_assistant/lib:/home/jone/ws_moveit/install/moveit_setup_srdf_plugins/lib:/home/jone/ws_moveit/install/moveit_setup_core_plugins/lib:/home/jone/ws_moveit/install/moveit_setup_controllers/lib:/home/jone/ws_moveit/install/moveit_setup_app_plugins/lib:/home/jone/ws_moveit/install/moveit_setup_framework/lib:/home/jone/ws_moveit/install/moveit_servo/lib:/home/jone/ws_moveit/install/moveit_ros_visualization/lib:/home/jone/ws_moveit/install/moveit_hybrid_planning/lib:/home/jone/ws_moveit/install/moveit_ros_planning_interface/lib:/home/jone/ws_moveit/install/moveit_ros_benchmarks/lib:/home/jone/ws_moveit/install/moveit_ros_warehouse/lib:/home/jone/ws_moveit/install/moveit_ros_robot_interaction/lib:/home/jone/ws_moveit/install/moveit_ros_perception/lib:/home/jone/ws_moveit/install/moveit_ros_move_group/lib:/home/jone/ws_moveit/install/moveit_planners_ompl/lib:/home/jone/ws_moveit/install/moveit_ros_planning/lib:/home/jone/ws_moveit/install/moveit_ros_occupancy_map_monitor/lib:/home/jone/ws_moveit/install/moveit_resources_prbt_ikfast_manipulator_plugin/lib:/home/jone/ws_moveit/install/moveit_planners_chomp/lib:/home/jone/ws_moveit/install/moveit_kinematics/lib:/home/jone/ws_moveit/install/moveit_chomp_optimizer_adapter/lib:/home/jone/ws_moveit/install/chomp_motion_planner/lib:/home/jone/ws_moveit/install/moveit_core/lib:/home/jone/ws_moveit/install/rviz_marker_tools/lib:/home/jone/ws_moveit/install/rosparam_shortcuts/lib:/home/jone/ws_moveit/install/moveit_task_constructor_msgs/lib:/opt/ros/humble/opt/rviz_ogre_vendor/lib:/opt/ros/humble/lib/x86_64-linux-gnu:/opt/ros/humble/lib:/usr/lib/x86_64-linux-gnu/gazebo-11/plugins:/usr/lib/x86_64-linux-gnu/gazebo-11/plugins:/usr/lib/x86_64-linux-gnu/gazebo-11/plugins /usr/bin/cmake /home/jone/ws_moveit/src/moveit2/moveit_core -DCMAKE_BUILD_TYPE=Debug -DCMAKE_INSTALL_PREFIX=/home/jone/ws_moveit/install/moveit_core
[0.032s] -- Found moveit_common: 2.5.9 (/home/jone/ws_moveit/install/moveit_common/share/moveit_common/cmake)
[0.032s] -- Found ament_cmake: 1.3.12 (/opt/ros/humble/share/ament_cmake/cmake)
[0.178s] -- Found angles: 1.15.0 (/opt/ros/humble/share/angles/cmake)
[0.202s] -- Found common_interfaces: 4.9.0 (/opt/ros/humble/share/common_interfaces/cmake)
[0.202s] -- Found eigen_stl_containers: 1.1.0 (/opt/ros/humble/share/eigen_stl_containers/cmake)
[0.204s] -- Found eigen3_cmake_module: 0.1.1 (/opt/ros/humble/share/eigen3_cmake_module/cmake)
[0.206s] -- Found generate_parameter_library: 0.5.0 (/opt/ros/humble/share/generate_parameter_library/cmake)
[0.207s] -- Found parameter_traits: 0.5.0 (/opt/ros/humble/share/parameter_traits/cmake)
[0.223s] -- Found rosidl_generator_c: 3.1.7 (/opt/ros/humble/share/rosidl_generator_c/cmake)
[0.225s] -- Found rosidl_adapter: 3.1.7 (/opt/ros/humble/share/rosidl_adapter/cmake)
[0.229s] -- Found rosidl_generator_cpp: 3.1.7 (/opt/ros/humble/share/rosidl_generator_cpp/cmake)
[0.237s] -- Using all available rosidl_typesupport_c: rosidl_typesupport_fastrtps_c;rosidl_typesupport_introspection_c
[0.247s] -- Using all available rosidl_typesupport_cpp: rosidl_typesupport_fastrtps_cpp;rosidl_typesupport_introspection_cpp
[0.270s] -- Found rmw_implementation_cmake: 6.1.2 (/opt/ros/humble/share/rmw_implementation_cmake/cmake)
[0.273s] -- Found rmw_fastrtps_cpp: 6.2.9 (/opt/ros/humble/share/rmw_fastrtps_cpp/cmake)
[0.387s] -- Using RMW implementation 'rmw_fastrtps_cpp' as default
[0.424s] -- Found rclcpp_lifecycle: 16.0.15 (/opt/ros/humble/share/rclcpp_lifecycle/cmake)
[0.436s] -- Found geometric_shapes: 2.3.2 (/opt/ros/humble/share/geometric_shapes/cmake)
[0.439s] -- Found Boost: /usr/lib/x86_64-linux-gnu/cmake/Boost-1.74.0/BoostConfig.cmake (found version "1.74.0") found components: filesystem 
[0.486s] -- library: /usr/lib/x86_64-linux-gnu/libcurl.so
[0.522s] -- Found kdl_parser: 2.6.4 (/opt/ros/humble/share/kdl_parser/cmake)
[0.525s] -- Ensuring Eigen3 include directory is part of orocos-kdl CMake target
[0.526s] -- Found moveit_msgs: 2.2.1 (/opt/ros/humble/share/moveit_msgs/cmake)
[0.598s] -- Found pluginlib: 5.1.2 (/opt/ros/humble/share/pluginlib/cmake)
[0.617s] -- Found srdfdom: 2.0.8 (/home/jone/ws_moveit/install/srdfdom/share/srdfdom/cmake)
[0.621s] -- Found tf2_eigen: 0.25.16 (/opt/ros/humble/share/tf2_eigen/cmake)
[0.662s] -- Found tf2_geometry_msgs: 0.25.16 (/opt/ros/humble/share/tf2_geometry_msgs/cmake)
[0.664s] -- Found tf2_kdl: 0.25.16 (/opt/ros/humble/share/tf2_kdl/cmake)
[0.681s] -- Found Boost: /usr/lib/x86_64-linux-gnu/cmake/Boost-1.74.0/BoostConfig.cmake (found version "1.74.0") found components: chrono date_time filesystem iostreams program_options regex serialization system thread 
[0.682s] --  *** Building MoveIt 2.5.9-Alpha ***
[0.694s] -- Found ament_cmake_gtest: 1.3.12 (/opt/ros/humble/share/ament_cmake_gtest/cmake)
[0.694s] -- Found gtest sources under '/opt/ros/humble/src/gtest_vendor': C++ tests using 'Google Test' will be built
[0.711s] -- Found ament_cmake_gmock: 1.3.12 (/opt/ros/humble/share/ament_cmake_gmock/cmake)
[0.713s] -- Found gmock sources under '/opt/ros/humble/src/gmock_vendor': C++ tests using 'Google Mock' will be built
[0.715s] -- Found ament_cmake_gtest: 1.3.12 (/opt/ros/humble/share/ament_cmake_gtest/cmake)
[0.715s] -- Found gtest sources under '/opt/ros/humble/src/gtest_vendor': C++ tests using 'Google Test' will be built
[0.732s] -- Found ament_cmake_gtest: 1.3.12 (/opt/ros/humble/share/ament_cmake_gtest/cmake)
[0.732s] -- Found gtest sources under '/opt/ros/humble/src/gtest_vendor': C++ tests using 'Google Test' will be built
[0.770s] -- Found ament_cmake_gtest: 1.3.12 (/opt/ros/humble/share/ament_cmake_gtest/cmake)
[0.771s] -- Found gtest sources under '/opt/ros/humble/src/gtest_vendor': C++ tests using 'Google Test' will be built
[0.785s] -- Found ament_lint_auto: 0.12.14 (/opt/ros/humble/share/ament_lint_auto/cmake)
[0.786s] -- Found ament_cmake_gtest: 1.3.12 (/opt/ros/humble/share/ament_cmake_gtest/cmake)
[0.786s] -- Found gtest sources under '/opt/ros/humble/src/gtest_vendor': C++ tests using 'Google Test' will be built
[0.813s] -- Found ament_cmake_gtest: 1.3.12 (/opt/ros/humble/share/ament_cmake_gtest/cmake)
[0.814s] -- Found gtest sources under '/opt/ros/humble/src/gtest_vendor': C++ tests using 'Google Test' will be built
[0.835s] -- Found ament_cmake_gtest: 1.3.12 (/opt/ros/humble/share/ament_cmake_gtest/cmake)
[0.836s] -- Found gtest sources under '/opt/ros/humble/src/gtest_vendor': C++ tests using 'Google Test' will be built
[0.850s] -- Found ament_cmake_gtest: 1.3.12 (/opt/ros/humble/share/ament_cmake_gtest/cmake)
[0.851s] -- Found gmock sources under '/opt/ros/humble/src/gmock_vendor': C++ tests using 'Google Mock' will be built
[0.851s] -- Found gtest sources under '/opt/ros/humble/src/gtest_vendor': C++ tests using 'Google Test' will be built
[0.862s] -- Found gtest sources under '/opt/ros/humble/src/gtest_vendor': C++ tests using 'Google Test' will be built
[0.874s] -- Found gtest sources under '/opt/ros/humble/src/gtest_vendor': C++ tests using 'Google Test' will be built
[0.891s] -- Found ament_cmake_gtest: 1.3.12 (/opt/ros/humble/share/ament_cmake_gtest/cmake)
[0.892s] -- Found gtest sources under '/opt/ros/humble/src/gtest_vendor': C++ tests using 'Google Test' will be built
[0.925s] -- Found gtest sources under '/opt/ros/humble/src/gtest_vendor': C++ tests using 'Google Test' will be built
[0.947s] -- Found gtest sources under '/opt/ros/humble/src/gtest_vendor': C++ tests using 'Google Test' will be built
[0.964s] -- Found gtest sources under '/opt/ros/humble/src/gtest_vendor': C++ tests using 'Google Test' will be built
[0.970s] -- Found ament_lint_auto: 0.12.14 (/opt/ros/humble/share/ament_lint_auto/cmake)
[0.999s] -- Added test 'cppcheck' to perform static code analysis on C / C++ code
[1.000s] -- Configured cppcheck include dirs: /home/jone/ws_moveit/src/moveit2/moveit_core/exceptions/include;/home/jone/ws_moveit/src/moveit2/moveit_core/collision_detection/include;/home/jone/ws_moveit/src/moveit2/moveit_core/collision_detection_fcl/include;/home/jone/ws_moveit/src/moveit2/moveit_core/collision_detection_bullet/include;/home/jone/ws_moveit/src/moveit2/moveit_core/constraint_samplers/include;/home/jone/ws_moveit/src/moveit2/moveit_core/controller_manager/include;/home/jone/ws_moveit/src/moveit2/moveit_core/distance_field/include;/home/jone/ws_moveit/src/moveit2/moveit_core/collision_distance_field/include;/home/jone/ws_moveit/src/moveit2/moveit_core/dynamics_solver/include;/home/jone/ws_moveit/src/moveit2/moveit_core/kinematics_base/include;/home/jone/ws_moveit/src/moveit2/moveit_core/kinematics_metrics/include;/home/jone/ws_moveit/src/moveit2/moveit_core/robot_model/include;/home/jone/ws_moveit/src/moveit2/moveit_core/transforms/include;/home/jone/ws_moveit/src/moveit2/moveit_core/robot_state/include;/home/jone/ws_moveit/src/moveit2/moveit_core/robot_trajectory/include;/home/jone/ws_moveit/src/moveit2/moveit_core/kinematic_constraints/include;/home/jone/ws_moveit/src/moveit2/moveit_core/macros/include;/home/jone/ws_moveit/src/moveit2/moveit_core/online_signal_smoothing/include;/home/jone/ws_moveit/src/moveit2/moveit_core/planning_interface/include;/home/jone/ws_moveit/src/moveit2/moveit_core/planning_request_adapter/include;/home/jone/ws_moveit/src/moveit2/moveit_core/planning_scene/include;/home/jone/ws_moveit/src/moveit2/moveit_core/sensor_manager/include;/home/jone/ws_moveit/src/moveit2/moveit_core/trajectory_processing/include;/home/jone/ws_moveit/src/moveit2/moveit_core/utils/include
[1.000s] -- Configured cppcheck exclude dirs and/or files: 
[1.003s] -- Added test 'pep257' to check Python code against some of the docstring style conventions in PEP 257
[1.005s] -- Added test 'xmllint' to check XML markup files
[1.008s] -- Configuring done
[1.550s] -- Generating done
[1.672s] -- Build files have been written to: /home/jone/ws_moveit/build/moveit_core
[1.706s] Invoked command in '/home/jone/ws_moveit/build/moveit_core' returned '0': CMAKE_PREFIX_PATH=/home/jone/ws_moveit/install/moveit_resources_panda_moveit_config:/home/jone/ws_moveit/install/srdfdom:/home/jone/ws_moveit/install/moveit_resources_pr2_description:/home/jone/ws_moveit/install/moveit_resources_panda_description:/home/jone/ws_moveit/install/moveit_common:/home/jone/ws_moveit/install/pilz_industrial_motion_planner_testutils:/home/jone/ws_moveit/install/moveit_runtime:/home/jone/ws_moveit/install/moveit2_tutorials:/home/jone/ws_moveit/install/moveit:/home/jone/ws_moveit/install/moveit_planners:/home/jone/ws_moveit/install/pilz_industrial_motion_planner:/home/jone/ws_moveit/install/moveit_visual_tools:/home/jone/ws_moveit/install/moveit_task_constructor_visualization:/home/jone/ws_moveit/install/moveit_task_constructor_demo:/home/jone/ws_moveit/install/moveit_task_constructor_capabilities:/home/jone/ws_moveit/install/moveit_task_constructor_core:/home/jone/ws_moveit/install/moveit_ros_control_interface:/home/jone/ws_moveit/install/moveit_plugins:/home/jone/ws_moveit/install/moveit_simple_controller_manager:/home/jone/ws_moveit/install/moveit_setup_assistant:/home/jone/ws_moveit/install/moveit_setup_srdf_plugins:/home/jone/ws_moveit/install/moveit_setup_core_plugins:/home/jone/ws_moveit/install/moveit_setup_controllers:/home/jone/ws_moveit/install/moveit_setup_app_plugins:/home/jone/ws_moveit/install/moveit_setup_framework:/home/jone/ws_moveit/install/moveit_servo:/home/jone/ws_moveit/install/moveit_ros:/home/jone/ws_moveit/install/moveit_ros_visualization:/home/jone/ws_moveit/install/moveit_hybrid_planning:/home/jone/ws_moveit/install/moveit_ros_planning_interface:/home/jone/ws_moveit/install/moveit_ros_benchmarks:/home/jone/ws_moveit/install/moveit_ros_warehouse:/home/jone/ws_moveit/install/moveit_ros_robot_interaction:/home/jone/ws_moveit/install/moveit_ros_perception:/home/jone/ws_moveit/install/moveit_resources_prbt_pg70_support:/home/jone/ws_moveit/install/moveit_resources_prbt_moveit_config:/home/jone/ws_moveit/install/moveit_ros_move_group:/home/jone/ws_moveit/install/moveit_planners_ompl:/home/jone/ws_moveit/install/moveit_ros_planning:/home/jone/ws_moveit/install/moveit_ros_occupancy_map_monitor:/home/jone/ws_moveit/install/moveit_resources_prbt_ikfast_manipulator_plugin:/home/jone/ws_moveit/install/moveit_planners_chomp:/home/jone/ws_moveit/install/moveit_kinematics:/home/jone/ws_moveit/install/moveit_chomp_optimizer_adapter:/home/jone/ws_moveit/install/chomp_motion_planner:/home/jone/ws_moveit/install/moveit_core:/home/jone/ws_moveit/install/rviz_marker_tools:/home/jone/ws_moveit/install/rosparam_shortcuts:/home/jone/ws_moveit/install/moveit_task_constructor_msgs:/home/jone/ws_moveit/install/moveit_resources_prbt_support:/home/jone/ws_moveit/install/moveit_resources:/home/jone/ws_moveit/install/moveit_resources_fanuc_moveit_config:/home/jone/ws_moveit/install/moveit_resources_fanuc_description:/home/jone/ws_moveit/install/moveit_configs_utils:/home/jone/ws_moveit/install/launch_param_builder:/opt/ros/humble LD_LIBRARY_PATH=/home/jone/ws_moveit/install/srdfdom/lib:/home/jone/ws_moveit/install/pilz_industrial_motion_planner_testutils/lib:/home/jone/ws_moveit/install/pilz_industrial_motion_planner/lib:/home/jone/ws_moveit/install/moveit_visual_tools/lib:/home/jone/ws_moveit/install/moveit_task_constructor_visualization/lib:/home/jone/ws_moveit/install/moveit_task_constructor_demo/lib:/home/jone/ws_moveit/install/moveit_task_constructor_capabilities/lib:/home/jone/ws_moveit/install/moveit_task_constructor_core/lib:/home/jone/ws_moveit/install/moveit_ros_control_interface/lib:/home/jone/ws_moveit/install/moveit_simple_controller_manager/lib:/home/jone/ws_moveit/install/moveit_setup_assistant/lib:/home/jone/ws_moveit/install/moveit_setup_srdf_plugins/lib:/home/jone/ws_moveit/install/moveit_setup_core_plugins/lib:/home/jone/ws_moveit/install/moveit_setup_controllers/lib:/home/jone/ws_moveit/install/moveit_setup_app_plugins/lib:/home/jone/ws_moveit/install/moveit_setup_framework/lib:/home/jone/ws_moveit/install/moveit_servo/lib:/home/jone/ws_moveit/install/moveit_ros_visualization/lib:/home/jone/ws_moveit/install/moveit_hybrid_planning/lib:/home/jone/ws_moveit/install/moveit_ros_planning_interface/lib:/home/jone/ws_moveit/install/moveit_ros_benchmarks/lib:/home/jone/ws_moveit/install/moveit_ros_warehouse/lib:/home/jone/ws_moveit/install/moveit_ros_robot_interaction/lib:/home/jone/ws_moveit/install/moveit_ros_perception/lib:/home/jone/ws_moveit/install/moveit_ros_move_group/lib:/home/jone/ws_moveit/install/moveit_planners_ompl/lib:/home/jone/ws_moveit/install/moveit_ros_planning/lib:/home/jone/ws_moveit/install/moveit_ros_occupancy_map_monitor/lib:/home/jone/ws_moveit/install/moveit_resources_prbt_ikfast_manipulator_plugin/lib:/home/jone/ws_moveit/install/moveit_planners_chomp/lib:/home/jone/ws_moveit/install/moveit_kinematics/lib:/home/jone/ws_moveit/install/moveit_chomp_optimizer_adapter/lib:/home/jone/ws_moveit/install/chomp_motion_planner/lib:/home/jone/ws_moveit/install/moveit_core/lib:/home/jone/ws_moveit/install/rviz_marker_tools/lib:/home/jone/ws_moveit/install/rosparam_shortcuts/lib:/home/jone/ws_moveit/install/moveit_task_constructor_msgs/lib:/opt/ros/humble/opt/rviz_ogre_vendor/lib:/opt/ros/humble/lib/x86_64-linux-gnu:/opt/ros/humble/lib:/usr/lib/x86_64-linux-gnu/gazebo-11/plugins:/usr/lib/x86_64-linux-gnu/gazebo-11/plugins:/usr/lib/x86_64-linux-gnu/gazebo-11/plugins /usr/bin/cmake /home/jone/ws_moveit/src/moveit2/moveit_core -DCMAKE_BUILD_TYPE=Debug -DCMAKE_INSTALL_PREFIX=/home/jone/ws_moveit/install/moveit_core
[1.707s] Invoking command in '/home/jone/ws_moveit/build/moveit_core': CMAKE_PREFIX_PATH=/home/jone/ws_moveit/install/moveit_resources_panda_moveit_config:/home/jone/ws_moveit/install/srdfdom:/home/jone/ws_moveit/install/moveit_resources_pr2_description:/home/jone/ws_moveit/install/moveit_resources_panda_description:/home/jone/ws_moveit/install/moveit_common:/home/jone/ws_moveit/install/pilz_industrial_motion_planner_testutils:/home/jone/ws_moveit/install/moveit_runtime:/home/jone/ws_moveit/install/moveit2_tutorials:/home/jone/ws_moveit/install/moveit:/home/jone/ws_moveit/install/moveit_planners:/home/jone/ws_moveit/install/pilz_industrial_motion_planner:/home/jone/ws_moveit/install/moveit_visual_tools:/home/jone/ws_moveit/install/moveit_task_constructor_visualization:/home/jone/ws_moveit/install/moveit_task_constructor_demo:/home/jone/ws_moveit/install/moveit_task_constructor_capabilities:/home/jone/ws_moveit/install/moveit_task_constructor_core:/home/jone/ws_moveit/install/moveit_ros_control_interface:/home/jone/ws_moveit/install/moveit_plugins:/home/jone/ws_moveit/install/moveit_simple_controller_manager:/home/jone/ws_moveit/install/moveit_setup_assistant:/home/jone/ws_moveit/install/moveit_setup_srdf_plugins:/home/jone/ws_moveit/install/moveit_setup_core_plugins:/home/jone/ws_moveit/install/moveit_setup_controllers:/home/jone/ws_moveit/install/moveit_setup_app_plugins:/home/jone/ws_moveit/install/moveit_setup_framework:/home/jone/ws_moveit/install/moveit_servo:/home/jone/ws_moveit/install/moveit_ros:/home/jone/ws_moveit/install/moveit_ros_visualization:/home/jone/ws_moveit/install/moveit_hybrid_planning:/home/jone/ws_moveit/install/moveit_ros_planning_interface:/home/jone/ws_moveit/install/moveit_ros_benchmarks:/home/jone/ws_moveit/install/moveit_ros_warehouse:/home/jone/ws_moveit/install/moveit_ros_robot_interaction:/home/jone/ws_moveit/install/moveit_ros_perception:/home/jone/ws_moveit/install/moveit_resources_prbt_pg70_support:/home/jone/ws_moveit/install/moveit_resources_prbt_moveit_config:/home/jone/ws_moveit/install/moveit_ros_move_group:/home/jone/ws_moveit/install/moveit_planners_ompl:/home/jone/ws_moveit/install/moveit_ros_planning:/home/jone/ws_moveit/install/moveit_ros_occupancy_map_monitor:/home/jone/ws_moveit/install/moveit_resources_prbt_ikfast_manipulator_plugin:/home/jone/ws_moveit/install/moveit_planners_chomp:/home/jone/ws_moveit/install/moveit_kinematics:/home/jone/ws_moveit/install/moveit_chomp_optimizer_adapter:/home/jone/ws_moveit/install/chomp_motion_planner:/home/jone/ws_moveit/install/moveit_core:/home/jone/ws_moveit/install/rviz_marker_tools:/home/jone/ws_moveit/install/rosparam_shortcuts:/home/jone/ws_moveit/install/moveit_task_constructor_msgs:/home/jone/ws_moveit/install/moveit_resources_prbt_support:/home/jone/ws_moveit/install/moveit_resources:/home/jone/ws_moveit/install/moveit_resources_fanuc_moveit_config:/home/jone/ws_moveit/install/moveit_resources_fanuc_description:/home/jone/ws_moveit/install/moveit_configs_utils:/home/jone/ws_moveit/install/launch_param_builder:/opt/ros/humble LD_LIBRARY_PATH=/home/jone/ws_moveit/install/srdfdom/lib:/home/jone/ws_moveit/install/pilz_industrial_motion_planner_testutils/lib:/home/jone/ws_moveit/install/pilz_industrial_motion_planner/lib:/home/jone/ws_moveit/install/moveit_visual_tools/lib:/home/jone/ws_moveit/install/moveit_task_constructor_visualization/lib:/home/jone/ws_moveit/install/moveit_task_constructor_demo/lib:/home/jone/ws_moveit/install/moveit_task_constructor_capabilities/lib:/home/jone/ws_moveit/install/moveit_task_constructor_core/lib:/home/jone/ws_moveit/install/moveit_ros_control_interface/lib:/home/jone/ws_moveit/install/moveit_simple_controller_manager/lib:/home/jone/ws_moveit/install/moveit_setup_assistant/lib:/home/jone/ws_moveit/install/moveit_setup_srdf_plugins/lib:/home/jone/ws_moveit/install/moveit_setup_core_plugins/lib:/home/jone/ws_moveit/install/moveit_setup_controllers/lib:/home/jone/ws_moveit/install/moveit_setup_app_plugins/lib:/home/jone/ws_moveit/install/moveit_setup_framework/lib:/home/jone/ws_moveit/install/moveit_servo/lib:/home/jone/ws_moveit/install/moveit_ros_visualization/lib:/home/jone/ws_moveit/install/moveit_hybrid_planning/lib:/home/jone/ws_moveit/install/moveit_ros_planning_interface/lib:/home/jone/ws_moveit/install/moveit_ros_benchmarks/lib:/home/jone/ws_moveit/install/moveit_ros_warehouse/lib:/home/jone/ws_moveit/install/moveit_ros_robot_interaction/lib:/home/jone/ws_moveit/install/moveit_ros_perception/lib:/home/jone/ws_moveit/install/moveit_ros_move_group/lib:/home/jone/ws_moveit/install/moveit_planners_ompl/lib:/home/jone/ws_moveit/install/moveit_ros_planning/lib:/home/jone/ws_moveit/install/moveit_ros_occupancy_map_monitor/lib:/home/jone/ws_moveit/install/moveit_resources_prbt_ikfast_manipulator_plugin/lib:/home/jone/ws_moveit/install/moveit_planners_chomp/lib:/home/jone/ws_moveit/install/moveit_kinematics/lib:/home/jone/ws_moveit/install/moveit_chomp_optimizer_adapter/lib:/home/jone/ws_moveit/install/chomp_motion_planner/lib:/home/jone/ws_moveit/install/moveit_core/lib:/home/jone/ws_moveit/install/rviz_marker_tools/lib:/home/jone/ws_moveit/install/rosparam_shortcuts/lib:/home/jone/ws_moveit/install/moveit_task_constructor_msgs/lib:/opt/ros/humble/opt/rviz_ogre_vendor/lib:/opt/ros/humble/lib/x86_64-linux-gnu:/opt/ros/humble/lib:/usr/lib/x86_64-linux-gnu/gazebo-11/plugins:/usr/lib/x86_64-linux-gnu/gazebo-11/plugins:/usr/lib/x86_64-linux-gnu/gazebo-11/plugins /usr/bin/cmake --build /home/jone/ws_moveit/build/moveit_core
[1.770s] [35m[1mConsolidate compiler generated dependencies of target gtest_main[0m
[1.770s] [35m[1mConsolidate compiler generated dependencies of target moveit_exceptions[0m
[1.770s] [35m[1mConsolidate compiler generated dependencies of target gmock_main[0m
[1.770s] [35m[1mConsolidate compiler generated dependencies of target moveit_version[0m
[1.770s] [35m[1mConsolidate compiler generated dependencies of target gtest[0m
[1.770s] [35m[1mConsolidate compiler generated dependencies of target moveit_transforms[0m
[1.770s] [35m[1mConsolidate compiler generated dependencies of target moveit_utils[0m
[1.770s] [35m[1mConsolidate compiler generated dependencies of target moveit_kinematics_base[0m
[1.770s] [35m[1mConsolidate compiler generated dependencies of target moveit_smoothing_base[0m
[1.771s] [35m[1mConsolidate compiler generated dependencies of target gmock[0m
[1.774s] [35m[1mConsolidate compiler generated dependencies of target moveit_distance_field[0m
[1.793s] [  0%] [32mBuilding CXX object version/CMakeFiles/moveit_version.dir/version.cpp.o[0m
[1.793s] [  2%] [32mBuilding CXX object exceptions/CMakeFiles/moveit_exceptions.dir/src/exceptions.cpp.o[0m
[1.793s] [  3%] Built target moveit_butterworth_parameters
[1.794s] [  3%] [32mBuilding CXX object gmock/CMakeFiles/gmock_main.dir/src/gmock_main.cc.o[0m
[1.796s] [  3%] [32mBuilding CXX object gmock/CMakeFiles/gmock.dir/opt/ros/humble/src/gtest_vendor/src/gtest-all.cc.o[0m
[1.796s] [  5%] [32mBuilding CXX object gtest/CMakeFiles/gtest.dir/src/gtest-all.cc.o[0m
[1.797s] [  5%] [32mBuilding CXX object gtest/CMakeFiles/gtest_main.dir/src/gtest_main.cc.o[0m
[1.797s] [  5%] [32mBuilding CXX object utils/CMakeFiles/moveit_utils.dir/src/lexical_casts.cpp.o[0m
[1.797s] [  6%] [32mBuilding CXX object utils/CMakeFiles/moveit_utils.dir/src/rclcpp_utils.cpp.o[0m
[1.797s] [  7%] [32mBuilding CXX object gmock/CMakeFiles/gmock.dir/src/gmock-all.cc.o[0m
[1.797s] [  7%] [32mBuilding CXX object utils/CMakeFiles/moveit_utils.dir/src/message_checks.cpp.o[0m
[1.799s] [  8%] [32mBuilding CXX object online_signal_smoothing/CMakeFiles/moveit_smoothing_base.dir/src/smoothing_base_class.cpp.o[0m
[1.805s] [  9%] [32mBuilding CXX object kinematics_base/CMakeFiles/moveit_kinematics_base.dir/src/kinematics_base.cpp.o[0m
[1.805s] [ 10%] [32mBuilding CXX object transforms/CMakeFiles/moveit_transforms.dir/src/transforms.cpp.o[0m
[1.829s] [ 12%] [32mBuilding CXX object distance_field/CMakeFiles/moveit_distance_field.dir/src/distance_field.cpp.o[0m
[1.829s] [ 12%] [32mBuilding CXX object distance_field/CMakeFiles/moveit_distance_field.dir/src/find_internal_points.cpp.o[0m
[1.829s] [ 12%] [32mBuilding CXX object distance_field/CMakeFiles/moveit_distance_field.dir/src/propagation_distance_field.cpp.o[0m
[1.854s] [ 13%] [32m[1mLinking CXX executable moveit_version[0m
[2.033s] [ 13%] Built target moveit_version
[2.910s] [ 13%] [32m[1mLinking CXX shared library libmoveit_exceptions.so[0m
[3.195s] [ 14%] [32m[1mLinking CXX shared library libmoveit_utils.so[0m
[3.199s] [ 14%] Built target moveit_exceptions
[3.302s] [ 14%] [32m[1mLinking CXX static library libgtest_main.a[0m
[3.388s] [ 14%] Built target gtest_main
[3.541s] [ 15%] [32m[1mLinking CXX static library libgmock_main.a[0m
[3.619s] [ 15%] Built target gmock_main
[3.873s] [ 15%] Built target moveit_utils
[5.611s] [ 16%] [32m[1mLinking CXX static library libgtest.a[0m
[5.706s] [ 16%] Built target gtest
[5.740s] [ 17%] [32m[1mLinking CXX static library libgmock.a[0m
[5.847s] [ 17%] Built target gmock
[6.128s] [ 17%] [32m[1mLinking CXX shared library libmoveit_smoothing_base.so[0m
[6.255s] [ 17%] Built target moveit_smoothing_base
[7.542s] [ 17%] [32m[1mLinking CXX shared library libmoveit_kinematics_base.so[0m
[7.715s] [ 17%] Built target moveit_kinematics_base
[7.742s] [35m[1mConsolidate compiler generated dependencies of target moveit_robot_model[0m
[7.783s] [ 17%] [32mBuilding CXX object robot_model/CMakeFiles/moveit_robot_model.dir/src/aabb.cpp.o[0m
[7.783s] [ 17%] [32mBuilding CXX object robot_model/CMakeFiles/moveit_robot_model.dir/src/floating_joint_model.cpp.o[0m
[7.783s] [ 18%] [32mBuilding CXX object robot_model/CMakeFiles/moveit_robot_model.dir/src/fixed_joint_model.cpp.o[0m
[7.783s] [ 19%] [32mBuilding CXX object robot_model/CMakeFiles/moveit_robot_model.dir/src/joint_model.cpp.o[0m
[7.787s] [ 19%] [32mBuilding CXX object robot_model/CMakeFiles/moveit_robot_model.dir/src/joint_model_group.cpp.o[0m
[7.790s] [ 21%] [32mBuilding CXX object robot_model/CMakeFiles/moveit_robot_model.dir/src/planar_joint_model.cpp.o[0m
[7.790s] [ 21%] [32mBuilding CXX object robot_model/CMakeFiles/moveit_robot_model.dir/src/prismatic_joint_model.cpp.o[0m
[7.790s] [ 22%] [32mBuilding CXX object robot_model/CMakeFiles/moveit_robot_model.dir/src/link_model.cpp.o[0m
[7.790s] [ 22%] [32mBuilding CXX object robot_model/CMakeFiles/moveit_robot_model.dir/src/revolute_joint_model.cpp.o[0m
[7.791s] [ 22%] [32mBuilding CXX object robot_model/CMakeFiles/moveit_robot_model.dir/src/robot_model.cpp.o[0m
[11.735s] [ 23%] [32m[1mLinking CXX shared library libmoveit_distance_field.so[0m
[12.258s] [ 23%] Built target moveit_distance_field
[12.285s] [35m[1mConsolidate compiler generated dependencies of target test_voxel_grid[0m
[12.285s] [35m[1mConsolidate compiler generated dependencies of target test_distance_field[0m
[12.325s] [ 24%] [32mBuilding CXX object distance_field/CMakeFiles/test_voxel_grid.dir/test/test_voxel_grid.cpp.o[0m
[12.334s] [ 25%] [32mBuilding CXX object distance_field/CMakeFiles/test_distance_field.dir/test/test_distance_field.cpp.o[0m
[12.728s] [ 25%] [32m[1mLinking CXX shared library libmoveit_transforms.so[0m
[13.285s] [ 25%] Built target moveit_transforms
[13.314s] [35m[1mConsolidate compiler generated dependencies of target test_transforms[0m
[13.348s] [ 25%] [32mBuilding CXX object transforms/CMakeFiles/test_transforms.dir/test/test_transforms.cpp.o[0m
[16.787s] [ 26%] [32m[1mLinking CXX executable test_transforms[0m
[17.066s] [ 26%] [32m[1mLinking CXX executable test_voxel_grid[0m
[17.068s] [ 26%] Built target test_transforms
[17.287s] [ 26%] Built target test_voxel_grid
[18.804s] [ 27%] [32m[1mLinking CXX shared library libmoveit_robot_model.so[0m
[19.624s] [ 27%] Built target moveit_robot_model
[19.641s] [35m[1mConsolidate compiler generated dependencies of target moveit_butterworth_filter[0m
[19.642s] [35m[1mConsolidate compiler generated dependencies of target moveit_test_utils[0m
[19.645s] [35m[1mConsolidate compiler generated dependencies of target moveit_robot_state[0m
[19.667s] [ 28%] [32mBuilding CXX object online_signal_smoothing/CMakeFiles/moveit_butterworth_filter.dir/src/butterworth_filter.cpp.o[0m
[19.668s] [ 29%] [32mBuilding CXX object utils/CMakeFiles/moveit_test_utils.dir/src/robot_model_test_utils.cpp.o[0m
[19.678s] [ 30%] [32mBuilding CXX object robot_state/CMakeFiles/moveit_robot_state.dir/src/attached_body.cpp.o[0m
[19.680s] [ 31%] [32mBuilding CXX object robot_state/CMakeFiles/moveit_robot_state.dir/src/conversions.cpp.o[0m
[19.681s] [ 31%] [32mBuilding CXX object robot_state/CMakeFiles/moveit_robot_state.dir/src/robot_state.cpp.o[0m
[19.681s] [ 31%] [32mBuilding CXX object robot_state/CMakeFiles/moveit_robot_state.dir/src/cartesian_interpolator.cpp.o[0m
[20.388s] [ 31%] [32m[1mLinking CXX executable test_distance_field[0m
[20.838s] [ 31%] Built target test_distance_field
[26.859s] [ 31%] [32m[1mLinking CXX shared library libmoveit_butterworth_filter.so[0m
[27.078s] [ 32%] [32m[1mLinking CXX shared library libmoveit_test_utils.so[0m
[27.090s] [ 32%] Built target moveit_butterworth_filter
[27.108s] [35m[1mConsolidate compiler generated dependencies of target test_butterworth_filter[0m
[27.140s] [ 32%] [32mBuilding CXX object online_signal_smoothing/CMakeFiles/test_butterworth_filter.dir/test/test_butterworth_filter.cpp.o[0m
[27.539s] [ 32%] Built target moveit_test_utils
[27.557s] [35m[1mConsolidate compiler generated dependencies of target test_robot_model[0m
[27.582s] [ 33%] [32mBuilding CXX object robot_model/CMakeFiles/test_robot_model.dir/test/test.cpp.o[0m
[32.614s] [ 33%] [32m[1mLinking CXX executable test_robot_model[0m
[33.060s] [ 33%] Built target test_robot_model
[33.811s] [ 34%] [32m[1mLinking CXX executable test_butterworth_filter[0m
[34.016s] [ 34%] Built target test_butterworth_filter
[41.134s] [ 35%] [32m[1mLinking CXX shared library libmoveit_robot_state.so[0m
[42.249s] [ 35%] Built target moveit_robot_state
[42.267s] [35m[1mConsolidate compiler generated dependencies of target moveit_kinematics_metrics[0m
[42.267s] [35m[1mConsolidate compiler generated dependencies of target moveit_dynamics_solver[0m
[42.267s] [35m[1mConsolidate compiler generated dependencies of target test_aabb[0m
[42.267s] [35m[1mConsolidate compiler generated dependencies of target test_robot_state_benchmark[0m
[42.267s] [35m[1mConsolidate compiler generated dependencies of target moveit_robot_trajectory[0m
[42.267s] [35m[1mConsolidate compiler generated dependencies of target test_cartesian_interpolator[0m
[42.268s] [35m[1mConsolidate compiler generated dependencies of target test_robot_state[0m
[42.270s] [35m[1mConsolidate compiler generated dependencies of target test_robot_state_complex[0m
[42.279s] [35m[1mConsolidate compiler generated dependencies of target moveit_collision_detection[0m
[42.293s] [ 37%] [32mBuilding CXX object robot_state/CMakeFiles/test_cartesian_interpolator.dir/test/test_cartesian_interpolator.cpp.o[0m
[42.293s] [ 37%] [32mBuilding CXX object dynamics_solver/CMakeFiles/moveit_dynamics_solver.dir/src/dynamics_solver.cpp.o[0m
[42.293s] [ 37%] [32mBuilding CXX object kinematics_metrics/CMakeFiles/moveit_kinematics_metrics.dir/src/kinematics_metrics.cpp.o[0m
[42.293s] [ 37%] [32mBuilding CXX object robot_state/CMakeFiles/test_robot_state_benchmark.dir/test/robot_state_benchmark.cpp.o[0m
[42.293s] [ 37%] [32mBuilding CXX object robot_state/CMakeFiles/test_aabb.dir/test/test_aabb.cpp.o[0m
[42.294s] [ 38%] [32mBuilding CXX object robot_trajectory/CMakeFiles/moveit_robot_trajectory.dir/src/robot_trajectory.cpp.o[0m
[42.296s] [ 38%] [32mBuilding CXX object robot_state/CMakeFiles/test_robot_state_complex.dir/test/test_kinematic_complex.cpp.o[0m
[42.303s] [ 39%] [32mBuilding CXX object robot_state/CMakeFiles/test_robot_state.dir/test/robot_state_test.cpp.o[0m
[42.335s] [ 40%] [32mBuilding CXX object collision_detection/CMakeFiles/moveit_collision_detection.dir/src/collision_common.cpp.o[0m
[42.336s] [ 40%] [32mBuilding CXX object collision_detection/CMakeFiles/moveit_collision_detection.dir/src/allvalid/collision_env_allvalid.cpp.o[0m
[42.336s] [ 40%] [32mBuilding CXX object collision_detection/CMakeFiles/moveit_collision_detection.dir/src/collision_matrix.cpp.o[0m
[42.336s] [ 41%] [32mBuilding CXX object collision_detection/CMakeFiles/moveit_collision_detection.dir/src/collision_octomap_filter.cpp.o[0m
[42.336s] [ 42%] [32mBuilding CXX object collision_detection/CMakeFiles/moveit_collision_detection.dir/src/collision_tools.cpp.o[0m
[42.341s] [ 43%] [32mBuilding CXX object collision_detection/CMakeFiles/moveit_collision_detection.dir/src/world.cpp.o[0m
[42.341s] [ 43%] [32mBuilding CXX object collision_detection/CMakeFiles/moveit_collision_detection.dir/src/world_diff.cpp.o[0m
[42.344s] [ 43%] [32mBuilding CXX object collision_detection/CMakeFiles/moveit_collision_detection.dir/src/collision_env.cpp.o[0m
[42.345s] [ 44%] [32mBuilding CXX object collision_detection/CMakeFiles/moveit_collision_detection.dir/src/collision_plugin_cache.cpp.o[0m
[55.222s] [ 44%] [32m[1mLinking CXX executable test_cartesian_interpolator[0m
[56.358s] [ 45%] [32m[1mLinking CXX shared library libmoveit_dynamics_solver.so[0m
[57.565s] [ 45%] Built target test_cartesian_interpolator
[58.062s] [ 45%] Built target moveit_dynamics_solver
[59.019s] [ 46%] [32m[1mLinking CXX executable test_aabb[0m
[59.600s] [ 47%] [32m[1mLinking CXX executable test_robot_state_benchmark[0m
[60.189s] [ 48%] [32m[1mLinking CXX executable test_robot_state_complex[0m
[60.249s] [ 49%] [32m[1mLinking CXX executable test_robot_state[0m
[60.654s] [ 49%] Built target test_aabb
[60.749s] [ 49%] [32m[1mLinking CXX shared library libmoveit_robot_trajectory.so[0m
[61.243s] [ 49%] Built target test_robot_state_benchmark
[61.447s] [ 49%] [32m[1mLinking CXX shared library libmoveit_collision_detection.so[0m
[62.113s] [ 49%] Built target moveit_robot_trajectory
[62.134s] [35m[1mConsolidate compiler generated dependencies of target test_robot_trajectory[0m
[62.136s] [35m[1mConsolidate compiler generated dependencies of target moveit_planning_interface[0m
[62.137s] [35m[1mConsolidate compiler generated dependencies of target moveit_trajectory_processing[0m
[62.205s] [ 51%] [32mBuilding CXX object trajectory_processing/CMakeFiles/moveit_trajectory_processing.dir/src/iterative_spline_parameterization.cpp.o[0m
[62.205s] [ 51%] [32mBuilding CXX object trajectory_processing/CMakeFiles/moveit_trajectory_processing.dir/src/iterative_time_parameterization.cpp.o[0m
[62.205s] [ 51%] [32mBuilding CXX object planning_interface/CMakeFiles/moveit_planning_interface.dir/src/planning_interface.cpp.o[0m
[62.206s] [ 53%] [32mBuilding CXX object planning_interface/CMakeFiles/moveit_planning_interface.dir/src/planning_response.cpp.o[0m
[62.206s] [ 53%] [32mBuilding CXX object robot_trajectory/CMakeFiles/test_robot_trajectory.dir/test/test_robot_trajectory.cpp.o[0m
[62.207s] [ 53%] [32mBuilding CXX object trajectory_processing/CMakeFiles/moveit_trajectory_processing.dir/src/ruckig_traj_smoothing.cpp.o[0m
[62.208s] [ 54%] [32mBuilding CXX object trajectory_processing/CMakeFiles/moveit_trajectory_processing.dir/src/trajectory_tools.cpp.o[0m
[62.209s] [ 54%] [32mBuilding CXX object trajectory_processing/CMakeFiles/moveit_trajectory_processing.dir/src/time_optimal_trajectory_generation.cpp.o[0m
[62.330s] [ 54%] Built target test_robot_state_complex
[62.393s] [ 54%] Built target test_robot_state
[62.489s] [ 54%] Built target moveit_collision_detection
[62.518s] [35m[1mConsolidate compiler generated dependencies of target test_world[0m
[62.518s] [35m[1mConsolidate compiler generated dependencies of target test_world_diff[0m
[62.518s] [35m[1mConsolidate compiler generated dependencies of target test_all_valid[0m
[62.519s] [35m[1mConsolidate compiler generated dependencies of target moveit_collision_detection_fcl[0m
[62.531s] [35m[1mConsolidate compiler generated dependencies of target moveit_collision_detection_bullet[0m
[62.550s] [ 56%] [32mBuilding CXX object collision_detection/CMakeFiles/test_world.dir/test/test_world.cpp.o[0m
[62.550s] [ 56%] [32mBuilding CXX object collision_detection/CMakeFiles/test_world_diff.dir/test/test_world_diff.cpp.o[0m
[62.565s] [ 57%] [32mBuilding CXX object collision_detection/CMakeFiles/test_all_valid.dir/test/test_all_valid.cpp.o[0m
[62.583s] [ 58%] [32mBuilding CXX object collision_detection_fcl/CMakeFiles/moveit_collision_detection_fcl.dir/src/collision_common.cpp.o[0m
[62.583s] [ 58%] [32mBuilding CXX object collision_detection_fcl/CMakeFiles/moveit_collision_detection_fcl.dir/src/collision_env_fcl.cpp.o[0m
[62.616s] [ 59%] [32mBuilding CXX object collision_detection_bullet/CMakeFiles/moveit_collision_detection_bullet.dir/src/bullet_integration/bullet_utils.cpp.o[0m
[62.617s] [ 59%] [32mBuilding CXX object collision_detection_bullet/CMakeFiles/moveit_collision_detection_bullet.dir/src/bullet_integration/bullet_cast_bvh_manager.cpp.o[0m
[62.620s] [ 60%] [32mBuilding CXX object collision_detection_bullet/CMakeFiles/moveit_collision_detection_bullet.dir/src/bullet_integration/bullet_discrete_bvh_manager.cpp.o[0m
[62.651s] [ 60%] [32mBuilding CXX object collision_detection_bullet/CMakeFiles/moveit_collision_detection_bullet.dir/src/bullet_integration/bullet_bvh_manager.cpp.o[0m
[62.651s] [ 61%] [32mBuilding CXX object collision_detection_bullet/CMakeFiles/moveit_collision_detection_bullet.dir/src/collision_env_bullet.cpp.o[0m
[62.660s] [ 62%] [32mBuilding CXX object collision_detection_bullet/CMakeFiles/moveit_collision_detection_bullet.dir/src/bullet_integration/ros_bullet_utils.cpp.o[0m
[62.669s] [ 63%] [32mBuilding CXX object collision_detection_bullet/CMakeFiles/moveit_collision_detection_bullet.dir/src/bullet_integration/contact_checker_common.cpp.o[0m
[71.471s] [ 64%] [32m[1mLinking CXX executable test_world_diff[0m
[71.850s] [ 64%] [32m[1mLinking CXX executable test_world[0m
[73.725s] [ 64%] Built target test_world_diff
[74.268s] [ 64%] Built target test_world
