[0.010s] Invoking command in '/home/jone/ws/build/ros_ign_gazebo': CMAKE_PREFIX_PATH=${CMAKE_PREFIX_PATH}:/home/jone/turtlebot3_ws/install/turtlebot3_teleop:/home/jone/turtlebot3_ws/install/turtlebot3_example:/opt/ros/humble /usr/bin/cmake /home/jone/ws/src/ros_ign_gazebo -DCMAKE_INSTALL_PREFIX=/home/jone/ws/install/ros_ign_gazebo
[0.142s] -- The C compiler identification is GNU 11.4.0
[0.227s] -- The CXX compiler identification is GNU 11.4.0
[0.235s] -- Detecting C compiler ABI info
[0.297s] -- Detecting C compiler ABI info - done
[0.302s] -- Check for working C compiler: /usr/bin/cc - skipped
[0.303s] -- Detecting C compile features
[0.303s] -- Detecting C compile features - done
[0.306s] -- Detecting CXX compiler ABI info
[0.375s] -- Detecting CXX compiler ABI info - done
[0.381s] -- Check for working CXX compiler: /usr/bin/c++ - skipped
[0.381s] -- Detecting CXX compile features
[0.381s] -- Detecting CXX compile features - done
[0.390s] -- Found ament_cmake: 1.3.12 (/opt/ros/humble/share/ament_cmake/cmake)
[0.525s] -- Found Python3: /usr/bin/python3 (found version "3.10.12") found components: Interpreter 
[0.636s] -- Found ament_index_cpp: 1.4.0 (/opt/ros/humble/share/ament_index_cpp/cmake)
[0.645s] -- Looking for ignition-gazebo6 -- found version 6.17.0
[0.656s] -- Searching for dependencies of ignition-gazebo6
[0.661s] -- Looking for sdformat12 -- found version 12.8.0
[0.662s] -- Searching for dependencies of sdformat12
[0.667s] -- Checking for module 'tinyxml2'
[0.681s] --   Found tinyxml2, version 9.0.0
[0.718s] -- Looking for ignition-math6 -- found version 6.15.1
[0.719s] -- Searching for dependencies of ignition-math6
[0.728s] -- Looking for ignition-utils1 -- found version 1.5.1
[0.728s] -- Searching for dependencies of ignition-utils1
[0.734s] -- Looking for ignition-plugin1 -- found version 1.4.0
[0.735s] -- Searching for dependencies of ignition-plugin1
[0.735s] -- Searching for <ignition-plugin1> component [loader]
[0.739s] -- Looking for ignition-plugin1-loader -- found version 1.4.0
[0.739s] -- Searching for dependencies of ignition-plugin1-loader
[0.739s] -- Searching for <ignition-plugin1> component [register]
[0.743s] -- Looking for ignition-plugin1-register -- found version 1.4.0
[0.743s] -- Searching for dependencies of ignition-plugin1-register
[0.749s] -- Looking for ignition-transport11 -- found version 11.4.1
[0.749s] -- Searching for dependencies of ignition-transport11
[0.927s] -- Found Protobuf: /usr/lib/x86_64-linux-gnu/libprotobuf.so (found version "3.12.4") 
[0.941s] -- Config-file not installed for ZeroMQ -- checking for pkg-config
[0.945s] -- Checking for module 'libzmq >= 4'
[0.963s] --   Found libzmq , version 4.3.4
[1.000s] -- Found ZeroMQ: TRUE (Required is at least version "4") 
[1.006s] -- Checking for module 'uuid'
[1.024s] --   Found uuid, version 2.37.2
[1.061s] -- Found UUID: TRUE  
[1.061s] -- Looking for ignition-utils1 -- found version 1.5.1
[1.062s] -- Searching for dependencies of ignition-utils1
[1.062s] -- Searching for <ignition-utils1> component [cli]
[1.066s] -- Looking for ignition-utils1-cli -- found version 1.5.1
[1.066s] -- Searching for dependencies of ignition-utils1-cli
[1.071s] -- Looking for ignition-msgs8 -- found version 8.7.0
[1.071s] -- Searching for dependencies of ignition-msgs8
[1.089s] -- Found Protobuf: /usr/lib/x86_64-linux-gnu/libprotobuf.so (found suitable version "3.12.4", minimum required is "3") 
[1.090s] -- Looking for ignition-math6 -- found version 6.15.1
[1.102s] -- Searching for <ignition-transport11> component [log]
[1.106s] -- Looking for ignition-transport11-log -- found version 11.4.1
[1.107s] -- Searching for dependencies of ignition-transport11-log
[1.107s] -- Searching for <ignition-transport11> component [parameters]
[1.110s] -- Looking for ignition-transport11-parameters -- found version 11.4.1
[1.111s] -- Searching for dependencies of ignition-transport11-parameters
[1.112s] -- Looking for ignition-msgs8 -- found version 8.7.0
[1.116s] -- Looking for ignition-common4 -- found version 4.7.0
[1.117s] -- Searching for dependencies of ignition-common4
[1.117s] -- Looking for dlfcn.h - found
[1.119s] -- Looking for libdl - found
[1.120s] -- Found DL: TRUE  
[1.127s] -- Searching for <ignition-common4> component [profiler]
[1.131s] -- Looking for ignition-common4-profiler -- found version 4.7.0
[1.131s] -- Searching for dependencies of ignition-common4-profiler
[1.132s] -- Searching for <ignition-common4> component [events]
[1.135s] -- Looking for ignition-common4-events -- found version 4.7.0
[1.136s] -- Searching for dependencies of ignition-common4-events
[1.136s] -- Looking for ignition-math6 -- found version 6.15.1
[1.137s] -- Searching for <ignition-common4> component [av]
[1.140s] -- Looking for ignition-common4-av -- found version 4.7.0
[1.140s] -- Searching for dependencies of ignition-common4-av
[1.145s] -- Checking for module 'libswscale'
[1.158s] --   Found libswscale, version 5.9.100
[1.191s] -- Found SWSCALE: TRUE  
[1.196s] -- Checking for module 'libavdevice >= 56.4.100'
[1.211s] --   Found libavdevice , version 58.13.100
[1.247s] -- Found AVDEVICE: TRUE (Required is at least version "56.4.100") 
[1.252s] -- Checking for module 'libavformat'
[1.265s] --   Found libavformat, version 58.76.100
[1.299s] -- Found AVFORMAT: TRUE  
[1.303s] -- Checking for module 'libavcodec'
[1.316s] --   Found libavcodec, version 58.134.100
[1.348s] -- Found AVCODEC: TRUE  
[1.353s] -- Checking for module 'libavutil'
[1.366s] --   Found libavutil, version 56.70.100
[1.396s] -- Found AVUTIL: TRUE  
[1.402s] -- Looking for ignition-fuel_tools7 -- found version 7.3.1
[1.402s] -- Searching for dependencies of ignition-fuel_tools7
[1.479s] -- Found CURL: /usr/lib/x86_64-linux-gnu/libcurl.so (found version "7.81.0")  
[1.490s] -- Checking for module 'jsoncpp'
[1.503s] --   Found jsoncpp, version 1.9.5
[1.534s] -- Found JSONCPP: TRUE  
[1.542s] -- Checking for module 'libzip'
[1.556s] --   Found libzip, version 1.7.3
[1.591s] -- Found ZIP: TRUE  
[1.591s] -- Looking for ignition-common4 -- found version 4.7.0
[1.591s] -- Looking for ignition-math6 -- found version 6.15.1
[1.591s] -- Looking for ignition-msgs8 -- found version 8.7.0
[1.598s] -- Looking for ignition-gui6 -- found version 6.8.0
[1.598s] -- Searching for dependencies of ignition-gui6
[1.625s] -- Looking for ignition-math6 -- found version 6.15.1
[1.625s] -- Looking for ignition-common4 -- found version 4.7.0
[1.626s] -- Looking for ignition-plugin1 -- found version 1.4.0
[1.626s] -- Looking for ignition-transport11 -- found version 11.4.1
[1.632s] -- Looking for ignition-rendering6 -- found version 6.6.3
[1.632s] -- Searching for dependencies of ignition-rendering6
[1.633s] -- Looking for ignition-math6 -- found version 6.15.1
[1.633s] -- Searching for dependencies of ignition-math6
[1.633s] -- Searching for <ignition-math6> component [eigen3]
[1.637s] -- Looking for ignition-math6-eigen3 -- found version 6.15.1
[1.637s] -- Searching for dependencies of ignition-math6-eigen3
[1.648s] -- Looking for ignition-common4 -- found version 4.7.0
[1.649s] -- Searching for dependencies of ignition-common4
[1.649s] -- Looking for dlfcn.h - found
[1.649s] -- Looking for libdl - found
[1.658s] -- Searching for <ignition-common4> component [graphics]
[1.662s] -- Looking for ignition-common4-graphics -- found version 4.7.0
[1.662s] -- Searching for dependencies of ignition-common4-graphics
[1.662s] -- Looking for ignition-math6 -- found version 6.15.1
[1.663s] -- Looking for ignition-utils1 -- found version 1.5.1
[1.663s] -- Searching for <ignition-common4> component [events]
[1.664s] -- Looking for ignition-plugin1 -- found version 1.4.0
[1.664s] -- Searching for dependencies of ignition-plugin1
[1.664s] -- Searching for <ignition-plugin1> component [all]
[1.668s] -- Looking for all libraries of ignition-plugin1 -- found version 1.4.0
[1.668s] -- Looking for ignition-plugin1 -- found version 1.4.0
[1.673s] -- Looking for ignition-msgs8 -- found version 8.7.0
[1.715s] -- Looking for ignition-physics5 -- found version 5.3.2
[1.715s] -- Searching for dependencies of ignition-physics5
[1.716s] -- Looking for ignition-math6 -- found version 6.15.1
[1.716s] -- Looking for ignition-plugin1 -- found version 1.4.0
[1.716s] -- Looking for ignition-utils1 -- found version 1.5.1
[1.717s] -- Searching for <ignition-physics5> component [heightmap]
[1.721s] -- Looking for ignition-physics5-heightmap -- found version 5.3.2
[1.722s] -- Searching for dependencies of ignition-physics5-heightmap
[1.722s] -- Looking for ignition-common4 -- found version 4.7.0
[1.722s] -- Searching for <ignition-physics5> component [mesh]
[1.726s] -- Looking for ignition-physics5-mesh -- found version 5.3.2
[1.727s] -- Searching for dependencies of ignition-physics5-mesh
[1.727s] -- Looking for ignition-common4 -- found version 4.7.0
[1.727s] -- Searching for <ignition-physics5> component [sdf]
[1.732s] -- Looking for ignition-physics5-sdf -- found version 5.3.2
[1.732s] -- Searching for dependencies of ignition-physics5-sdf
[1.732s] -- Looking for sdformat12 -- found version 12.8.0
[1.738s] -- Looking for ignition-sensors6 -- found version 6.8.1
[1.739s] -- Searching for dependencies of ignition-sensors6
[1.758s] -- Found Protobuf: /usr/lib/x86_64-linux-gnu/libprotobuf.so (found version "3.12.4") 
[1.758s] -- Looking for ignition-math6 -- found version 6.15.1
[1.759s] -- Looking for ignition-common4 -- found version 4.7.0
[1.759s] -- Looking for ignition-transport11 -- found version 11.4.1
[1.759s] -- Looking for ignition-rendering6 -- found version 6.6.3
[1.760s] -- Looking for ignition-msgs8 -- found version 8.7.0
[1.760s] -- Looking for sdformat12 -- found version 12.8.0
[1.761s] -- Searching for <ignition-sensors6> component [air_pressure]
[1.764s] -- Looking for ignition-sensors6-air_pressure -- found version 6.8.1
[1.765s] -- Searching for dependencies of ignition-sensors6-air_pressure
[1.765s] -- Searching for <ignition-sensors6> component [altimeter]
[1.769s] -- Looking for ignition-sensors6-altimeter -- found version 6.8.1
[1.770s] -- Searching for dependencies of ignition-sensors6-altimeter
[1.770s] -- Searching for <ignition-sensors6> component [imu]
[1.774s] -- Looking for ignition-sensors6-imu -- found version 6.8.1
[1.774s] -- Searching for dependencies of ignition-sensors6-imu
[1.775s] -- Searching for <ignition-sensors6> component [force_torque]
[1.778s] -- Looking for ignition-sensors6-force_torque -- found version 6.8.1
[1.779s] -- Searching for dependencies of ignition-sensors6-force_torque
[1.779s] -- Searching for <ignition-sensors6> component [logical_camera]
[1.783s] -- Looking for ignition-sensors6-logical_camera -- found version 6.8.1
[1.783s] -- Searching for dependencies of ignition-sensors6-logical_camera
[1.784s] -- Searching for <ignition-sensors6> component [magnetometer]
[1.787s] -- Looking for ignition-sensors6-magnetometer -- found version 6.8.1
[1.788s] -- Searching for dependencies of ignition-sensors6-magnetometer
[1.788s] -- Searching for <ignition-sensors6> component [navsat]
[1.792s] -- Looking for ignition-sensors6-navsat -- found version 6.8.1
[1.793s] -- Searching for dependencies of ignition-sensors6-navsat
[1.793s] -- Searching for <ignition-sensors6> component [rendering]
[1.798s] -- Looking for ignition-sensors6-rendering -- found version 6.8.1
[1.798s] -- Searching for dependencies of ignition-sensors6-rendering
[1.799s] -- Searching for <ignition-sensors6> component [lidar]
[1.803s] -- Looking for ignition-sensors6-lidar -- found version 6.8.1
[1.803s] -- Searching for dependencies of ignition-sensors6-lidar
[1.803s] -- Looking for ignition-sensors6 -- found version 6.8.1
[1.804s] -- Searching for <ignition-sensors6> component [gpu_lidar]
[1.808s] -- Looking for ignition-sensors6-gpu_lidar -- found version 6.8.1
[1.808s] -- Searching for dependencies of ignition-sensors6-gpu_lidar
[1.809s] -- Looking for ignition-sensors6 -- found version 6.8.1
[1.809s] -- Searching for <ignition-sensors6> component [camera]
[1.813s] -- Looking for ignition-sensors6-camera -- found version 6.8.1
[1.813s] -- Searching for dependencies of ignition-sensors6-camera
[1.813s] -- Looking for ignition-sensors6 -- found version 6.8.1
[1.814s] -- Searching for <ignition-sensors6> component [boundingbox_camera]
[1.818s] -- Looking for ignition-sensors6-boundingbox_camera -- found version 6.8.1
[1.818s] -- Searching for dependencies of ignition-sensors6-boundingbox_camera
[1.819s] -- Searching for <ignition-sensors6> component [segmentation_camera]
[1.823s] -- Looking for ignition-sensors6-segmentation_camera -- found version 6.8.1
[1.823s] -- Searching for dependencies of ignition-sensors6-segmentation_camera
[1.824s] -- Searching for <ignition-sensors6> component [depth_camera]
[1.828s] -- Looking for ignition-sensors6-depth_camera -- found version 6.8.1
[1.828s] -- Searching for dependencies of ignition-sensors6-depth_camera
[1.829s] -- Looking for ignition-sensors6 -- found version 6.8.1
[1.829s] -- Searching for <ignition-sensors6> component [rgbd_camera]
[1.833s] -- Looking for ignition-sensors6-rgbd_camera -- found version 6.8.1
[1.834s] -- Searching for dependencies of ignition-sensors6-rgbd_camera
[1.834s] -- Looking for ignition-sensors6 -- found version 6.8.1
[1.835s] -- Searching for <ignition-sensors6> component [thermal_camera]
[1.839s] -- Looking for ignition-sensors6-thermal_camera -- found version 6.8.1
[1.839s] -- Searching for dependencies of ignition-sensors6-thermal_camera
[1.839s] -- Looking for ignition-sensors6 -- found version 6.8.1
[1.840s] -- Looking for ignition-rendering6 -- found version 6.6.3
[1.841s] -- Looking for ignition-math6 -- found version 6.15.1
[1.845s] -- Looking for ignition-utils1 -- found version 1.5.1
[1.870s] -- Compiling against Gazebo Fortress
[1.938s] -- Configuring done
[1.944s] -- Generating done
[1.947s] -- Build files have been written to: /home/jone/ws/build/ros_ign_gazebo
[1.962s] Invoked command in '/home/jone/ws/build/ros_ign_gazebo' returned '0': CMAKE_PREFIX_PATH=${CMAKE_PREFIX_PATH}:/home/jone/turtlebot3_ws/install/turtlebot3_teleop:/home/jone/turtlebot3_ws/install/turtlebot3_example:/opt/ros/humble /usr/bin/cmake /home/jone/ws/src/ros_ign_gazebo -DCMAKE_INSTALL_PREFIX=/home/jone/ws/install/ros_ign_gazebo
[1.963s] Invoking command in '/home/jone/ws/build/ros_ign_gazebo': CMAKE_PREFIX_PATH=${CMAKE_PREFIX_PATH}:/home/jone/turtlebot3_ws/install/turtlebot3_teleop:/home/jone/turtlebot3_ws/install/turtlebot3_example:/opt/ros/humble /usr/bin/cmake --build /home/jone/ws/build/ros_ign_gazebo -- -j16 -l16
[2.019s] [ 50%] [32mBuilding CXX object CMakeFiles/create.dir/src/create_shim.cpp.o[0m
[2.197s] [100%] [32m[1mLinking CXX executable create[0m
[2.256s] [100%] Built target create
[2.266s] Invoked command in '/home/jone/ws/build/ros_ign_gazebo' returned '0': CMAKE_PREFIX_PATH=${CMAKE_PREFIX_PATH}:/home/jone/turtlebot3_ws/install/turtlebot3_teleop:/home/jone/turtlebot3_ws/install/turtlebot3_example:/opt/ros/humble /usr/bin/cmake --build /home/jone/ws/build/ros_ign_gazebo -- -j16 -l16
[2.267s] Invoking command in '/home/jone/ws/build/ros_ign_gazebo': CMAKE_PREFIX_PATH=${CMAKE_PREFIX_PATH}:/home/jone/turtlebot3_ws/install/turtlebot3_teleop:/home/jone/turtlebot3_ws/install/turtlebot3_example:/opt/ros/humble /usr/bin/cmake --install /home/jone/ws/build/ros_ign_gazebo
[2.274s] -- Install configuration: ""
[2.274s] -- Installing: /home/jone/ws/install/ros_ign_gazebo/share/ros_ign_gazebo/launch/ign_gazebo.launch.py
[2.274s] -- Installing: /home/jone/ws/install/ros_ign_gazebo/lib/ros_ign_gazebo/create
[2.275s] -- Set runtime path of "/home/jone/ws/install/ros_ign_gazebo/lib/ros_ign_gazebo/create" to ""
[2.275s] -- Installing: /home/jone/ws/install/ros_ign_gazebo/share/ament_index/resource_index/package_run_dependencies/ros_ign_gazebo
[2.275s] -- Installing: /home/jone/ws/install/ros_ign_gazebo/share/ament_index/resource_index/parent_prefix_path/ros_ign_gazebo
[2.275s] -- Installing: /home/jone/ws/install/ros_ign_gazebo/share/ros_ign_gazebo/environment/ament_prefix_path.sh
[2.276s] -- Installing: /home/jone/ws/install/ros_ign_gazebo/share/ros_ign_gazebo/environment/ament_prefix_path.dsv
[2.276s] -- Installing: /home/jone/ws/install/ros_ign_gazebo/share/ros_ign_gazebo/environment/path.sh
[2.276s] -- Installing: /home/jone/ws/install/ros_ign_gazebo/share/ros_ign_gazebo/environment/path.dsv
[2.276s] -- Installing: /home/jone/ws/install/ros_ign_gazebo/share/ros_ign_gazebo/local_setup.bash
[2.276s] -- Installing: /home/jone/ws/install/ros_ign_gazebo/share/ros_ign_gazebo/local_setup.sh
[2.276s] -- Installing: /home/jone/ws/install/ros_ign_gazebo/share/ros_ign_gazebo/local_setup.zsh
[2.276s] -- Installing: /home/jone/ws/install/ros_ign_gazebo/share/ros_ign_gazebo/local_setup.dsv
[2.276s] -- Installing: /home/jone/ws/install/ros_ign_gazebo/share/ros_ign_gazebo/package.dsv
[2.277s] -- Installing: /home/jone/ws/install/ros_ign_gazebo/share/ament_index/resource_index/packages/ros_ign_gazebo
[2.277s] -- Installing: /home/jone/ws/install/ros_ign_gazebo/share/ros_ign_gazebo/cmake/ament_cmake_export_dependencies-extras.cmake
[2.277s] -- Installing: /home/jone/ws/install/ros_ign_gazebo/share/ros_ign_gazebo/cmake/ros_ign_gazeboConfig.cmake
[2.277s] -- Installing: /home/jone/ws/install/ros_ign_gazebo/share/ros_ign_gazebo/cmake/ros_ign_gazeboConfig-version.cmake
[2.277s] -- Installing: /home/jone/ws/install/ros_ign_gazebo/share/ros_ign_gazebo/package.xml
[2.279s] Invoked command in '/home/jone/ws/build/ros_ign_gazebo' returned '0': CMAKE_PREFIX_PATH=${CMAKE_PREFIX_PATH}:/home/jone/turtlebot3_ws/install/turtlebot3_teleop:/home/jone/turtlebot3_ws/install/turtlebot3_example:/opt/ros/humble /usr/bin/cmake --install /home/jone/ws/build/ros_ign_gazebo
