[0.041s] Invoking command in '/home/jone/ws_moveit/build/moveit_core': CMAKE_PREFIX_PATH=/home/jone/ws_moveit/install/moveit_resources_panda_moveit_config:/home/jone/ws_moveit/install/srdfdom:/home/jone/ws_moveit/install/moveit_resources_pr2_description:/home/jone/ws_moveit/install/moveit_resources_panda_description:/home/jone/ws_moveit/install/moveit_common:/home/jone/ws_moveit/install/pilz_industrial_motion_planner_testutils:/home/jone/ws_moveit/install/moveit_runtime:/home/jone/ws_moveit/install/moveit2_tutorials:/home/jone/ws_moveit/install/moveit:/home/jone/ws_moveit/install/moveit_planners:/home/jone/ws_moveit/install/pilz_industrial_motion_planner:/home/jone/ws_moveit/install/moveit_visual_tools:/home/jone/ws_moveit/install/moveit_task_constructor_visualization:/home/jone/ws_moveit/install/moveit_task_constructor_demo:/home/jone/ws_moveit/install/moveit_task_constructor_capabilities:/home/jone/ws_moveit/install/moveit_task_constructor_core:/home/jone/ws_moveit/install/moveit_ros_control_interface:/home/jone/ws_moveit/install/moveit_plugins:/home/jone/ws_moveit/install/moveit_simple_controller_manager:/home/jone/ws_moveit/install/moveit_setup_assistant:/home/jone/ws_moveit/install/moveit_setup_srdf_plugins:/home/jone/ws_moveit/install/moveit_setup_core_plugins:/home/jone/ws_moveit/install/moveit_setup_controllers:/home/jone/ws_moveit/install/moveit_setup_app_plugins:/home/jone/ws_moveit/install/moveit_setup_framework:/home/jone/ws_moveit/install/moveit_servo:/home/jone/ws_moveit/install/moveit_ros:/home/jone/ws_moveit/install/moveit_ros_visualization:/home/jone/ws_moveit/install/moveit_hybrid_planning:/home/jone/ws_moveit/install/moveit_ros_planning_interface:/home/jone/ws_moveit/install/moveit_ros_benchmarks:/home/jone/ws_moveit/install/moveit_ros_warehouse:/home/jone/ws_moveit/install/moveit_ros_robot_interaction:/home/jone/ws_moveit/install/moveit_ros_perception:/home/jone/ws_moveit/install/moveit_resources_prbt_pg70_support:/home/jone/ws_moveit/install/moveit_resources_prbt_moveit_config:/home/jone/ws_moveit/install/moveit_ros_move_group:/home/jone/ws_moveit/install/moveit_planners_ompl:/home/jone/ws_moveit/install/moveit_ros_planning:/home/jone/ws_moveit/install/moveit_ros_occupancy_map_monitor:/home/jone/ws_moveit/install/moveit_resources_prbt_ikfast_manipulator_plugin:/home/jone/ws_moveit/install/moveit_planners_chomp:/home/jone/ws_moveit/install/moveit_kinematics:/home/jone/ws_moveit/install/moveit_chomp_optimizer_adapter:/home/jone/ws_moveit/install/chomp_motion_planner:/home/jone/ws_moveit/install/moveit_core:/home/jone/ws_moveit/install/rviz_marker_tools:/home/jone/ws_moveit/install/rosparam_shortcuts:/home/jone/ws_moveit/install/moveit_task_constructor_msgs:/home/jone/ws_moveit/install/moveit_resources_prbt_support:/home/jone/ws_moveit/install/moveit_resources:/home/jone/ws_moveit/install/moveit_resources_fanuc_moveit_config:/home/jone/ws_moveit/install/moveit_resources_fanuc_description:/home/jone/ws_moveit/install/moveit_configs_utils:/home/jone/ws_moveit/install/launch_param_builder:/opt/ros/humble LD_LIBRARY_PATH=/home/jone/ws_moveit/install/srdfdom/lib:/home/jone/ws_moveit/install/pilz_industrial_motion_planner_testutils/lib:/home/jone/ws_moveit/install/pilz_industrial_motion_planner/lib:/home/jone/ws_moveit/install/moveit_visual_tools/lib:/home/jone/ws_moveit/install/moveit_task_constructor_visualization/lib:/home/jone/ws_moveit/install/moveit_task_constructor_demo/lib:/home/jone/ws_moveit/install/moveit_task_constructor_capabilities/lib:/home/jone/ws_moveit/install/moveit_task_constructor_core/lib:/home/jone/ws_moveit/install/moveit_ros_control_interface/lib:/home/jone/ws_moveit/install/moveit_simple_controller_manager/lib:/home/jone/ws_moveit/install/moveit_setup_assistant/lib:/home/jone/ws_moveit/install/moveit_setup_srdf_plugins/lib:/home/jone/ws_moveit/install/moveit_setup_core_plugins/lib:/home/jone/ws_moveit/install/moveit_setup_controllers/lib:/home/jone/ws_moveit/install/moveit_setup_app_plugins/lib:/home/jone/ws_moveit/install/moveit_setup_framework/lib:/home/jone/ws_moveit/install/moveit_servo/lib:/home/jone/ws_moveit/install/moveit_ros_visualization/lib:/home/jone/ws_moveit/install/moveit_hybrid_planning/lib:/home/jone/ws_moveit/install/moveit_ros_planning_interface/lib:/home/jone/ws_moveit/install/moveit_ros_benchmarks/lib:/home/jone/ws_moveit/install/moveit_ros_warehouse/lib:/home/jone/ws_moveit/install/moveit_ros_robot_interaction/lib:/home/jone/ws_moveit/install/moveit_ros_perception/lib:/home/jone/ws_moveit/install/moveit_ros_move_group/lib:/home/jone/ws_moveit/install/moveit_planners_ompl/lib:/home/jone/ws_moveit/install/moveit_ros_planning/lib:/home/jone/ws_moveit/install/moveit_ros_occupancy_map_monitor/lib:/home/jone/ws_moveit/install/moveit_resources_prbt_ikfast_manipulator_plugin/lib:/home/jone/ws_moveit/install/moveit_planners_chomp/lib:/home/jone/ws_moveit/install/moveit_kinematics/lib:/home/jone/ws_moveit/install/moveit_chomp_optimizer_adapter/lib:/home/jone/ws_moveit/install/chomp_motion_planner/lib:/home/jone/ws_moveit/install/moveit_core/lib:/home/jone/ws_moveit/install/rviz_marker_tools/lib:/home/jone/ws_moveit/install/rosparam_shortcuts/lib:/home/jone/ws_moveit/install/moveit_task_constructor_msgs/lib:/opt/ros/humble/opt/rviz_ogre_vendor/lib:/opt/ros/humble/lib/x86_64-linux-gnu:/opt/ros/humble/lib:/usr/lib/x86_64-linux-gnu/gazebo-11/plugins:/usr/lib/x86_64-linux-gnu/gazebo-11/plugins:/usr/lib/x86_64-linux-gnu/gazebo-11/plugins /usr/bin/cmake --build /home/jone/ws_moveit/build/moveit_core -- -j16 -l16
[0.137s] [35m[1mConsolidate compiler generated dependencies of target moveit_exceptions[0m
[0.138s] [35m[1mConsolidate compiler generated dependencies of target gtest[0m
[0.138s] [35m[1mConsolidate compiler generated dependencies of target moveit_version[0m
[0.139s] [35m[1mConsolidate compiler generated dependencies of target gtest_main[0m
[0.140s] [35m[1mConsolidate compiler generated dependencies of target gmock_main[0m
[0.142s] [35m[1mConsolidate compiler generated dependencies of target moveit_utils[0m
[0.143s] [35m[1mConsolidate compiler generated dependencies of target gmock[0m
[0.144s] [35m[1mConsolidate compiler generated dependencies of target moveit_transforms[0m
[0.144s] [35m[1mConsolidate compiler generated dependencies of target moveit_smoothing_base[0m
[0.144s] [35m[1mConsolidate compiler generated dependencies of target moveit_kinematics_base[0m
[0.158s] [35m[1mConsolidate compiler generated dependencies of target moveit_distance_field[0m
[0.165s] [  3%] Built target moveit_version
[0.165s] [  3%] Built target moveit_butterworth_parameters
[0.169s] [  5%] Built target gtest
[0.169s] [  5%] Built target moveit_exceptions
[0.172s] [  6%] Built target gtest_main
[0.179s] [  7%] Built target gmock_main
[0.179s] [  9%] Built target gmock
[0.179s] [ 12%] Built target moveit_utils
[0.188s] [ 13%] Built target moveit_smoothing_base
[0.192s] [ 14%] Built target moveit_transforms
[0.192s] [ 15%] Built target moveit_kinematics_base
[0.206s] [35m[1mConsolidate compiler generated dependencies of target test_transforms[0m
[0.210s] [ 18%] Built target moveit_distance_field
[0.221s] [35m[1mConsolidate compiler generated dependencies of target moveit_robot_model[0m
[0.230s] [ 19%] Built target test_transforms
[0.232s] [35m[1mConsolidate compiler generated dependencies of target test_voxel_grid[0m
[0.234s] [35m[1mConsolidate compiler generated dependencies of target test_distance_field[0m
[0.258s] [ 20%] Built target test_voxel_grid
[0.264s] [ 26%] Built target moveit_robot_model
[0.265s] [ 27%] Built target test_distance_field
[0.287s] [35m[1mConsolidate compiler generated dependencies of target moveit_butterworth_filter[0m
[0.288s] [35m[1mConsolidate compiler generated dependencies of target moveit_test_utils[0m
[0.293s] [35m[1mConsolidate compiler generated dependencies of target moveit_robot_state[0m
[0.318s] [ 28%] Built target moveit_butterworth_filter
[0.324s] [ 30%] Built target moveit_test_utils
[0.329s] [ 33%] Built target moveit_robot_state
[0.342s] [35m[1mConsolidate compiler generated dependencies of target test_butterworth_filter[0m
[0.350s] [35m[1mConsolidate compiler generated dependencies of target test_robot_model[0m
[0.358s] [35m[1mConsolidate compiler generated dependencies of target moveit_robot_trajectory[0m
[0.358s] [35m[1mConsolidate compiler generated dependencies of target test_cartesian_interpolator[0m
[0.361s] [35m[1mConsolidate compiler generated dependencies of target test_robot_state[0m
[0.361s] [35m[1mConsolidate compiler generated dependencies of target test_robot_state_complex[0m
[0.361s] [35m[1mConsolidate compiler generated dependencies of target moveit_dynamics_solver[0m
[0.361s] [35m[1mConsolidate compiler generated dependencies of target test_robot_state_benchmark[0m
[0.361s] [35m[1mConsolidate compiler generated dependencies of target test_aabb[0m
[0.386s] [35m[1mConsolidate compiler generated dependencies of target moveit_collision_detection[0m
[0.386s] [ 34%] Built target test_butterworth_filter
[0.390s] [ 35%] [32mBuilding CXX object kinematics_metrics/CMakeFiles/moveit_kinematics_metrics.dir/src/kinematics_metrics.cpp.o[0m
[0.391s] [ 36%] Built target test_cartesian_interpolator
[0.391s] [ 37%] Built target test_robot_model
[0.397s] [ 39%] Built target moveit_robot_trajectory
[0.397s] [ 39%] Built target test_robot_state_benchmark
[0.399s] [ 40%] Built target moveit_dynamics_solver
[0.400s] [ 41%] Built target test_aabb
[0.401s] [ 43%] Built target test_robot_state
[0.402s] [ 44%] Built target test_robot_state_complex
[0.423s] [35m[1mConsolidate compiler generated dependencies of target moveit_trajectory_processing[0m
[0.443s] [ 49%] Built target moveit_collision_detection
[0.445s] [ 50%] [32mBuilding CXX object robot_trajectory/CMakeFiles/test_robot_trajectory.dir/test/test_robot_trajectory.cpp.o[0m
[0.446s] [ 51%] [32mBuilding CXX object planning_interface/CMakeFiles/moveit_planning_interface.dir/src/planning_interface.cpp.o[0m
[0.448s] [ 52%] [32mBuilding CXX object planning_interface/CMakeFiles/moveit_planning_interface.dir/src/planning_response.cpp.o[0m
[0.470s] [ 52%] [32mBuilding CXX object trajectory_processing/CMakeFiles/moveit_trajectory_processing.dir/src/iterative_time_parameterization.cpp.o[0m
[0.471s] [35m[1mConsolidate compiler generated dependencies of target test_world[0m
[0.471s] [ 53%] [32mBuilding CXX object trajectory_processing/CMakeFiles/moveit_trajectory_processing.dir/src/iterative_spline_parameterization.cpp.o[0m
[0.472s] [ 53%] [32mBuilding CXX object trajectory_processing/CMakeFiles/moveit_trajectory_processing.dir/src/ruckig_traj_smoothing.cpp.o[0m
[0.474s] [35m[1mConsolidate compiler generated dependencies of target test_world_diff[0m
[0.474s] [ 53%] [32mBuilding CXX object trajectory_processing/CMakeFiles/moveit_trajectory_processing.dir/src/time_optimal_trajectory_generation.cpp.o[0m
[0.507s] [ 54%] Built target test_world
[0.509s] [ 56%] Built target test_world_diff
[0.510s] [ 57%] [32mBuilding CXX object collision_detection/CMakeFiles/test_all_valid.dir/test/test_all_valid.cpp.o[0m
[0.523s] [ 57%] [32mBuilding CXX object collision_detection_fcl/CMakeFiles/moveit_collision_detection_fcl.dir/src/collision_env_fcl.cpp.o[0m
[0.523s] [ 58%] [32mBuilding CXX object collision_detection_fcl/CMakeFiles/moveit_collision_detection_fcl.dir/src/collision_common.cpp.o[0m
[0.545s] [ 60%] [32mBuilding CXX object collision_detection_bullet/CMakeFiles/moveit_collision_detection_bullet.dir/src/bullet_integration/bullet_discrete_bvh_manager.cpp.o[0m
[0.545s] [ 60%] [32mBuilding CXX object collision_detection_bullet/CMakeFiles/moveit_collision_detection_bullet.dir/src/bullet_integration/bullet_utils.cpp.o[0m
[0.545s] [ 60%] [32mBuilding CXX object collision_detection_bullet/CMakeFiles/moveit_collision_detection_bullet.dir/src/bullet_integration/bullet_cast_bvh_manager.cpp.o[0m
[0.550s] [ 61%] [32mBuilding CXX object collision_detection_bullet/CMakeFiles/moveit_collision_detection_bullet.dir/src/collision_env_bullet.cpp.o[0m
[0.553s] [ 61%] [32mBuilding CXX object collision_detection_bullet/CMakeFiles/moveit_collision_detection_bullet.dir/src/bullet_integration/bullet_bvh_manager.cpp.o[0m
[12.706s] [ 62%] [32mBuilding CXX object collision_detection_bullet/CMakeFiles/moveit_collision_detection_bullet.dir/src/bullet_integration/ros_bullet_utils.cpp.o[0m
[12.712s] [ 63%] [32mBuilding CXX object collision_detection_bullet/CMakeFiles/moveit_collision_detection_bullet.dir/src/bullet_integration/contact_checker_common.cpp.o[0m
[14.776s] [ 63%] [32m[1mLinking CXX executable test_all_valid[0m
[17.056s] [ 63%] Built target test_all_valid
[18.491s] [ 63%] [32m[1mLinking CXX executable test_robot_trajectory[0m
[18.794s] [ 64%] [32m[1mLinking CXX shared library libmoveit_trajectory_processing.so[0m
[19.088s] [ 64%] [32m[1mLinking CXX shared library libmoveit_planning_interface.so[0m
[20.280s] [ 64%] Built target moveit_planning_interface
[20.346s] [ 65%] [32m[1mLinking CXX shared library libmoveit_collision_detection_fcl.so[0m
[20.450s] [ 65%] Built target test_robot_trajectory
[20.681s] [ 66%] Built target moveit_trajectory_processing
[20.707s] [35m[1mConsolidate compiler generated dependencies of target test_ruckig_traj_smoothing[0m
[20.707s] [35m[1mConsolidate compiler generated dependencies of target test_time_optimal_trajectory_generation[0m
[20.707s] [35m[1mConsolidate compiler generated dependencies of target test_time_parameterization[0m
[20.743s] [ 68%] [32mBuilding CXX object trajectory_processing/CMakeFiles/test_ruckig_traj_smoothing.dir/test/test_ruckig_traj_smoothing.cpp.o[0m
[20.743s] [ 68%] [32mBuilding CXX object trajectory_processing/CMakeFiles/test_time_parameterization.dir/test/test_time_parameterization.cpp.o[0m
[20.743s] [ 68%] [32mBuilding CXX object trajectory_processing/CMakeFiles/test_time_optimal_trajectory_generation.dir/test/test_time_optimal_trajectory_generation.cpp.o[0m
[21.624s] [ 68%] Built target moveit_collision_detection_fcl
[21.647s] [35m[1mConsolidate compiler generated dependencies of target test_fcl_collision_detection[0m
[21.648s] [35m[1mConsolidate compiler generated dependencies of target test_fcl_collision_env[0m
[21.650s] [35m[1mConsolidate compiler generated dependencies of target moveit_kinematic_constraints[0m
[21.653s] [35m[1mConsolidate compiler generated dependencies of target test_fcl_collision_detection_panda[0m
[21.690s] [ 69%] [32mBuilding CXX object collision_detection_fcl/CMakeFiles/test_fcl_collision_detection.dir/test/test_fcl_collision_detection_pr2.cpp.o[0m
[21.690s] [ 69%] [32mBuilding CXX object collision_detection_fcl/CMakeFiles/test_fcl_collision_env.dir/test/test_fcl_env.cpp.o[0m
[21.695s] [ 70%] [32mBuilding CXX object collision_detection_fcl/CMakeFiles/test_fcl_collision_detection_panda.dir/test/test_fcl_collision_detection_panda.cpp.o[0m
[21.704s] [ 71%] [32mBuilding CXX object kinematic_constraints/CMakeFiles/moveit_kinematic_constraints.dir/src/kinematic_constraint.cpp.o[0m
[21.712s] [ 71%] [32mBuilding CXX object kinematic_constraints/CMakeFiles/moveit_kinematic_constraints.dir/src/utils.cpp.o[0m
[22.193s] [ 71%] [32m[1mLinking CXX shared library libmoveit_collision_detection_bullet.so[0m
[24.156s] [ 71%] Built target moveit_collision_detection_bullet
[24.182s] [35m[1mConsolidate compiler generated dependencies of target test_bullet_collision_detection[0m
[24.188s] [35m[1mConsolidate compiler generated dependencies of target test_bullet_collision_detection_panda[0m
[24.189s] [35m[1mConsolidate compiler generated dependencies of target test_bullet_continuous_collision_checking[0m
[24.237s] [ 72%] [32mBuilding CXX object collision_detection_bullet/CMakeFiles/test_bullet_collision_detection.dir/test/test_bullet_collision_detection_pr2.cpp.o[0m
[24.244s] [ 73%] [32mBuilding CXX object collision_detection_bullet/CMakeFiles/test_bullet_collision_detection_panda.dir/test/test_bullet_collision_detection_panda.cpp.o[0m
[24.247s] [ 73%] [32mBuilding CXX object collision_detection_bullet/CMakeFiles/test_bullet_continuous_collision_checking.dir/test/test_bullet_continuous_collision_checking.cpp.o[0m
[33.908s] [ 74%] [32m[1mLinking CXX executable test_time_optimal_trajectory_generation[0m
[34.370s] [ 75%] [32m[1mLinking CXX executable test_time_parameterization[0m
[36.660s] [ 75%] Built target test_time_optimal_trajectory_generation
[36.700s] [ 76%] [32m[1mLinking CXX executable test_fcl_collision_env[0m
[36.864s] [ 76%] [32m[1mLinking CXX executable test_ruckig_traj_smoothing[0m
[37.883s] [ 76%] Built target test_time_parameterization
[38.514s] [ 76%] [32m[1mLinking CXX executable test_fcl_collision_detection[0m
[39.538s] [ 77%] [32m[1mLinking CXX executable test_bullet_collision_detection_panda[0m
[39.591s] [ 78%] [32m[1mLinking CXX executable test_fcl_collision_detection_panda[0m
[40.471s] [ 78%] Built target test_fcl_collision_env
[40.713s] [ 78%] [32m[1mLinking CXX shared library libmoveit_kinematics_metrics.so[0m
[41.232s] [ 78%] Built target test_ruckig_traj_smoothing
[43.109s] [ 78%] [32m[1mLinking CXX executable test_bullet_collision_detection[0m
[43.155s] [ 78%] Built target test_fcl_collision_detection
[43.685s] [ 78%] Built target test_bullet_collision_detection_panda
[43.845s] [ 78%] Built target test_fcl_collision_detection_panda
[43.957s] [ 78%] Built target moveit_kinematics_metrics
[44.195s] [ 79%] [32m[1mLinking CXX executable test_bullet_continuous_collision_checking[0m
[44.554s] [ 79%] Built target test_bullet_collision_detection
[45.089s] [ 79%] Built target test_bullet_continuous_collision_checking
[48.738s] [ 80%] [32m[1mLinking CXX shared library libmoveit_kinematic_constraints.so[0m
[49.717s] [ 80%] Built target moveit_kinematic_constraints
[49.735s] [35m[1mConsolidate compiler generated dependencies of target test_orientation_constraints[0m
[49.735s] [35m[1mConsolidate compiler generated dependencies of target test_constraints[0m
[49.736s] [35m[1mConsolidate compiler generated dependencies of target moveit_planning_scene[0m
[49.762s] [ 81%] [32mBuilding CXX object kinematic_constraints/CMakeFiles/test_constraints.dir/test/test_constraints.cpp.o[0m
[49.762s] [ 81%] [32mBuilding CXX object kinematic_constraints/CMakeFiles/test_orientation_constraints.dir/test/test_orientation_constraints.cpp.o[0m
[49.767s] [ 82%] [32mBuilding CXX object planning_scene/CMakeFiles/moveit_planning_scene.dir/src/planning_scene.cpp.o[0m
[58.651s] [ 83%] [32m[1mLinking CXX executable test_constraints[0m
[58.807s] [ 83%] [32m[1mLinking CXX executable test_orientation_constraints[0m
[59.830s] [ 83%] Built target test_constraints
[59.970s] [ 83%] Built target test_orientation_constraints
[65.183s] [ 84%] [32m[1mLinking CXX shared library libmoveit_planning_scene.so[0m
[66.144s] [ 84%] Built target moveit_planning_scene
[66.166s] [35m[1mConsolidate compiler generated dependencies of target collision_detector_bullet_plugin[0m
[66.166s] [35m[1mConsolidate compiler generated dependencies of target test_multi_threaded[0m
[66.167s] [35m[1mConsolidate compiler generated dependencies of target test_collision_objects[0m
[66.167s] [35m[1mConsolidate compiler generated dependencies of target collision_detector_fcl_plugin[0m
[66.167s] [35m[1mConsolidate compiler generated dependencies of target moveit_planning_request_adapter[0m
[66.168s] [35m[1mConsolidate compiler generated dependencies of target test_planning_scene[0m
[66.171s] [35m[1mConsolidate compiler generated dependencies of target moveit_collision_distance_field[0m
[66.173s] [35m[1mConsolidate compiler generated dependencies of target moveit_constraint_samplers[0m
[66.198s] [ 84%] [32mBuilding CXX object collision_detection_bullet/CMakeFiles/collision_detector_bullet_plugin.dir/src/collision_detector_bullet_plugin_loader.cpp.o[0m
[66.198s] [ 85%] [32mBuilding CXX object planning_scene/CMakeFiles/test_collision_objects.dir/test/test_collision_objects.cpp.o[0m
[66.201s] [ 86%] [32mBuilding CXX object planning_request_adapter/CMakeFiles/moveit_planning_request_adapter.dir/src/planning_request_adapter.cpp.o[0m
[66.201s] [ 86%] [32mBuilding CXX object collision_detection_fcl/CMakeFiles/collision_detector_fcl_plugin.dir/src/collision_detector_fcl_plugin_loader.cpp.o[0m
[66.201s] [ 87%] [32mBuilding CXX object planning_scene/CMakeFiles/test_planning_scene.dir/test/test_planning_scene.cpp.o[0m
[66.202s] [ 87%] [32mBuilding CXX object planning_scene/CMakeFiles/test_multi_threaded.dir/test/test_multi_threaded.cpp.o[0m
[66.223s] [ 88%] [32mBuilding CXX object collision_distance_field/CMakeFiles/moveit_collision_distance_field.dir/src/collision_distance_field_types.cpp.o[0m
[66.226s] [ 89%] [32mBuilding CXX object constraint_samplers/CMakeFiles/moveit_constraint_samplers.dir/src/constraint_sampler.cpp.o[0m
[66.227s] [ 89%] [32mBuilding CXX object collision_distance_field/CMakeFiles/moveit_collision_distance_field.dir/src/collision_common_distance_field.cpp.o[0m
[66.227s] [ 89%] [32mBuilding CXX object constraint_samplers/CMakeFiles/moveit_constraint_samplers.dir/src/constraint_sampler_manager.cpp.o[0m
[66.227s] [ 91%] [32mBuilding CXX object constraint_samplers/CMakeFiles/moveit_constraint_samplers.dir/src/constraint_sampler_tools.cpp.o[0m
[66.227s] [ 91%] [32mBuilding CXX object collision_distance_field/CMakeFiles/moveit_collision_distance_field.dir/src/collision_env_distance_field.cpp.o[0m
[66.228s] [ 92%] [32mBuilding CXX object constraint_samplers/CMakeFiles/moveit_constraint_samplers.dir/src/union_constraint_sampler.cpp.o[0m
[66.228s] [ 92%] [32mBuilding CXX object constraint_samplers/CMakeFiles/moveit_constraint_samplers.dir/src/default_constraint_samplers.cpp.o[0m
[66.230s] [ 92%] [32mBuilding CXX object collision_distance_field/CMakeFiles/moveit_collision_distance_field.dir/src/collision_env_hybrid.cpp.o[0m
[84.080s] [ 92%] [32m[1mLinking CXX shared library libmoveit_planning_request_adapter.so[0m
[84.721s] [ 93%] [32m[1mLinking CXX shared library libcollision_detector_bullet_plugin.so[0m
[84.727s] [ 93%] Built target moveit_planning_request_adapter
[85.036s] [ 94%] [32m[1mLinking CXX shared library libcollision_detector_fcl_plugin.so[0m
[85.824s] [ 95%] [32m[1mLinking CXX executable test_multi_threaded[0m
[86.193s] [ 95%] Built target collision_detector_bullet_plugin
[86.642s] [ 95%] Built target collision_detector_fcl_plugin
[87.673s] [ 95%] Built target test_multi_threaded
[87.713s] [ 95%] [32m[1mLinking CXX executable test_collision_objects[0m
[88.141s] [ 95%] [32m[1mLinking CXX shared library libmoveit_constraint_samplers.so[0m
[88.601s] [ 95%] Built target test_collision_objects
[89.236s] [ 95%] Built target moveit_constraint_samplers
[89.261s] [35m[1mConsolidate compiler generated dependencies of target test_constraint_samplers[0m
[89.305s] [ 96%] [32mBuilding CXX object constraint_samplers/CMakeFiles/test_constraint_samplers.dir/test/test_constraint_samplers.cpp.o[0m
[89.310s] [ 97%] [32mBuilding CXX object constraint_samplers/CMakeFiles/test_constraint_samplers.dir/test/pr2_arm_kinematics_plugin.cpp.o[0m
[89.310s] [ 97%] [32mBuilding CXX object constraint_samplers/CMakeFiles/test_constraint_samplers.dir/test/pr2_arm_ik.cpp.o[0m
[89.761s] [ 98%] [32m[1mLinking CXX shared library libmoveit_collision_distance_field.so[0m
[91.541s] [ 98%] [32m[1mLinking CXX executable test_planning_scene[0m
[91.639s] [ 98%] Built target moveit_collision_distance_field
[91.662s] [35m[1mConsolidate compiler generated dependencies of target test_collision_distance_field[0m
[91.698s] [ 99%] [32mBuilding CXX object collision_distance_field/CMakeFiles/test_collision_distance_field.dir/test/test_collision_distance_field.cpp.o[0m
[93.287s] [ 99%] Built target test_planning_scene
[101.215s] [100%] [32m[1mLinking CXX executable test_constraint_samplers[0m
[101.773s] [100%] [32m[1mLinking CXX executable test_collision_distance_field[0m
[102.842s] [100%] Built target test_constraint_samplers
[102.958s] [100%] Built target test_collision_distance_field
[103.022s] Invoked command in '/home/jone/ws_moveit/build/moveit_core' returned '0': CMAKE_PREFIX_PATH=/home/jone/ws_moveit/install/moveit_resources_panda_moveit_config:/home/jone/ws_moveit/install/srdfdom:/home/jone/ws_moveit/install/moveit_resources_pr2_description:/home/jone/ws_moveit/install/moveit_resources_panda_description:/home/jone/ws_moveit/install/moveit_common:/home/jone/ws_moveit/install/pilz_industrial_motion_planner_testutils:/home/jone/ws_moveit/install/moveit_runtime:/home/jone/ws_moveit/install/moveit2_tutorials:/home/jone/ws_moveit/install/moveit:/home/jone/ws_moveit/install/moveit_planners:/home/jone/ws_moveit/install/pilz_industrial_motion_planner:/home/jone/ws_moveit/install/moveit_visual_tools:/home/jone/ws_moveit/install/moveit_task_constructor_visualization:/home/jone/ws_moveit/install/moveit_task_constructor_demo:/home/jone/ws_moveit/install/moveit_task_constructor_capabilities:/home/jone/ws_moveit/install/moveit_task_constructor_core:/home/jone/ws_moveit/install/moveit_ros_control_interface:/home/jone/ws_moveit/install/moveit_plugins:/home/jone/ws_moveit/install/moveit_simple_controller_manager:/home/jone/ws_moveit/install/moveit_setup_assistant:/home/jone/ws_moveit/install/moveit_setup_srdf_plugins:/home/jone/ws_moveit/install/moveit_setup_core_plugins:/home/jone/ws_moveit/install/moveit_setup_controllers:/home/jone/ws_moveit/install/moveit_setup_app_plugins:/home/jone/ws_moveit/install/moveit_setup_framework:/home/jone/ws_moveit/install/moveit_servo:/home/jone/ws_moveit/install/moveit_ros:/home/jone/ws_moveit/install/moveit_ros_visualization:/home/jone/ws_moveit/install/moveit_hybrid_planning:/home/jone/ws_moveit/install/moveit_ros_planning_interface:/home/jone/ws_moveit/install/moveit_ros_benchmarks:/home/jone/ws_moveit/install/moveit_ros_warehouse:/home/jone/ws_moveit/install/moveit_ros_robot_interaction:/home/jone/ws_moveit/install/moveit_ros_perception:/home/jone/ws_moveit/install/moveit_resources_prbt_pg70_support:/home/jone/ws_moveit/install/moveit_resources_prbt_moveit_config:/home/jone/ws_moveit/install/moveit_ros_move_group:/home/jone/ws_moveit/install/moveit_planners_ompl:/home/jone/ws_moveit/install/moveit_ros_planning:/home/jone/ws_moveit/install/moveit_ros_occupancy_map_monitor:/home/jone/ws_moveit/install/moveit_resources_prbt_ikfast_manipulator_plugin:/home/jone/ws_moveit/install/moveit_planners_chomp:/home/jone/ws_moveit/install/moveit_kinematics:/home/jone/ws_moveit/install/moveit_chomp_optimizer_adapter:/home/jone/ws_moveit/install/chomp_motion_planner:/home/jone/ws_moveit/install/moveit_core:/home/jone/ws_moveit/install/rviz_marker_tools:/home/jone/ws_moveit/install/rosparam_shortcuts:/home/jone/ws_moveit/install/moveit_task_constructor_msgs:/home/jone/ws_moveit/install/moveit_resources_prbt_support:/home/jone/ws_moveit/install/moveit_resources:/home/jone/ws_moveit/install/moveit_resources_fanuc_moveit_config:/home/jone/ws_moveit/install/moveit_resources_fanuc_description:/home/jone/ws_moveit/install/moveit_configs_utils:/home/jone/ws_moveit/install/launch_param_builder:/opt/ros/humble LD_LIBRARY_PATH=/home/jone/ws_moveit/install/srdfdom/lib:/home/jone/ws_moveit/install/pilz_industrial_motion_planner_testutils/lib:/home/jone/ws_moveit/install/pilz_industrial_motion_planner/lib:/home/jone/ws_moveit/install/moveit_visual_tools/lib:/home/jone/ws_moveit/install/moveit_task_constructor_visualization/lib:/home/jone/ws_moveit/install/moveit_task_constructor_demo/lib:/home/jone/ws_moveit/install/moveit_task_constructor_capabilities/lib:/home/jone/ws_moveit/install/moveit_task_constructor_core/lib:/home/jone/ws_moveit/install/moveit_ros_control_interface/lib:/home/jone/ws_moveit/install/moveit_simple_controller_manager/lib:/home/jone/ws_moveit/install/moveit_setup_assistant/lib:/home/jone/ws_moveit/install/moveit_setup_srdf_plugins/lib:/home/jone/ws_moveit/install/moveit_setup_core_plugins/lib:/home/jone/ws_moveit/install/moveit_setup_controllers/lib:/home/jone/ws_moveit/install/moveit_setup_app_plugins/lib:/home/jone/ws_moveit/install/moveit_setup_framework/lib:/home/jone/ws_moveit/install/moveit_servo/lib:/home/jone/ws_moveit/install/moveit_ros_visualization/lib:/home/jone/ws_moveit/install/moveit_hybrid_planning/lib:/home/jone/ws_moveit/install/moveit_ros_planning_interface/lib:/home/jone/ws_moveit/install/moveit_ros_benchmarks/lib:/home/jone/ws_moveit/install/moveit_ros_warehouse/lib:/home/jone/ws_moveit/install/moveit_ros_robot_interaction/lib:/home/jone/ws_moveit/install/moveit_ros_perception/lib:/home/jone/ws_moveit/install/moveit_ros_move_group/lib:/home/jone/ws_moveit/install/moveit_planners_ompl/lib:/home/jone/ws_moveit/install/moveit_ros_planning/lib:/home/jone/ws_moveit/install/moveit_ros_occupancy_map_monitor/lib:/home/jone/ws_moveit/install/moveit_resources_prbt_ikfast_manipulator_plugin/lib:/home/jone/ws_moveit/install/moveit_planners_chomp/lib:/home/jone/ws_moveit/install/moveit_kinematics/lib:/home/jone/ws_moveit/install/moveit_chomp_optimizer_adapter/lib:/home/jone/ws_moveit/install/chomp_motion_planner/lib:/home/jone/ws_moveit/install/moveit_core/lib:/home/jone/ws_moveit/install/rviz_marker_tools/lib:/home/jone/ws_moveit/install/rosparam_shortcuts/lib:/home/jone/ws_moveit/install/moveit_task_constructor_msgs/lib:/opt/ros/humble/opt/rviz_ogre_vendor/lib:/opt/ros/humble/lib/x86_64-linux-gnu:/opt/ros/humble/lib:/usr/lib/x86_64-linux-gnu/gazebo-11/plugins:/usr/lib/x86_64-linux-gnu/gazebo-11/plugins:/usr/lib/x86_64-linux-gnu/gazebo-11/plugins /usr/bin/cmake --build /home/jone/ws_moveit/build/moveit_core -- -j16 -l16
[103.064s] Invoking command in '/home/jone/ws_moveit/build/moveit_core': CMAKE_PREFIX_PATH=/home/jone/ws_moveit/install/moveit_resources_panda_moveit_config:/home/jone/ws_moveit/install/srdfdom:/home/jone/ws_moveit/install/moveit_resources_pr2_description:/home/jone/ws_moveit/install/moveit_resources_panda_description:/home/jone/ws_moveit/install/moveit_common:/home/jone/ws_moveit/install/pilz_industrial_motion_planner_testutils:/home/jone/ws_moveit/install/moveit_runtime:/home/jone/ws_moveit/install/moveit2_tutorials:/home/jone/ws_moveit/install/moveit:/home/jone/ws_moveit/install/moveit_planners:/home/jone/ws_moveit/install/pilz_industrial_motion_planner:/home/jone/ws_moveit/install/moveit_visual_tools:/home/jone/ws_moveit/install/moveit_task_constructor_visualization:/home/jone/ws_moveit/install/moveit_task_constructor_demo:/home/jone/ws_moveit/install/moveit_task_constructor_capabilities:/home/jone/ws_moveit/install/moveit_task_constructor_core:/home/jone/ws_moveit/install/moveit_ros_control_interface:/home/jone/ws_moveit/install/moveit_plugins:/home/jone/ws_moveit/install/moveit_simple_controller_manager:/home/jone/ws_moveit/install/moveit_setup_assistant:/home/jone/ws_moveit/install/moveit_setup_srdf_plugins:/home/jone/ws_moveit/install/moveit_setup_core_plugins:/home/jone/ws_moveit/install/moveit_setup_controllers:/home/jone/ws_moveit/install/moveit_setup_app_plugins:/home/jone/ws_moveit/install/moveit_setup_framework:/home/jone/ws_moveit/install/moveit_servo:/home/jone/ws_moveit/install/moveit_ros:/home/jone/ws_moveit/install/moveit_ros_visualization:/home/jone/ws_moveit/install/moveit_hybrid_planning:/home/jone/ws_moveit/install/moveit_ros_planning_interface:/home/jone/ws_moveit/install/moveit_ros_benchmarks:/home/jone/ws_moveit/install/moveit_ros_warehouse:/home/jone/ws_moveit/install/moveit_ros_robot_interaction:/home/jone/ws_moveit/install/moveit_ros_perception:/home/jone/ws_moveit/install/moveit_resources_prbt_pg70_support:/home/jone/ws_moveit/install/moveit_resources_prbt_moveit_config:/home/jone/ws_moveit/install/moveit_ros_move_group:/home/jone/ws_moveit/install/moveit_planners_ompl:/home/jone/ws_moveit/install/moveit_ros_planning:/home/jone/ws_moveit/install/moveit_ros_occupancy_map_monitor:/home/jone/ws_moveit/install/moveit_resources_prbt_ikfast_manipulator_plugin:/home/jone/ws_moveit/install/moveit_planners_chomp:/home/jone/ws_moveit/install/moveit_kinematics:/home/jone/ws_moveit/install/moveit_chomp_optimizer_adapter:/home/jone/ws_moveit/install/chomp_motion_planner:/home/jone/ws_moveit/install/moveit_core:/home/jone/ws_moveit/install/rviz_marker_tools:/home/jone/ws_moveit/install/rosparam_shortcuts:/home/jone/ws_moveit/install/moveit_task_constructor_msgs:/home/jone/ws_moveit/install/moveit_resources_prbt_support:/home/jone/ws_moveit/install/moveit_resources:/home/jone/ws_moveit/install/moveit_resources_fanuc_moveit_config:/home/jone/ws_moveit/install/moveit_resources_fanuc_description:/home/jone/ws_moveit/install/moveit_configs_utils:/home/jone/ws_moveit/install/launch_param_builder:/opt/ros/humble LD_LIBRARY_PATH=/home/jone/ws_moveit/install/srdfdom/lib:/home/jone/ws_moveit/install/pilz_industrial_motion_planner_testutils/lib:/home/jone/ws_moveit/install/pilz_industrial_motion_planner/lib:/home/jone/ws_moveit/install/moveit_visual_tools/lib:/home/jone/ws_moveit/install/moveit_task_constructor_visualization/lib:/home/jone/ws_moveit/install/moveit_task_constructor_demo/lib:/home/jone/ws_moveit/install/moveit_task_constructor_capabilities/lib:/home/jone/ws_moveit/install/moveit_task_constructor_core/lib:/home/jone/ws_moveit/install/moveit_ros_control_interface/lib:/home/jone/ws_moveit/install/moveit_simple_controller_manager/lib:/home/jone/ws_moveit/install/moveit_setup_assistant/lib:/home/jone/ws_moveit/install/moveit_setup_srdf_plugins/lib:/home/jone/ws_moveit/install/moveit_setup_core_plugins/lib:/home/jone/ws_moveit/install/moveit_setup_controllers/lib:/home/jone/ws_moveit/install/moveit_setup_app_plugins/lib:/home/jone/ws_moveit/install/moveit_setup_framework/lib:/home/jone/ws_moveit/install/moveit_servo/lib:/home/jone/ws_moveit/install/moveit_ros_visualization/lib:/home/jone/ws_moveit/install/moveit_hybrid_planning/lib:/home/jone/ws_moveit/install/moveit_ros_planning_interface/lib:/home/jone/ws_moveit/install/moveit_ros_benchmarks/lib:/home/jone/ws_moveit/install/moveit_ros_warehouse/lib:/home/jone/ws_moveit/install/moveit_ros_robot_interaction/lib:/home/jone/ws_moveit/install/moveit_ros_perception/lib:/home/jone/ws_moveit/install/moveit_ros_move_group/lib:/home/jone/ws_moveit/install/moveit_planners_ompl/lib:/home/jone/ws_moveit/install/moveit_ros_planning/lib:/home/jone/ws_moveit/install/moveit_ros_occupancy_map_monitor/lib:/home/jone/ws_moveit/install/moveit_resources_prbt_ikfast_manipulator_plugin/lib:/home/jone/ws_moveit/install/moveit_planners_chomp/lib:/home/jone/ws_moveit/install/moveit_kinematics/lib:/home/jone/ws_moveit/install/moveit_chomp_optimizer_adapter/lib:/home/jone/ws_moveit/install/chomp_motion_planner/lib:/home/jone/ws_moveit/install/moveit_core/lib:/home/jone/ws_moveit/install/rviz_marker_tools/lib:/home/jone/ws_moveit/install/rosparam_shortcuts/lib:/home/jone/ws_moveit/install/moveit_task_constructor_msgs/lib:/opt/ros/humble/opt/rviz_ogre_vendor/lib:/opt/ros/humble/lib/x86_64-linux-gnu:/opt/ros/humble/lib:/usr/lib/x86_64-linux-gnu/gazebo-11/plugins:/usr/lib/x86_64-linux-gnu/gazebo-11/plugins:/usr/lib/x86_64-linux-gnu/gazebo-11/plugins /usr/bin/cmake --install /home/jone/ws_moveit/build/moveit_core
[103.072s] -- Install configuration: "Debug"
[103.073s] -- Up-to-date: /home/jone/ws_moveit/install/moveit_core/include/moveit/version.h
[103.073s] -- Up-to-date: /home/jone/ws_moveit/install/moveit_core/include
[103.073s] -- Up-to-date: /home/jone/ws_moveit/install/moveit_core/include/moveit
[103.074s] -- Up-to-date: /home/jone/ws_moveit/install/moveit_core/include/moveit/collision_distance_field
[103.074s] -- Up-to-date: /home/jone/ws_moveit/install/moveit_core/include/moveit/collision_distance_field/collision_detector_allocator_hybrid.h
[103.074s] -- Up-to-date: /home/jone/ws_moveit/install/moveit_core/include/moveit/collision_distance_field/collision_common_distance_field.h
[103.074s] -- Up-to-date: /home/jone/ws_moveit/install/moveit_core/include/moveit/collision_distance_field/collision_distance_field_types.h
[103.074s] -- Up-to-date: /home/jone/ws_moveit/install/moveit_core/include/moveit/collision_distance_field/collision_detector_allocator_distance_field.h
[103.074s] -- Up-to-date: /home/jone/ws_moveit/install/moveit_core/include/moveit/collision_distance_field/collision_env_hybrid.h
[103.074s] -- Up-to-date: /home/jone/ws_moveit/install/moveit_core/include/moveit/collision_distance_field/collision_env_distance_field.h
[103.074s] -- Up-to-date: /home/jone/ws_moveit/install/moveit_core/include/moveit_collision_distance_field_export.h
[103.074s] -- Up-to-date: /home/jone/ws_moveit/install/moveit_core/include
[103.074s] -- Up-to-date: /home/jone/ws_moveit/install/moveit_core/include/moveit
[103.074s] -- Up-to-date: /home/jone/ws_moveit/install/moveit_core/include/moveit/constraint_samplers
[103.075s] -- Up-to-date: /home/jone/ws_moveit/install/moveit_core/include/moveit/constraint_samplers/constraint_sampler_allocator.h
[103.075s] -- Up-to-date: /home/jone/ws_moveit/install/moveit_core/include/moveit/constraint_samplers/union_constraint_sampler.h
[103.075s] -- Up-to-date: /home/jone/ws_moveit/install/moveit_core/include/moveit/constraint_samplers/constraint_sampler_tools.h
[103.075s] -- Up-to-date: /home/jone/ws_moveit/install/moveit_core/include/moveit/constraint_samplers/constraint_sampler_manager.h
[103.075s] -- Up-to-date: /home/jone/ws_moveit/install/moveit_core/include/moveit/constraint_samplers/default_constraint_samplers.h
[103.075s] -- Up-to-date: /home/jone/ws_moveit/install/moveit_core/include/moveit/constraint_samplers/constraint_sampler.h
[103.075s] -- Up-to-date: /home/jone/ws_moveit/install/moveit_core/include
[103.075s] -- Up-to-date: /home/jone/ws_moveit/install/moveit_core/include/moveit
[103.075s] -- Up-to-date: /home/jone/ws_moveit/install/moveit_core/include/moveit/controller_manager
[103.075s] -- Up-to-date: /home/jone/ws_moveit/install/moveit_core/include/moveit/controller_manager/controller_manager.h
[103.076s] -- Up-to-date: /home/jone/ws_moveit/install/moveit_core/include
[103.076s] -- Up-to-date: /home/jone/ws_moveit/install/moveit_core/include/moveit
[103.076s] -- Up-to-date: /home/jone/ws_moveit/install/moveit_core/include/moveit/distance_field
[103.076s] -- Up-to-date: /home/jone/ws_moveit/install/moveit_core/include/moveit/distance_field/voxel_grid.h
[103.076s] -- Up-to-date: /home/jone/ws_moveit/install/moveit_core/include/moveit/distance_field/propagation_distance_field.h
[103.076s] -- Up-to-date: /home/jone/ws_moveit/install/moveit_core/include/moveit/distance_field/distance_field.h
[103.076s] -- Up-to-date: /home/jone/ws_moveit/install/moveit_core/include/moveit/distance_field/find_internal_points.h
[103.076s] -- Up-to-date: /home/jone/ws_moveit/install/moveit_core/include
[103.076s] -- Up-to-date: /home/jone/ws_moveit/install/moveit_core/include/moveit
[103.076s] -- Up-to-date: /home/jone/ws_moveit/install/moveit_core/include/moveit/dynamics_solver
[103.077s] -- Up-to-date: /home/jone/ws_moveit/install/moveit_core/include/moveit/dynamics_solver/dynamics_solver.h
[103.077s] -- Up-to-date: /home/jone/ws_moveit/install/moveit_core/include
[103.077s] -- Up-to-date: /home/jone/ws_moveit/install/moveit_core/include/moveit
[103.077s] -- Up-to-date: /home/jone/ws_moveit/install/moveit_core/include/moveit/exceptions
[103.077s] -- Up-to-date: /home/jone/ws_moveit/install/moveit_core/include/moveit/exceptions/exceptions.h
[103.077s] -- Up-to-date: /home/jone/ws_moveit/install/moveit_core/include
[103.077s] -- Up-to-date: /home/jone/ws_moveit/install/moveit_core/include/moveit
[103.077s] -- Up-to-date: /home/jone/ws_moveit/install/moveit_core/include/moveit/kinematics_base
[103.078s] -- Up-to-date: /home/jone/ws_moveit/install/moveit_core/include/moveit/kinematics_base/kinematics_base.h
[103.078s] -- Up-to-date: /home/jone/ws_moveit/install/moveit_core/include/moveit_kinematics_base_export.h
[103.078s] -- Up-to-date: /home/jone/ws_moveit/install/moveit_core/include
[103.078s] -- Up-to-date: /home/jone/ws_moveit/install/moveit_core/include/moveit
[103.078s] -- Up-to-date: /home/jone/ws_moveit/install/moveit_core/include/moveit/kinematic_constraints
[103.078s] -- Up-to-date: /home/jone/ws_moveit/install/moveit_core/include/moveit/kinematic_constraints/utils.h
[103.078s] -- Up-to-date: /home/jone/ws_moveit/install/moveit_core/include/moveit/kinematic_constraints/kinematic_constraint.h
[103.078s] -- Up-to-date: /home/jone/ws_moveit/install/moveit_core/include
[103.078s] -- Up-to-date: /home/jone/ws_moveit/install/moveit_core/include/moveit
[103.079s] -- Up-to-date: /home/jone/ws_moveit/install/moveit_core/include/moveit/kinematics_metrics
[103.079s] -- Up-to-date: /home/jone/ws_moveit/install/moveit_core/include/moveit/kinematics_metrics/kinematics_metrics.h
[103.079s] -- Up-to-date: /home/jone/ws_moveit/install/moveit_core/include
[103.079s] -- Up-to-date: /home/jone/ws_moveit/install/moveit_core/include/moveit
[103.079s] -- Up-to-date: /home/jone/ws_moveit/install/moveit_core/include/moveit/macros
[103.080s] -- Up-to-date: /home/jone/ws_moveit/install/moveit_core/include/moveit/macros/deprecation.h
[103.080s] -- Up-to-date: /home/jone/ws_moveit/install/moveit_core/include/moveit/macros/console_colors.h
[103.080s] -- Up-to-date: /home/jone/ws_moveit/install/moveit_core/include/moveit/macros/declare_ptr.h
[103.080s] -- Up-to-date: /home/jone/ws_moveit/install/moveit_core/include/moveit/macros/class_forward.h
[103.080s] -- Up-to-date: /home/jone/ws_moveit/install/moveit_core/include/moveit_core
[103.080s] -- Up-to-date: /home/jone/ws_moveit/install/moveit_core/include/moveit_core/moveit_butterworth_parameters.hpp
[103.080s] -- Up-to-date: /home/jone/ws_moveit/install/moveit_core/include
[103.080s] -- Up-to-date: /home/jone/ws_moveit/install/moveit_core/include/moveit
[103.081s] -- Up-to-date: /home/jone/ws_moveit/install/moveit_core/include/moveit/online_signal_smoothing
[103.081s] -- Up-to-date: /home/jone/ws_moveit/install/moveit_core/include/moveit/online_signal_smoothing/butterworth_filter.h
[103.081s] -- Up-to-date: /home/jone/ws_moveit/install/moveit_core/include/moveit/online_signal_smoothing/smoothing_base_class.h
[103.081s] -- Up-to-date: /home/jone/ws_moveit/install/moveit_core/include/moveit_smoothing_base_export.h
[103.081s] -- Up-to-date: /home/jone/ws_moveit/install/moveit_core/include/moveit_butterworth_filter_export.h
[103.081s] -- Up-to-date: /home/jone/ws_moveit/install/moveit_core/include
[103.081s] -- Up-to-date: /home/jone/ws_moveit/install/moveit_core/include/moveit
[103.081s] -- Up-to-date: /home/jone/ws_moveit/install/moveit_core/include/moveit/planning_interface
[103.082s] -- Up-to-date: /home/jone/ws_moveit/install/moveit_core/include/moveit/planning_interface/planning_interface.h
[103.082s] -- Up-to-date: /home/jone/ws_moveit/install/moveit_core/include/moveit/planning_interface/planning_response.h
[103.082s] -- Up-to-date: /home/jone/ws_moveit/install/moveit_core/include/moveit/planning_interface/planning_request.h
[103.082s] -- Up-to-date: /home/jone/ws_moveit/install/moveit_core/include
[103.082s] -- Up-to-date: /home/jone/ws_moveit/install/moveit_core/include/moveit
[103.082s] -- Up-to-date: /home/jone/ws_moveit/install/moveit_core/include/moveit/planning_request_adapter
[103.082s] -- Up-to-date: /home/jone/ws_moveit/install/moveit_core/include/moveit/planning_request_adapter/planning_request_adapter.h
[103.083s] -- Up-to-date: /home/jone/ws_moveit/install/moveit_core/include
[103.083s] -- Up-to-date: /home/jone/ws_moveit/install/moveit_core/include/moveit
[103.083s] -- Up-to-date: /home/jone/ws_moveit/install/moveit_core/include/moveit/planning_scene
[103.083s] -- Up-to-date: /home/jone/ws_moveit/install/moveit_core/include/moveit/planning_scene/planning_scene.h
[103.083s] -- Up-to-date: /home/jone/ws_moveit/install/moveit_core/include/moveit_planning_scene_export.h
[103.083s] -- Up-to-date: /home/jone/ws_moveit/install/moveit_core/include
[103.083s] -- Up-to-date: /home/jone/ws_moveit/install/moveit_core/include/moveit
[103.083s] -- Up-to-date: /home/jone/ws_moveit/install/moveit_core/include/moveit/robot_model
[103.083s] -- Up-to-date: /home/jone/ws_moveit/install/moveit_core/include/moveit/robot_model/aabb.h
[103.083s] -- Up-to-date: /home/jone/ws_moveit/install/moveit_core/include/moveit/robot_model/link_model.h
[103.084s] -- Up-to-date: /home/jone/ws_moveit/install/moveit_core/include/moveit/robot_model/revolute_joint_model.h
[103.084s] -- Up-to-date: /home/jone/ws_moveit/install/moveit_core/include/moveit/robot_model/planar_joint_model.h
[103.084s] -- Up-to-date: /home/jone/ws_moveit/install/moveit_core/include/moveit/robot_model/robot_model.h
[103.084s] -- Up-to-date: /home/jone/ws_moveit/install/moveit_core/include/moveit/robot_model/joint_model_group.h
[103.084s] -- Up-to-date: /home/jone/ws_moveit/install/moveit_core/include/moveit/robot_model/joint_model.h
[103.084s] -- Up-to-date: /home/jone/ws_moveit/install/moveit_core/include/moveit/robot_model/floating_joint_model.h
[103.084s] -- Up-to-date: /home/jone/ws_moveit/install/moveit_core/include/moveit/robot_model/prismatic_joint_model.h
[103.084s] -- Up-to-date: /home/jone/ws_moveit/install/moveit_core/include/moveit/robot_model/fixed_joint_model.h
[103.084s] -- Up-to-date: /home/jone/ws_moveit/install/moveit_core/include
[103.084s] -- Up-to-date: /home/jone/ws_moveit/install/moveit_core/include/moveit
[103.084s] -- Up-to-date: /home/jone/ws_moveit/install/moveit_core/include/moveit/robot_state
[103.084s] -- Up-to-date: /home/jone/ws_moveit/install/moveit_core/include/moveit/robot_state/conversions.h
[103.084s] -- Up-to-date: /home/jone/ws_moveit/install/moveit_core/include/moveit/robot_state/cartesian_interpolator.h
[103.084s] -- Up-to-date: /home/jone/ws_moveit/install/moveit_core/include/moveit/robot_state/attached_body.h
[103.084s] -- Up-to-date: /home/jone/ws_moveit/install/moveit_core/include/moveit/robot_state/robot_state.h
[103.084s] -- Up-to-date: /home/jone/ws_moveit/install/moveit_core/include
[103.085s] -- Up-to-date: /home/jone/ws_moveit/install/moveit_core/include/moveit
[103.085s] -- Up-to-date: /home/jone/ws_moveit/install/moveit_core/include/moveit/robot_trajectory
[103.085s] -- Up-to-date: /home/jone/ws_moveit/install/moveit_core/include/moveit/robot_trajectory/robot_trajectory.h
[103.085s] -- Up-to-date: /home/jone/ws_moveit/install/moveit_core/include
[103.085s] -- Up-to-date: /home/jone/ws_moveit/install/moveit_core/include/moveit
[103.086s] -- Up-to-date: /home/jone/ws_moveit/install/moveit_core/include/moveit/sensor_manager
[103.086s] -- Up-to-date: /home/jone/ws_moveit/install/moveit_core/include/moveit/sensor_manager/sensor_manager.h
[103.087s] -- Up-to-date: /home/jone/ws_moveit/install/moveit_core/include
[103.087s] -- Up-to-date: /home/jone/ws_moveit/install/moveit_core/include/moveit
[103.087s] -- Up-to-date: /home/jone/ws_moveit/install/moveit_core/include/moveit/trajectory_processing
[103.087s] -- Up-to-date: /home/jone/ws_moveit/install/moveit_core/include/moveit/trajectory_processing/time_parameterization.h
[103.087s] -- Up-to-date: /home/jone/ws_moveit/install/moveit_core/include/moveit/trajectory_processing/iterative_time_parameterization.h
[103.087s] -- Up-to-date: /home/jone/ws_moveit/install/moveit_core/include/moveit/trajectory_processing/iterative_spline_parameterization.h
[103.088s] -- Up-to-date: /home/jone/ws_moveit/install/moveit_core/include/moveit/trajectory_processing/trajectory_tools.h
[103.088s] -- Up-to-date: /home/jone/ws_moveit/install/moveit_core/include/moveit/trajectory_processing/time_optimal_trajectory_generation.h
[103.088s] -- Up-to-date: /home/jone/ws_moveit/install/moveit_core/include/moveit/trajectory_processing/ruckig_traj_smoothing.h
[103.088s] -- Up-to-date: /home/jone/ws_moveit/install/moveit_core/include
[103.088s] -- Up-to-date: /home/jone/ws_moveit/install/moveit_core/include/moveit
[103.088s] -- Up-to-date: /home/jone/ws_moveit/install/moveit_core/include/moveit/transforms
[103.088s] -- Up-to-date: /home/jone/ws_moveit/install/moveit_core/include/moveit/transforms/transforms.h
[103.088s] -- Up-to-date: /home/jone/ws_moveit/install/moveit_core/include
[103.088s] -- Up-to-date: /home/jone/ws_moveit/install/moveit_core/include/moveit
[103.088s] -- Up-to-date: /home/jone/ws_moveit/install/moveit_core/include/moveit/utils
[103.089s] -- Up-to-date: /home/jone/ws_moveit/install/moveit_core/include/moveit/utils/lexical_casts.h
[103.089s] -- Up-to-date: /home/jone/ws_moveit/install/moveit_core/include/moveit/utils/moveit_error_code.h
[103.089s] -- Up-to-date: /home/jone/ws_moveit/install/moveit_core/include/moveit/utils/message_checks.h
[103.089s] -- Up-to-date: /home/jone/ws_moveit/install/moveit_core/include/moveit/utils/robot_model_test_utils.h
[103.089s] -- Up-to-date: /home/jone/ws_moveit/install/moveit_core/include/moveit/utils/rclcpp_utils.h
[103.089s] -- Installing: /home/jone/ws_moveit/install/moveit_core/bin/moveit_version
[103.090s] -- Up-to-date: /home/jone/ws_moveit/install/moveit_core/include
[103.090s] -- Up-to-date: /home/jone/ws_moveit/install/moveit_core/include/moveit
[103.090s] -- Up-to-date: /home/jone/ws_moveit/install/moveit_core/include/moveit/collision_detection
[103.090s] -- Up-to-date: /home/jone/ws_moveit/install/moveit_core/include/moveit/collision_detection/world.h
[103.090s] -- Up-to-date: /home/jone/ws_moveit/install/moveit_core/include/moveit/collision_detection/collision_common.h
[103.090s] -- Up-to-date: /home/jone/ws_moveit/install/moveit_core/include/moveit/collision_detection/world_diff.h
[103.090s] -- Up-to-date: /home/jone/ws_moveit/install/moveit_core/include/moveit/collision_detection/test_collision_common_panda.h
[103.090s] -- Up-to-date: /home/jone/ws_moveit/install/moveit_core/include/moveit/collision_detection/allvalid
[103.090s] -- Up-to-date: /home/jone/ws_moveit/install/moveit_core/include/moveit/collision_detection/allvalid/collision_detector_allocator_allvalid.h
[103.091s] -- Up-to-date: /home/jone/ws_moveit/install/moveit_core/include/moveit/collision_detection/allvalid/collision_env_allvalid.h
[103.091s] -- Up-to-date: /home/jone/ws_moveit/install/moveit_core/include/moveit/collision_detection/collision_octomap_filter.h
[103.091s] -- Up-to-date: /home/jone/ws_moveit/install/moveit_core/include/moveit/collision_detection/collision_plugin_cache.h
[103.091s] -- Up-to-date: /home/jone/ws_moveit/install/moveit_core/include/moveit/collision_detection/collision_tools.h
[103.091s] -- Up-to-date: /home/jone/ws_moveit/install/moveit_core/include/moveit/collision_detection/collision_plugin.h
[103.091s] -- Up-to-date: /home/jone/ws_moveit/install/moveit_core/include/moveit/collision_detection/collision_detector_allocator.h
[103.091s] -- Up-to-date: /home/jone/ws_moveit/install/moveit_core/include/moveit/collision_detection/collision_env.h
[103.091s] -- Up-to-date: /home/jone/ws_moveit/install/moveit_core/include/moveit/collision_detection/collision_matrix.h
[103.091s] -- Up-to-date: /home/jone/ws_moveit/install/moveit_core/include/moveit/collision_detection/occupancy_map.h
[103.091s] -- Up-to-date: /home/jone/ws_moveit/install/moveit_core/include/moveit/collision_detection/test_collision_common_pr2.h
[103.091s] -- Up-to-date: /home/jone/ws_moveit/install/moveit_core/include/moveit_collision_detection_export.h
[103.091s] -- Up-to-date: /home/jone/ws_moveit/install/moveit_core/include
[103.091s] -- Up-to-date: /home/jone/ws_moveit/install/moveit_core/include/moveit
[103.091s] -- Up-to-date: /home/jone/ws_moveit/install/moveit_core/include/moveit/collision_detection_bullet
[103.091s] -- Up-to-date: /home/jone/ws_moveit/install/moveit_core/include/moveit/collision_detection_bullet/bullet_integration
[103.091s] -- Up-to-date: /home/jone/ws_moveit/install/moveit_core/include/moveit/collision_detection_bullet/bullet_integration/contact_checker_common.h
[103.092s] -- Up-to-date: /home/jone/ws_moveit/install/moveit_core/include/moveit/collision_detection_bullet/bullet_integration/ros_bullet_utils.h
[103.092s] -- Up-to-date: /home/jone/ws_moveit/install/moveit_core/include/moveit/collision_detection_bullet/bullet_integration/bullet_bvh_manager.h
[103.092s] -- Up-to-date: /home/jone/ws_moveit/install/moveit_core/include/moveit/collision_detection_bullet/bullet_integration/bullet_discrete_bvh_manager.h
[103.092s] -- Up-to-date: /home/jone/ws_moveit/install/moveit_core/include/moveit/collision_detection_bullet/bullet_integration/bullet_utils.h
[103.092s] -- Up-to-date: /home/jone/ws_moveit/install/moveit_core/include/moveit/collision_detection_bullet/bullet_integration/bullet_cast_bvh_manager.h
[103.092s] -- Up-to-date: /home/jone/ws_moveit/install/moveit_core/include/moveit/collision_detection_bullet/bullet_integration/basic_types.h
[103.092s] -- Up-to-date: /home/jone/ws_moveit/install/moveit_core/include/moveit/collision_detection_bullet/collision_detector_allocator_bullet.h
[103.092s] -- Up-to-date: /home/jone/ws_moveit/install/moveit_core/include/moveit/collision_detection_bullet/collision_detector_bullet_plugin_loader.h
[103.092s] -- Up-to-date: /home/jone/ws_moveit/install/moveit_core/include/moveit/collision_detection_bullet/collision_env_bullet.h
[103.092s] -- Up-to-date: /home/jone/ws_moveit/install/moveit_core/include/moveit_collision_detection_bullet_export.h
[103.092s] -- Up-to-date: /home/jone/ws_moveit/install/moveit_core/include
[103.092s] -- Up-to-date: /home/jone/ws_moveit/install/moveit_core/include/moveit
[103.092s] -- Up-to-date: /home/jone/ws_moveit/install/moveit_core/include/moveit/collision_detection_fcl
[103.092s] -- Up-to-date: /home/jone/ws_moveit/install/moveit_core/include/moveit/collision_detection_fcl/collision_common.h
[103.092s] -- Up-to-date: /home/jone/ws_moveit/install/moveit_core/include/moveit/collision_detection_fcl/collision_env_fcl.h
[103.093s] -- Up-to-date: /home/jone/ws_moveit/install/moveit_core/include/moveit/collision_detection_fcl/collision_detector_fcl_plugin_loader.h
[103.093s] -- Up-to-date: /home/jone/ws_moveit/install/moveit_core/include/moveit/collision_detection_fcl/collision_detector_allocator_fcl.h
[103.093s] -- Up-to-date: /home/jone/ws_moveit/install/moveit_core/include/moveit/collision_detection_fcl/fcl_compat.h
[103.093s] -- Up-to-date: /home/jone/ws_moveit/install/moveit_core/include/moveit_collision_detection_fcl_export.h
[103.093s] -- Installing: /home/jone/ws_moveit/install/moveit_core/lib/libcollision_detector_bullet_plugin.so.2.5.9
[103.101s] -- Set runtime path of "/home/jone/ws_moveit/install/moveit_core/lib/libcollision_detector_bullet_plugin.so.2.5.9" to ""
[103.101s] -- Up-to-date: /home/jone/ws_moveit/install/moveit_core/lib/libcollision_detector_bullet_plugin.so
[103.101s] -- Installing: /home/jone/ws_moveit/install/moveit_core/lib/libmoveit_butterworth_filter.so.2.5.9
[103.107s] -- Set runtime path of "/home/jone/ws_moveit/install/moveit_core/lib/libmoveit_butterworth_filter.so.2.5.9" to ""
[103.107s] -- Up-to-date: /home/jone/ws_moveit/install/moveit_core/lib/libmoveit_butterworth_filter.so
[103.108s] -- Installing: /home/jone/ws_moveit/install/moveit_core/lib/libmoveit_collision_distance_field.so.2.5.9
[103.129s] -- Set runtime path of "/home/jone/ws_moveit/install/moveit_core/lib/libmoveit_collision_distance_field.so.2.5.9" to ""
[103.129s] -- Up-to-date: /home/jone/ws_moveit/install/moveit_core/lib/libmoveit_collision_distance_field.so
[103.130s] -- Installing: /home/jone/ws_moveit/install/moveit_core/lib/libmoveit_collision_detection.so.2.5.9
[103.160s] -- Set runtime path of "/home/jone/ws_moveit/install/moveit_core/lib/libmoveit_collision_detection.so.2.5.9" to ""
[103.160s] -- Up-to-date: /home/jone/ws_moveit/install/moveit_core/lib/libmoveit_collision_detection.so
[103.160s] -- Installing: /home/jone/ws_moveit/install/moveit_core/lib/libmoveit_collision_detection_fcl.so.2.5.9
[103.184s] -- Set runtime path of "/home/jone/ws_moveit/install/moveit_core/lib/libmoveit_collision_detection_fcl.so.2.5.9" to ""
[103.185s] -- Up-to-date: /home/jone/ws_moveit/install/moveit_core/lib/libmoveit_collision_detection_fcl.so
[103.185s] -- Installing: /home/jone/ws_moveit/install/moveit_core/lib/libmoveit_collision_detection_bullet.so.2.5.9
[103.209s] -- Set runtime path of "/home/jone/ws_moveit/install/moveit_core/lib/libmoveit_collision_detection_bullet.so.2.5.9" to ""
[103.209s] -- Up-to-date: /home/jone/ws_moveit/install/moveit_core/lib/libmoveit_collision_detection_bullet.so
[103.209s] -- Installing: /home/jone/ws_moveit/install/moveit_core/lib/libmoveit_dynamics_solver.so.2.5.9
[103.220s] -- Set runtime path of "/home/jone/ws_moveit/install/moveit_core/lib/libmoveit_dynamics_solver.so.2.5.9" to ""
[103.220s] -- Up-to-date: /home/jone/ws_moveit/install/moveit_core/lib/libmoveit_dynamics_solver.so
[103.221s] -- Installing: /home/jone/ws_moveit/install/moveit_core/lib/libmoveit_constraint_samplers.so.2.5.9
[103.241s] -- Set runtime path of "/home/jone/ws_moveit/install/moveit_core/lib/libmoveit_constraint_samplers.so.2.5.9" to ""
[103.242s] -- Up-to-date: /home/jone/ws_moveit/install/moveit_core/lib/libmoveit_constraint_samplers.so
[103.242s] -- Installing: /home/jone/ws_moveit/install/moveit_core/lib/libmoveit_distance_field.so.2.5.9
[103.249s] -- Set runtime path of "/home/jone/ws_moveit/install/moveit_core/lib/libmoveit_distance_field.so.2.5.9" to ""
[103.249s] -- Up-to-date: /home/jone/ws_moveit/install/moveit_core/lib/libmoveit_distance_field.so
[103.249s] -- Installing: /home/jone/ws_moveit/install/moveit_core/lib/libmoveit_exceptions.so.2.5.9
[103.250s] -- Set runtime path of "/home/jone/ws_moveit/install/moveit_core/lib/libmoveit_exceptions.so.2.5.9" to ""
[103.250s] -- Up-to-date: /home/jone/ws_moveit/install/moveit_core/lib/libmoveit_exceptions.so
[103.250s] -- Installing: /home/jone/ws_moveit/install/moveit_core/lib/libmoveit_kinematics_base.so
[103.255s] -- Set runtime path of "/home/jone/ws_moveit/install/moveit_core/lib/libmoveit_kinematics_base.so" to ""
[103.256s] -- Installing: /home/jone/ws_moveit/install/moveit_core/lib/libmoveit_kinematic_constraints.so.2.5.9
[103.287s] -- Set runtime path of "/home/jone/ws_moveit/install/moveit_core/lib/libmoveit_kinematic_constraints.so.2.5.9" to ""
[103.287s] -- Up-to-date: /home/jone/ws_moveit/install/moveit_core/lib/libmoveit_kinematic_constraints.so
[103.288s] -- Installing: /home/jone/ws_moveit/install/moveit_core/lib/libmoveit_kinematics_metrics.so.2.5.9
[103.329s] -- Set runtime path of "/home/jone/ws_moveit/install/moveit_core/lib/libmoveit_kinematics_metrics.so.2.5.9" to ""
[103.329s] -- Up-to-date: /home/jone/ws_moveit/install/moveit_core/lib/libmoveit_kinematics_metrics.so
[103.330s] -- Installing: /home/jone/ws_moveit/install/moveit_core/lib/libmoveit_planning_interface.so.2.5.9
[103.341s] -- Set runtime path of "/home/jone/ws_moveit/install/moveit_core/lib/libmoveit_planning_interface.so.2.5.9" to ""
[103.341s] -- Up-to-date: /home/jone/ws_moveit/install/moveit_core/lib/libmoveit_planning_interface.so
[103.341s] -- Installing: /home/jone/ws_moveit/install/moveit_core/lib/libmoveit_planning_scene.so.2.5.9
[103.364s] -- Set runtime path of "/home/jone/ws_moveit/install/moveit_core/lib/libmoveit_planning_scene.so.2.5.9" to ""
[103.364s] -- Up-to-date: /home/jone/ws_moveit/install/moveit_core/lib/libmoveit_planning_scene.so
[103.365s] -- Installing: /home/jone/ws_moveit/install/moveit_core/lib/libmoveit_planning_request_adapter.so.2.5.9
[103.370s] -- Set runtime path of "/home/jone/ws_moveit/install/moveit_core/lib/libmoveit_planning_request_adapter.so.2.5.9" to ""
[103.371s] -- Up-to-date: /home/jone/ws_moveit/install/moveit_core/lib/libmoveit_planning_request_adapter.so
[103.371s] -- Installing: /home/jone/ws_moveit/install/moveit_core/lib/libmoveit_robot_model.so.2.5.9
[103.404s] -- Set runtime path of "/home/jone/ws_moveit/install/moveit_core/lib/libmoveit_robot_model.so.2.5.9" to ""
[103.404s] -- Up-to-date: /home/jone/ws_moveit/install/moveit_core/lib/libmoveit_robot_model.so
[103.404s] -- Installing: /home/jone/ws_moveit/install/moveit_core/lib/libmoveit_robot_state.so.2.5.9
[103.458s] -- Set runtime path of "/home/jone/ws_moveit/install/moveit_core/lib/libmoveit_robot_state.so.2.5.9" to ""
[103.459s] -- Up-to-date: /home/jone/ws_moveit/install/moveit_core/lib/libmoveit_robot_state.so
[103.459s] -- Installing: /home/jone/ws_moveit/install/moveit_core/lib/libmoveit_robot_trajectory.so.2.5.9
[103.469s] -- Set runtime path of "/home/jone/ws_moveit/install/moveit_core/lib/libmoveit_robot_trajectory.so.2.5.9" to ""
[103.469s] -- Up-to-date: /home/jone/ws_moveit/install/moveit_core/lib/libmoveit_robot_trajectory.so
[103.470s] -- Installing: /home/jone/ws_moveit/install/moveit_core/lib/libmoveit_smoothing_base.so.2.5.9
[103.471s] -- Set runtime path of "/home/jone/ws_moveit/install/moveit_core/lib/libmoveit_smoothing_base.so.2.5.9" to ""
[103.471s] -- Up-to-date: /home/jone/ws_moveit/install/moveit_core/lib/libmoveit_smoothing_base.so
[103.472s] -- Installing: /home/jone/ws_moveit/install/moveit_core/lib/libmoveit_test_utils.so.2.5.9
[103.482s] -- Set runtime path of "/home/jone/ws_moveit/install/moveit_core/lib/libmoveit_test_utils.so.2.5.9" to ""
[103.482s] -- Up-to-date: /home/jone/ws_moveit/install/moveit_core/lib/libmoveit_test_utils.so
[103.482s] -- Installing: /home/jone/ws_moveit/install/moveit_core/lib/libmoveit_trajectory_processing.so.2.5.9
[103.503s] -- Set runtime path of "/home/jone/ws_moveit/install/moveit_core/lib/libmoveit_trajectory_processing.so.2.5.9" to ""
[103.503s] -- Up-to-date: /home/jone/ws_moveit/install/moveit_core/lib/libmoveit_trajectory_processing.so
[103.504s] -- Installing: /home/jone/ws_moveit/install/moveit_core/lib/libmoveit_transforms.so.2.5.9
[103.513s] -- Set runtime path of "/home/jone/ws_moveit/install/moveit_core/lib/libmoveit_transforms.so.2.5.9" to ""
[103.513s] -- Up-to-date: /home/jone/ws_moveit/install/moveit_core/lib/libmoveit_transforms.so
[103.513s] -- Installing: /home/jone/ws_moveit/install/moveit_core/lib/libmoveit_utils.so.2.5.9
[103.515s] -- Set runtime path of "/home/jone/ws_moveit/install/moveit_core/lib/libmoveit_utils.so.2.5.9" to ""
[103.515s] -- Up-to-date: /home/jone/ws_moveit/install/moveit_core/lib/libmoveit_utils.so
[103.515s] -- Up-to-date: /home/jone/ws_moveit/install/moveit_core/share/moveit_core/environment/library_path.sh
[103.515s] -- Installing: /home/jone/ws_moveit/install/moveit_core/share/moveit_core/environment/library_path.dsv
[103.516s] -- Up-to-date: /home/jone/ws_moveit/install/moveit_core/share/moveit_core/collision_detector_fcl_description.xml
[103.517s] -- Up-to-date: /home/jone/ws_moveit/install/moveit_core/share/moveit_core/collision_detector_bullet_description.xml
[103.517s] -- Up-to-date: /home/jone/ws_moveit/install/moveit_core/share/moveit_core/filter_plugin_butterworth.xml
[103.517s] -- Up-to-date: /home/jone/ws_moveit/install/moveit_core/share/ament_index/resource_index/package_run_dependencies/moveit_core
[103.517s] -- Installing: /home/jone/ws_moveit/install/moveit_core/share/ament_index/resource_index/parent_prefix_path/moveit_core
[103.518s] -- Up-to-date: /home/jone/ws_moveit/install/moveit_core/share/moveit_core/environment/ament_prefix_path.sh
[103.518s] -- Installing: /home/jone/ws_moveit/install/moveit_core/share/moveit_core/environment/ament_prefix_path.dsv
[103.518s] -- Up-to-date: /home/jone/ws_moveit/install/moveit_core/share/moveit_core/environment/path.sh
[103.518s] -- Installing: /home/jone/ws_moveit/install/moveit_core/share/moveit_core/environment/path.dsv
[103.518s] -- Up-to-date: /home/jone/ws_moveit/install/moveit_core/share/moveit_core/local_setup.bash
[103.518s] -- Up-to-date: /home/jone/ws_moveit/install/moveit_core/share/moveit_core/local_setup.sh
[103.518s] -- Up-to-date: /home/jone/ws_moveit/install/moveit_core/share/moveit_core/local_setup.zsh
[103.518s] -- Installing: /home/jone/ws_moveit/install/moveit_core/share/moveit_core/local_setup.dsv
[103.520s] -- Installing: /home/jone/ws_moveit/install/moveit_core/share/moveit_core/package.dsv
[103.520s] -- Up-to-date: /home/jone/ws_moveit/install/moveit_core/share/ament_index/resource_index/packages/moveit_core
[103.521s] -- Up-to-date: /home/jone/ws_moveit/install/moveit_core/share/ament_index/resource_index/moveit_core__pluginlib__plugin/moveit_core
[103.522s] -- Up-to-date: /home/jone/ws_moveit/install/moveit_core/share/moveit_core/cmake/export_moveit_coreExport.cmake
[103.522s] -- Installing: /home/jone/ws_moveit/install/moveit_core/share/moveit_core/cmake/export_moveit_coreExport-debug.cmake
[103.522s] -- Up-to-date: /home/jone/ws_moveit/install/moveit_core/share/moveit_core/cmake/ConfigExtras.cmake
[103.522s] -- Up-to-date: /home/jone/ws_moveit/install/moveit_core/share/moveit_core/cmake/ament_cmake_export_targets-extras.cmake
[103.522s] -- Up-to-date: /home/jone/ws_moveit/install/moveit_core/share/moveit_core/cmake/ament_cmake_export_dependencies-extras.cmake
[103.522s] -- Up-to-date: /home/jone/ws_moveit/install/moveit_core/share/moveit_core/cmake/moveit_coreConfig.cmake
[103.523s] -- Up-to-date: /home/jone/ws_moveit/install/moveit_core/share/moveit_core/cmake/moveit_coreConfig-version.cmake
[103.523s] -- Up-to-date: /home/jone/ws_moveit/install/moveit_core/share/moveit_core/package.xml
[103.532s] Invoked command in '/home/jone/ws_moveit/build/moveit_core' returned '0': CMAKE_PREFIX_PATH=/home/jone/ws_moveit/install/moveit_resources_panda_moveit_config:/home/jone/ws_moveit/install/srdfdom:/home/jone/ws_moveit/install/moveit_resources_pr2_description:/home/jone/ws_moveit/install/moveit_resources_panda_description:/home/jone/ws_moveit/install/moveit_common:/home/jone/ws_moveit/install/pilz_industrial_motion_planner_testutils:/home/jone/ws_moveit/install/moveit_runtime:/home/jone/ws_moveit/install/moveit2_tutorials:/home/jone/ws_moveit/install/moveit:/home/jone/ws_moveit/install/moveit_planners:/home/jone/ws_moveit/install/pilz_industrial_motion_planner:/home/jone/ws_moveit/install/moveit_visual_tools:/home/jone/ws_moveit/install/moveit_task_constructor_visualization:/home/jone/ws_moveit/install/moveit_task_constructor_demo:/home/jone/ws_moveit/install/moveit_task_constructor_capabilities:/home/jone/ws_moveit/install/moveit_task_constructor_core:/home/jone/ws_moveit/install/moveit_ros_control_interface:/home/jone/ws_moveit/install/moveit_plugins:/home/jone/ws_moveit/install/moveit_simple_controller_manager:/home/jone/ws_moveit/install/moveit_setup_assistant:/home/jone/ws_moveit/install/moveit_setup_srdf_plugins:/home/jone/ws_moveit/install/moveit_setup_core_plugins:/home/jone/ws_moveit/install/moveit_setup_controllers:/home/jone/ws_moveit/install/moveit_setup_app_plugins:/home/jone/ws_moveit/install/moveit_setup_framework:/home/jone/ws_moveit/install/moveit_servo:/home/jone/ws_moveit/install/moveit_ros:/home/jone/ws_moveit/install/moveit_ros_visualization:/home/jone/ws_moveit/install/moveit_hybrid_planning:/home/jone/ws_moveit/install/moveit_ros_planning_interface:/home/jone/ws_moveit/install/moveit_ros_benchmarks:/home/jone/ws_moveit/install/moveit_ros_warehouse:/home/jone/ws_moveit/install/moveit_ros_robot_interaction:/home/jone/ws_moveit/install/moveit_ros_perception:/home/jone/ws_moveit/install/moveit_resources_prbt_pg70_support:/home/jone/ws_moveit/install/moveit_resources_prbt_moveit_config:/home/jone/ws_moveit/install/moveit_ros_move_group:/home/jone/ws_moveit/install/moveit_planners_ompl:/home/jone/ws_moveit/install/moveit_ros_planning:/home/jone/ws_moveit/install/moveit_ros_occupancy_map_monitor:/home/jone/ws_moveit/install/moveit_resources_prbt_ikfast_manipulator_plugin:/home/jone/ws_moveit/install/moveit_planners_chomp:/home/jone/ws_moveit/install/moveit_kinematics:/home/jone/ws_moveit/install/moveit_chomp_optimizer_adapter:/home/jone/ws_moveit/install/chomp_motion_planner:/home/jone/ws_moveit/install/moveit_core:/home/jone/ws_moveit/install/rviz_marker_tools:/home/jone/ws_moveit/install/rosparam_shortcuts:/home/jone/ws_moveit/install/moveit_task_constructor_msgs:/home/jone/ws_moveit/install/moveit_resources_prbt_support:/home/jone/ws_moveit/install/moveit_resources:/home/jone/ws_moveit/install/moveit_resources_fanuc_moveit_config:/home/jone/ws_moveit/install/moveit_resources_fanuc_description:/home/jone/ws_moveit/install/moveit_configs_utils:/home/jone/ws_moveit/install/launch_param_builder:/opt/ros/humble LD_LIBRARY_PATH=/home/jone/ws_moveit/install/srdfdom/lib:/home/jone/ws_moveit/install/pilz_industrial_motion_planner_testutils/lib:/home/jone/ws_moveit/install/pilz_industrial_motion_planner/lib:/home/jone/ws_moveit/install/moveit_visual_tools/lib:/home/jone/ws_moveit/install/moveit_task_constructor_visualization/lib:/home/jone/ws_moveit/install/moveit_task_constructor_demo/lib:/home/jone/ws_moveit/install/moveit_task_constructor_capabilities/lib:/home/jone/ws_moveit/install/moveit_task_constructor_core/lib:/home/jone/ws_moveit/install/moveit_ros_control_interface/lib:/home/jone/ws_moveit/install/moveit_simple_controller_manager/lib:/home/jone/ws_moveit/install/moveit_setup_assistant/lib:/home/jone/ws_moveit/install/moveit_setup_srdf_plugins/lib:/home/jone/ws_moveit/install/moveit_setup_core_plugins/lib:/home/jone/ws_moveit/install/moveit_setup_controllers/lib:/home/jone/ws_moveit/install/moveit_setup_app_plugins/lib:/home/jone/ws_moveit/install/moveit_setup_framework/lib:/home/jone/ws_moveit/install/moveit_servo/lib:/home/jone/ws_moveit/install/moveit_ros_visualization/lib:/home/jone/ws_moveit/install/moveit_hybrid_planning/lib:/home/jone/ws_moveit/install/moveit_ros_planning_interface/lib:/home/jone/ws_moveit/install/moveit_ros_benchmarks/lib:/home/jone/ws_moveit/install/moveit_ros_warehouse/lib:/home/jone/ws_moveit/install/moveit_ros_robot_interaction/lib:/home/jone/ws_moveit/install/moveit_ros_perception/lib:/home/jone/ws_moveit/install/moveit_ros_move_group/lib:/home/jone/ws_moveit/install/moveit_planners_ompl/lib:/home/jone/ws_moveit/install/moveit_ros_planning/lib:/home/jone/ws_moveit/install/moveit_ros_occupancy_map_monitor/lib:/home/jone/ws_moveit/install/moveit_resources_prbt_ikfast_manipulator_plugin/lib:/home/jone/ws_moveit/install/moveit_planners_chomp/lib:/home/jone/ws_moveit/install/moveit_kinematics/lib:/home/jone/ws_moveit/install/moveit_chomp_optimizer_adapter/lib:/home/jone/ws_moveit/install/chomp_motion_planner/lib:/home/jone/ws_moveit/install/moveit_core/lib:/home/jone/ws_moveit/install/rviz_marker_tools/lib:/home/jone/ws_moveit/install/rosparam_shortcuts/lib:/home/jone/ws_moveit/install/moveit_task_constructor_msgs/lib:/opt/ros/humble/opt/rviz_ogre_vendor/lib:/opt/ros/humble/lib/x86_64-linux-gnu:/opt/ros/humble/lib:/usr/lib/x86_64-linux-gnu/gazebo-11/plugins:/usr/lib/x86_64-linux-gnu/gazebo-11/plugins:/usr/lib/x86_64-linux-gnu/gazebo-11/plugins /usr/bin/cmake --install /home/jone/ws_moveit/build/moveit_core
