[0.032s] Invoking command in '/home/jone/turtlebot3_ws/build/turtlebot3_gazebo': CMAKE_PREFIX_PATH=${CMAKE_PREFIX_PATH}:/home/jone/turtlebot3_ws/install/turtlebot3_teleop:/home/jone/turtlebot3_ws/install/turtlebot3_example:/opt/ros/humble /usr/bin/cmake --build /home/jone/turtlebot3_ws/build/turtlebot3_gazebo -- -j16 -l16
[0.321s] -- Found ament_cmake: 1.3.12 (/opt/ros/humble/share/ament_cmake/cmake)
[0.321s] -- Override CMake install command with custom implementation using symlinks instead of copying resources
[0.321s] -- Found DART: /usr/include (Required is at least version "6.6") found components: dart 
[0.321s] [33mCMake Warning (dev) at /usr/share/cmake-3.22/Modules/FindPackageHandleStandardArgs.cmake:438 (message):
[0.321s]   The package name passed to `find_package_handle_standard_args` (PkgConfig)
[0.322s]   does not match the name of the calling package (gazebo).  This can lead to
[0.322s]   problems in calling code that expects `find_package` result variables
[0.322s]   (e.g., `_FOUND`) to follow a certain pattern.
[0.322s] Call Stack (most recent call first):
[0.322s]   /usr/share/cmake-3.22/Modules/FindPkgConfig.cmake:99 (find_package_handle_standard_args)
[0.322s]   /usr/lib/x86_64-linux-gnu/cmake/gazebo/gazebo-config.cmake:72 (include)
[0.322s]   CMakeLists.txt:23 (find_package)
[0.322s] This warning is for project developers.  Use -Wno-dev to suppress it.
[0.322s] [0m
[0.352s] -- Found Protobuf: /usr/lib/x86_64-linux-gnu/libprotobuf.so (found version "3.12.4") 
[0.356s] -- Looking for ignition-math6 -- found version 6.15.1
[0.365s] -- Searching for dependencies of ignition-math6
[0.368s] -- Looking for OGRE...
[0.375s] -- Found Ogre Ghadamon (1.9.0)
[0.376s] -- Found OGRE: optimized;/usr/lib/x86_64-linux-gnu/libOgreMain.so;debug;/usr/lib/x86_64-linux-gnu/libOgreMain.so
[0.389s] -- Looking for OGRE_Paging...
[0.389s] -- Found OGRE_Paging: optimized;/usr/lib/x86_64-linux-gnu/libOgrePaging.so;debug;/usr/lib/x86_64-linux-gnu/libOgrePaging.so
[0.389s] -- Looking for OGRE_Terrain...
[0.389s] -- Found OGRE_Terrain: optimized;/usr/lib/x86_64-linux-gnu/libOgreTerrain.so;debug;/usr/lib/x86_64-linux-gnu/libOgreTerrain.so
[0.389s] -- Looking for OGRE_Property...
[0.389s] -- Found OGRE_Property: optimized;/usr/lib/x86_64-linux-gnu/libOgreProperty.so;debug;/usr/lib/x86_64-linux-gnu/libOgreProperty.so
[0.389s] -- Looking for OGRE_RTShaderSystem...
[0.389s] -- Found OGRE_RTShaderSystem: optimized;/usr/lib/x86_64-linux-gnu/libOgreRTShaderSystem.so;debug;/usr/lib/x86_64-linux-gnu/libOgreRTShaderSystem.so
[0.390s] -- Looking for OGRE_Volume...
[0.390s] -- Found OGRE_Volume: optimized;/usr/lib/x86_64-linux-gnu/libOgreVolume.so;debug;/usr/lib/x86_64-linux-gnu/libOgreVolume.so
[0.390s] -- Looking for OGRE_Overlay...
[0.390s] -- Found OGRE_Overlay: optimized;/usr/lib/x86_64-linux-gnu/libOgreOverlay.so;debug;/usr/lib/x86_64-linux-gnu/libOgreOverlay.so
[0.608s] -- Looking for ignition-math6 -- found version 6.15.1
[0.609s] -- Looking for ignition-transport8 -- found version 8.2.1
[0.610s] -- Searching for dependencies of ignition-transport8
[0.635s] -- Found Protobuf: /usr/lib/x86_64-linux-gnu/libprotobuf.so (found suitable version "3.12.4", minimum required is "3") 
[0.649s] -- Config-file not installed for ZeroMQ -- checking for pkg-config
[0.654s] -- Checking for module 'libzmq >= 4'
[0.675s] --   Found libzmq , version 4.3.4
[0.719s] -- Checking for module 'uuid'
[0.733s] --   Found uuid, version 2.37.2
[0.767s] -- Looking for ignition-msgs5 -- found version 5.8.1
[0.767s] -- Searching for dependencies of ignition-msgs5
[0.792s] -- Looking for ignition-math6 -- found version 6.15.1
[0.797s] -- Checking for module 'tinyxml2'
[0.813s] --   Found tinyxml2, version 9.0.0
[0.850s] -- Looking for ignition-msgs5 -- found version 5.8.1
[0.851s] -- Looking for ignition-common3 -- found version 3.14.0
[0.851s] -- Searching for dependencies of ignition-common3
[0.852s] -- Looking for dlfcn.h - found
[0.852s] -- Looking for libdl - found
[0.865s] -- Searching for <ignition-common3> component [graphics]
[0.866s] -- Looking for ignition-common3-graphics -- found version 3.14.0
[0.866s] -- Searching for dependencies of ignition-common3-graphics
[0.867s] -- Looking for ignition-math6 -- found version 6.15.1
[0.868s] -- Looking for ignition-fuel_tools4 -- found version 4.4.0
[0.868s] -- Searching for dependencies of ignition-fuel_tools4
[0.915s] -- Checking for module 'jsoncpp'
[0.931s] --   Found jsoncpp, version 1.9.5
[0.972s] -- Checking for module 'libzip'
[0.987s] --   Found libzip, version 1.7.3
[1.022s] -- Looking for ignition-common3 -- found version 3.14.0
[1.023s] -- Looking for ignition-math6 -- found version 6.15.1
[1.023s] -- Looking for ignition-msgs5 -- found version 5.8.1
[1.025s] -- Found gazebo_ros_pkgs: 3.9.0 (/opt/ros/humble/share/gazebo_ros_pkgs/cmake)
[1.026s] -- Found geometry_msgs: 4.9.0 (/opt/ros/humble/share/geometry_msgs/cmake)
[1.042s] -- Found rosidl_generator_c: 3.1.7 (/opt/ros/humble/share/rosidl_generator_c/cmake)
[1.044s] -- Found rosidl_adapter: 3.1.7 (/opt/ros/humble/share/rosidl_adapter/cmake)
[1.050s] -- Found rosidl_generator_cpp: 3.1.7 (/opt/ros/humble/share/rosidl_generator_cpp/cmake)
[1.058s] -- Using all available rosidl_typesupport_c: rosidl_typesupport_fastrtps_c;rosidl_typesupport_introspection_c
[1.069s] -- Using all available rosidl_typesupport_cpp: rosidl_typesupport_fastrtps_cpp;rosidl_typesupport_introspection_cpp
[1.099s] -- Found nav_msgs: 4.9.0 (/opt/ros/humble/share/nav_msgs/cmake)
[1.117s] -- Found rclcpp: 16.0.15 (/opt/ros/humble/share/rclcpp/cmake)
[1.151s] -- Found rmw_implementation_cmake: 6.1.2 (/opt/ros/humble/share/rmw_implementation_cmake/cmake)
[1.153s] -- Found rmw_fastrtps_cpp: 6.2.9 (/opt/ros/humble/share/rmw_fastrtps_cpp/cmake)
[1.289s] -- Using RMW implementation 'rmw_fastrtps_cpp' as default
[1.333s] -- Found sensor_msgs: 4.9.0 (/opt/ros/humble/share/sensor_msgs/cmake)
[1.350s] -- Found tf2: 0.25.16 (/opt/ros/humble/share/tf2/cmake)
[1.426s] -- Configuring done
[1.483s] -- Generating done
[1.493s] -- Build files have been written to: /home/jone/turtlebot3_ws/build/turtlebot3_gazebo
[1.543s] [35m[1mConsolidate compiler generated dependencies of target turtlebot3_drive[0m
[1.543s] [35m[1mConsolidate compiler generated dependencies of target traffic_bar_plugin[0m
[1.544s] [35m[1mConsolidate compiler generated dependencies of target obstacle1[0m
[1.544s] [35m[1mConsolidate compiler generated dependencies of target obstacle2[0m
[1.545s] [35m[1mConsolidate compiler generated dependencies of target traffic_light_plugin[0m
[1.546s] [35m[1mConsolidate compiler generated dependencies of target obstacles[0m
[1.607s] [  8%] [32mBuilding CXX object CMakeFiles/turtlebot3_drive.dir/src/turtlebot3_drive.cpp.o[0m
[1.677s] [ 41%] [32mBuilding CXX object CMakeFiles/obstacle1.dir/src/obstacle1.cpp.o[0m
[1.677s] [ 41%] [32mBuilding CXX object CMakeFiles/traffic_light_plugin.dir/src/traffic_light_plugin.cpp.o[0m
[1.677s] [ 41%] [32mBuilding CXX object CMakeFiles/traffic_bar_plugin.dir/src/traffic_bar_plugin.cpp.o[0m
[1.677s] [ 41%] [32mBuilding CXX object CMakeFiles/obstacles.dir/src/obstacles.cpp.o[0m
[1.678s] [ 50%] [32mBuilding CXX object CMakeFiles/obstacle2.dir/src/obstacle2.cpp.o[0m
[21.451s] [ 58%] [32m[1mLinking CXX executable turtlebot3_drive[0m
[22.257s] [ 58%] Built target turtlebot3_drive
[22.750s] [ 66%] [32m[1mLinking CXX shared library libobstacle2.so[0m
[23.070s] [ 75%] [32m[1mLinking CXX shared library libtraffic_light_plugin.so[0m
[23.126s] [ 75%] Built target obstacle2
[23.426s] [ 75%] Built target traffic_light_plugin
[23.490s] [ 83%] [32m[1mLinking CXX shared library libobstacles.so[0m
[23.675s] [ 91%] [32m[1mLinking CXX shared library libtraffic_bar_plugin.so[0m
[23.727s] [ 91%] Built target obstacles
[23.905s] [ 91%] Built target traffic_bar_plugin
[24.091s] [100%] [32m[1mLinking CXX shared library libobstacle1.so[0m
[24.298s] [100%] Built target obstacle1
[24.332s] Invoked command in '/home/jone/turtlebot3_ws/build/turtlebot3_gazebo' returned '0': CMAKE_PREFIX_PATH=${CMAKE_PREFIX_PATH}:/home/jone/turtlebot3_ws/install/turtlebot3_teleop:/home/jone/turtlebot3_ws/install/turtlebot3_example:/opt/ros/humble /usr/bin/cmake --build /home/jone/turtlebot3_ws/build/turtlebot3_gazebo -- -j16 -l16
[24.335s] Invoking command in '/home/jone/turtlebot3_ws/build/turtlebot3_gazebo': CMAKE_PREFIX_PATH=${CMAKE_PREFIX_PATH}:/home/jone/turtlebot3_ws/install/turtlebot3_teleop:/home/jone/turtlebot3_ws/install/turtlebot3_example:/opt/ros/humble /usr/bin/cmake --install /home/jone/turtlebot3_ws/build/turtlebot3_gazebo
[24.343s] -- Install configuration: ""
[24.343s] -- Execute custom install script
[24.344s] -- Up-to-date symlink: /home/jone/turtlebot3_ws/install/turtlebot3_gazebo/lib/turtlebot3_gazebo/turtlebot3_drive
[24.344s] -- Up-to-date symlink: /home/jone/turtlebot3_ws/install/turtlebot3_gazebo/share/turtlebot3_gazebo//launch/empty_world.launch.py
[24.344s] -- Symlinking: /home/jone/turtlebot3_ws/install/turtlebot3_gazebo/share/turtlebot3_gazebo//launch/ex5.launch.py
[24.355s] -- Up-to-date symlink: /home/jone/turtlebot3_ws/install/turtlebot3_gazebo/share/turtlebot3_gazebo//launch/multi_robot.launch.py
[24.355s] -- Up-to-date symlink: /home/jone/turtlebot3_ws/install/turtlebot3_gazebo/share/turtlebot3_gazebo//launch/multi_spawn_turtlebot3.launch.py
[24.355s] -- Up-to-date symlink: /home/jone/turtlebot3_ws/install/turtlebot3_gazebo/share/turtlebot3_gazebo//launch/robot_state_publisher.launch.py
[24.355s] -- Up-to-date symlink: /home/jone/turtlebot3_ws/install/turtlebot3_gazebo/share/turtlebot3_gazebo//launch/spawn_turtlebot3.launch.py
[24.355s] -- Up-to-date symlink: /home/jone/turtlebot3_ws/install/turtlebot3_gazebo/share/turtlebot3_gazebo//launch/turtlebot3_autorace_2020.launch.py
[24.355s] -- Up-to-date symlink: /home/jone/turtlebot3_ws/install/turtlebot3_gazebo/share/turtlebot3_gazebo//launch/turtlebot3_dqn_stage1.launch.py
[24.355s] -- Up-to-date symlink: /home/jone/turtlebot3_ws/install/turtlebot3_gazebo/share/turtlebot3_gazebo//launch/turtlebot3_dqn_stage2.launch.py
[24.355s] -- Up-to-date symlink: /home/jone/turtlebot3_ws/install/turtlebot3_gazebo/share/turtlebot3_gazebo//launch/turtlebot3_dqn_stage3.launch.py
[24.356s] -- Up-to-date symlink: /home/jone/turtlebot3_ws/install/turtlebot3_gazebo/share/turtlebot3_gazebo//launch/turtlebot3_dqn_stage4.launch.py
[24.356s] -- Up-to-date symlink: /home/jone/turtlebot3_ws/install/turtlebot3_gazebo/share/turtlebot3_gazebo//launch/turtlebot3_house.launch.py
[24.356s] -- Up-to-date symlink: /home/jone/turtlebot3_ws/install/turtlebot3_gazebo/share/turtlebot3_gazebo//launch/turtlebot3_world.launch.py
[24.363s] -- Up-to-date symlink: /home/jone/turtlebot3_ws/install/turtlebot3_gazebo/share/turtlebot3_gazebo//models/turtlebot3_autorace_2020/checker/materials/checker.png
[24.363s] -- Up-to-date symlink: /home/jone/turtlebot3_ws/install/turtlebot3_gazebo/share/turtlebot3_gazebo//models/turtlebot3_autorace_2020/checker/materials/scripts/checker.material
[24.363s] -- Up-to-date symlink: /home/jone/turtlebot3_ws/install/turtlebot3_gazebo/share/turtlebot3_gazebo//models/turtlebot3_autorace_2020/checker/materials/textures/checker.png
[24.363s] -- Up-to-date symlink: /home/jone/turtlebot3_ws/install/turtlebot3_gazebo/share/turtlebot3_gazebo//models/turtlebot3_autorace_2020/checker/model.config
[24.363s] -- Up-to-date symlink: /home/jone/turtlebot3_ws/install/turtlebot3_gazebo/share/turtlebot3_gazebo//models/turtlebot3_autorace_2020/checker/model.sdf
[24.364s] -- Up-to-date symlink: /home/jone/turtlebot3_ws/install/turtlebot3_gazebo/share/turtlebot3_gazebo//models/turtlebot3_autorace_2020/course/materials/scripts/course.material
[24.364s] -- Up-to-date symlink: /home/jone/turtlebot3_ws/install/turtlebot3_gazebo/share/turtlebot3_gazebo//models/turtlebot3_autorace_2020/course/materials/textures/course.png
[24.364s] -- Up-to-date symlink: /home/jone/turtlebot3_ws/install/turtlebot3_gazebo/share/turtlebot3_gazebo//models/turtlebot3_autorace_2020/course/model.config
[24.364s] -- Up-to-date symlink: /home/jone/turtlebot3_ws/install/turtlebot3_gazebo/share/turtlebot3_gazebo//models/turtlebot3_autorace_2020/course/model.sdf
[24.364s] -- Up-to-date symlink: /home/jone/turtlebot3_ws/install/turtlebot3_gazebo/share/turtlebot3_gazebo//models/turtlebot3_autorace_2020/traffic_bar/materials/scripts/traffic_bar.material
[24.364s] -- Up-to-date symlink: /home/jone/turtlebot3_ws/install/turtlebot3_gazebo/share/turtlebot3_gazebo//models/turtlebot3_autorace_2020/traffic_bar/materials/textures/traffic_bar.png
[24.365s] -- Up-to-date symlink: /home/jone/turtlebot3_ws/install/turtlebot3_gazebo/share/turtlebot3_gazebo//models/turtlebot3_autorace_2020/traffic_bar/model.config
[24.365s] -- Up-to-date symlink: /home/jone/turtlebot3_ws/install/turtlebot3_gazebo/share/turtlebot3_gazebo//models/turtlebot3_autorace_2020/traffic_bar/model.sdf
[24.365s] -- Up-to-date symlink: /home/jone/turtlebot3_ws/install/turtlebot3_gazebo/share/turtlebot3_gazebo//models/turtlebot3_autorace_2020/traffic_construction/materials/scripts/traffic_construction.material
[24.365s] -- Up-to-date symlink: /home/jone/turtlebot3_ws/install/turtlebot3_gazebo/share/turtlebot3_gazebo//models/turtlebot3_autorace_2020/traffic_construction/materials/textures/traffic_construction.png
[24.365s] -- Up-to-date symlink: /home/jone/turtlebot3_ws/install/turtlebot3_gazebo/share/turtlebot3_gazebo//models/turtlebot3_autorace_2020/traffic_construction/model.config
[24.365s] -- Up-to-date symlink: /home/jone/turtlebot3_ws/install/turtlebot3_gazebo/share/turtlebot3_gazebo//models/turtlebot3_autorace_2020/traffic_construction/model.sdf
[24.366s] -- Up-to-date symlink: /home/jone/turtlebot3_ws/install/turtlebot3_gazebo/share/turtlebot3_gazebo//models/turtlebot3_autorace_2020/traffic_intersection/materials/scripts/traffic_intersection.material
[24.366s] -- Up-to-date symlink: /home/jone/turtlebot3_ws/install/turtlebot3_gazebo/share/turtlebot3_gazebo//models/turtlebot3_autorace_2020/traffic_intersection/materials/textures/traffic_intersection.png
[24.366s] -- Up-to-date symlink: /home/jone/turtlebot3_ws/install/turtlebot3_gazebo/share/turtlebot3_gazebo//models/turtlebot3_autorace_2020/traffic_intersection/model.config
[24.366s] -- Up-to-date symlink: /home/jone/turtlebot3_ws/install/turtlebot3_gazebo/share/turtlebot3_gazebo//models/turtlebot3_autorace_2020/traffic_intersection/model.sdf
[24.367s] -- Up-to-date symlink: /home/jone/turtlebot3_ws/install/turtlebot3_gazebo/share/turtlebot3_gazebo//models/turtlebot3_autorace_2020/traffic_left/materials/scripts/traffic_is_left.material
[24.367s] -- Up-to-date symlink: /home/jone/turtlebot3_ws/install/turtlebot3_gazebo/share/turtlebot3_gazebo//models/turtlebot3_autorace_2020/traffic_left/materials/textures/traffic_left.png
[24.367s] -- Up-to-date symlink: /home/jone/turtlebot3_ws/install/turtlebot3_gazebo/share/turtlebot3_gazebo//models/turtlebot3_autorace_2020/traffic_left/model.config
[24.367s] -- Up-to-date symlink: /home/jone/turtlebot3_ws/install/turtlebot3_gazebo/share/turtlebot3_gazebo//models/turtlebot3_autorace_2020/traffic_left/model.sdf
[24.367s] -- Up-to-date symlink: /home/jone/turtlebot3_ws/install/turtlebot3_gazebo/share/turtlebot3_gazebo//models/turtlebot3_autorace_2020/traffic_light/materials/scripts/traffic_light.material
[24.367s] -- Up-to-date symlink: /home/jone/turtlebot3_ws/install/turtlebot3_gazebo/share/turtlebot3_gazebo//models/turtlebot3_autorace_2020/traffic_light/materials/textures/traffic_light.png
[24.368s] -- Up-to-date symlink: /home/jone/turtlebot3_ws/install/turtlebot3_gazebo/share/turtlebot3_gazebo//models/turtlebot3_autorace_2020/traffic_light/materials/textures/traffic_light_green.png
[24.368s] -- Up-to-date symlink: /home/jone/turtlebot3_ws/install/turtlebot3_gazebo/share/turtlebot3_gazebo//models/turtlebot3_autorace_2020/traffic_light/materials/textures/traffic_light_red.png
[24.368s] -- Up-to-date symlink: /home/jone/turtlebot3_ws/install/turtlebot3_gazebo/share/turtlebot3_gazebo//models/turtlebot3_autorace_2020/traffic_light/materials/textures/traffic_light_yellow.png
[24.368s] -- Up-to-date symlink: /home/jone/turtlebot3_ws/install/turtlebot3_gazebo/share/turtlebot3_gazebo//models/turtlebot3_autorace_2020/traffic_light/model.config
[24.368s] -- Up-to-date symlink: /home/jone/turtlebot3_ws/install/turtlebot3_gazebo/share/turtlebot3_gazebo//models/turtlebot3_autorace_2020/traffic_light/model.sdf
[24.368s] -- Up-to-date symlink: /home/jone/turtlebot3_ws/install/turtlebot3_gazebo/share/turtlebot3_gazebo//models/turtlebot3_autorace_2020/traffic_noentry/materials/scripts/traffic_noentry.material
[24.369s] -- Up-to-date symlink: /home/jone/turtlebot3_ws/install/turtlebot3_gazebo/share/turtlebot3_gazebo//models/turtlebot3_autorace_2020/traffic_noentry/materials/textures/traffic_noentry.png
[24.369s] -- Up-to-date symlink: /home/jone/turtlebot3_ws/install/turtlebot3_gazebo/share/turtlebot3_gazebo//models/turtlebot3_autorace_2020/traffic_noentry/model.config
[24.369s] -- Up-to-date symlink: /home/jone/turtlebot3_ws/install/turtlebot3_gazebo/share/turtlebot3_gazebo//models/turtlebot3_autorace_2020/traffic_noentry/model.sdf
[24.369s] -- Up-to-date symlink: /home/jone/turtlebot3_ws/install/turtlebot3_gazebo/share/turtlebot3_gazebo//models/turtlebot3_autorace_2020/traffic_parking/materials/scripts/traffic_parking.material
[24.369s] -- Up-to-date symlink: /home/jone/turtlebot3_ws/install/turtlebot3_gazebo/share/turtlebot3_gazebo//models/turtlebot3_autorace_2020/traffic_parking/materials/textures/traffic_parking.png
[24.369s] -- Up-to-date symlink: /home/jone/turtlebot3_ws/install/turtlebot3_gazebo/share/turtlebot3_gazebo//models/turtlebot3_autorace_2020/traffic_parking/model.config
[24.370s] -- Up-to-date symlink: /home/jone/turtlebot3_ws/install/turtlebot3_gazebo/share/turtlebot3_gazebo//models/turtlebot3_autorace_2020/traffic_parking/model.sdf
[24.370s] -- Up-to-date symlink: /home/jone/turtlebot3_ws/install/turtlebot3_gazebo/share/turtlebot3_gazebo//models/turtlebot3_autorace_2020/traffic_pl_left/materials/scripts/traffic_pl_left.material
[24.370s] -- Up-to-date symlink: /home/jone/turtlebot3_ws/install/turtlebot3_gazebo/share/turtlebot3_gazebo//models/turtlebot3_autorace_2020/traffic_pl_left/materials/textures/traffic_pl_left.png
[24.370s] -- Up-to-date symlink: /home/jone/turtlebot3_ws/install/turtlebot3_gazebo/share/turtlebot3_gazebo//models/turtlebot3_autorace_2020/traffic_pl_left/model.config
[24.370s] -- Up-to-date symlink: /home/jone/turtlebot3_ws/install/turtlebot3_gazebo/share/turtlebot3_gazebo//models/turtlebot3_autorace_2020/traffic_pl_left/model.sdf
[24.370s] -- Up-to-date symlink: /home/jone/turtlebot3_ws/install/turtlebot3_gazebo/share/turtlebot3_gazebo//models/turtlebot3_autorace_2020/traffic_right/materials/scripts/traffic_right.material
[24.371s] -- Up-to-date symlink: /home/jone/turtlebot3_ws/install/turtlebot3_gazebo/share/turtlebot3_gazebo//models/turtlebot3_autorace_2020/traffic_right/materials/textures/traffic_right.png
[24.371s] -- Up-to-date symlink: /home/jone/turtlebot3_ws/install/turtlebot3_gazebo/share/turtlebot3_gazebo//models/turtlebot3_autorace_2020/traffic_right/model.config
[24.371s] -- Up-to-date symlink: /home/jone/turtlebot3_ws/install/turtlebot3_gazebo/share/turtlebot3_gazebo//models/turtlebot3_autorace_2020/traffic_right/model.sdf
[24.371s] -- Up-to-date symlink: /home/jone/turtlebot3_ws/install/turtlebot3_gazebo/share/turtlebot3_gazebo//models/turtlebot3_autorace_2020/traffic_stop/materials/scripts/traffic_stop.material
[24.371s] -- Up-to-date symlink: /home/jone/turtlebot3_ws/install/turtlebot3_gazebo/share/turtlebot3_gazebo//models/turtlebot3_autorace_2020/traffic_stop/materials/textures/traffic_stop.png
[24.371s] -- Up-to-date symlink: /home/jone/turtlebot3_ws/install/turtlebot3_gazebo/share/turtlebot3_gazebo//models/turtlebot3_autorace_2020/traffic_stop/model.config
[24.372s] -- Up-to-date symlink: /home/jone/turtlebot3_ws/install/turtlebot3_gazebo/share/turtlebot3_gazebo//models/turtlebot3_autorace_2020/traffic_stop/model.sdf
[24.372s] -- Up-to-date symlink: /home/jone/turtlebot3_ws/install/turtlebot3_gazebo/share/turtlebot3_gazebo//models/turtlebot3_autorace_2020/traffic_tunnel/materials/scripts/tunnel.material
[24.372s] -- Up-to-date symlink: /home/jone/turtlebot3_ws/install/turtlebot3_gazebo/share/turtlebot3_gazebo//models/turtlebot3_autorace_2020/traffic_tunnel/materials/textures/tunnel.png
[24.372s] -- Up-to-date symlink: /home/jone/turtlebot3_ws/install/turtlebot3_gazebo/share/turtlebot3_gazebo//models/turtlebot3_autorace_2020/traffic_tunnel/model.config
[24.372s] -- Up-to-date symlink: /home/jone/turtlebot3_ws/install/turtlebot3_gazebo/share/turtlebot3_gazebo//models/turtlebot3_autorace_2020/traffic_tunnel/model.sdf
[24.373s] -- Up-to-date symlink: /home/jone/turtlebot3_ws/install/turtlebot3_gazebo/share/turtlebot3_gazebo//models/turtlebot3_burger/model-1_4.sdf
[24.373s] -- Up-to-date symlink: /home/jone/turtlebot3_ws/install/turtlebot3_gazebo/share/turtlebot3_gazebo//models/turtlebot3_burger/model.config
[24.373s] -- Up-to-date symlink: /home/jone/turtlebot3_ws/install/turtlebot3_gazebo/share/turtlebot3_gazebo//models/turtlebot3_burger/model.sdf
[24.374s] -- Up-to-date symlink: /home/jone/turtlebot3_ws/install/turtlebot3_gazebo/share/turtlebot3_gazebo//models/turtlebot3_burger_cam/model-1_4.sdf
[24.374s] -- Up-to-date symlink: /home/jone/turtlebot3_ws/install/turtlebot3_gazebo/share/turtlebot3_gazebo//models/turtlebot3_burger_cam/model.config
[24.374s] -- Up-to-date symlink: /home/jone/turtlebot3_ws/install/turtlebot3_gazebo/share/turtlebot3_gazebo//models/turtlebot3_burger_cam/model.sdf
[24.374s] -- Up-to-date symlink: /home/jone/turtlebot3_ws/install/turtlebot3_gazebo/share/turtlebot3_gazebo//models/turtlebot3_common/meshes/bases/burger_base.stl
[24.374s] -- Up-to-date symlink: /home/jone/turtlebot3_ws/install/turtlebot3_gazebo/share/turtlebot3_gazebo//models/turtlebot3_common/meshes/bases/waffle_base.stl
[24.374s] -- Up-to-date symlink: /home/jone/turtlebot3_ws/install/turtlebot3_gazebo/share/turtlebot3_gazebo//models/turtlebot3_common/meshes/bases/waffle_pi_base.stl
[24.375s] -- Up-to-date symlink: /home/jone/turtlebot3_ws/install/turtlebot3_gazebo/share/turtlebot3_gazebo//models/turtlebot3_common/meshes/burger_base.dae
[24.375s] -- Up-to-date symlink: /home/jone/turtlebot3_ws/install/turtlebot3_gazebo/share/turtlebot3_gazebo//models/turtlebot3_common/meshes/lds.dae
[24.375s] -- Up-to-date symlink: /home/jone/turtlebot3_ws/install/turtlebot3_gazebo/share/turtlebot3_gazebo//models/turtlebot3_common/meshes/r200.dae
[24.375s] -- Up-to-date symlink: /home/jone/turtlebot3_ws/install/turtlebot3_gazebo/share/turtlebot3_gazebo//models/turtlebot3_common/meshes/sensors/astra.dae
[24.375s] -- Up-to-date symlink: /home/jone/turtlebot3_ws/install/turtlebot3_gazebo/share/turtlebot3_gazebo//models/turtlebot3_common/meshes/sensors/astra.jpg
[24.375s] -- Up-to-date symlink: /home/jone/turtlebot3_ws/install/turtlebot3_gazebo/share/turtlebot3_gazebo//models/turtlebot3_common/meshes/sensors/lds.stl
[24.375s] -- Up-to-date symlink: /home/jone/turtlebot3_ws/install/turtlebot3_gazebo/share/turtlebot3_gazebo//models/turtlebot3_common/meshes/sensors/r200.dae
[24.376s] -- Up-to-date symlink: /home/jone/turtlebot3_ws/install/turtlebot3_gazebo/share/turtlebot3_gazebo//models/turtlebot3_common/meshes/sensors/r200.jpg
[24.376s] -- Up-to-date symlink: /home/jone/turtlebot3_ws/install/turtlebot3_gazebo/share/turtlebot3_gazebo//models/turtlebot3_common/meshes/tire.dae
[24.376s] -- Up-to-date symlink: /home/jone/turtlebot3_ws/install/turtlebot3_gazebo/share/turtlebot3_gazebo//models/turtlebot3_common/meshes/waffle_base.dae
[24.376s] -- Up-to-date symlink: /home/jone/turtlebot3_ws/install/turtlebot3_gazebo/share/turtlebot3_gazebo//models/turtlebot3_common/meshes/waffle_pi_base.dae
[24.376s] -- Up-to-date symlink: /home/jone/turtlebot3_ws/install/turtlebot3_gazebo/share/turtlebot3_gazebo//models/turtlebot3_common/meshes/wheels/left_tire.stl
[24.376s] -- Up-to-date symlink: /home/jone/turtlebot3_ws/install/turtlebot3_gazebo/share/turtlebot3_gazebo//models/turtlebot3_common/meshes/wheels/right_tire.stl
[24.376s] -- Up-to-date symlink: /home/jone/turtlebot3_ws/install/turtlebot3_gazebo/share/turtlebot3_gazebo//models/turtlebot3_common/model.config
[24.377s] -- Up-to-date symlink: /home/jone/turtlebot3_ws/install/turtlebot3_gazebo/share/turtlebot3_gazebo//models/turtlebot3_dqn_world/goal_box/model.config
[24.377s] -- Up-to-date symlink: /home/jone/turtlebot3_ws/install/turtlebot3_gazebo/share/turtlebot3_gazebo//models/turtlebot3_dqn_world/goal_box/model.sdf
[24.377s] -- Up-to-date symlink: /home/jone/turtlebot3_ws/install/turtlebot3_gazebo/share/turtlebot3_gazebo//models/turtlebot3_dqn_world/inner_walls/model.config
[24.377s] -- Up-to-date symlink: /home/jone/turtlebot3_ws/install/turtlebot3_gazebo/share/turtlebot3_gazebo//models/turtlebot3_dqn_world/inner_walls/model.sdf
[24.377s] -- Up-to-date symlink: /home/jone/turtlebot3_ws/install/turtlebot3_gazebo/share/turtlebot3_gazebo//models/turtlebot3_dqn_world/model.config
[24.377s] -- Up-to-date symlink: /home/jone/turtlebot3_ws/install/turtlebot3_gazebo/share/turtlebot3_gazebo//models/turtlebot3_dqn_world/model.sdf
[24.378s] -- Up-to-date symlink: /home/jone/turtlebot3_ws/install/turtlebot3_gazebo/share/turtlebot3_gazebo//models/turtlebot3_dqn_world/obstacle1/model.config
[24.378s] -- Up-to-date symlink: /home/jone/turtlebot3_ws/install/turtlebot3_gazebo/share/turtlebot3_gazebo//models/turtlebot3_dqn_world/obstacle1/model.sdf
[24.378s] -- Up-to-date symlink: /home/jone/turtlebot3_ws/install/turtlebot3_gazebo/share/turtlebot3_gazebo//models/turtlebot3_dqn_world/obstacle2/model.config
[24.378s] -- Up-to-date symlink: /home/jone/turtlebot3_ws/install/turtlebot3_gazebo/share/turtlebot3_gazebo//models/turtlebot3_dqn_world/obstacle2/model.sdf
[24.378s] -- Up-to-date symlink: /home/jone/turtlebot3_ws/install/turtlebot3_gazebo/share/turtlebot3_gazebo//models/turtlebot3_dqn_world/obstacles/model.config
[24.378s] -- Up-to-date symlink: /home/jone/turtlebot3_ws/install/turtlebot3_gazebo/share/turtlebot3_gazebo//models/turtlebot3_dqn_world/obstacles/model.sdf
[24.379s] -- Up-to-date symlink: /home/jone/turtlebot3_ws/install/turtlebot3_gazebo/share/turtlebot3_gazebo//models/turtlebot3_house/model.config
[24.379s] -- Up-to-date symlink: /home/jone/turtlebot3_ws/install/turtlebot3_gazebo/share/turtlebot3_gazebo//models/turtlebot3_house/model.sdf
[24.379s] -- Up-to-date symlink: /home/jone/turtlebot3_ws/install/turtlebot3_gazebo/share/turtlebot3_gazebo//models/turtlebot3_waffle/model-1_4.sdf
[24.379s] -- Up-to-date symlink: /home/jone/turtlebot3_ws/install/turtlebot3_gazebo/share/turtlebot3_gazebo//models/turtlebot3_waffle/model.config
[24.379s] -- Up-to-date symlink: /home/jone/turtlebot3_ws/install/turtlebot3_gazebo/share/turtlebot3_gazebo//models/turtlebot3_waffle/model.sdf
[24.379s] -- Up-to-date symlink: /home/jone/turtlebot3_ws/install/turtlebot3_gazebo/share/turtlebot3_gazebo//models/turtlebot3_waffle_pi/model-1_4_.sdf
[24.379s] -- Up-to-date symlink: /home/jone/turtlebot3_ws/install/turtlebot3_gazebo/share/turtlebot3_gazebo//models/turtlebot3_waffle_pi/model.config
[24.380s] -- Up-to-date symlink: /home/jone/turtlebot3_ws/install/turtlebot3_gazebo/share/turtlebot3_gazebo//models/turtlebot3_waffle_pi/model.sdf
[24.380s] -- Up-to-date symlink: /home/jone/turtlebot3_ws/install/turtlebot3_gazebo/share/turtlebot3_gazebo//models/turtlebot3_world/meshes/hexagon.dae
[24.380s] -- Up-to-date symlink: /home/jone/turtlebot3_ws/install/turtlebot3_gazebo/share/turtlebot3_gazebo//models/turtlebot3_world/meshes/wall.dae
[24.380s] -- Up-to-date symlink: /home/jone/turtlebot3_ws/install/turtlebot3_gazebo/share/turtlebot3_gazebo//models/turtlebot3_world/model-1_4.sdf
[24.380s] -- Up-to-date symlink: /home/jone/turtlebot3_ws/install/turtlebot3_gazebo/share/turtlebot3_gazebo//models/turtlebot3_world/model.config
[24.380s] -- Up-to-date symlink: /home/jone/turtlebot3_ws/install/turtlebot3_gazebo/share/turtlebot3_gazebo//models/turtlebot3_world/model.sdf
[24.381s] -- Up-to-date symlink: /home/jone/turtlebot3_ws/install/turtlebot3_gazebo/share/turtlebot3_gazebo//rviz/tb3_gazebo.rviz
[24.381s] -- Up-to-date symlink: /home/jone/turtlebot3_ws/install/turtlebot3_gazebo/share/turtlebot3_gazebo//urdf/common_properties.urdf
[24.382s] -- Up-to-date symlink: /home/jone/turtlebot3_ws/install/turtlebot3_gazebo/share/turtlebot3_gazebo//urdf/turtlebot3_burger.urdf
[24.382s] -- Up-to-date symlink: /home/jone/turtlebot3_ws/install/turtlebot3_gazebo/share/turtlebot3_gazebo//urdf/turtlebot3_burger_cam.urdf
[24.382s] -- Up-to-date symlink: /home/jone/turtlebot3_ws/install/turtlebot3_gazebo/share/turtlebot3_gazebo//urdf/turtlebot3_waffle.urdf
[24.382s] -- Up-to-date symlink: /home/jone/turtlebot3_ws/install/turtlebot3_gazebo/share/turtlebot3_gazebo//urdf/turtlebot3_waffle_pi.urdf
[24.382s] -- Up-to-date symlink: /home/jone/turtlebot3_ws/install/turtlebot3_gazebo/share/turtlebot3_gazebo//worlds/empty_world.world
[24.382s] -- Symlinking: /home/jone/turtlebot3_ws/install/turtlebot3_gazebo/share/turtlebot3_gazebo//worlds/ex5.world
[24.393s] -- Symlinking: /home/jone/turtlebot3_ws/install/turtlebot3_gazebo/share/turtlebot3_gazebo//worlds/exercise_5.world
[24.402s] -- Up-to-date symlink: /home/jone/turtlebot3_ws/install/turtlebot3_gazebo/share/turtlebot3_gazebo//worlds/turtlebot3_autorace_2020.world
[24.402s] -- Up-to-date symlink: /home/jone/turtlebot3_ws/install/turtlebot3_gazebo/share/turtlebot3_gazebo//worlds/turtlebot3_dqn_stage1.world
[24.403s] -- Up-to-date symlink: /home/jone/turtlebot3_ws/install/turtlebot3_gazebo/share/turtlebot3_gazebo//worlds/turtlebot3_dqn_stage2.world
[24.403s] -- Up-to-date symlink: /home/jone/turtlebot3_ws/install/turtlebot3_gazebo/share/turtlebot3_gazebo//worlds/turtlebot3_dqn_stage3.world
[24.403s] -- Up-to-date symlink: /home/jone/turtlebot3_ws/install/turtlebot3_gazebo/share/turtlebot3_gazebo//worlds/turtlebot3_dqn_stage4.world
[24.403s] -- Up-to-date symlink: /home/jone/turtlebot3_ws/install/turtlebot3_gazebo/share/turtlebot3_gazebo//worlds/turtlebot3_house.world
[24.403s] -- Up-to-date symlink: /home/jone/turtlebot3_ws/install/turtlebot3_gazebo/share/turtlebot3_gazebo//worlds/turtlebot3_world.world
[24.404s] -- Up-to-date symlink: /home/jone/turtlebot3_ws/install/turtlebot3_gazebo/include//turtlebot3_gazebo/obstacle1.hpp
[24.404s] -- Up-to-date symlink: /home/jone/turtlebot3_ws/install/turtlebot3_gazebo/include//turtlebot3_gazebo/obstacle2.hpp
[24.404s] -- Up-to-date symlink: /home/jone/turtlebot3_ws/install/turtlebot3_gazebo/include//turtlebot3_gazebo/obstacles.hpp
[24.404s] -- Up-to-date symlink: /home/jone/turtlebot3_ws/install/turtlebot3_gazebo/include//turtlebot3_gazebo/traffic_bar_plugin.hpp
[24.405s] -- Up-to-date symlink: /home/jone/turtlebot3_ws/install/turtlebot3_gazebo/include//turtlebot3_gazebo/traffic_light_plugin.hpp
[24.405s] -- Up-to-date symlink: /home/jone/turtlebot3_ws/install/turtlebot3_gazebo/include//turtlebot3_gazebo/turtlebot3_drive.hpp
[24.405s] -- Up-to-date symlink: /home/jone/turtlebot3_ws/install/turtlebot3_gazebo/share/ament_index/resource_index/package_run_dependencies/turtlebot3_gazebo
[24.405s] -- Up-to-date symlink: /home/jone/turtlebot3_ws/install/turtlebot3_gazebo/share/ament_index/resource_index/parent_prefix_path/turtlebot3_gazebo
[24.405s] -- Up-to-date symlink: /home/jone/turtlebot3_ws/install/turtlebot3_gazebo/share/turtlebot3_gazebo/environment/ament_prefix_path.sh
[24.406s] -- Up-to-date symlink: /home/jone/turtlebot3_ws/install/turtlebot3_gazebo/share/turtlebot3_gazebo/environment/ament_prefix_path.dsv
[24.406s] -- Up-to-date symlink: /home/jone/turtlebot3_ws/install/turtlebot3_gazebo/share/turtlebot3_gazebo/environment/path.sh
[24.406s] -- Up-to-date symlink: /home/jone/turtlebot3_ws/install/turtlebot3_gazebo/share/turtlebot3_gazebo/environment/path.dsv
[24.406s] -- Up-to-date symlink: /home/jone/turtlebot3_ws/install/turtlebot3_gazebo/share/turtlebot3_gazebo/local_setup.bash
[24.406s] -- Up-to-date symlink: /home/jone/turtlebot3_ws/install/turtlebot3_gazebo/share/turtlebot3_gazebo/local_setup.sh
[24.406s] -- Up-to-date symlink: /home/jone/turtlebot3_ws/install/turtlebot3_gazebo/share/turtlebot3_gazebo/local_setup.zsh
[24.407s] -- Up-to-date symlink: /home/jone/turtlebot3_ws/install/turtlebot3_gazebo/share/turtlebot3_gazebo/local_setup.dsv
[24.407s] -- Symlinking: /home/jone/turtlebot3_ws/install/turtlebot3_gazebo/share/turtlebot3_gazebo/package.dsv
[24.419s] -- Up-to-date symlink: /home/jone/turtlebot3_ws/install/turtlebot3_gazebo/share/ament_index/resource_index/packages/turtlebot3_gazebo
[24.419s] -- Up-to-date symlink: /home/jone/turtlebot3_ws/install/turtlebot3_gazebo/share/turtlebot3_gazebo/cmake/ament_cmake_export_include_directories-extras.cmake
[24.419s] -- Up-to-date symlink: /home/jone/turtlebot3_ws/install/turtlebot3_gazebo/share/turtlebot3_gazebo/cmake/ament_cmake_export_dependencies-extras.cmake
[24.419s] -- Up-to-date symlink: /home/jone/turtlebot3_ws/install/turtlebot3_gazebo/share/turtlebot3_gazebo/cmake/turtlebot3_gazeboConfig.cmake
[24.419s] -- Up-to-date symlink: /home/jone/turtlebot3_ws/install/turtlebot3_gazebo/share/turtlebot3_gazebo/cmake/turtlebot3_gazeboConfig-version.cmake
[24.419s] -- Up-to-date symlink: /home/jone/turtlebot3_ws/install/turtlebot3_gazebo/share/turtlebot3_gazebo/package.xml
[24.422s] Invoked command in '/home/jone/turtlebot3_ws/build/turtlebot3_gazebo' returned '0': CMAKE_PREFIX_PATH=${CMAKE_PREFIX_PATH}:/home/jone/turtlebot3_ws/install/turtlebot3_teleop:/home/jone/turtlebot3_ws/install/turtlebot3_example:/opt/ros/humble /usr/bin/cmake --install /home/jone/turtlebot3_ws/build/turtlebot3_gazebo
