[0.007s] Invoking command in '/home/jone/ws_moveit/build/moveit_common': CMAKE_PREFIX_PATH=/opt/ros/humble /usr/bin/cmake /home/jone/ws_moveit/src/moveit2/moveit_common -DCMAKE_BUILD_PARALLEL_LEVEL=1 -DCMAKE_INSTALL_PREFIX=/home/jone/ws_moveit/install/moveit_common
[0.035s] -- Found ament_cmake: 1.3.12 (/opt/ros/humble/share/ament_cmake/cmake)
[0.150s] -- Found ament_lint_auto: 0.12.14 (/opt/ros/humble/share/ament_lint_auto/cmake)
[0.206s] -- Added test 'copyright' to check source files copyright and LICENSE
[0.208s] -- Added test 'lint_cmake' to check CMake code style
[0.209s] -- Added test 'xmllint' to check XML markup files
[0.211s] -- Configuring done
[0.215s] -- Generating done
[0.216s] [33mCMake Warning:
[0.216s]   Manually-specified variables were not used by the project:
[0.216s] 
[0.216s]     CMAKE_BUILD_PARALLEL_LEVEL
[0.216s] 
[0.216s] [0m
[0.217s] -- Build files have been written to: /home/jone/ws_moveit/build/moveit_common
[0.220s] Invoked command in '/home/jone/ws_moveit/build/moveit_common' returned '0': CMAKE_PREFIX_PATH=/opt/ros/humble /usr/bin/cmake /home/jone/ws_moveit/src/moveit2/moveit_common -DCMAKE_BUILD_PARALLEL_LEVEL=1 -DCMAKE_INSTALL_PREFIX=/home/jone/ws_moveit/install/moveit_common
[0.221s] Invoking command in '/home/jone/ws_moveit/build/moveit_common': CMAKE_PREFIX_PATH=/opt/ros/humble /usr/bin/cmake --build /home/jone/ws_moveit/build/moveit_common -- -j16 -l16
[0.256s] Invoked command in '/home/jone/ws_moveit/build/moveit_common' returned '0': CMAKE_PREFIX_PATH=/opt/ros/humble /usr/bin/cmake --build /home/jone/ws_moveit/build/moveit_common -- -j16 -l16
[0.265s] Invoking command in '/home/jone/ws_moveit/build/moveit_common': CMAKE_PREFIX_PATH=/opt/ros/humble /usr/bin/cmake --install /home/jone/ws_moveit/build/moveit_common
[0.271s] -- Install configuration: "Release"
[0.272s] -- Up-to-date: /home/jone/ws_moveit/install/moveit_common/share/ament_index/resource_index/package_run_dependencies/moveit_common
[0.272s] -- Up-to-date: /home/jone/ws_moveit/install/moveit_common/share/ament_index/resource_index/parent_prefix_path/moveit_common
[0.272s] -- Up-to-date: /home/jone/ws_moveit/install/moveit_common/share/moveit_common/environment/ament_prefix_path.sh
[0.272s] -- Installing: /home/jone/ws_moveit/install/moveit_common/share/moveit_common/environment/ament_prefix_path.dsv
[0.272s] -- Up-to-date: /home/jone/ws_moveit/install/moveit_common/share/moveit_common/environment/path.sh
[0.272s] -- Installing: /home/jone/ws_moveit/install/moveit_common/share/moveit_common/environment/path.dsv
[0.272s] -- Up-to-date: /home/jone/ws_moveit/install/moveit_common/share/moveit_common/local_setup.bash
[0.272s] -- Up-to-date: /home/jone/ws_moveit/install/moveit_common/share/moveit_common/local_setup.sh
[0.273s] -- Up-to-date: /home/jone/ws_moveit/install/moveit_common/share/moveit_common/local_setup.zsh
[0.273s] -- Installing: /home/jone/ws_moveit/install/moveit_common/share/moveit_common/local_setup.dsv
[0.273s] -- Installing: /home/jone/ws_moveit/install/moveit_common/share/moveit_common/package.dsv
[0.273s] -- Up-to-date: /home/jone/ws_moveit/install/moveit_common/share/ament_index/resource_index/packages/moveit_common
[0.273s] -- Up-to-date: /home/jone/ws_moveit/install/moveit_common/share/moveit_common/cmake/moveit_common-extras.cmake
[0.273s] -- Up-to-date: /home/jone/ws_moveit/install/moveit_common/share/moveit_common/cmake/moveit_commonConfig.cmake
[0.273s] -- Up-to-date: /home/jone/ws_moveit/install/moveit_common/share/moveit_common/cmake/moveit_commonConfig-version.cmake
[0.273s] -- Up-to-date: /home/jone/ws_moveit/install/moveit_common/share/moveit_common/package.xml
[0.273s] -- Up-to-date: /home/jone/ws_moveit/install/moveit_common/share/moveit_common/cmake
[0.273s] -- Up-to-date: /home/jone/ws_moveit/install/moveit_common/share/moveit_common/cmake/moveit_package.cmake
[0.274s] Invoked command in '/home/jone/ws_moveit/build/moveit_common' returned '0': CMAKE_PREFIX_PATH=/opt/ros/humble /usr/bin/cmake --install /home/jone/ws_moveit/build/moveit_common
