[0.035s] Invoking command in '/home/jone/turtlebot3_ws/build/turtlebot3_node': CMAKE_PREFIX_PATH=/home/jone/turtlebot3_ws/install/turtlebot3_msgs:/home/jone/turtlebot3_ws/install/dynamixel_sdk:/home/jone/turtlebot3_ws/install/turtlebot3:/home/jone/turtlebot3_ws/install/turtlebot3_simulations:/home/jone/turtlebot3_ws/install/turtlebot3_bringup:/home/jone/turtlebot3_ws/install/turtlebot3_node:/home/jone/turtlebot3_ws/install/turtlebot3_navigation2:/home/jone/turtlebot3_ws/install/turtlebot3_fake_node:/home/jone/turtlebot3_ws/install/turtlebot3_manipulation_gazebo:/home/jone/turtlebot3_ws/install/turtlebot3_gazebo:/home/jone/turtlebot3_ws/install/turtlebot3_description:/home/jone/turtlebot3_ws/install/turtlebot3_cartographer:/home/jone/turtlebot3_ws/install/dynamixel_sdk_examples:/home/jone/turtlebot3_ws/install/dynamixel_sdk_custom_interfaces:/home/jone/turtlebot3_ws/install/turtlebot3_teleop:/home/jone/turtlebot3_ws/install/turtlebot3_example:/opt/ros/humble LD_LIBRARY_PATH=/home/jone/turtlebot3_ws/install/turtlebot3_msgs/lib:/home/jone/turtlebot3_ws/install/dynamixel_sdk/lib:/home/jone/turtlebot3_ws/install/dynamixel_sdk_custom_interfaces/lib:/usr/lib/x86_64-linux-gnu/gazebo-11/plugins:/opt/ros/humble/opt/rviz_ogre_vendor/lib:/opt/ros/humble/lib/x86_64-linux-gnu:/opt/ros/humble/lib:/usr/lib/x86_64-linux-gnu/gazebo-11/plugins /usr/bin/cmake --build /home/jone/turtlebot3_ws/build/turtlebot3_node -- -j16 -l16
[0.388s] -- Found ament_cmake: 1.3.12 (/opt/ros/humble/share/ament_cmake/cmake)
[0.388s] -- Override CMake install command with custom implementation using symlinks instead of copying resources
[0.389s] -- Found dynamixel_sdk: 3.8.4 (/home/jone/turtlebot3_ws/install/dynamixel_sdk/share/dynamixel_sdk/cmake)
[0.389s] -- Found geometry_msgs: 4.9.0 (/opt/ros/humble/share/geometry_msgs/cmake)
[0.389s] -- Found rosidl_generator_c: 3.1.7 (/opt/ros/humble/share/rosidl_generator_c/cmake)
[0.389s] -- Found rosidl_adapter: 3.1.7 (/opt/ros/humble/share/rosidl_adapter/cmake)
[0.397s] -- Found rosidl_generator_cpp: 3.1.7 (/opt/ros/humble/share/rosidl_generator_cpp/cmake)
[0.416s] -- Using all available rosidl_typesupport_c: rosidl_typesupport_fastrtps_c;rosidl_typesupport_introspection_c
[0.440s] -- Using all available rosidl_typesupport_cpp: rosidl_typesupport_fastrtps_cpp;rosidl_typesupport_introspection_cpp
[0.510s] -- Found message_filters: 4.3.11 (/opt/ros/humble/share/message_filters/cmake)
[0.562s] -- Found rmw_implementation_cmake: 6.1.2 (/opt/ros/humble/share/rmw_implementation_cmake/cmake)
[0.565s] -- Found rmw_fastrtps_cpp: 6.2.9 (/opt/ros/humble/share/rmw_fastrtps_cpp/cmake)
[0.779s] -- Using RMW implementation 'rmw_fastrtps_cpp' as default
[0.850s] -- Found nav_msgs: 4.9.0 (/opt/ros/humble/share/nav_msgs/cmake)
[0.881s] -- Found sensor_msgs: 4.9.0 (/opt/ros/humble/share/sensor_msgs/cmake)
[0.913s] -- Found std_srvs: 4.9.0 (/opt/ros/humble/share/std_srvs/cmake)
[0.933s] -- Found tf2: 0.25.16 (/opt/ros/humble/share/tf2/cmake)
[0.941s] -- Found tf2_ros: 0.25.16 (/opt/ros/humble/share/tf2_ros/cmake)
[1.090s] -- Found turtlebot3_msgs: 2.4.0 (/home/jone/turtlebot3_ws/install/turtlebot3_msgs/share/turtlebot3_msgs/cmake)
[1.260s] -- Configuring done
[1.299s] -- Generating done
[1.310s] -- Build files have been written to: /home/jone/turtlebot3_ws/build/turtlebot3_node
[1.381s] [35m[1mConsolidate compiler generated dependencies of target turtlebot3_node_lib[0m
[1.453s] [ 14%] [32mBuilding CXX object CMakeFiles/turtlebot3_node_lib.dir/src/devices/motor_power.cpp.o[0m
[1.453s] [ 14%] [32mBuilding CXX object CMakeFiles/turtlebot3_node_lib.dir/src/devices/sound.cpp.o[0m
[1.453s] [ 21%] [32mBuilding CXX object CMakeFiles/turtlebot3_node_lib.dir/src/devices/reset.cpp.o[0m
[1.456s] [ 35%] [32mBuilding CXX object CMakeFiles/turtlebot3_node_lib.dir/src/diff_drive_controller.cpp.o[0m
[1.456s] [ 35%] [32mBuilding CXX object CMakeFiles/turtlebot3_node_lib.dir/src/dynamixel_sdk_wrapper.cpp.o[0m
[1.457s] [ 42%] [32mBuilding CXX object CMakeFiles/turtlebot3_node_lib.dir/src/odometry.cpp.o[0m
[1.469s] [ 50%] [32mBuilding CXX object CMakeFiles/turtlebot3_node_lib.dir/src/turtlebot3.cpp.o[0m
[1.472s] [ 57%] [32mBuilding CXX object CMakeFiles/turtlebot3_node_lib.dir/src/sensors/battery_state.cpp.o[0m
[1.474s] [ 64%] [32mBuilding CXX object CMakeFiles/turtlebot3_node_lib.dir/src/sensors/imu.cpp.o[0m
[1.497s] [ 71%] [32mBuilding CXX object CMakeFiles/turtlebot3_node_lib.dir/src/sensors/joint_state.cpp.o[0m
[1.512s] [ 78%] [32mBuilding CXX object CMakeFiles/turtlebot3_node_lib.dir/src/sensors/sensor_state.cpp.o[0m
[20.053s] [ 85%] [32m[1mLinking CXX static library libturtlebot3_node_lib.a[0m
[20.558s] [ 85%] Built target turtlebot3_node_lib
[20.569s] [35m[1mConsolidate compiler generated dependencies of target turtlebot3_ros[0m
[20.585s] [ 92%] [32mBuilding CXX object CMakeFiles/turtlebot3_ros.dir/src/node_main.cpp.o[0m
[23.311s] [100%] [32m[1mLinking CXX executable turtlebot3_ros[0m
[24.557s] [100%] Built target turtlebot3_ros
[24.569s] Invoked command in '/home/jone/turtlebot3_ws/build/turtlebot3_node' returned '0': CMAKE_PREFIX_PATH=/home/jone/turtlebot3_ws/install/turtlebot3_msgs:/home/jone/turtlebot3_ws/install/dynamixel_sdk:/home/jone/turtlebot3_ws/install/turtlebot3:/home/jone/turtlebot3_ws/install/turtlebot3_simulations:/home/jone/turtlebot3_ws/install/turtlebot3_bringup:/home/jone/turtlebot3_ws/install/turtlebot3_node:/home/jone/turtlebot3_ws/install/turtlebot3_navigation2:/home/jone/turtlebot3_ws/install/turtlebot3_fake_node:/home/jone/turtlebot3_ws/install/turtlebot3_manipulation_gazebo:/home/jone/turtlebot3_ws/install/turtlebot3_gazebo:/home/jone/turtlebot3_ws/install/turtlebot3_description:/home/jone/turtlebot3_ws/install/turtlebot3_cartographer:/home/jone/turtlebot3_ws/install/dynamixel_sdk_examples:/home/jone/turtlebot3_ws/install/dynamixel_sdk_custom_interfaces:/home/jone/turtlebot3_ws/install/turtlebot3_teleop:/home/jone/turtlebot3_ws/install/turtlebot3_example:/opt/ros/humble LD_LIBRARY_PATH=/home/jone/turtlebot3_ws/install/turtlebot3_msgs/lib:/home/jone/turtlebot3_ws/install/dynamixel_sdk/lib:/home/jone/turtlebot3_ws/install/dynamixel_sdk_custom_interfaces/lib:/usr/lib/x86_64-linux-gnu/gazebo-11/plugins:/opt/ros/humble/opt/rviz_ogre_vendor/lib:/opt/ros/humble/lib/x86_64-linux-gnu:/opt/ros/humble/lib:/usr/lib/x86_64-linux-gnu/gazebo-11/plugins /usr/bin/cmake --build /home/jone/turtlebot3_ws/build/turtlebot3_node -- -j16 -l16
[24.571s] Invoking command in '/home/jone/turtlebot3_ws/build/turtlebot3_node': CMAKE_PREFIX_PATH=/home/jone/turtlebot3_ws/install/turtlebot3_msgs:/home/jone/turtlebot3_ws/install/dynamixel_sdk:/home/jone/turtlebot3_ws/install/turtlebot3:/home/jone/turtlebot3_ws/install/turtlebot3_simulations:/home/jone/turtlebot3_ws/install/turtlebot3_bringup:/home/jone/turtlebot3_ws/install/turtlebot3_node:/home/jone/turtlebot3_ws/install/turtlebot3_navigation2:/home/jone/turtlebot3_ws/install/turtlebot3_fake_node:/home/jone/turtlebot3_ws/install/turtlebot3_manipulation_gazebo:/home/jone/turtlebot3_ws/install/turtlebot3_gazebo:/home/jone/turtlebot3_ws/install/turtlebot3_description:/home/jone/turtlebot3_ws/install/turtlebot3_cartographer:/home/jone/turtlebot3_ws/install/dynamixel_sdk_examples:/home/jone/turtlebot3_ws/install/dynamixel_sdk_custom_interfaces:/home/jone/turtlebot3_ws/install/turtlebot3_teleop:/home/jone/turtlebot3_ws/install/turtlebot3_example:/opt/ros/humble LD_LIBRARY_PATH=/home/jone/turtlebot3_ws/install/turtlebot3_msgs/lib:/home/jone/turtlebot3_ws/install/dynamixel_sdk/lib:/home/jone/turtlebot3_ws/install/dynamixel_sdk_custom_interfaces/lib:/usr/lib/x86_64-linux-gnu/gazebo-11/plugins:/opt/ros/humble/opt/rviz_ogre_vendor/lib:/opt/ros/humble/lib/x86_64-linux-gnu:/opt/ros/humble/lib:/usr/lib/x86_64-linux-gnu/gazebo-11/plugins /usr/bin/cmake --install /home/jone/turtlebot3_ws/build/turtlebot3_node
[24.577s] -- Install configuration: ""
[24.577s] -- Execute custom install script
[24.578s] -- Up-to-date symlink: /home/jone/turtlebot3_ws/install/turtlebot3_node/share/turtlebot3_node/param/burger.yaml
[24.579s] -- Up-to-date symlink: /home/jone/turtlebot3_ws/install/turtlebot3_node/share/turtlebot3_node/param/waffle.yaml
[24.579s] -- Up-to-date symlink: /home/jone/turtlebot3_ws/install/turtlebot3_node/share/turtlebot3_node/param/waffle_pi.yaml
[24.580s] -- Up-to-date symlink: /home/jone/turtlebot3_ws/install/turtlebot3_node/lib/turtlebot3_node/turtlebot3_ros
[24.580s] -- Up-to-date symlink: /home/jone/turtlebot3_ws/install/turtlebot3_node/share/ament_index/resource_index/package_run_dependencies/turtlebot3_node
[24.580s] -- Up-to-date symlink: /home/jone/turtlebot3_ws/install/turtlebot3_node/share/ament_index/resource_index/parent_prefix_path/turtlebot3_node
[24.580s] -- Up-to-date symlink: /home/jone/turtlebot3_ws/install/turtlebot3_node/share/turtlebot3_node/environment/ament_prefix_path.sh
[24.580s] -- Up-to-date symlink: /home/jone/turtlebot3_ws/install/turtlebot3_node/share/turtlebot3_node/environment/ament_prefix_path.dsv
[24.581s] -- Up-to-date symlink: /home/jone/turtlebot3_ws/install/turtlebot3_node/share/turtlebot3_node/environment/path.sh
[24.581s] -- Up-to-date symlink: /home/jone/turtlebot3_ws/install/turtlebot3_node/share/turtlebot3_node/environment/path.dsv
[24.581s] -- Up-to-date symlink: /home/jone/turtlebot3_ws/install/turtlebot3_node/share/turtlebot3_node/local_setup.bash
[24.582s] -- Up-to-date symlink: /home/jone/turtlebot3_ws/install/turtlebot3_node/share/turtlebot3_node/local_setup.sh
[24.582s] -- Up-to-date symlink: /home/jone/turtlebot3_ws/install/turtlebot3_node/share/turtlebot3_node/local_setup.zsh
[24.582s] -- Up-to-date symlink: /home/jone/turtlebot3_ws/install/turtlebot3_node/share/turtlebot3_node/local_setup.dsv
[24.582s] -- Symlinking: /home/jone/turtlebot3_ws/install/turtlebot3_node/share/turtlebot3_node/package.dsv
[24.590s] -- Up-to-date symlink: /home/jone/turtlebot3_ws/install/turtlebot3_node/share/ament_index/resource_index/packages/turtlebot3_node
[24.590s] -- Up-to-date symlink: /home/jone/turtlebot3_ws/install/turtlebot3_node/share/turtlebot3_node/cmake/ament_cmake_export_dependencies-extras.cmake
[24.590s] -- Up-to-date symlink: /home/jone/turtlebot3_ws/install/turtlebot3_node/share/turtlebot3_node/cmake/ament_cmake_export_include_directories-extras.cmake
[24.590s] -- Up-to-date symlink: /home/jone/turtlebot3_ws/install/turtlebot3_node/share/turtlebot3_node/cmake/turtlebot3_nodeConfig.cmake
[24.591s] -- Up-to-date symlink: /home/jone/turtlebot3_ws/install/turtlebot3_node/share/turtlebot3_node/cmake/turtlebot3_nodeConfig-version.cmake
[24.591s] -- Up-to-date symlink: /home/jone/turtlebot3_ws/install/turtlebot3_node/share/turtlebot3_node/package.xml
[24.593s] Invoked command in '/home/jone/turtlebot3_ws/build/turtlebot3_node' returned '0': CMAKE_PREFIX_PATH=/home/jone/turtlebot3_ws/install/turtlebot3_msgs:/home/jone/turtlebot3_ws/install/dynamixel_sdk:/home/jone/turtlebot3_ws/install/turtlebot3:/home/jone/turtlebot3_ws/install/turtlebot3_simulations:/home/jone/turtlebot3_ws/install/turtlebot3_bringup:/home/jone/turtlebot3_ws/install/turtlebot3_node:/home/jone/turtlebot3_ws/install/turtlebot3_navigation2:/home/jone/turtlebot3_ws/install/turtlebot3_fake_node:/home/jone/turtlebot3_ws/install/turtlebot3_manipulation_gazebo:/home/jone/turtlebot3_ws/install/turtlebot3_gazebo:/home/jone/turtlebot3_ws/install/turtlebot3_description:/home/jone/turtlebot3_ws/install/turtlebot3_cartographer:/home/jone/turtlebot3_ws/install/dynamixel_sdk_examples:/home/jone/turtlebot3_ws/install/dynamixel_sdk_custom_interfaces:/home/jone/turtlebot3_ws/install/turtlebot3_teleop:/home/jone/turtlebot3_ws/install/turtlebot3_example:/opt/ros/humble LD_LIBRARY_PATH=/home/jone/turtlebot3_ws/install/turtlebot3_msgs/lib:/home/jone/turtlebot3_ws/install/dynamixel_sdk/lib:/home/jone/turtlebot3_ws/install/dynamixel_sdk_custom_interfaces/lib:/usr/lib/x86_64-linux-gnu/gazebo-11/plugins:/opt/ros/humble/opt/rviz_ogre_vendor/lib:/opt/ros/humble/lib/x86_64-linux-gnu:/opt/ros/humble/lib:/usr/lib/x86_64-linux-gnu/gazebo-11/plugins /usr/bin/cmake --install /home/jone/turtlebot3_ws/build/turtlebot3_node
