[0.016s] Invoking command in '/home/jone/ws_moveit/build/moveit_visual_tools': AMENT_PREFIX_PATH=/home/jone/ws_moveit/install/moveit_ros_planning:/home/jone/ws_moveit/install/moveit_ros_occupancy_map_monitor:/home/jone/ws_moveit/install/moveit_core:/home/jone/ws_moveit/install/moveit_resources_panda_moveit_config:/home/jone/ws_moveit/install/moveit_configs_utils:/home/jone/ws_moveit/install/srdfdom:/home/jone/ws_moveit/install/moveit_resources_pr2_description:/home/jone/ws_moveit/install/moveit_resources_panda_description:/home/jone/ws_moveit/install/moveit_common:/home/jone/ws_moveit/install/launch_param_builder CMAKE_PREFIX_PATH=/home/jone/ws_moveit/install/moveit_ros_planning:/home/jone/ws_moveit/install/moveit_ros_occupancy_map_monitor:/home/jone/ws_moveit/install/moveit_core:/home/jone/ws_moveit/install/moveit_resources_panda_moveit_config:/home/jone/ws_moveit/install/srdfdom:/home/jone/ws_moveit/install/moveit_resources_pr2_description:/home/jone/ws_moveit/install/moveit_resources_panda_description:/home/jone/ws_moveit/install/moveit_common LD_LIBRARY_PATH=/home/jone/ws_moveit/install/moveit_ros_planning/lib:/home/jone/ws_moveit/install/moveit_ros_occupancy_map_monitor/lib:/home/jone/ws_moveit/install/moveit_core/lib:/home/jone/ws_moveit/install/srdfdom/lib:/usr/lib/x86_64-linux-gnu/gazebo-11/plugins:/usr/lib/x86_64-linux-gnu/gazebo-11/plugins:/usr/lib/x86_64-linux-gnu/gazebo-11/plugins PATH=/home/jone/ws_moveit/install/moveit_core/bin:${PATH} PYTHONPATH=/home/jone/ws_moveit/install/moveit_configs_utils/lib/python3.10/site-packages:/home/jone/ws_moveit/install/srdfdom/local/lib/python3.10/dist-packages:/home/jone/ws_moveit/install/launch_param_builder/lib/python3.10/site-packages /usr/bin/cmake --build /home/jone/ws_moveit/build/moveit_visual_tools -- -j16 -l16
[0.081s] [ 16%] [32mBuilding CXX object CMakeFiles/moveit_visual_tools.dir/src/moveit_visual_tools.cpp.o[0m
[0.081s] [ 33%] [32mBuilding CXX object CMakeFiles/moveit_visual_tools.dir/src/imarker_robot_state.cpp.o[0m
[0.081s] [ 50%] [32mBuilding CXX object CMakeFiles/moveit_visual_tools.dir/src/imarker_end_effector.cpp.o[0m
[14.064s] [ 66%] [32m[1mLinking CXX shared library libmoveit_visual_tools.so[0m
[14.383s] [ 66%] Built target moveit_visual_tools
[14.403s] [ 83%] [32mBuilding CXX object CMakeFiles/moveit_visual_tools_demo.dir/src/moveit_visual_tools_demo.cpp.o[0m
[22.757s] [100%] [32m[1mLinking CXX executable moveit_visual_tools_demo[0m
[23.038s] [100%] Built target moveit_visual_tools_demo
[23.048s] Invoked command in '/home/jone/ws_moveit/build/moveit_visual_tools' returned '0': AMENT_PREFIX_PATH=/home/jone/ws_moveit/install/moveit_ros_planning:/home/jone/ws_moveit/install/moveit_ros_occupancy_map_monitor:/home/jone/ws_moveit/install/moveit_core:/home/jone/ws_moveit/install/moveit_resources_panda_moveit_config:/home/jone/ws_moveit/install/moveit_configs_utils:/home/jone/ws_moveit/install/srdfdom:/home/jone/ws_moveit/install/moveit_resources_pr2_description:/home/jone/ws_moveit/install/moveit_resources_panda_description:/home/jone/ws_moveit/install/moveit_common:/home/jone/ws_moveit/install/launch_param_builder CMAKE_PREFIX_PATH=/home/jone/ws_moveit/install/moveit_ros_planning:/home/jone/ws_moveit/install/moveit_ros_occupancy_map_monitor:/home/jone/ws_moveit/install/moveit_core:/home/jone/ws_moveit/install/moveit_resources_panda_moveit_config:/home/jone/ws_moveit/install/srdfdom:/home/jone/ws_moveit/install/moveit_resources_pr2_description:/home/jone/ws_moveit/install/moveit_resources_panda_description:/home/jone/ws_moveit/install/moveit_common LD_LIBRARY_PATH=/home/jone/ws_moveit/install/moveit_ros_planning/lib:/home/jone/ws_moveit/install/moveit_ros_occupancy_map_monitor/lib:/home/jone/ws_moveit/install/moveit_core/lib:/home/jone/ws_moveit/install/srdfdom/lib:/usr/lib/x86_64-linux-gnu/gazebo-11/plugins:/usr/lib/x86_64-linux-gnu/gazebo-11/plugins:/usr/lib/x86_64-linux-gnu/gazebo-11/plugins PATH=/home/jone/ws_moveit/install/moveit_core/bin:${PATH} PYTHONPATH=/home/jone/ws_moveit/install/moveit_configs_utils/lib/python3.10/site-packages:/home/jone/ws_moveit/install/srdfdom/local/lib/python3.10/dist-packages:/home/jone/ws_moveit/install/launch_param_builder/lib/python3.10/site-packages /usr/bin/cmake --build /home/jone/ws_moveit/build/moveit_visual_tools -- -j16 -l16
[23.050s] Invoking command in '/home/jone/ws_moveit/build/moveit_visual_tools': AMENT_PREFIX_PATH=/home/jone/ws_moveit/install/moveit_ros_planning:/home/jone/ws_moveit/install/moveit_ros_occupancy_map_monitor:/home/jone/ws_moveit/install/moveit_core:/home/jone/ws_moveit/install/moveit_resources_panda_moveit_config:/home/jone/ws_moveit/install/moveit_configs_utils:/home/jone/ws_moveit/install/srdfdom:/home/jone/ws_moveit/install/moveit_resources_pr2_description:/home/jone/ws_moveit/install/moveit_resources_panda_description:/home/jone/ws_moveit/install/moveit_common:/home/jone/ws_moveit/install/launch_param_builder CMAKE_PREFIX_PATH=/home/jone/ws_moveit/install/moveit_ros_planning:/home/jone/ws_moveit/install/moveit_ros_occupancy_map_monitor:/home/jone/ws_moveit/install/moveit_core:/home/jone/ws_moveit/install/moveit_resources_panda_moveit_config:/home/jone/ws_moveit/install/srdfdom:/home/jone/ws_moveit/install/moveit_resources_pr2_description:/home/jone/ws_moveit/install/moveit_resources_panda_description:/home/jone/ws_moveit/install/moveit_common LD_LIBRARY_PATH=/home/jone/ws_moveit/install/moveit_ros_planning/lib:/home/jone/ws_moveit/install/moveit_ros_occupancy_map_monitor/lib:/home/jone/ws_moveit/install/moveit_core/lib:/home/jone/ws_moveit/install/srdfdom/lib:/usr/lib/x86_64-linux-gnu/gazebo-11/plugins:/usr/lib/x86_64-linux-gnu/gazebo-11/plugins:/usr/lib/x86_64-linux-gnu/gazebo-11/plugins PATH=/home/jone/ws_moveit/install/moveit_core/bin:${PATH} PYTHONPATH=/home/jone/ws_moveit/install/moveit_configs_utils/lib/python3.10/site-packages:/home/jone/ws_moveit/install/srdfdom/local/lib/python3.10/dist-packages:/home/jone/ws_moveit/install/launch_param_builder/lib/python3.10/site-packages /usr/bin/cmake --install /home/jone/ws_moveit/build/moveit_visual_tools
[23.056s] -- Install configuration: "Release"
[23.057s] -- Installing: /home/jone/ws_moveit/install/moveit_visual_tools/share/moveit_visual_tools/environment/library_path.sh
[23.057s] -- Installing: /home/jone/ws_moveit/install/moveit_visual_tools/share/moveit_visual_tools/environment/library_path.dsv
[23.057s] -- Installing: /home/jone/ws_moveit/install/moveit_visual_tools/lib/libmoveit_visual_tools.so
[23.058s] -- Set runtime path of "/home/jone/ws_moveit/install/moveit_visual_tools/lib/libmoveit_visual_tools.so" to ""
[23.058s] -- Installing: /home/jone/ws_moveit/install/moveit_visual_tools/lib/moveit_visual_tools/moveit_visual_tools_demo
[23.059s] -- Set runtime path of "/home/jone/ws_moveit/install/moveit_visual_tools/lib/moveit_visual_tools/moveit_visual_tools_demo" to ""
[23.059s] -- Installing: /home/jone/ws_moveit/install/moveit_visual_tools/include
[23.059s] -- Installing: /home/jone/ws_moveit/install/moveit_visual_tools/include/moveit_visual_tools
[23.059s] -- Installing: /home/jone/ws_moveit/install/moveit_visual_tools/include/moveit_visual_tools/imarker_end_effector.h
[23.059s] -- Installing: /home/jone/ws_moveit/install/moveit_visual_tools/include/moveit_visual_tools/imarker_robot_state.h
[23.059s] -- Installing: /home/jone/ws_moveit/install/moveit_visual_tools/include/moveit_visual_tools/moveit_visual_tools.h
[23.059s] -- Installing: /home/jone/ws_moveit/install/moveit_visual_tools/share/moveit_visual_tools/launch
[23.059s] -- Installing: /home/jone/ws_moveit/install/moveit_visual_tools/share/moveit_visual_tools/launch/demo.rviz
[23.060s] -- Installing: /home/jone/ws_moveit/install/moveit_visual_tools/share/moveit_visual_tools/launch/demo_rviz.launch.py
[23.060s] -- Installing: /home/jone/ws_moveit/install/moveit_visual_tools/share/moveit_visual_tools/resources
[23.060s] -- Installing: /home/jone/ws_moveit/install/moveit_visual_tools/share/moveit_visual_tools/resources/screenshot.png
[23.060s] -- Installing: /home/jone/ws_moveit/install/moveit_visual_tools/share/moveit_visual_tools/resources/rrbot.urdf
[23.060s] -- Installing: /home/jone/ws_moveit/install/moveit_visual_tools/share/moveit_visual_tools/resources/demo.png
[23.061s] -- Installing: /home/jone/ws_moveit/install/moveit_visual_tools/share/moveit_visual_tools/resources/rrbot.srdf
[23.061s] -- Installing: /home/jone/ws_moveit/install/moveit_visual_tools/share/moveit_visual_tools/resources/demo_mesh.stl
[23.061s] -- Installing: /home/jone/ws_moveit/install/moveit_visual_tools/share/ament_index/resource_index/package_run_dependencies/moveit_visual_tools
[23.062s] -- Installing: /home/jone/ws_moveit/install/moveit_visual_tools/share/ament_index/resource_index/parent_prefix_path/moveit_visual_tools
[23.062s] -- Installing: /home/jone/ws_moveit/install/moveit_visual_tools/share/moveit_visual_tools/environment/ament_prefix_path.sh
[23.062s] -- Installing: /home/jone/ws_moveit/install/moveit_visual_tools/share/moveit_visual_tools/environment/ament_prefix_path.dsv
[23.062s] -- Installing: /home/jone/ws_moveit/install/moveit_visual_tools/share/moveit_visual_tools/environment/path.sh
[23.062s] -- Installing: /home/jone/ws_moveit/install/moveit_visual_tools/share/moveit_visual_tools/environment/path.dsv
[23.062s] -- Installing: /home/jone/ws_moveit/install/moveit_visual_tools/share/moveit_visual_tools/local_setup.bash
[23.063s] -- Installing: /home/jone/ws_moveit/install/moveit_visual_tools/share/moveit_visual_tools/local_setup.sh
[23.063s] -- Installing: /home/jone/ws_moveit/install/moveit_visual_tools/share/moveit_visual_tools/local_setup.zsh
[23.063s] -- Installing: /home/jone/ws_moveit/install/moveit_visual_tools/share/moveit_visual_tools/local_setup.dsv
[23.063s] -- Installing: /home/jone/ws_moveit/install/moveit_visual_tools/share/moveit_visual_tools/package.dsv
[23.064s] -- Installing: /home/jone/ws_moveit/install/moveit_visual_tools/share/ament_index/resource_index/packages/moveit_visual_tools
[23.064s] -- Installing: /home/jone/ws_moveit/install/moveit_visual_tools/share/moveit_visual_tools/cmake/export_moveit_visual_toolsExport.cmake
[23.064s] -- Installing: /home/jone/ws_moveit/install/moveit_visual_tools/share/moveit_visual_tools/cmake/export_moveit_visual_toolsExport-release.cmake
[23.065s] -- Installing: /home/jone/ws_moveit/install/moveit_visual_tools/share/moveit_visual_tools/cmake/ament_cmake_export_targets-extras.cmake
[23.065s] -- Installing: /home/jone/ws_moveit/install/moveit_visual_tools/share/moveit_visual_tools/cmake/ament_cmake_export_dependencies-extras.cmake
[23.065s] -- Installing: /home/jone/ws_moveit/install/moveit_visual_tools/share/moveit_visual_tools/cmake/moveit_visual_toolsConfig.cmake
[23.065s] -- Installing: /home/jone/ws_moveit/install/moveit_visual_tools/share/moveit_visual_tools/cmake/moveit_visual_toolsConfig-version.cmake
[23.065s] -- Installing: /home/jone/ws_moveit/install/moveit_visual_tools/share/moveit_visual_tools/package.xml
[23.067s] Invoked command in '/home/jone/ws_moveit/build/moveit_visual_tools' returned '0': AMENT_PREFIX_PATH=/home/jone/ws_moveit/install/moveit_ros_planning:/home/jone/ws_moveit/install/moveit_ros_occupancy_map_monitor:/home/jone/ws_moveit/install/moveit_core:/home/jone/ws_moveit/install/moveit_resources_panda_moveit_config:/home/jone/ws_moveit/install/moveit_configs_utils:/home/jone/ws_moveit/install/srdfdom:/home/jone/ws_moveit/install/moveit_resources_pr2_description:/home/jone/ws_moveit/install/moveit_resources_panda_description:/home/jone/ws_moveit/install/moveit_common:/home/jone/ws_moveit/install/launch_param_builder CMAKE_PREFIX_PATH=/home/jone/ws_moveit/install/moveit_ros_planning:/home/jone/ws_moveit/install/moveit_ros_occupancy_map_monitor:/home/jone/ws_moveit/install/moveit_core:/home/jone/ws_moveit/install/moveit_resources_panda_moveit_config:/home/jone/ws_moveit/install/srdfdom:/home/jone/ws_moveit/install/moveit_resources_pr2_description:/home/jone/ws_moveit/install/moveit_resources_panda_description:/home/jone/ws_moveit/install/moveit_common LD_LIBRARY_PATH=/home/jone/ws_moveit/install/moveit_ros_planning/lib:/home/jone/ws_moveit/install/moveit_ros_occupancy_map_monitor/lib:/home/jone/ws_moveit/install/moveit_core/lib:/home/jone/ws_moveit/install/srdfdom/lib:/usr/lib/x86_64-linux-gnu/gazebo-11/plugins:/usr/lib/x86_64-linux-gnu/gazebo-11/plugins:/usr/lib/x86_64-linux-gnu/gazebo-11/plugins PATH=/home/jone/ws_moveit/install/moveit_core/bin:${PATH} PYTHONPATH=/home/jone/ws_moveit/install/moveit_configs_utils/lib/python3.10/site-packages:/home/jone/ws_moveit/install/srdfdom/local/lib/python3.10/dist-packages:/home/jone/ws_moveit/install/launch_param_builder/lib/python3.10/site-packages /usr/bin/cmake --install /home/jone/ws_moveit/build/moveit_visual_tools
