[0.113s] Invoking command in '/home/jone/turtlebot3_ws/build/dynamixel_sdk': CMAKE_PREFIX_PATH=${CMAKE_PREFIX_PATH}:/home/jone/turtlebot3_ws/install/turtlebot3_teleop:/home/jone/turtlebot3_ws/install/turtlebot3_example:/opt/ros/humble /usr/bin/cmake --build /home/jone/turtlebot3_ws/build/dynamixel_sdk -- -j16 -l16
[0.260s] [100%] Built target dynamixel_sdk
[0.267s] [100%] Built target ament_cmake_python_symlink_dynamixel_sdk
[0.925s] running egg_info
[0.927s] writing dynamixel_sdk.egg-info/PKG-INFO
[0.927s] writing dependency_links to dynamixel_sdk.egg-info/dependency_links.txt
[0.928s] writing top-level names to dynamixel_sdk.egg-info/top_level.txt
[0.935s] reading manifest file 'dynamixel_sdk.egg-info/SOURCES.txt'
[0.938s] writing manifest file 'dynamixel_sdk.egg-info/SOURCES.txt'
[1.021s] [100%] Built target ament_cmake_python_build_dynamixel_sdk_egg
[1.083s] Invoked command in '/home/jone/turtlebot3_ws/build/dynamixel_sdk' returned '0': CMAKE_PREFIX_PATH=${CMAKE_PREFIX_PATH}:/home/jone/turtlebot3_ws/install/turtlebot3_teleop:/home/jone/turtlebot3_ws/install/turtlebot3_example:/opt/ros/humble /usr/bin/cmake --build /home/jone/turtlebot3_ws/build/dynamixel_sdk -- -j16 -l16
[1.087s] Invoking command in '/home/jone/turtlebot3_ws/build/dynamixel_sdk': CMAKE_PREFIX_PATH=${CMAKE_PREFIX_PATH}:/home/jone/turtlebot3_ws/install/turtlebot3_teleop:/home/jone/turtlebot3_ws/install/turtlebot3_example:/opt/ros/humble /usr/bin/cmake --install /home/jone/turtlebot3_ws/build/dynamixel_sdk
[1.105s] -- Install configuration: ""
[1.108s] -- Execute custom install script
[1.109s] -- Up-to-date symlink: /home/jone/turtlebot3_ws/install/dynamixel_sdk/include//dynamixel_sdk/dynamixel_sdk.h
[1.109s] -- Up-to-date symlink: /home/jone/turtlebot3_ws/install/dynamixel_sdk/include//dynamixel_sdk/group_bulk_read.h
[1.109s] -- Up-to-date symlink: /home/jone/turtlebot3_ws/install/dynamixel_sdk/include//dynamixel_sdk/group_bulk_write.h
[1.109s] -- Up-to-date symlink: /home/jone/turtlebot3_ws/install/dynamixel_sdk/include//dynamixel_sdk/group_fast_bulk_read.h
[1.109s] -- Up-to-date symlink: /home/jone/turtlebot3_ws/install/dynamixel_sdk/include//dynamixel_sdk/group_fast_sync_read.h
[1.110s] -- Up-to-date symlink: /home/jone/turtlebot3_ws/install/dynamixel_sdk/include//dynamixel_sdk/group_handler.h
[1.111s] -- Up-to-date symlink: /home/jone/turtlebot3_ws/install/dynamixel_sdk/include//dynamixel_sdk/group_sync_read.h
[1.111s] -- Up-to-date symlink: /home/jone/turtlebot3_ws/install/dynamixel_sdk/include//dynamixel_sdk/group_sync_write.h
[1.113s] -- Up-to-date symlink: /home/jone/turtlebot3_ws/install/dynamixel_sdk/include//dynamixel_sdk/packet_handler.h
[1.113s] -- Up-to-date symlink: /home/jone/turtlebot3_ws/install/dynamixel_sdk/include//dynamixel_sdk/port_handler.h
[1.113s] -- Up-to-date symlink: /home/jone/turtlebot3_ws/install/dynamixel_sdk/include//dynamixel_sdk/port_handler_arduino.h
[1.114s] -- Up-to-date symlink: /home/jone/turtlebot3_ws/install/dynamixel_sdk/include//dynamixel_sdk/port_handler_linux.h
[1.115s] -- Up-to-date symlink: /home/jone/turtlebot3_ws/install/dynamixel_sdk/include//dynamixel_sdk/port_handler_mac.h
[1.115s] -- Up-to-date symlink: /home/jone/turtlebot3_ws/install/dynamixel_sdk/include//dynamixel_sdk/port_handler_windows.h
[1.115s] -- Up-to-date symlink: /home/jone/turtlebot3_ws/install/dynamixel_sdk/include//dynamixel_sdk/protocol1_packet_handler.h
[1.116s] -- Up-to-date symlink: /home/jone/turtlebot3_ws/install/dynamixel_sdk/include//dynamixel_sdk/protocol2_packet_handler.h
[1.116s] -- Up-to-date symlink: /home/jone/turtlebot3_ws/install/dynamixel_sdk/share/dynamixel_sdk/environment/pythonpath.sh
[1.117s] -- Up-to-date symlink: /home/jone/turtlebot3_ws/install/dynamixel_sdk/share/dynamixel_sdk/environment/pythonpath.dsv
[1.117s] -- Up-to-date symlink: /home/jone/turtlebot3_ws/install/dynamixel_sdk/local/lib/python3.10/dist-packages/dynamixel_sdk-3.8.4-py3.10.egg-info/PKG-INFO
[1.121s] -- Up-to-date symlink: /home/jone/turtlebot3_ws/install/dynamixel_sdk/local/lib/python3.10/dist-packages/dynamixel_sdk-3.8.4-py3.10.egg-info/SOURCES.txt
[1.121s] -- Up-to-date symlink: /home/jone/turtlebot3_ws/install/dynamixel_sdk/local/lib/python3.10/dist-packages/dynamixel_sdk-3.8.4-py3.10.egg-info/dependency_links.txt
[1.121s] -- Up-to-date symlink: /home/jone/turtlebot3_ws/install/dynamixel_sdk/local/lib/python3.10/dist-packages/dynamixel_sdk-3.8.4-py3.10.egg-info/top_level.txt
[1.125s] -- Up-to-date symlink: /home/jone/turtlebot3_ws/install/dynamixel_sdk/local/lib/python3.10/dist-packages/dynamixel_sdk/__init__.py
[1.128s] -- Up-to-date symlink: /home/jone/turtlebot3_ws/install/dynamixel_sdk/local/lib/python3.10/dist-packages/dynamixel_sdk/group_bulk_read.cpp
[1.128s] -- Up-to-date symlink: /home/jone/turtlebot3_ws/install/dynamixel_sdk/local/lib/python3.10/dist-packages/dynamixel_sdk/group_bulk_read.py
[1.128s] -- Up-to-date symlink: /home/jone/turtlebot3_ws/install/dynamixel_sdk/local/lib/python3.10/dist-packages/dynamixel_sdk/group_bulk_write.cpp
[1.128s] -- Up-to-date symlink: /home/jone/turtlebot3_ws/install/dynamixel_sdk/local/lib/python3.10/dist-packages/dynamixel_sdk/group_bulk_write.py
[1.128s] -- Up-to-date symlink: /home/jone/turtlebot3_ws/install/dynamixel_sdk/local/lib/python3.10/dist-packages/dynamixel_sdk/group_fast_bulk_read.cpp
[1.132s] -- Up-to-date symlink: /home/jone/turtlebot3_ws/install/dynamixel_sdk/local/lib/python3.10/dist-packages/dynamixel_sdk/group_fast_sync_read.cpp
[1.132s] -- Up-to-date symlink: /home/jone/turtlebot3_ws/install/dynamixel_sdk/local/lib/python3.10/dist-packages/dynamixel_sdk/group_handler.cpp
[1.132s] -- Up-to-date symlink: /home/jone/turtlebot3_ws/install/dynamixel_sdk/local/lib/python3.10/dist-packages/dynamixel_sdk/group_sync_read.cpp
[1.133s] -- Up-to-date symlink: /home/jone/turtlebot3_ws/install/dynamixel_sdk/local/lib/python3.10/dist-packages/dynamixel_sdk/group_sync_read.py
[1.134s] -- Up-to-date symlink: /home/jone/turtlebot3_ws/install/dynamixel_sdk/local/lib/python3.10/dist-packages/dynamixel_sdk/group_sync_write.cpp
[1.134s] -- Up-to-date symlink: /home/jone/turtlebot3_ws/install/dynamixel_sdk/local/lib/python3.10/dist-packages/dynamixel_sdk/group_sync_write.py
[1.135s] -- Up-to-date symlink: /home/jone/turtlebot3_ws/install/dynamixel_sdk/local/lib/python3.10/dist-packages/dynamixel_sdk/packet_handler.cpp
[1.135s] -- Up-to-date symlink: /home/jone/turtlebot3_ws/install/dynamixel_sdk/local/lib/python3.10/dist-packages/dynamixel_sdk/packet_handler.py
[1.136s] -- Up-to-date symlink: /home/jone/turtlebot3_ws/install/dynamixel_sdk/local/lib/python3.10/dist-packages/dynamixel_sdk/port_handler.cpp
[1.136s] -- Up-to-date symlink: /home/jone/turtlebot3_ws/install/dynamixel_sdk/local/lib/python3.10/dist-packages/dynamixel_sdk/port_handler.py
[1.137s] -- Up-to-date symlink: /home/jone/turtlebot3_ws/install/dynamixel_sdk/local/lib/python3.10/dist-packages/dynamixel_sdk/port_handler_arduino.cpp
[1.137s] -- Up-to-date symlink: /home/jone/turtlebot3_ws/install/dynamixel_sdk/local/lib/python3.10/dist-packages/dynamixel_sdk/port_handler_linux.cpp
[1.137s] -- Up-to-date symlink: /home/jone/turtlebot3_ws/install/dynamixel_sdk/local/lib/python3.10/dist-packages/dynamixel_sdk/port_handler_mac.cpp
[1.138s] -- Up-to-date symlink: /home/jone/turtlebot3_ws/install/dynamixel_sdk/local/lib/python3.10/dist-packages/dynamixel_sdk/port_handler_windows.cpp
[1.139s] -- Up-to-date symlink: /home/jone/turtlebot3_ws/install/dynamixel_sdk/local/lib/python3.10/dist-packages/dynamixel_sdk/protocol1_packet_handler.cpp
[1.140s] -- Up-to-date symlink: /home/jone/turtlebot3_ws/install/dynamixel_sdk/local/lib/python3.10/dist-packages/dynamixel_sdk/protocol1_packet_handler.py
[1.140s] -- Up-to-date symlink: /home/jone/turtlebot3_ws/install/dynamixel_sdk/local/lib/python3.10/dist-packages/dynamixel_sdk/protocol2_packet_handler.cpp
[1.142s] -- Up-to-date symlink: /home/jone/turtlebot3_ws/install/dynamixel_sdk/local/lib/python3.10/dist-packages/dynamixel_sdk/protocol2_packet_handler.py
[1.142s] -- Up-to-date symlink: /home/jone/turtlebot3_ws/install/dynamixel_sdk/local/lib/python3.10/dist-packages/dynamixel_sdk/robotis_def.py
[1.142s] -- Up-to-date symlink: /home/jone/turtlebot3_ws/install/dynamixel_sdk/share/dynamixel_sdk/environment/library_path.sh
[1.142s] -- Up-to-date symlink: /home/jone/turtlebot3_ws/install/dynamixel_sdk/share/dynamixel_sdk/environment/library_path.dsv
[1.143s] -- Up-to-date symlink: /home/jone/turtlebot3_ws/install/dynamixel_sdk/share/ament_index/resource_index/package_run_dependencies/dynamixel_sdk
[1.144s] -- Up-to-date symlink: /home/jone/turtlebot3_ws/install/dynamixel_sdk/share/ament_index/resource_index/parent_prefix_path/dynamixel_sdk
[1.146s] -- Up-to-date symlink: /home/jone/turtlebot3_ws/install/dynamixel_sdk/share/dynamixel_sdk/environment/ament_prefix_path.sh
[1.146s] -- Up-to-date symlink: /home/jone/turtlebot3_ws/install/dynamixel_sdk/share/dynamixel_sdk/environment/ament_prefix_path.dsv
[1.146s] -- Up-to-date symlink: /home/jone/turtlebot3_ws/install/dynamixel_sdk/share/dynamixel_sdk/environment/path.sh
[1.146s] -- Up-to-date symlink: /home/jone/turtlebot3_ws/install/dynamixel_sdk/share/dynamixel_sdk/environment/path.dsv
[1.146s] -- Up-to-date symlink: /home/jone/turtlebot3_ws/install/dynamixel_sdk/share/dynamixel_sdk/local_setup.bash
[1.146s] -- Up-to-date symlink: /home/jone/turtlebot3_ws/install/dynamixel_sdk/share/dynamixel_sdk/local_setup.sh
[1.146s] -- Up-to-date symlink: /home/jone/turtlebot3_ws/install/dynamixel_sdk/share/dynamixel_sdk/local_setup.zsh
[1.149s] -- Up-to-date symlink: /home/jone/turtlebot3_ws/install/dynamixel_sdk/share/dynamixel_sdk/local_setup.dsv
[1.149s] -- Symlinking: /home/jone/turtlebot3_ws/install/dynamixel_sdk/share/dynamixel_sdk/package.dsv
[1.165s] -- Up-to-date symlink: /home/jone/turtlebot3_ws/install/dynamixel_sdk/share/ament_index/resource_index/packages/dynamixel_sdk
[1.166s] -- Up-to-date symlink: /home/jone/turtlebot3_ws/install/dynamixel_sdk/share/dynamixel_sdk/cmake/ament_cmake_export_targets-extras.cmake
[1.166s] -- Up-to-date symlink: /home/jone/turtlebot3_ws/install/dynamixel_sdk/share/dynamixel_sdk/cmake/ament_cmake_export_include_directories-extras.cmake
[1.166s] -- Up-to-date symlink: /home/jone/turtlebot3_ws/install/dynamixel_sdk/share/dynamixel_sdk/cmake/ament_cmake_export_libraries-extras.cmake
[1.166s] -- Up-to-date symlink: /home/jone/turtlebot3_ws/install/dynamixel_sdk/share/dynamixel_sdk/cmake/dynamixel_sdkConfig.cmake
[1.168s] -- Up-to-date symlink: /home/jone/turtlebot3_ws/install/dynamixel_sdk/share/dynamixel_sdk/cmake/dynamixel_sdkConfig-version.cmake
[1.168s] -- Up-to-date symlink: /home/jone/turtlebot3_ws/install/dynamixel_sdk/share/dynamixel_sdk/package.xml
[1.169s] -- Up-to-date: /home/jone/turtlebot3_ws/install/dynamixel_sdk/lib/libdynamixel_sdk.so
[1.239s] Listing '/home/jone/turtlebot3_ws/install/dynamixel_sdk/local/lib/python3.10/dist-packages/dynamixel_sdk'...
[1.249s] -- Up-to-date: /home/jone/turtlebot3_ws/install/dynamixel_sdk/share/dynamixel_sdk/cmake/dynamixel_sdkExport.cmake
[1.249s] -- Up-to-date: /home/jone/turtlebot3_ws/install/dynamixel_sdk/share/dynamixel_sdk/cmake/dynamixel_sdkExport-noconfig.cmake
[1.255s] Invoked command in '/home/jone/turtlebot3_ws/build/dynamixel_sdk' returned '0': CMAKE_PREFIX_PATH=${CMAKE_PREFIX_PATH}:/home/jone/turtlebot3_ws/install/turtlebot3_teleop:/home/jone/turtlebot3_ws/install/turtlebot3_example:/opt/ros/humble /usr/bin/cmake --install /home/jone/turtlebot3_ws/build/dynamixel_sdk
